NOTICE:  DRAM FW version 201221
CP: 0ff00900
MEMC param:
  mcu_enable_mask = 00000001 [default: 000000ff]
DRAM populated DIMMs:
  SK0 MC0 S0: RDIMM[ce:80] 16GB 3200 ECC 2R x8 RCD[b3:80] M393A2K43DB3-CWE    
CP: 3ff00100
CP: 3ff00200
CP: 00f01902
CP: 0ff00a00
CP: 0ff00b01
CP: 00f01901
CP: 00f01904
CP: 00f02901
CP: 00f01905
CP: 00f02902
CP: 00f02903
CP: 00f02904
CP: 00f01907
CP: 00f01906
CP: 00f01908
CP: 00f01909
CP: 0ff00b02
CP: 0ff00c00
CP: 3ff00300
CP: 00001a02
CP: 00001a03
CP: 00001a04
CP: 00101a02
CP: 00101a03
CP: 00101a04
CP: 00001a05
CP: 00101a05
CP: 00f01a07
CP: 00001a09
CP: 00101a09
CP: 00001a0a
CP: 00001a0b
CP: 00001a0c
CP: 00001a0c
CP: 00101a0b
CP: 00101a0c
CP: 00101a0c
CP: 3ff00400
CP: 0ff01000
CP: 0ff01101
DRAM ECC Initialization: [6] [ ==>                  ]DRAM ECC Initialization: [12] [ ===>                 ]DRAM ECC Initialization: [18] [ ====>                ]DRAM ECC Initialization: [25] [ ======>              ]DRAM ECC Initialization: [31] [ =======>             ]DRAM ECC Initialization: [37] [ ========>            ]DRAM ECC Initialization: [43] [ =========>           ]DRAM ECC Initialization: [50] [ ===========>         ]DRAM ECC Initialization: [56] [ ============>        ]DRAM ECC Initialization: [62] [ =============>       ]DRAM ECC Initialization: [68] [ ==============>      ]DRAM ECC Initialization: [75] [ ================>    ]DRAM ECC Initialization: [81] [ =================>   ]DRAM ECC Initialization: [87] [ ==================>  ]DRAM ECC Initialization: [93] [ ===================> ]DRAM ECC Initialization: [100] [ ==================== ]
CP: 0ff01200
CP: 3ff00800
DRAM memory regions:
  Node[0] Region[0]: 0x000080000000 - 0x0000ffffffff 
  Node[0] Region[1]: 0x080000000000 - 0x08007fffffff 
  Node[0] Region[2]: 0x080100000000 - 0x0803ffffffff 
DRAM: 16GB DDR4 3200 SECDED ECC
Checkpoint 2F
Checkpoint 2E
Checkpoint 31
Checkpoint 32
BIOS version      : F05
UEFI RC version   : 1.03a
SCP FW version    : 1.3
SCP FW build date : 20210110
Failsafe status                 : 0
Reset status                    : 3
CPU info
    CPU ID                      : 413FD0C1
    CPU Clock                   : 2800 MHz
    Number of active sockets    : 1
    Number of active cores      : 80
    Socket[0]: Core voltage     : 968
    Socket[0]: SCU ProductID    : A10001
    Socket[0]: Max cores        : 80
    Socket[0]: Warranty         : 1
    Socket[0]: Subnuma          : 0
    Socket[0]: RC disable mask  : 0
    Socket[0]: AVS enabled      : 1
    Socket[0]: AVS voltage      : 1008
SOC info
    DDR Frequency               : 3200 MHz
    Socket[0]: Soc voltage      : 750
    Socket[0]: DIMM1 voltage    : 1200
    Socket[0]: DIMM2 voltage    : 1200
    PCP Clock                   : 1600 MHz
    SOC Clock                   : 2000 MHz
    SYS Clock                   : 400 MHz
    AHB Clock                   : 200 MHz
User Configuration Setting:
    8020: 0x5 (5)
    8028: 0x1 (1)
    8038: 0x0 (0)
    8048: 0x1 (1)
    8070: 0x3 (3)
    8080: 0x0 (0)
    8088: 0x0 (0)
    80B0: 0x0 (0)
    80B8: 0x1 (1)
    80C8: 0x0 (0)
    80E0: 0x1 (1)
    8118: 0x2 (2)
    8120: 0x12C (300)
    8130: 0x0 (0)
    81B0: 0x0 (0)
Board Configuration Setting:
    C000: 0xCD3A (52538)
    C008: 0x0 (0)
    C010: 0x0 (0)
    C018: 0x1 (1)
    C020: 0xFFFF (65535)
    C028: 0x0 (0)
    C030: 0x80E8 (33000)
    C038: 0x80E8 (33000)
    C040: 0x2710 (10000)
    C048: 0x2710 (10000)
    C050: 0x0 (0)
    C058: 0x190 (400)
    C060: 0x190 (400)
    C068: 0x190 (400)
    C070: 0x190 (400)
    C078: 0x190 (400)
    C080: 0xFFFFFF01 (-255)
    C088: 0x4 (4)
    C090: 0x4 (4)
    C098: 0x4 (4)
    C0A0: 0x4 (4)
    C0A8: 0x3 (3)
    C0B0: 0x3 (3)
    C0B8: 0x3 (3)
    C0C0: 0x3 (3)
    C0C8: 0x10001 (65537)
    C0D0: 0x3 (3)
    C0D8: 0x3 (3)
    C0E0: 0x20002 (131074)
    C0E8: 0x0 (0)
    C0F0: 0x0 (0)
    C0F8: 0x0 (0)
    C100: 0x0 (0)
    C108: 0x0 (0)
    C110: 0x0 (0)
    C118: 0x0 (0)
    C120: 0x0 (0)
    C128: 0x0 (0)
    C130: 0x0 (0)
    C138: 0x0 (0)
    C140: 0x0 (0)
    C148: 0x1 (1)
    C150: 0x2 (2)
    C158: 0x3 (3)
    C160: 0x4 (4)
    C168: 0xFFFFFFFF (-1)
    C170: 0xFFFFFFFE (-2)
    C178: 0xFFFFFFFD (-3)
    C180: 0x0 (0)
    C188: 0x0 (0)
    C190: 0x0 (0)
    C198: 0x0 (0)
    C1A0: 0x0 (0)
    C1A8: 0x0 (0)
    C1B0: 0x2 (2)
    C1B8: 0xC80 (3200)
    C1C0: 0x0 (0)
    C1C8: 0x0 (0)
    C1D0: 0xFF010107 (-16711417)
    C1D8: 0xFF010107 (-16711417)
    C1E0: 0x10000 (65536)
    C1E8: 0x10000 (65536)
    C1F0: 0x0 (0)
    C1F8: 0x0 (0)
    C200: 0x0 (0)
    C208: 0x0 (0)
    C210: 0xC0CCC (789708)
    C218: 0xC0CCC (789708)
    C220: 0x30333 (197427)
    C228: 0x30333 (197427)
    C230: 0x30333 (197427)
    C238: 0x30333 (197427)
    C240: 0x30333 (197427)
    C248: 0x30333 (197427)
    C250: 0xD0DDD (855517)
    C258: 0xE0EEE (921326)
    C260: 0x70777 (460663)
    C268: 0xB0BBB (723899)
    C270: 0x5 (5)
    C278: 0x90DD90 (9493904)
    C280: 0x5 (5)
    C288: 0x90DD90 (9493904)
    C290: 0x5 (5)
    C298: 0x90DD90 (9493904)
    C2A0: 0x5 (5)
    C2A8: 0x90DD90 (9493904)
    C2B0: 0x24 (36)
    C2B8: 0x1A (26)
    C2C0: 0x5B (91)
    C2C8: 0x28 (40)
    C2D0: 0x2800280 (41943680)
    C2D8: 0x90909090 (-1869574000)
    C2E0: 0x0 (0)
    C2E8: 0xC000C0 (12583104)
    C2F0: 0x0 (0)
    C2F8: 0x0 (0)
    C300: 0x0 (0)
    C308: 0x0 (0)
    C310: 0x2010201 (33620481)
    C318: 0x10000 (65536)
    C320: 0x0 (0)
    C328: 0x0 (0)
    C330: 0x1050106 (17105158)
    C338: 0x554 (1364)
    C340: 0x0 (0)
    C348: 0x0 (0)
    C350: 0x2020202 (33686018)
    C358: 0x2020202 (33686018)
    C360: 0x2020202 (33686018)
    C368: 0x2020003 (33685507)
    C370: 0x0 (0)
    C378: 0x0 (0)
    C380: 0x0 (0)
    C388: 0x0 (0)
    C390: 0x0 (0)
    C398: 0x0 (0)
    C3A0: 0x0 (0)
    C3A8: 0x0 (0)
    C3B0: 0x0 (0)
    C3B8: 0x0 (0)
    C3C0: 0x0 (0)
    C3C8: 0x0 (0)
    C3D0: 0x0 (0)
    C3D8: 0x0 (0)
    C3E0: 0x0 (0)
    C3E8: 0x0 (0)
    C3F0: 0x57575757 (1465341783)
    C3F8: 0x57575757 (1465341783)
    C400: 0x57575757 (1465341783)
    C408: 0x57575757 (1465341783)
    C410: 0x57575757 (1465341783)
    C418: 0x57575757 (1465341783)
    C420: 0x57575757 (1465341783)
    C428: 0x57575757 (1465341783)
    C430: 0x57575757 (1465341783)
    C438: 0x57575757 (1465341783)
    C440: 0x57575757 (1465341783)
    C448: 0x57575757 (1465341783)
    C450: 0x57575757 (1465341783)
    C458: 0x57575757 (1465341783)
    C460: 0x57575757 (1465341783)
    C468: 0x57575757 (1465341783)
    C470: 0x0 (0)
    C478: 0x2020202 (33686018)
    C480: 0x2020202 (33686018)
    C488: 0x2020202 (33686018)
    C490: 0x2020003 (33685507)
    C498: 0x0 (0)
    C4A0: 0x0 (0)
    C4A8: 0x0 (0)
    C4B0: 0x0 (0)
    C4B8: 0x0 (0)
    C4C0: 0x0 (0)
    C4C8: 0x0 (0)
    C4D0: 0x0 (0)
    C4D8: 0x0 (0)
    C4E0: 0x0 (0)
    C4E8: 0x0 (0)
    C4F0: 0x0 (0)
    C4F8: 0x0 (0)
    C500: 0x0 (0)
    C508: 0x57575757 (1465341783)
    C510: 0x57575757 (1465341783)
    C518: 0x57575757 (1465341783)
    C520: 0x57575757 (1465341783)
    C528: 0x57575757 (1465341783)
    C530: 0x57575757 (1465341783)
    C538: 0x57575757 (1465341783)
    C540: 0x57575757 (1465341783)
    C548: 0x57575757 (1465341783)
    C550: 0x57575757 (1465341783)
    C558: 0x57575757 (1465341783)
    C560: 0x57575757 (1465341783)
    C568: 0x57575757 (1465341783)
    C570: 0x57575757 (1465341783)
    C578: 0x3 (3)
    C580: 0x1A4 (420)
    C588: 0x0 (0)
    C590: 0x18000 (98304)
    C598: 0x80018000 (-2147385344)
    C5A0: 0x0 (0)
    C5A8: 0x0 (0)
    C5B0: 0x0 (0)
    C5B8: 0x0 (0)
    C5C0: 0x0 (0)
    C5C8: 0x0 (0)
    C5D0: 0x0 (0)
    C5D8: 0x0 (0)
Checkpoint 4F
Checkpoint 60
Checkpoint 61
Checkpoint 9A
Checkpoint 90
Checkpoint 91
Checkpoint 92
Checkpoint 94
Checkpoint 94
Checkpoint 94
Checkpoint 94
Checkpoint 94
Checkpoint 95
Checkpoint 96
Checkpoint 94
Checkpoint 94
Checkpoint 94
Checkpoint 94
Checkpoint 94
Checkpoint 95
Checkpoint 96
Checkpoint 94
Checkpoint 94
Checkpoint 94
Checkpoint 94
Checkpoint 94
Checkpoint 95
Checkpoint 96
Checkpoint 94
Checkpoint 94
Checkpoint 94
Checkpoint 94
Checkpoint 94
Checkpoint 95
Checkpoint 96
Checkpoint 94
Checkpoint 94
Checkpoint 94
Checkpoint 94
Checkpoint 94
Checkpoint 95
Checkpoint 96
Checkpoint 94
Checkpoint 94
Checkpoint 94
Checkpoint 94
Checkpoint 95
Checkpoint 96
Checkpoint 94
Checkpoint 94
Checkpoint 94
Checkpoint 94
Checkpoint 94
Checkpoint 95
Checkpoint 96
Checkpoint 94
Checkpoint 94
Checkpoint 94
Checkpoint 94
Checkpoint 94
Checkpoint 95
Checkpoint 96
Checkpoint 92
Checkpoint 92
Checkpoint 92
Checkpoint 92
Checkpoint 92
Checkpoint 92
Checkpoint 92
Checkpoint 9D
Checkpoint 9A
Checkpoint 9C
Checkpoint B4
Checkpoint B4
Checkpoint 91
Checkpoint 92
Checkpoint 92
Checkpoint 92
Checkpoint 92
Checkpoint 92
Checkpoint 92
Checkpoint 92
Checkpoint 92
Checkpoint 97
[2J[1;1H[8;25;80t[2J[1;1H[1;1HPress <ESC> or <DEL> to enter Setup, <TAB> to POST, <F10> Display Boot Menu, <F12> to Network PXE Boot          
 System Product : R272-P30-JG 
 BMC Version : 12.50.08 
 BMC IP : 10.38.172.46 
 Checkpoint 98
Checkpoint 92
Checkpoint 92
Checkpoint 92
Checkpoint 92
Checkpoint 92
Checkpoint 92
Checkpoint 92
Checkpoint 92
Checkpoint A0
[2J[1;1H[1;1H[1;1H                                                                                [2;1H                                                                                [3;1H                                                                                [4;1H                                                                                [5;1H                                                                                [6;1H                                                                                [7;1H                                                                                [8;1H                                                                                [9;1H                                                                                [10;1H                                                                                [11;1H                                                                                [12;1H                                                                                [13;1H                                                                                [14;1H                                                                                [15;1H                                                                                [16;1H                                                                                [17;1H                                                                                [18;1H                                                                                [19;1H                                                                                [20;1H                                                                                [21;1H                                                                                [22;1H                                                                                [23;1H                                                                                [24;1H                                                                                [25;1H                                                                               Checkpoint AD
[0;37;40m[0;30;40m[2J[1;1H[0;37;40m[21;7HUse the ^ and v keys to change the selection.                       
      Press 'e' to edit the selected item, or 'c' for a command prompt.   [4;80H [0;30;47m[4;1H      CentOS Stream (4.18.0-240.el8.aarch64) 8                                 [0;37;40m[4;79H[5;1H      CentOS Stream (0-rescue-2752a3e599e34d1382d2a5f77f8d9a96) 8              [5;79H[6;1H      System setup                                                             [6;79H[7;1H                                                                               [7;79H[8;1H                                                                               [8;79H[9;1H                                                                               [9;79H[10;1H                                                                               [10;79H[11;1H                                                                               [11;79H[12;1H                                                                               [12;79H[13;1H                                                                               [13;79H[14;1H                                                                               [14;79H[15;1H                                                                               [15;79H[16;1H                                                                               [16;79H[17;1H                                                                               [17;79H[18;1H                                                                               [18;79H[19;1H                                                                               [19;79H[19;80H [4;79H[23;1H   The selected entry will be started automatically in 5s.                     [4;79H[23;1H   The selected entry will be started automatically in 4s.                     [4;79H[23;1H   The selected entry will be started automatically in 3s.                     [4;79H[23;1H   The selected entry will be started automatically in 2s.                     [4;79H[23;1H   The selected entry will be started automatically in 1s.                     [4;79H[23;1H   The selected entry will be started automatically in 0s.                     [4;79H[0;30;40m[2J[1;1H[0;37;40m[0;30;40m[2J[1;1H[0;37;40mEFI stub: Booting Linux Kernel...
EFI stub: Using DTB from configuration table
EFI stub: Exiting boot services and installing virtual address map...
[    0.000000] Booting Linux on physical CPU 0x0000120000 [0x413fd0c1]
[    0.000000] Linux version 4.18.0-240.el8.aarch64 (mockbuild@aarch64-01.mbox.centos.org) (gcc version 8.3.1 20191121 (Red Hat 8.3.1-5) (GCC)) #1 SMP Fri Sep 25 19:32:19 UTC 2020
[    0.000000] efi: Getting EFI parameters from FDT:
[    0.000000] efi: EFI v2.70 by American Megatrends
[    0.000000] efi:  ACPI 2.0=0xef4f0000  SMBIOS 3.0=0xf3c28518  ESRT=0xea6f1f98  RNG=0xf194fd98  MEMRESERVE=0xea2c6698 
[    0.000000] efi: seeding entropy pool
[    0.000000] esrt: Reserving ESRT space from 0x00000000ea6f1f98 to 0x00000000ea6f1fd0.
[    0.000000] Using crashkernel=auto, the size chosen is a best effort estimation.
[    0.000000] crashkernel reserved: 0x00000000c8c00000 - 0x00000000e4c00000 (448 MB)
[    0.000000] ACPI: Early table checksum verification disabled
[    0.000000] ACPI: RSDP 0x00000000EF4F0000 000024 (v02 Ampere)
[    0.000000] ACPI: XSDT 0x00000000EF4E0000 0000A4 (v01 Ampere Altra    00000000 AMI  01000013)
[    0.000000] ACPI: FACP 0x00000000EF4C0000 000114 (v06 Ampere Altra    00000000 INTL 20190509)
[    0.000000] ACPI: DSDT 0x00000000EF450000 0162F9 (v02 Ampere Jade     00000001 INTL 20200717)
[    0.000000] ACPI: DBG2 0x00000000EF4D0000 00005C (v00 Ampere Altra    00000000 INTL 20190509)
[    0.000000] ACPI: GTDT 0x00000000EF4B0000 000110 (v03 Ampere Altra    00000000 INTL 20190509)
[    0.000000] ACPI: SSDT 0x00000000EF4A0000 00002D (v02 Ampere Altra    00000001 INTL 20190509)
[    0.000000] ACPI: FIDT 0x00000000EF440000 00009C (v01 ALASKA A M I    01072009 AMI  00010013)
[    0.000000] ACPI: SPCR 0x00000000EF430000 000050 (v02 ALASKA A M I    01072009 AMI  0005000F)
[    0.000000] ACPI: BGRT 0x00000000EF420000 000038 (v01 ALASKA A M I    01072009 AMI  00010013)
[    0.000000] ACPI: PPTT 0x00000000EF400000 008260 (v02 Ampere Altra    00000000 AMP. 01000013)
[    0.000000] ACPI: SLIT 0x00000000EF3F0000 00002D (v01 Ampere Altra    00000000 AMP. 01000013)
[    0.000000] ACPI: SRAT 0x00000000EF3E0000 0006D0 (v03 Ampere Altra    00000000 AMP. 01000013)
[    0.000000] ACPI: MCFG 0x00000000EF3D0000 0000AC (v01 Ampere Altra    00000001 AMP. 01000013)
[    0.000000] ACPI: IORT 0x00000000EF3C0000 000610 (v00 Ampere Altra    00000000 AMP. 01000013)
[    0.000000] ACPI: APIC 0x00000000EF410000 0019F4 (v05 Ampere Altra    00000003 AMI  01000013)
[    0.000000] ACPI: PCCT 0x00000000EF3B0000 000576 (v02 Ampere Altra    00000003 AMP. 01000013)
[    0.000000] ACPI: WSMT 0x00000000EF3A0000 000028 (v01 ALASKA A M I    01072009 AMI  00010013)
[    0.000000] ACPI: FPDT 0x00000000EF390000 000044 (v01 ALASKA A M I    01072009 AMI  01000013)
[    0.000000] ACPI: SPCR: console: pl011,mmio32,0x100002600000,115200
[    0.000000] ACPI: SRAT: Node 0 PXM 0 [mem 0x88300000-0x883fffff]
[    0.000000] ACPI: SRAT: Node 0 PXM 0 [mem 0x90000000-0xffffffff]
[    0.000000] ACPI: SRAT: Node 0 PXM 0 [mem 0x80000000000-0x8007fffffff]
[    0.000000] ACPI: SRAT: Node 0 PXM 0 [mem 0x80100000000-0x803ffffffff]
[    0.000000] NUMA: NODE_DATA [mem 0x803ffdbe600-0x803ffdbffff]
[    0.000000] Zone ranges:
[    0.000000]   DMA32    [mem 0x0000000088300000-0x00000000ffffffff]
[    0.000000]   Normal   [mem 0x0000000100000000-0x00000803ffffffff]
[    0.000000] Movable zone start for each node
[    0.000000] Early memory node ranges
[    0.000000]   node   0: [mem 0x0000000088300000-0x00000000883fffff]
[    0.000000]   node   0: [mem 0x0000000090000000-0x0000000091ffffff]
[    0.000000]   node   0: [mem 0x0000000092000000-0x0000000093ffffff]
[    0.000000]   node   0: [mem 0x0000000094000000-0x00000000ef1affff]
[    0.000000]   node   0: [mem 0x00000000ef1b0000-0x00000000ef2effff]
[    0.000000]   node   0: [mem 0x00000000ef2f0000-0x00000000ef55ffff]
[    0.000000]   node   0: [mem 0x00000000ef560000-0x00000000ef56ffff]
[    0.000000]   node   0: [mem 0x00000000ef570000-0x00000000efa9ffff]
[    0.000000]   node   0: [mem 0x00000000efaa0000-0x00000000efd2ffff]
[    0.000000]   node   0: [mem 0x00000000efd30000-0x00000000f184ffff]
[    0.000000]   node   0: [mem 0x00000000f1850000-0x00000000f76dffff]
[    0.000000]   node   0: [mem 0x00000000f76e0000-0x00000000f78affff]
[    0.000000]   node   0: [mem 0x00000000f78b0000-0x00000000f7fdffff]
[    0.000000]   node   0: [mem 0x00000000f7fe0000-0x00000000ffc7ffff]
[    0.000000]   node   0: [mem 0x00000000ffc80000-0x00000000ffc8ffff]
[    0.000000]   node   0: [mem 0x00000000ffc90000-0x00000000ffffffff]
[    0.000000]   node   0: [mem 0x0000080000000000-0x000008007fffffff]
[    0.000000]   node   0: [mem 0x0000080100000000-0x00000803ffffffff]
[    0.000000] Zeroed struct page in unavailable ranges: 1691 pages
[    0.000000] Initmem setup node 0 [mem 0x0000000088300000-0x00000803ffffffff]
[    0.000000] psci: probing for conduit method from ACPI.
[    0.000000] psci: PSCIv1.1 detected in firmware.
[    0.000000] psci: Using standard PSCI v0.2 function IDs
[    0.000000] psci: MIGRATE_INFO_TYPE not supported.
[    0.000000] psci: SMC Calling Convention v1.0
[    0.000000] ACPI: NUMA: SRAT: PXM 0 -> MPIDR 0x0 -> Node 0
[    0.000000] ACPI: NUMA: SRAT: PXM 0 -> MPIDR 0x100 -> Node 0
[    0.000000] ACPI: NUMA: SRAT: PXM 0 -> MPIDR 0x10000 -> Node 0
[    0.000000] ACPI: NUMA: SRAT: PXM 0 -> MPIDR 0x10100 -> Node 0
[    0.000000] ACPI: NUMA: SRAT: PXM 0 -> MPIDR 0x20000 -> Node 0
[    0.000000] ACPI: NUMA: SRAT: PXM 0 -> MPIDR 0x20100 -> Node 0
[    0.000000] ACPI: NUMA: SRAT: PXM 0 -> MPIDR 0x30000 -> Node 0
[    0.000000] ACPI: NUMA: SRAT: PXM 0 -> MPIDR 0x30100 -> Node 0
[    0.000000] ACPI: NUMA: SRAT: PXM 0 -> MPIDR 0x40000 -> Node 0
[    0.000000] ACPI: NUMA: SRAT: PXM 0 -> MPIDR 0x40100 -> Node 0
[    0.000000] ACPI: NUMA: SRAT: PXM 0 -> MPIDR 0x50000 -> Node 0
[    0.000000] ACPI: NUMA: SRAT: PXM 0 -> MPIDR 0x50100 -> Node 0
[    0.000000] ACPI: NUMA: SRAT: PXM 0 -> MPIDR 0x60000 -> Node 0
[    0.000000] ACPI: NUMA: SRAT: PXM 0 -> MPIDR 0x60100 -> Node 0
[    0.000000] ACPI: NUMA: SRAT: PXM 0 -> MPIDR 0x70000 -> Node 0
[    0.000000] ACPI: NUMA: SRAT: PXM 0 -> MPIDR 0x70100 -> Node 0
[    0.000000] ACPI: NUMA: SRAT: PXM 0 -> MPIDR 0x80000 -> Node 0
[    0.000000] ACPI: NUMA: SRAT: PXM 0 -> MPIDR 0x80100 -> Node 0
[    0.000000] ACPI: NUMA: SRAT: PXM 0 -> MPIDR 0x90000 -> Node 0
[    0.000000] ACPI: NUMA: SRAT: PXM 0 -> MPIDR 0x90100 -> Node 0
[    0.000000] ACPI: NUMA: SRAT: PXM 0 -> MPIDR 0xa0000 -> Node 0
[    0.000000] ACPI: NUMA: SRAT: PXM 0 -> MPIDR 0xa0100 -> Node 0
[    0.000000] ACPI: NUMA: SRAT: PXM 0 -> MPIDR 0xb0000 -> Node 0
[    0.000000] ACPI: NUMA: SRAT: PXM 0 -> MPIDR 0xb0100 -> Node 0
[    0.000000] ACPI: NUMA: SRAT: PXM 0 -> MPIDR 0xc0000 -> Node 0
[    0.000000] ACPI: NUMA: SRAT: PXM 0 -> MPIDR 0xc0100 -> Node 0
[    0.000000] ACPI: NUMA: SRAT: PXM 0 -> MPIDR 0xd0000 -> Node 0
[    0.000000] ACPI: NUMA: SRAT: PXM 0 -> MPIDR 0xd0100 -> Node 0
[    0.000000] ACPI: NUMA: SRAT: PXM 0 -> MPIDR 0xe0000 -> Node 0
[    0.000000] ACPI: NUMA: SRAT: PXM 0 -> MPIDR 0xe0100 -> Node 0
[    0.000000] ACPI: NUMA: SRAT: PXM 0 -> MPIDR 0xf0000 -> Node 0
[    0.000000] ACPI: NUMA: SRAT: PXM 0 -> MPIDR 0xf0100 -> Node 0
[    0.000000] ACPI: NUMA: SRAT: PXM 0 -> MPIDR 0x100000 -> Node 0
[    0.000000] ACPI: NUMA: SRAT: PXM 0 -> MPIDR 0x100100 -> Node 0
[    0.000000] ACPI: NUMA: SRAT: PXM 0 -> MPIDR 0x110000 -> Node 0
[    0.000000] ACPI: NUMA: SRAT: PXM 0 -> MPIDR 0x110100 -> Node 0
[    0.000000] ACPI: NUMA: SRAT: PXM 0 -> MPIDR 0x120000 -> Node 0
[    0.000000] ACPI: NUMA: SRAT: PXM 0 -> MPIDR 0x120100 -> Node 0
[    0.000000] ACPI: NUMA: SRAT: PXM 0 -> MPIDR 0x130000 -> Node 0
[    0.000000] ACPI: NUMA: SRAT: PXM 0 -> MPIDR 0x130100 -> Node 0
[    0.000000] ACPI: NUMA: SRAT: PXM 0 -> MPIDR 0x140000 -> Node 0
[    0.000000] ACPI: NUMA: SRAT: PXM 0 -> MPIDR 0x140100 -> Node 0
[    0.000000] ACPI: NUMA: SRAT: PXM 0 -> MPIDR 0x150000 -> Node 0
[    0.000000] ACPI: NUMA: SRAT: PXM 0 -> MPIDR 0x150100 -> Node 0
[    0.000000] ACPI: NUMA: SRAT: PXM 0 -> MPIDR 0x160000 -> Node 0
[    0.000000] ACPI: NUMA: SRAT: PXM 0 -> MPIDR 0x160100 -> Node 0
[    0.000000] ACPI: NUMA: SRAT: PXM 0 -> MPIDR 0x170000 -> Node 0
[    0.000000] ACPI: NUMA: SRAT: PXM 0 -> MPIDR 0x170100 -> Node 0
[    0.000000] ACPI: NUMA: SRAT: PXM 0 -> MPIDR 0x180000 -> Node 0
[    0.000000] ACPI: NUMA: SRAT: PXM 0 -> MPIDR 0x180100 -> Node 0
[    0.000000] ACPI: NUMA: SRAT: PXM 0 -> MPIDR 0x190000 -> Node 0
[    0.000000] ACPI: NUMA: SRAT: PXM 0 -> MPIDR 0x190100 -> Node 0
[    0.000000] ACPI: NUMA: SRAT: PXM 0 -> MPIDR 0x1a0000 -> Node 0
[    0.000000] ACPI: NUMA: SRAT: PXM 0 -> MPIDR 0x1a0100 -> Node 0
[    0.000000] ACPI: NUMA: SRAT: PXM 0 -> MPIDR 0x1b0000 -> Node 0
[    0.000000] ACPI: NUMA: SRAT: PXM 0 -> MPIDR 0x1b0100 -> Node 0
[    0.000000] ACPI: NUMA: SRAT: PXM 0 -> MPIDR 0x1c0000 -> Node 0
[    0.000000] ACPI: NUMA: SRAT: PXM 0 -> MPIDR 0x1c0100 -> Node 0
[    0.000000] ACPI: NUMA: SRAT: PXM 0 -> MPIDR 0x1d0000 -> Node 0
[    0.000000] ACPI: NUMA: SRAT: PXM 0 -> MPIDR 0x1d0100 -> Node 0
[    0.000000] ACPI: NUMA: SRAT: PXM 0 -> MPIDR 0x1e0000 -> Node 0
[    0.000000] ACPI: NUMA: SRAT: PXM 0 -> MPIDR 0x1e0100 -> Node 0
[    0.000000] ACPI: NUMA: SRAT: PXM 0 -> MPIDR 0x1f0000 -> Node 0
[    0.000000] ACPI: NUMA: SRAT: PXM 0 -> MPIDR 0x1f0100 -> Node 0
[    0.000000] ACPI: NUMA: SRAT: PXM 0 -> MPIDR 0x200000 -> Node 0
[    0.000000] ACPI: NUMA: SRAT: PXM 0 -> MPIDR 0x200100 -> Node 0
[    0.000000] ACPI: NUMA: SRAT: PXM 0 -> MPIDR 0x210000 -> Node 0
[    0.000000] ACPI: NUMA: SRAT: PXM 0 -> MPIDR 0x210100 -> Node 0
[    0.000000] ACPI: NUMA: SRAT: PXM 0 -> MPIDR 0x220000 -> Node 0
[    0.000000] ACPI: NUMA: SRAT: PXM 0 -> MPIDR 0x220100 -> Node 0
[    0.000000] ACPI: NUMA: SRAT: PXM 0 -> MPIDR 0x230000 -> Node 0
[    0.000000] ACPI: NUMA: SRAT: PXM 0 -> MPIDR 0x230100 -> Node 0
[    0.000000] ACPI: NUMA: SRAT: PXM 0 -> MPIDR 0x240000 -> Node 0
[    0.000000] ACPI: NUMA: SRAT: PXM 0 -> MPIDR 0x240100 -> Node 0
[    0.000000] ACPI: NUMA: SRAT: PXM 0 -> MPIDR 0x250000 -> Node 0
[    0.000000] ACPI: NUMA: SRAT: PXM 0 -> MPIDR 0x250100 -> Node 0
[    0.000000] ACPI: NUMA: SRAT: PXM 0 -> MPIDR 0x260000 -> Node 0
[    0.000000] ACPI: NUMA: SRAT: PXM 0 -> MPIDR 0x260100 -> Node 0
[    0.000000] ACPI: NUMA: SRAT: PXM 0 -> MPIDR 0x270000 -> Node 0
[    0.000000] ACPI: NUMA: SRAT: PXM 0 -> MPIDR 0x270100 -> Node 0
[    0.000000] percpu: Embedded 10 pages/cpu s584152 r8192 d63016 u655360
[    0.000000] Detected PIPT I-cache on CPU0
[    0.000000] CPU features: detected: GIC system register CPU interface
[    0.000000] CPU features: detected: Virtualization Host Extensions
[    0.000000] CPU features: kernel page table isolation forced ON by KASLR
[    0.000000] CPU features: detected: Kernel page table isolation (KPTI)
[    0.000000] CPU features: detected: Hardware dirty bit management
[    0.000000] CPU features: detected: Speculative Store Bypassing Safe (SSBS)
[    0.000000] alternatives: patching kernel code
[    0.000000] Built 1 zonelists, mobility grouping on.  Total pages: 257811
[    0.000000] Policy zone: Normal
[    0.000000] Kernel command line: BOOT_IMAGE=(hd0,gpt2)/vmlinuz-4.18.0-240.el8.aarch64 root=/dev/mapper/cl-root ro crashkernel=auto rd.lvm.lv=cl/root rd.lvm.lv=cl/swap
[    0.000000] Specific versions of hardware are certified with Red Hat Enterprise Linux 8. Please see the list of hardware certified with Red Hat Enterprise Linux 8 at https://catalog.redhat.com.
[    0.000000] software IO TLB: mapped [mem 0xfbc80000-0xffc80000] (64MB)
[    0.000000] Memory: 15678912K/16516096K available (9724K kernel code, 4594K rwdata, 6912K rodata, 5248K init, 17406K bss, 837184K reserved, 0K cma-reserved)
[    0.000000] random: get_random_u64 called from cache_random_seq_create+0x88/0x158 with crng_init=0
[    0.000000] SLUB: HWalign=64, Order=0-3, MinObjects=0, CPUs=80, Nodes=1
[    0.000000] ftrace: allocating 34660 entries in 9 pages
[    0.000000] ftrace: allocated 9 pages with 2 groups
[    0.000000] rcu: Hierarchical RCU implementation.
[    0.000000] rcu: 	RCU restricting CPUs from NR_CPUS=4096 to nr_cpu_ids=80.
[    0.000000] rcu: RCU calculated value of scheduler-enlistment delay is 10 jiffies.
[    0.000000] rcu: Adjusting geometry for rcu_fanout_leaf=16, nr_cpu_ids=80
[    0.000000] NR_IRQS: 64, nr_irqs: 64, preallocated irqs: 0
[    0.000000] GICv3: GIC: Using split EOI/Deactivate mode
[    0.000000] GICv3: 672 SPIs implemented
[    0.000000] GICv3: 0 Extended SPIs implemented
[    0.000000] GICv3: Distributor has no Range Selector support
[    0.000000] GICv3: 16 PPIs implemented
[    0.000000] GICv3: CPU0: found redistributor 120000 region 0:0x00001001005c0000
[    0.000000] SRAT: PXM 0 -> ITS 0 -> Node 0
[    0.000000] SRAT: PXM 0 -> ITS 1 -> Node 0
[    0.000000] SRAT: PXM 0 -> ITS 2 -> Node 0
[    0.000000] SRAT: PXM 0 -> ITS 3 -> Node 0
[    0.000000] SRAT: PXM 0 -> ITS 4 -> Node 0
[    0.000000] SRAT: PXM 0 -> ITS 5 -> Node 0
[    0.000000] SRAT: PXM 0 -> ITS 6 -> Node 0
[    0.000000] SRAT: PXM 0 -> ITS 7 -> Node 0
[    0.000000] ITS [mem 0x100100040000-0x10010005ffff]
[    0.000000] ITS@0x0000100100040000: allocated 8192 Devices @803c07a0000 (indirect, esz 8, psz 64K, shr 1)
[    0.000000] ITS@0x0000100100040000: allocated 32768 Interrupt Collections @803c07b0000 (flat, esz 2, psz 64K, shr 1)
[    0.000000] ITS [mem 0x100100060000-0x10010007ffff]
[    0.000000] ITS@0x0000100100060000: allocated 8192 Devices @803c07e0000 (indirect, esz 8, psz 64K, shr 1)
[    0.000000] ITS@0x0000100100060000: allocated 32768 Interrupt Collections @803c07f0000 (flat, esz 2, psz 64K, shr 1)
[    0.000000] ITS [mem 0x100100080000-0x10010009ffff]
[    0.000000] ITS@0x0000100100080000: allocated 8192 Devices @803c0810000 (indirect, esz 8, psz 64K, shr 1)
[    0.000000] ITS@0x0000100100080000: allocated 32768 Interrupt Collections @803c0820000 (flat, esz 2, psz 64K, shr 1)
[    0.000000] ITS [mem 0x1001000a0000-0x1001000bffff]
[    0.000000] ITS@0x00001001000a0000: allocated 8192 Devices @803c0840000 (indirect, esz 8, psz 64K, shr 1)
[    0.000000] ITS@0x00001001000a0000: allocated 32768 Interrupt Collections @803c0850000 (flat, esz 2, psz 64K, shr 1)
[    0.000000] ITS [mem 0x1001000c0000-0x1001000dffff]
[    0.000000] ITS@0x00001001000c0000: allocated 8192 Devices @803c0870000 (indirect, esz 8, psz 64K, shr 1)
[    0.000000] ITS@0x00001001000c0000: allocated 32768 Interrupt Collections @803c0880000 (flat, esz 2, psz 64K, shr 1)
[    0.000000] ITS [mem 0x1001000e0000-0x1001000fffff]
[    0.000000] ITS@0x00001001000e0000: allocated 8192 Devices @803c08a0000 (indirect, esz 8, psz 64K, shr 1)
[    0.000000] ITS@0x00001001000e0000: allocated 32768 Interrupt Collections @803c08b0000 (flat, esz 2, psz 64K, shr 1)
[    0.000000] ITS [mem 0x100100100000-0x10010011ffff]
[    0.000000] ITS@0x0000100100100000: allocated 8192 Devices @803c08d0000 (indirect, esz 8, psz 64K, shr 1)
[    0.000000] ITS@0x0000100100100000: allocated 32768 Interrupt Collections @803c08e0000 (flat, esz 2, psz 64K, shr 1)
[    0.000000] ITS [mem 0x100100120000-0x10010013ffff]
[    0.000000] ITS@0x0000100100120000: allocated 8192 Devices @803c0900000 (indirect, esz 8, psz 64K, shr 1)
[    0.000000] ITS@0x0000100100120000: allocated 32768 Interrupt Collections @803c0910000 (flat, esz 2, psz 64K, shr 1)
[    0.000000] GICv3: using LPI property table @0x00000803c0920000
[    0.000000] GICv3: CPU0: using allocated LPI pending table @0x00000803c0940000
[    0.000000] ACPI GTDT: found 1 memory-mapped timer block(s).
[    0.000000] arch_timer: cp15 and mmio timer(s) running at 25.00MHz (phys/phys).
[    0.000000] clocksource: arch_sys_counter: mask: 0xffffffffffffff max_cycles: 0x5c40939b5, max_idle_ns: 440795202646 ns
[    0.000000] sched_clock: 56 bits at 25MHz, resolution 40ns, wraps every 4398046511100ns
[    0.000057] Console: colour dummy device 80x25
[    0.000136] ACPI: Core revision 20200110
[    0.000318] Calibrating delay loop (skipped), value calculated using timer frequency.. 50.00 BogoMIPS (lpj=250000)
[    0.000320] pid_max: default: 81920 minimum: 640
[    0.000404] Security Framework initialized
[    0.000405] Yama: becoming mindful.
[    0.000409] SELinux:  Initializing.
[    0.001408] Dentry cache hash table entries: 2097152 (order: 8, 16777216 bytes)
[    0.001882] Inode-cache hash table entries: 1048576 (order: 7, 8388608 bytes)
[    0.001911] Mount-cache hash table entries: 32768 (order: 2, 262144 bytes)
[    0.001925] Mountpoint-cache hash table entries: 32768 (order: 2, 262144 bytes)
[    0.002881] ASID allocator initialised with 32768 entries
[    0.002897] rcu: Hierarchical SRCU implementation.
[    0.003161] Platform MSI: ITS@0x100100040000 domain created
[    0.003163] Platform MSI: ITS@0x100100060000 domain created
[    0.003165] Platform MSI: ITS@0x100100080000 domain created
[    0.003166] Platform MSI: ITS@0x1001000a0000 domain created
[    0.003167] Platform MSI: ITS@0x1001000c0000 domain created
[    0.003169] Platform MSI: ITS@0x1001000e0000 domain created
[    0.003170] Platform MSI: ITS@0x100100100000 domain created
[    0.003172] Platform MSI: ITS@0x100100120000 domain created
[    0.003176] PCI/MSI: ITS@0x100100040000 domain created
[    0.003177] PCI/MSI: ITS@0x100100060000 domain created
[    0.003178] PCI/MSI: ITS@0x100100080000 domain created
[    0.003180] PCI/MSI: ITS@0x1001000a0000 domain created
[    0.003181] PCI/MSI: ITS@0x1001000c0000 domain created
[    0.003183] PCI/MSI: ITS@0x1001000e0000 domain created
[    0.003184] PCI/MSI: ITS@0x100100100000 domain created
[    0.003185] PCI/MSI: ITS@0x100100120000 domain created
[    0.003189] Remapping and enabling EFI services.
[    0.003932] smp: Bringing up secondary CPUs ...
[    0.004113] Detected PIPT I-cache on CPU1
[    0.004130] GICv3: CPU1: found redistributor 1a0000 region 0:0x00001001007c0000
[    0.004152] GICv3: CPU1: using allocated LPI pending table @0x00000803c0950000
[    0.004190] CPU1: Booted secondary processor 0x00001a0000 [0x413fd0c1]
[    0.004412] Detected PIPT I-cache on CPU2
[    0.004426] GICv3: CPU2: found redistributor 140000 region 0:0x0000100100640000
[    0.004448] GICv3: CPU2: using allocated LPI pending table @0x00000803c0960000
[    0.004489] CPU2: Booted secondary processor 0x0000140000 [0x413fd0c1]
[    0.004760] Detected PIPT I-cache on CPU3
[    0.004775] GICv3: CPU3: found redistributor 1c0000 region 0:0x0000100100840000
[    0.004796] GICv3: CPU3: using allocated LPI pending table @0x00000803c0970000
[    0.004837] CPU3: Booted secondary processor 0x00001c0000 [0x413fd0c1]
[    0.005277] Detected PIPT I-cache on CPU4
[    0.005290] GICv3: CPU4: found redistributor 100000 region 0:0x0000100100540000
[    0.005312] GICv3: CPU4: using allocated LPI pending table @0x00000803c0980000
[    0.005354] CPU4: Booted secondary processor 0x0000100000 [0x413fd0c1]
[    0.005565] Detected PIPT I-cache on CPU5
[    0.005580] GICv3: CPU5: found redistributor 180000 region 0:0x0000100100740000
[    0.005601] GICv3: CPU5: using allocated LPI pending table @0x00000803c0990000
[    0.005644] CPU5: Booted secondary processor 0x0000180000 [0x413fd0c1]
[    0.005967] Detected PIPT I-cache on CPU6
[    0.005982] GICv3: CPU6: found redistributor 160000 region 0:0x00001001006c0000
[    0.006004] GICv3: CPU6: using allocated LPI pending table @0x00000803c09a0000
[    0.006048] CPU6: Booted secondary processor 0x0000160000 [0x413fd0c1]
[    0.006368] Detected PIPT I-cache on CPU7
[    0.006385] GICv3: CPU7: found redistributor 1e0000 region 0:0x00001001008c0000
[    0.006407] GICv3: CPU7: using allocated LPI pending table @0x00000803c09b0000
[    0.006450] CPU7: Booted secondary processor 0x00001e0000 [0x413fd0c1]
[    0.006759] Detected PIPT I-cache on CPU8
[    0.006770] GICv3: CPU8: found redistributor a0000 region 0:0x00001001003c0000
[    0.006792] GICv3: CPU8: using allocated LPI pending table @0x00000803c09c0000
[    0.006837] CPU8: Booted secondary processor 0x00000a0000 [0x413fd0c1]
[    0.007165] Detected PIPT I-cache on CPU9
[    0.007181] GICv3: CPU9: found redistributor 220000 region 0:0x00001001009c0000
[    0.007203] GICv3: CPU9: using allocated LPI pending table @0x00000803c09d0000
[    0.007243] CPU9: Booted secondary processor 0x0000220000 [0x413fd0c1]
[    0.007559] Detected PIPT I-cache on CPU10
[    0.007570] GICv3: CPU10: found redistributor c0000 region 0:0x0000100100440000
[    0.007593] GICv3: CPU10: using allocated LPI pending table @0x00000803c09e0000
[    0.007637] CPU10: Booted secondary processor 0x00000c0000 [0x413fd0c1]
[    0.007962] Detected PIPT I-cache on CPU11
[    0.007979] GICv3: CPU11: found redistributor 240000 region 0:0x0000100100a40000
[    0.008002] GICv3: CPU11: using allocated LPI pending table @0x00000803c09f0000
[    0.008042] CPU11: Booted secondary processor 0x0000240000 [0x413fd0c1]
[    0.008359] Detected PIPT I-cache on CPU12
[    0.008371] GICv3: CPU12: found redistributor 80000 region 0:0x0000100100340000
[    0.008395] GICv3: CPU12: using allocated LPI pending table @0x00000803c0a00000
[    0.008438] CPU12: Booted secondary processor 0x0000080000 [0x413fd0c1]
[    0.008763] Detected PIPT I-cache on CPU13
[    0.008779] GICv3: CPU13: found redistributor 200000 region 0:0x0000100100940000
[    0.008802] GICv3: CPU13: using allocated LPI pending table @0x00000803c0a10000
[    0.008842] CPU13: Booted secondary processor 0x0000200000 [0x413fd0c1]
[    0.009165] Detected PIPT I-cache on CPU14
[    0.009178] GICv3: CPU14: found redistributor e0000 region 0:0x00001001004c0000
[    0.009201] GICv3: CPU14: using allocated LPI pending table @0x00000803c0a20000
[    0.009246] CPU14: Booted secondary processor 0x00000e0000 [0x413fd0c1]
[    0.009561] Detected PIPT I-cache on CPU15
[    0.009579] GICv3: CPU15: found redistributor 260000 region 0:0x0000100100ac0000
[    0.009603] GICv3: CPU15: using allocated LPI pending table @0x00000803c0a30000
[    0.009645] CPU15: Booted secondary processor 0x0000260000 [0x413fd0c1]
[    0.009952] Detected PIPT I-cache on CPU16
[    0.009962] GICv3: CPU16: found redistributor 20000 region 0:0x00001001001c0000
[    0.009987] GICv3: CPU16: using allocated LPI pending table @0x00000803c0a40000
[    0.010033] CPU16: Booted secondary processor 0x0000020000 [0x413fd0c1]
[    0.010358] Detected PIPT I-cache on CPU17
[    0.010368] GICv3: CPU17: found redistributor 40000 region 0:0x0000100100240000
[    0.010393] GICv3: CPU17: using allocated LPI pending table @0x00000803c0a50000
[    0.010439] CPU17: Booted secondary processor 0x0000040000 [0x413fd0c1]
[    0.010757] Detected PIPT I-cache on CPU18
[    0.010766] GICv3: CPU18: found redistributor 0 region 0:0x0000100100140000
[    0.010791] GICv3: CPU18: using allocated LPI pending table @0x00000803c0a60000
[    0.010838] CPU18: Booted secondary processor 0x0000000000 [0x413fd0c1]
[    0.011163] Detected PIPT I-cache on CPU19
[    0.011174] GICv3: CPU19: found redistributor 60000 region 0:0x00001001002c0000
[    0.011199] GICv3: CPU19: using allocated LPI pending table @0x00000803c0a70000
[    0.011245] CPU19: Booted secondary processor 0x0000060000 [0x413fd0c1]
[    0.011562] Detected PIPT I-cache on CPU20
[    0.011575] GICv3: CPU20: found redistributor 130000 region 0:0x0000100100600000
[    0.011598] GICv3: CPU20: using allocated LPI pending table @0x00000803c0a80000
[    0.011642] CPU20: Booted secondary processor 0x0000130000 [0x413fd0c1]
[    0.011963] Detected PIPT I-cache on CPU21
[    0.011977] GICv3: CPU21: found redistributor 1b0000 region 0:0x0000100100800000
[    0.012001] GICv3: CPU21: using allocated LPI pending table @0x00000803c0a90000
[    0.012042] CPU21: Booted secondary processor 0x00001b0000 [0x413fd0c1]
[    0.012361] Detected PIPT I-cache on CPU22
[    0.012375] GICv3: CPU22: found redistributor 150000 region 0:0x0000100100680000
[    0.012399] GICv3: CPU22: using allocated LPI pending table @0x00000803c0aa0000
[    0.012442] CPU22: Booted secondary processor 0x0000150000 [0x413fd0c1]
[    0.012763] Detected PIPT I-cache on CPU23
[    0.012778] GICv3: CPU23: found redistributor 1d0000 region 0:0x0000100100880000
[    0.012803] GICv3: CPU23: using allocated LPI pending table @0x00000803c0ab0000
[    0.012845] CPU23: Booted secondary processor 0x00001d0000 [0x413fd0c1]
[    0.013165] Detected PIPT I-cache on CPU24
[    0.013179] GICv3: CPU24: found redistributor 110000 region 0:0x0000100100580000
[    0.013203] GICv3: CPU24: using allocated LPI pending table @0x00000803c0ac0000
[    0.013247] CPU24: Booted secondary processor 0x0000110000 [0x413fd0c1]
[    0.013562] Detected PIPT I-cache on CPU25
[    0.013576] GICv3: CPU25: found redistributor 190000 region 0:0x0000100100780000
[    0.013601] GICv3: CPU25: using allocated LPI pending table @0x00000803c0ad0000
[    0.013643] CPU25: Booted secondary processor 0x0000190000 [0x413fd0c1]
[    0.013967] Detected PIPT I-cache on CPU26
[    0.013982] GICv3: CPU26: found redistributor 170000 region 0:0x0000100100700000
[    0.014007] GICv3: CPU26: using allocated LPI pending table @0x00000803c0ae0000
[    0.014052] CPU26: Booted secondary processor 0x0000170000 [0x413fd0c1]
[    0.014357] Detected PIPT I-cache on CPU27
[    0.014373] GICv3: CPU27: found redistributor 1f0000 region 0:0x0000100100900000
[    0.014398] GICv3: CPU27: using allocated LPI pending table @0x00000803c0af0000
[    0.014442] CPU27: Booted secondary processor 0x00001f0000 [0x413fd0c1]
[    0.014753] Detected PIPT I-cache on CPU28
[    0.014765] GICv3: CPU28: found redistributor b0000 region 0:0x0000100100400000
[    0.014789] GICv3: CPU28: using allocated LPI pending table @0x00000803c0b00000
[    0.014835] CPU28: Booted secondary processor 0x00000b0000 [0x413fd0c1]
[    0.015340] Detected PIPT I-cache on CPU29
[    0.015356] GICv3: CPU29: found redistributor 230000 region 0:0x0000100100a00000
[    0.015382] GICv3: CPU29: using allocated LPI pending table @0x00000803c0b10000
[    0.015423] CPU29: Booted secondary processor 0x0000230000 [0x413fd0c1]
[    0.015757] Detected PIPT I-cache on CPU30
[    0.015769] GICv3: CPU30: found redistributor d0000 region 0:0x0000100100480000
[    0.015795] GICv3: CPU30: using allocated LPI pending table @0x00000803c0b20000
[    0.015840] CPU30: Booted secondary processor 0x00000d0000 [0x413fd0c1]
[    0.016164] Detected PIPT I-cache on CPU31
[    0.016180] GICv3: CPU31: found redistributor 250000 region 0:0x0000100100a80000
[    0.016206] GICv3: CPU31: using allocated LPI pending table @0x00000803c0b30000
[    0.016248] CPU31: Booted secondary processor 0x0000250000 [0x413fd0c1]
[    0.016562] Detected PIPT I-cache on CPU32
[    0.016573] GICv3: CPU32: found redistributor 90000 region 0:0x0000100100380000
[    0.016600] GICv3: CPU32: using allocated LPI pending table @0x00000803c0b40000
[    0.016645] CPU32: Booted secondary processor 0x0000090000 [0x413fd0c1]
[    0.016965] Detected PIPT I-cache on CPU33
[    0.016981] GICv3: CPU33: found redistributor 210000 region 0:0x0000100100980000
[    0.017008] GICv3: CPU33: using allocated LPI pending table @0x00000803c0b50000
[    0.017050] CPU33: Booted secondary processor 0x0000210000 [0x413fd0c1]
[    0.017356] Detected PIPT I-cache on CPU34
[    0.017369] GICv3: CPU34: found redistributor f0000 region 0:0x0000100100500000
[    0.017396] GICv3: CPU34: using allocated LPI pending table @0x00000803c0b60000
[    0.017441] CPU34: Booted secondary processor 0x00000f0000 [0x413fd0c1]
[    0.017763] Detected PIPT I-cache on CPU35
[    0.017781] GICv3: CPU35: found redistributor 270000 region 0:0x0000100100b00000
[    0.017808] GICv3: CPU35: using allocated LPI pending table @0x00000803c0b70000
[    0.017852] CPU35: Booted secondary processor 0x0000270000 [0x413fd0c1]
[    0.018164] Detected PIPT I-cache on CPU36
[    0.018174] GICv3: CPU36: found redistributor 30000 region 0:0x0000100100200000
[    0.018202] GICv3: CPU36: using allocated LPI pending table @0x00000803c0b80000
[    0.018250] CPU36: Booted secondary processor 0x0000030000 [0x413fd0c1]
[    0.018563] Detected PIPT I-cache on CPU37
[    0.018573] GICv3: CPU37: found redistributor 50000 region 0:0x0000100100280000
[    0.018601] GICv3: CPU37: using allocated LPI pending table @0x00000803c0b90000
[    0.018649] CPU37: Booted secondary processor 0x0000050000 [0x413fd0c1]
[    0.018965] Detected PIPT I-cache on CPU38
[    0.018975] GICv3: CPU38: found redistributor 10000 region 0:0x0000100100180000
[    0.019002] GICv3: CPU38: using allocated LPI pending table @0x00000803c0ba0000
[    0.019052] CPU38: Booted secondary processor 0x0000010000 [0x413fd0c1]
[    0.019360] Detected PIPT I-cache on CPU39
[    0.019371] GICv3: CPU39: found redistributor 70000 region 0:0x0000100100300000
[    0.019399] GICv3: CPU39: using allocated LPI pending table @0x00000803c0bb0000
[    0.019446] CPU39: Booted secondary processor 0x0000070000 [0x413fd0c1]
[    0.019758] Detected PIPT I-cache on CPU40
[    0.019770] GICv3: CPU40: found redistributor 120100 region 0:0x00001001005e0000
[    0.019796] GICv3: CPU40: using allocated LPI pending table @0x00000803c0bc0000
[    0.019843] CPU40: Booted secondary processor 0x0000120100 [0x413fd0c1]
[    0.020164] Detected PIPT I-cache on CPU41
[    0.020179] GICv3: CPU41: found redistributor 1a0100 region 0:0x00001001007e0000
[    0.020206] GICv3: CPU41: using allocated LPI pending table @0x00000803c0bd0000
[    0.020248] CPU41: Booted secondary processor 0x00001a0100 [0x413fd0c1]
[    0.020567] Detected PIPT I-cache on CPU42
[    0.020581] GICv3: CPU42: found redistributor 140100 region 0:0x0000100100660000
[    0.020608] GICv3: CPU42: using allocated LPI pending table @0x00000803c0be0000
[    0.020654] CPU42: Booted secondary processor 0x0000140100 [0x413fd0c1]
[    0.020962] Detected PIPT I-cache on CPU43
[    0.020978] GICv3: CPU43: found redistributor 1c0100 region 0:0x0000100100860000
[    0.021005] GICv3: CPU43: using allocated LPI pending table @0x00000803c0bf0000
[    0.021046] CPU43: Booted secondary processor 0x00001c0100 [0x413fd0c1]
[    0.021355] Detected PIPT I-cache on CPU44
[    0.021368] GICv3: CPU44: found redistributor 100100 region 0:0x0000100100560000
[    0.021395] GICv3: CPU44: using allocated LPI pending table @0x00000803c0c00000
[    0.021440] CPU44: Booted secondary processor 0x0000100100 [0x413fd0c1]
[    0.021764] Detected PIPT I-cache on CPU45
[    0.021779] GICv3: CPU45: found redistributor 180100 region 0:0x0000100100760000
[    0.021807] GICv3: CPU45: using allocated LPI pending table @0x00000803c0c10000
[    0.021849] CPU45: Booted secondary processor 0x0000180100 [0x413fd0c1]
[    0.022164] Detected PIPT I-cache on CPU46
[    0.022179] GICv3: CPU46: found redistributor 160100 region 0:0x00001001006e0000
[    0.022208] GICv3: CPU46: using allocated LPI pending table @0x00000803c0c20000
[    0.022253] CPU46: Booted secondary processor 0x0000160100 [0x413fd0c1]
[    0.022564] Detected PIPT I-cache on CPU47
[    0.022580] GICv3: CPU47: found redistributor 1e0100 region 0:0x00001001008e0000
[    0.022608] GICv3: CPU47: using allocated LPI pending table @0x00000803c0c30000
[    0.022653] CPU47: Booted secondary processor 0x00001e0100 [0x413fd0c1]
[    0.022961] Detected PIPT I-cache on CPU48
[    0.022973] GICv3: CPU48: found redistributor a0100 region 0:0x00001001003e0000
[    0.023001] GICv3: CPU48: using allocated LPI pending table @0x00000803c0c40000
[    0.023049] CPU48: Booted secondary processor 0x00000a0100 [0x413fd0c1]
[    0.023361] Detected PIPT I-cache on CPU49
[    0.023377] GICv3: CPU49: found redistributor 220100 region 0:0x00001001009e0000
[    0.023405] GICv3: CPU49: using allocated LPI pending table @0x00000803c0c50000
[    0.023449] CPU49: Booted secondary processor 0x0000220100 [0x413fd0c1]
[    0.023760] Detected PIPT I-cache on CPU50
[    0.023772] GICv3: CPU50: found redistributor c0100 region 0:0x0000100100460000
[    0.023801] GICv3: CPU50: using allocated LPI pending table @0x00000803c0c60000
[    0.023848] CPU50: Booted secondary processor 0x00000c0100 [0x413fd0c1]
[    0.024168] Detected PIPT I-cache on CPU51
[    0.024184] GICv3: CPU51: found redistributor 240100 region 0:0x0000100100a60000
[    0.024213] GICv3: CPU51: using allocated LPI pending table @0x00000803c0c70000
[    0.024257] CPU51: Booted secondary processor 0x0000240100 [0x413fd0c1]
[    0.024554] Detected PIPT I-cache on CPU52
[    0.024566] GICv3: CPU52: found redistributor 80100 region 0:0x0000100100360000
[    0.024595] GICv3: CPU52: using allocated LPI pending table @0x00000803c0c80000
[    0.024644] CPU52: Booted secondary processor 0x0000080100 [0x413fd0c1]
[    0.024960] Detected PIPT I-cache on CPU53
[    0.024976] GICv3: CPU53: found redistributor 200100 region 0:0x0000100100960000
[    0.025005] GICv3: CPU53: using allocated LPI pending table @0x00000803c0c90000
[    0.025049] CPU53: Booted secondary processor 0x0000200100 [0x413fd0c1]
[    0.025361] Detected PIPT I-cache on CPU54
[    0.025374] GICv3: CPU54: found redistributor e0100 region 0:0x00001001004e0000
[    0.025403] GICv3: CPU54: using allocated LPI pending table @0x00000803c0ca0000
[    0.025452] CPU54: Booted secondary processor 0x00000e0100 [0x413fd0c1]
[    0.025768] Detected PIPT I-cache on CPU55
[    0.025786] GICv3: CPU55: found redistributor 260100 region 0:0x0000100100ae0000
[    0.025815] GICv3: CPU55: using allocated LPI pending table @0x00000803c0cb0000
[    0.025859] CPU55: Booted secondary processor 0x0000260100 [0x413fd0c1]
[    0.026165] Detected PIPT I-cache on CPU56
[    0.026174] GICv3: CPU56: found redistributor 20100 region 0:0x00001001001e0000
[    0.026204] GICv3: CPU56: using allocated LPI pending table @0x00000803c0cc0000
[    0.026254] CPU56: Booted secondary processor 0x0000020100 [0x413fd0c1]
[    0.026563] Detected PIPT I-cache on CPU57
[    0.026573] GICv3: CPU57: found redistributor 40100 region 0:0x0000100100260000
[    0.026603] GICv3: CPU57: using allocated LPI pending table @0x00000803c0cd0000
[    0.026654] CPU57: Booted secondary processor 0x0000040100 [0x413fd0c1]
[    0.026961] Detected PIPT I-cache on CPU58
[    0.026970] GICv3: CPU58: found redistributor 100 region 0:0x0000100100160000
[    0.027000] GICv3: CPU58: using allocated LPI pending table @0x00000803c0ce0000
[    0.027051] CPU58: Booted secondary processor 0x0000000100 [0x413fd0c1]
[    0.027359] Detected PIPT I-cache on CPU59
[    0.027370] GICv3: CPU59: found redistributor 60100 region 0:0x00001001002e0000
[    0.027401] GICv3: CPU59: using allocated LPI pending table @0x00000803c0cf0000
[    0.027450] CPU59: Booted secondary processor 0x0000060100 [0x413fd0c1]
[    0.027759] Detected PIPT I-cache on CPU60
[    0.027772] GICv3: CPU60: found redistributor 130100 region 0:0x0000100100620000
[    0.027802] GICv3: CPU60: using allocated LPI pending table @0x00000803c0d00000
[    0.027848] CPU60: Booted secondary processor 0x0000130100 [0x413fd0c1]
[    0.028165] Detected PIPT I-cache on CPU61
[    0.028180] GICv3: CPU61: found redistributor 1b0100 region 0:0x0000100100820000
[    0.028209] GICv3: CPU61: using allocated LPI pending table @0x00000803c0d10000
[    0.028255] CPU61: Booted secondary processor 0x00001b0100 [0x413fd0c1]
[    0.028558] Detected PIPT I-cache on CPU62
[    0.028571] GICv3: CPU62: found redistributor 150100 region 0:0x00001001006a0000
[    0.028601] GICv3: CPU62: using allocated LPI pending table @0x00000803c0d20000
[    0.028649] CPU62: Booted secondary processor 0x0000150100 [0x413fd0c1]
[    0.028960] Detected PIPT I-cache on CPU63
[    0.028976] GICv3: CPU63: found redistributor 1d0100 region 0:0x00001001008a0000
[    0.029005] GICv3: CPU63: using allocated LPI pending table @0x00000803c0d30000
[    0.029051] CPU63: Booted secondary processor 0x00001d0100 [0x413fd0c1]
[    0.029368] Detected PIPT I-cache on CPU64
[    0.029381] GICv3: CPU64: found redistributor 110100 region 0:0x00001001005a0000
[    0.029411] GICv3: CPU64: using allocated LPI pending table @0x00000803c0d40000
[    0.029458] CPU64: Booted secondary processor 0x0000110100 [0x413fd0c1]
[    0.029765] Detected PIPT I-cache on CPU65
[    0.029780] GICv3: CPU65: found redistributor 190100 region 0:0x00001001007a0000
[    0.029810] GICv3: CPU65: using allocated LPI pending table @0x00000803c0d50000
[    0.029857] CPU65: Booted secondary processor 0x0000190100 [0x413fd0c1]
[    0.030165] Detected PIPT I-cache on CPU66
[    0.030181] GICv3: CPU66: found redistributor 170100 region 0:0x0000100100720000
[    0.030212] GICv3: CPU66: using allocated LPI pending table @0x00000803c0d60000
[    0.030260] CPU66: Booted secondary processor 0x0000170100 [0x413fd0c1]
[    0.030567] Detected PIPT I-cache on CPU67
[    0.030584] GICv3: CPU67: found redistributor 1f0100 region 0:0x0000100100920000
[    0.030614] GICv3: CPU67: using allocated LPI pending table @0x00000803c0d70000
[    0.030662] CPU67: Booted secondary processor 0x00001f0100 [0x413fd0c1]
[    0.030965] Detected PIPT I-cache on CPU68
[    0.030976] GICv3: CPU68: found redistributor b0100 region 0:0x0000100100420000
[    0.031007] GICv3: CPU68: using allocated LPI pending table @0x00000803c0d80000
[    0.031056] CPU68: Booted secondary processor 0x00000b0100 [0x413fd0c1]
[    0.031359] Detected PIPT I-cache on CPU69
[    0.031375] GICv3: CPU69: found redistributor 230100 region 0:0x0000100100a20000
[    0.031406] GICv3: CPU69: using allocated LPI pending table @0x00000803c0d90000
[    0.031452] CPU69: Booted secondary processor 0x0000230100 [0x413fd0c1]
[    0.031761] Detected PIPT I-cache on CPU70
[    0.031773] GICv3: CPU70: found redistributor d0100 region 0:0x00001001004a0000
[    0.031805] GICv3: CPU70: using allocated LPI pending table @0x00000803c0da0000
[    0.031854] CPU70: Booted secondary processor 0x00000d0100 [0x413fd0c1]
[    0.032170] Detected PIPT I-cache on CPU71
[    0.032187] GICv3: CPU71: found redistributor 250100 region 0:0x0000100100aa0000
[    0.032218] GICv3: CPU71: using allocated LPI pending table @0x00000803c0db0000
[    0.032265] CPU71: Booted secondary processor 0x0000250100 [0x413fd0c1]
[    0.032558] Detected PIPT I-cache on CPU72
[    0.032570] GICv3: CPU72: found redistributor 90100 region 0:0x00001001003a0000
[    0.032602] GICv3: CPU72: using allocated LPI pending table @0x00000803c0dc0000
[    0.032652] CPU72: Booted secondary processor 0x0000090100 [0x413fd0c1]
[    0.032965] Detected PIPT I-cache on CPU73
[    0.032981] GICv3: CPU73: found redistributor 210100 region 0:0x00001001009a0000
[    0.033013] GICv3: CPU73: using allocated LPI pending table @0x00000803c0dd0000
[    0.033059] CPU73: Booted secondary processor 0x0000210100 [0x413fd0c1]
[    0.033365] Detected PIPT I-cache on CPU74
[    0.033379] GICv3: CPU74: found redistributor f0100 region 0:0x0000100100520000
[    0.033411] GICv3: CPU74: using allocated LPI pending table @0x00000803c0de0000
[    0.033460] CPU74: Booted secondary processor 0x00000f0100 [0x413fd0c1]
[    0.033767] Detected PIPT I-cache on CPU75
[    0.033785] GICv3: CPU75: found redistributor 270100 region 0:0x0000100100b20000
[    0.033817] GICv3: CPU75: using allocated LPI pending table @0x00000803c0df0000
[    0.033865] CPU75: Booted secondary processor 0x0000270100 [0x413fd0c1]
[    0.034158] Detected PIPT I-cache on CPU76
[    0.034168] GICv3: CPU76: found redistributor 30100 region 0:0x0000100100220000
[    0.034201] GICv3: CPU76: using allocated LPI pending table @0x00000803c0e00000
[    0.034253] CPU76: Booted secondary processor 0x0000030100 [0x413fd0c1]
[    0.034565] Detected PIPT I-cache on CPU77
[    0.034575] GICv3: CPU77: found redistributor 50100 region 0:0x00001001002a0000
[    0.034608] GICv3: CPU77: using allocated LPI pending table @0x00000803c0e10000
[    0.034660] CPU77: Booted secondary processor 0x0000050100 [0x413fd0c1]
[    0.034968] Detected PIPT I-cache on CPU78
[    0.034978] GICv3: CPU78: found redistributor 10100 region 0:0x00001001001a0000
[    0.035011] GICv3: CPU78: using allocated LPI pending table @0x00000803c0e20000
[    0.035063] CPU78: Booted secondary processor 0x0000010100 [0x413fd0c1]
[    0.035372] Detected PIPT I-cache on CPU79
[    0.035383] GICv3: CPU79: found redistributor 70100 region 0:0x0000100100320000
[    0.035417] GICv3: CPU79: using allocated LPI pending table @0x00000803c0e30000
[    0.035468] CPU79: Booted secondary processor 0x0000070100 [0x413fd0c1]
[    0.035526] smp: Brought up 1 node, 80 CPUs
[    0.035596] SMP: Total of 80 processors activated.
[    0.035598] CPU features: detected: Privileged Access Never
[    0.035599] CPU features: detected: LSE atomic instructions
[    0.035600] CPU features: detected: User Access Override
[    0.035600] CPU features: detected: 32-bit EL0 Support
[    0.035601] CPU features: detected: Common not Private translations
[    0.035602] CPU features: detected: Data cache clean to Point of Persistence
[    0.035603] CPU features: detected: RAS Extension Support
[    0.035604] CPU features: detected: Data cache clean to the PoU not required for I/D coherence
[    0.035605] CPU features: detected: CRC32 instructions
[    0.037283] CPU: All CPU(s) started at EL2
[    0.040705] devtmpfs: initialized
[    0.040976] clocksource: jiffies: mask: 0xffffffff max_cycles: 0xffffffff, max_idle_ns: 19112604462750000 ns
[    0.041016] futex hash table entries: 32768 (order: 5, 2097152 bytes)
[    0.041487] pinctrl core: initialized pinctrl subsystem
[    0.041609] SMBIOS 3.3.0 present.
[    0.041612] DMI: GIGABYTE R272-P30-JG/MP32-AR0-JG, BIOS F05 01/19/2021
[    0.041926] NET: Registered protocol family 16
[    0.042298] DMA: preallocated 256 KiB pool for atomic allocations
[    0.042300] audit: initializing netlink subsys (disabled)
[    0.042346] audit: type=2000 audit(0.040:1): state=initialized audit_enabled=0 res=1
[    0.042469] cpuidle: using governor menu
[    0.042578] Detected 15 PCC Subspaces
[    0.042598] Registering PCC driver as Mailbox controller
[    0.042633] hw-breakpoint: found 6 breakpoint and 4 watchpoint registers.
[    0.042951] ACPI: bus type PCI registered
[    0.042952] acpiphp: ACPI Hot Plug PCI Controller Driver version: 0.5
[    0.043006] Serial: AMBA PL011 UART driver
[    0.044744] HugeTLB registered 16.0 GiB page size, pre-allocated 0 pages
[    0.044746] HugeTLB registered 512 MiB page size, pre-allocated 0 pages
[    0.044747] HugeTLB registered 2.00 MiB page size, pre-allocated 0 pages
[    0.045061] cryptd: max_cpu_qlen set to 1000
[    0.045429] ACPI: Added _OSI(Module Device)
[    0.045430] ACPI: Added _OSI(Processor Device)
[    0.045431] ACPI: Added _OSI(3.0 _SCP Extensions)
[    0.045432] ACPI: Added _OSI(Processor Aggregator Device)
[    0.045433] ACPI: Added _OSI(Linux-Dell-Video)
[    0.045434] ACPI: Added _OSI(Linux-Lenovo-NV-HDMI-Audio)
[    0.045435] ACPI: Added _OSI(Linux-HPI-Hybrid-Graphics)
[    0.050681] ACPI: 2 ACPI AML tables successfully acquired and loaded
[    0.051994] ACPI: Interpreter enabled
[    0.051995] ACPI: Using GIC for interrupt routing
[    0.052004] ACPI: MCFG table detected, 8 entries
[    0.057929] ARMH0011:00: ttyAMA0 at MMIO 0x100002600000 (irq = 27, base_baud = 0) is a SBSA
[    3.858797] printk: console [ttyAMA0] enabled
[    3.863258] ARMH0011:01: ttyAMA1 at MMIO 0x100002620000 (irq = 28, base_baud = 0) is a SBSA
[    3.873705] ACPI: PCI Root Bridge [PCI0] (domain 000c [bus 00-ff])
[    3.879878] acpi PNP0A08:00: _OSC: OS supports [ExtendedConfig ASPM ClockPM Segments MSI EDR HPX-Type3]
[    3.889323] acpi PNP0A08:00: _OSC: platform does not support [PCIeHotplug PME LTR DPC]
[    3.897275] acpi PNP0A08:00: _OSC: OS now controls [AER PCIeCapability]
[    3.904395] acpi PNP0A08:00: ECAM area [mem 0x33fff0000000-0x33ffffffffff] reserved by PNP0C02:00
[    3.913277] acpi PNP0A08:00: ECAM at [mem 0x33fff0000000-0x33ffffffffff] for [bus 00-ff]
[    3.921405] PCI host bridge to bus 000c:00
[    3.925488] pci_bus 000c:00: root bus resource [mem 0x40000000-0x4fffffff window]
[    3.932958] pci_bus 000c:00: root bus resource [mem 0x300000000000-0x33ffdfffffff window]
[    3.941121] pci_bus 000c:00: root bus resource [bus 00-ff]
[    3.946609] pci 000c:00:00.0: [1def:e100] type 00 class 0x060000
[    3.952652] pci 000c:00:01.0: [1def:e101] type 01 class 0x060400
[    3.958665] pci 000c:00:01.0: enabling Extended Tags
[    3.963639] pci 000c:00:01.0: supports D1 D2
[    3.967895] pci 000c:00:01.0: PME# supported from D0 D1 D3hot
[    3.973703] pci 000c:00:02.0: [1def:e102] type 01 class 0x060400
[    3.979732] pci 000c:00:02.0: supports D1 D2
[    3.983989] pci 000c:00:02.0: PME# supported from D0 D1 D3hot
[    3.989767] pci 000c:00:03.0: [1def:e103] type 01 class 0x060400
[    3.995796] pci 000c:00:03.0: supports D1 D2
[    4.000052] pci 000c:00:03.0: PME# supported from D0 D1 D3hot
[    4.005839] pci 000c:00:04.0: [1def:e104] type 01 class 0x060400
[    4.011868] pci 000c:00:04.0: supports D1 D2
[    4.016126] pci 000c:00:04.0: PME# supported from D0 D1 D3hot
[    4.026138] pci 000c:00:01.0: bridge window [io  0x1000-0x0fff] to [bus 01] add_size 1000
[    4.034302] pci 000c:00:01.0: bridge window [mem 0x00100000-0x000fffff 64bit pref] to [bus 01] add_size 200000 add_align 100000
[    4.045764] pci 000c:00:01.0: bridge window [mem 0x00100000-0x000fffff] to [bus 01] add_size 200000 add_align 100000
[    4.056272] pci 000c:00:02.0: bridge window [io  0x1000-0x0fff] to [bus 02] add_size 1000
[    4.064435] pci 000c:00:02.0: bridge window [mem 0x00100000-0x000fffff 64bit pref] to [bus 02] add_size 200000 add_align 100000
[    4.075897] pci 000c:00:02.0: bridge window [mem 0x00100000-0x000fffff] to [bus 02] add_size 200000 add_align 100000
[    4.086405] pci 000c:00:03.0: bridge window [io  0x1000-0x0fff] to [bus 03] add_size 1000
[    4.094567] pci 000c:00:03.0: bridge window [mem 0x00100000-0x000fffff 64bit pref] to [bus 03] add_size 200000 add_align 100000
[    4.106030] pci 000c:00:03.0: bridge window [mem 0x00100000-0x000fffff] to [bus 03] add_size 200000 add_align 100000
[    4.116538] pci 000c:00:04.0: bridge window [io  0x1000-0x0fff] to [bus 04] add_size 1000
[    4.124700] pci 000c:00:04.0: bridge window [mem 0x00100000-0x000fffff 64bit pref] to [bus 04] add_size 200000 add_align 100000
[    4.136163] pci 000c:00:04.0: bridge window [mem 0x00100000-0x000fffff] to [bus 04] add_size 200000 add_align 100000
[    4.146674] pci 000c:00:01.0: BAR 14: assigned [mem 0x40000000-0x401fffff]
[    4.153536] pci 000c:00:01.0: BAR 15: assigned [mem 0x300000000000-0x3000001fffff 64bit pref]
[    4.162048] pci 000c:00:02.0: BAR 14: assigned [mem 0x40200000-0x403fffff]
[    4.168909] pci 000c:00:02.0: BAR 15: assigned [mem 0x300000200000-0x3000003fffff 64bit pref]
[    4.177420] pci 000c:00:03.0: BAR 14: assigned [mem 0x40400000-0x405fffff]
[    4.184281] pci 000c:00:03.0: BAR 15: assigned [mem 0x300000400000-0x3000005fffff 64bit pref]
[    4.192792] pci 000c:00:04.0: BAR 14: assigned [mem 0x40600000-0x407fffff]
[    4.199653] pci 000c:00:04.0: BAR 15: assigned [mem 0x300000600000-0x3000007fffff 64bit pref]
[    4.208164] pci 000c:00:01.0: BAR 13: no space for [io  size 0x1000]
[    4.214504] pci 000c:00:01.0: BAR 13: failed to assign [io  size 0x1000]
[    4.221192] pci 000c:00:02.0: BAR 13: no space for [io  size 0x1000]
[    4.227532] pci 000c:00:02.0: BAR 13: failed to assign [io  size 0x1000]
[    4.234220] pci 000c:00:03.0: BAR 13: no space for [io  size 0x1000]
[    4.240560] pci 000c:00:03.0: BAR 13: failed to assign [io  size 0x1000]
[    4.247248] pci 000c:00:04.0: BAR 13: no space for [io  size 0x1000]
[    4.253588] pci 000c:00:04.0: BAR 13: failed to assign [io  size 0x1000]
[    4.260277] pci 000c:00:04.0: BAR 13: no space for [io  size 0x1000]
[    4.266616] pci 000c:00:04.0: BAR 13: failed to assign [io  size 0x1000]
[    4.273304] pci 000c:00:03.0: BAR 13: no space for [io  size 0x1000]
[    4.279644] pci 000c:00:03.0: BAR 13: failed to assign [io  size 0x1000]
[    4.286332] pci 000c:00:02.0: BAR 13: no space for [io  size 0x1000]
[    4.292672] pci 000c:00:02.0: BAR 13: failed to assign [io  size 0x1000]
[    4.299360] pci 000c:00:01.0: BAR 13: no space for [io  size 0x1000]
[    4.305699] pci 000c:00:01.0: BAR 13: failed to assign [io  size 0x1000]
[    4.312388] pci 000c:00:01.0: PCI bridge to [bus 01]
[    4.317340] pci 000c:00:01.0:   bridge window [mem 0x40000000-0x401fffff]
[    4.324115] pci 000c:00:01.0:   bridge window [mem 0x300000000000-0x3000001fffff 64bit pref]
[    4.332540] pci 000c:00:02.0: PCI bridge to [bus 02]
[    4.337492] pci 000c:00:02.0:   bridge window [mem 0x40200000-0x403fffff]
[    4.344266] pci 000c:00:02.0:   bridge window [mem 0x300000200000-0x3000003fffff 64bit pref]
[    4.352692] pci 000c:00:03.0: PCI bridge to [bus 03]
[    4.357643] pci 000c:00:03.0:   bridge window [mem 0x40400000-0x405fffff]
[    4.364418] pci 000c:00:03.0:   bridge window [mem 0x300000400000-0x3000005fffff 64bit pref]
[    4.372843] pci 000c:00:04.0: PCI bridge to [bus 04]
[    4.377796] pci 000c:00:04.0:   bridge window [mem 0x40600000-0x407fffff]
[    4.384570] pci 000c:00:04.0:   bridge window [mem 0x300000600000-0x3000007fffff 64bit pref]
[    4.392996] pci_bus 000c:00: resource 4 [mem 0x40000000-0x4fffffff window]
[    4.399857] pci_bus 000c:00: resource 5 [mem 0x300000000000-0x33ffdfffffff window]
[    4.407414] pci_bus 000c:01: resource 1 [mem 0x40000000-0x401fffff]
[    4.413667] pci_bus 000c:01: resource 2 [mem 0x300000000000-0x3000001fffff 64bit pref]
[    4.421570] pci_bus 000c:02: resource 1 [mem 0x40200000-0x403fffff]
[    4.427823] pci_bus 000c:02: resource 2 [mem 0x300000200000-0x3000003fffff 64bit pref]
[    4.435726] pci_bus 000c:03: resource 1 [mem 0x40400000-0x405fffff]
[    4.441980] pci_bus 000c:03: resource 2 [mem 0x300000400000-0x3000005fffff 64bit pref]
[    4.449883] pci_bus 000c:04: resource 1 [mem 0x40600000-0x407fffff]
[    4.456135] pci_bus 000c:04: resource 2 [mem 0x300000600000-0x3000007fffff 64bit pref]
[    4.464067] ACPI: PCI Root Bridge [PCI1] (domain 000d [bus 00-ff])
[    4.470237] acpi PNP0A08:01: _OSC: OS supports [ExtendedConfig ASPM ClockPM Segments MSI EDR HPX-Type3]
[    4.479671] acpi PNP0A08:01: _OSC: platform does not support [PCIeHotplug PME LTR DPC]
[    4.487622] acpi PNP0A08:01: _OSC: OS now controls [AER PCIeCapability]
[    4.494724] acpi PNP0A08:01: ECAM area [mem 0x37fff0000000-0x37ffffffffff] reserved by PNP0C02:00
[    4.503605] acpi PNP0A08:01: ECAM at [mem 0x37fff0000000-0x37ffffffffff] for [bus 00-ff]
[    4.511725] PCI host bridge to bus 000d:00
[    4.515808] pci_bus 000d:00: root bus resource [mem 0x50000000-0x5fffffff window]
[    4.523278] pci_bus 000d:00: root bus resource [mem 0x340000000000-0x37ffdfffffff window]
[    4.531441] pci_bus 000d:00: root bus resource [bus 00-ff]
[    4.536928] pci 000d:00:00.0: [1def:e100] type 00 class 0x060000
[    4.542958] pci 000d:00:01.0: [1def:e101] type 01 class 0x060400
[    4.548971] pci 000d:00:01.0: enabling Extended Tags
[    4.553944] pci 000d:00:01.0: supports D1 D2
[    4.558201] pci 000d:00:01.0: PME# supported from D0 D1 D3hot
[    4.563984] pci 000d:00:02.0: [1def:e102] type 01 class 0x060400
[    4.570012] pci 000d:00:02.0: supports D1 D2
[    4.574270] pci 000d:00:02.0: PME# supported from D0 D1 D3hot
[    4.580045] pci 000d:00:03.0: [1def:e103] type 01 class 0x060400
[    4.586075] pci 000d:00:03.0: supports D1 D2
[    4.590331] pci 000d:00:03.0: PME# supported from D0 D1 D3hot
[    4.596108] pci 000d:00:04.0: [1def:e104] type 01 class 0x060400
[    4.602137] pci 000d:00:04.0: supports D1 D2
[    4.606394] pci 000d:00:04.0: PME# supported from D0 D1 D3hot
[    4.616414] pci 000d:00:01.0: bridge window [io  0x1000-0x0fff] to [bus 01] add_size 1000
[    4.624577] pci 000d:00:01.0: bridge window [mem 0x00100000-0x000fffff 64bit pref] to [bus 01] add_size 200000 add_align 100000
[    4.636039] pci 000d:00:01.0: bridge window [mem 0x00100000-0x000fffff] to [bus 01] add_size 200000 add_align 100000
[    4.646547] pci 000d:00:02.0: bridge window [io  0x1000-0x0fff] to [bus 02] add_size 1000
[    4.654710] pci 000d:00:02.0: bridge window [mem 0x00100000-0x000fffff 64bit pref] to [bus 02] add_size 200000 add_align 100000
[    4.666173] pci 000d:00:02.0: bridge window [mem 0x00100000-0x000fffff] to [bus 02] add_size 200000 add_align 100000
[    4.676680] pci 000d:00:03.0: bridge window [io  0x1000-0x0fff] to [bus 03] add_size 1000
[    4.684843] pci 000d:00:03.0: bridge window [mem 0x00100000-0x000fffff 64bit pref] to [bus 03] add_size 200000 add_align 100000
[    4.696306] pci 000d:00:03.0: bridge window [mem 0x00100000-0x000fffff] to [bus 03] add_size 200000 add_align 100000
[    4.706813] pci 000d:00:04.0: bridge window [io  0x1000-0x0fff] to [bus 04] add_size 1000
[    4.714976] pci 000d:00:04.0: bridge window [mem 0x00100000-0x000fffff 64bit pref] to [bus 04] add_size 200000 add_align 100000
[    4.726439] pci 000d:00:04.0: bridge window [mem 0x00100000-0x000fffff] to [bus 04] add_size 200000 add_align 100000
[    4.736949] pci 000d:00:01.0: BAR 14: assigned [mem 0x50000000-0x501fffff]
[    4.743810] pci 000d:00:01.0: BAR 15: assigned [mem 0x340000000000-0x3400001fffff 64bit pref]
[    4.752321] pci 000d:00:02.0: BAR 14: assigned [mem 0x50200000-0x503fffff]
[    4.759182] pci 000d:00:02.0: BAR 15: assigned [mem 0x340000200000-0x3400003fffff 64bit pref]
[    4.767693] pci 000d:00:03.0: BAR 14: assigned [mem 0x50400000-0x505fffff]
[    4.774554] pci 000d:00:03.0: BAR 15: assigned [mem 0x340000400000-0x3400005fffff 64bit pref]
[    4.783065] pci 000d:00:04.0: BAR 14: assigned [mem 0x50600000-0x507fffff]
[    4.789926] pci 000d:00:04.0: BAR 15: assigned [mem 0x340000600000-0x3400007fffff 64bit pref]
[    4.798437] pci 000d:00:01.0: BAR 13: no space for [io  size 0x1000]
[    4.804776] pci 000d:00:01.0: BAR 13: failed to assign [io  size 0x1000]
[    4.811464] pci 000d:00:02.0: BAR 13: no space for [io  size 0x1000]
[    4.817804] pci 000d:00:02.0: BAR 13: failed to assign [io  size 0x1000]
[    4.824492] pci 000d:00:03.0: BAR 13: no space for [io  size 0x1000]
[    4.830832] pci 000d:00:03.0: BAR 13: failed to assign [io  size 0x1000]
[    4.837520] pci 000d:00:04.0: BAR 13: no space for [io  size 0x1000]
[    4.843860] pci 000d:00:04.0: BAR 13: failed to assign [io  size 0x1000]
[    4.850549] pci 000d:00:04.0: BAR 13: no space for [io  size 0x1000]
[    4.856889] pci 000d:00:04.0: BAR 13: failed to assign [io  size 0x1000]
[    4.863577] pci 000d:00:03.0: BAR 13: no space for [io  size 0x1000]
[    4.869917] pci 000d:00:03.0: BAR 13: failed to assign [io  size 0x1000]
[    4.876605] pci 000d:00:02.0: BAR 13: no space for [io  size 0x1000]
[    4.882944] pci 000d:00:02.0: BAR 13: failed to assign [io  size 0x1000]
[    4.889632] pci 000d:00:01.0: BAR 13: no space for [io  size 0x1000]
[    4.895971] pci 000d:00:01.0: BAR 13: failed to assign [io  size 0x1000]
[    4.902660] pci 000d:00:01.0: PCI bridge to [bus 01]
[    4.907611] pci 000d:00:01.0:   bridge window [mem 0x50000000-0x501fffff]
[    4.914387] pci 000d:00:01.0:   bridge window [mem 0x340000000000-0x3400001fffff 64bit pref]
[    4.922811] pci 000d:00:02.0: PCI bridge to [bus 02]
[    4.927763] pci 000d:00:02.0:   bridge window [mem 0x50200000-0x503fffff]
[    4.934538] pci 000d:00:02.0:   bridge window [mem 0x340000200000-0x3400003fffff 64bit pref]
[    4.942964] pci 000d:00:03.0: PCI bridge to [bus 03]
[    4.947915] pci 000d:00:03.0:   bridge window [mem 0x50400000-0x505fffff]
[    4.954691] pci 000d:00:03.0:   bridge window [mem 0x340000400000-0x3400005fffff 64bit pref]
[    4.963115] pci 000d:00:04.0: PCI bridge to [bus 04]
[    4.968067] pci 000d:00:04.0:   bridge window [mem 0x50600000-0x507fffff]
[    4.974842] pci 000d:00:04.0:   bridge window [mem 0x340000600000-0x3400007fffff 64bit pref]
[    4.983267] pci_bus 000d:00: resource 4 [mem 0x50000000-0x5fffffff window]
[    4.990127] pci_bus 000d:00: resource 5 [mem 0x340000000000-0x37ffdfffffff window]
[    4.997683] pci_bus 000d:01: resource 1 [mem 0x50000000-0x501fffff]
[    5.003936] pci_bus 000d:01: resource 2 [mem 0x340000000000-0x3400001fffff 64bit pref]
[    5.011841] pci_bus 000d:02: resource 1 [mem 0x50200000-0x503fffff]
[    5.018093] pci_bus 000d:02: resource 2 [mem 0x340000200000-0x3400003fffff 64bit pref]
[    5.025996] pci_bus 000d:03: resource 1 [mem 0x50400000-0x505fffff]
[    5.032250] pci_bus 000d:03: resource 2 [mem 0x340000400000-0x3400005fffff 64bit pref]
[    5.040153] pci_bus 000d:04: resource 1 [mem 0x50600000-0x507fffff]
[    5.046405] pci_bus 000d:04: resource 2 [mem 0x340000600000-0x3400007fffff 64bit pref]
[    5.054333] ACPI: PCI Root Bridge [PCI2] (domain 0001 [bus 00-ff])
[    5.060503] acpi PNP0A08:02: _OSC: OS supports [ExtendedConfig ASPM ClockPM Segments MSI EDR HPX-Type3]
[    5.069937] acpi PNP0A08:02: _OSC: platform does not support [PCIeHotplug PME LTR DPC]
[    5.077888] acpi PNP0A08:02: _OSC: OS now controls [AER PCIeCapability]
[    5.084983] acpi PNP0A08:02: ECAM area [mem 0x3bfff0000000-0x3bffffffffff] reserved by PNP0C02:00
[    5.093864] acpi PNP0A08:02: ECAM at [mem 0x3bfff0000000-0x3bffffffffff] for [bus 00-ff]
[    5.101984] PCI host bridge to bus 0001:00
[    5.106067] pci_bus 0001:00: root bus resource [mem 0x60000000-0x6fffffff window]
[    5.113537] pci_bus 0001:00: root bus resource [mem 0x380000000000-0x3bffdfffffff window]
[    5.121700] pci_bus 0001:00: root bus resource [bus 00-ff]
[    5.127187] pci 0001:00:00.0: [1def:e100] type 00 class 0x060000
[    5.133217] pci 0001:00:01.0: [1def:e101] type 01 class 0x060400
[    5.139229] pci 0001:00:01.0: enabling Extended Tags
[    5.144203] pci 0001:00:01.0: supports D1 D2
[    5.148459] pci 0001:00:01.0: PME# supported from D0 D1 D3hot
[    5.154242] pci 0001:00:02.0: [1def:e102] type 01 class 0x060400
[    5.160271] pci 0001:00:02.0: supports D1 D2
[    5.164529] pci 0001:00:02.0: PME# supported from D0 D1 D3hot
[    5.170305] pci 0001:00:03.0: [1def:e103] type 01 class 0x060400
[    5.176342] pci 0001:00:03.0: supports D1 D2
[    5.180599] pci 0001:00:03.0: PME# supported from D0 D1 D3hot
[    5.186390] pci 0001:00:04.0: [1def:e104] type 01 class 0x060400
[    5.192419] pci 0001:00:04.0: supports D1 D2
[    5.196677] pci 0001:00:04.0: PME# supported from D0 D1 D3hot
[    5.206687] pci 0001:00:01.0: bridge window [io  0x1000-0x0fff] to [bus 01] add_size 1000
[    5.214850] pci 0001:00:01.0: bridge window [mem 0x00100000-0x000fffff 64bit pref] to [bus 01] add_size 200000 add_align 100000
[    5.226313] pci 0001:00:01.0: bridge window [mem 0x00100000-0x000fffff] to [bus 01] add_size 200000 add_align 100000
[    5.236820] pci 0001:00:02.0: bridge window [io  0x1000-0x0fff] to [bus 02] add_size 1000
[    5.244983] pci 0001:00:02.0: bridge window [mem 0x00100000-0x000fffff 64bit pref] to [bus 02] add_size 200000 add_align 100000
[    5.256446] pci 0001:00:02.0: bridge window [mem 0x00100000-0x000fffff] to [bus 02] add_size 200000 add_align 100000
[    5.266953] pci 0001:00:03.0: bridge window [io  0x1000-0x0fff] to [bus 03] add_size 1000
[    5.275116] pci 0001:00:03.0: bridge window [mem 0x00100000-0x000fffff 64bit pref] to [bus 03] add_size 200000 add_align 100000
[    5.286593] pci 0001:00:03.0: bridge window [mem 0x00100000-0x000fffff] to [bus 03] add_size 200000 add_align 100000
[    5.297100] pci 0001:00:04.0: bridge window [io  0x1000-0x0fff] to [bus 04] add_size 1000
[    5.305264] pci 0001:00:04.0: bridge window [mem 0x00100000-0x000fffff 64bit pref] to [bus 04] add_size 200000 add_align 100000
[    5.316726] pci 0001:00:04.0: bridge window [mem 0x00100000-0x000fffff] to [bus 04] add_size 200000 add_align 100000
[    5.327236] pci 0001:00:01.0: BAR 14: assigned [mem 0x60000000-0x601fffff]
[    5.334097] pci 0001:00:01.0: BAR 15: assigned [mem 0x380000000000-0x3800001fffff 64bit pref]
[    5.342608] pci 0001:00:02.0: BAR 14: assigned [mem 0x60200000-0x603fffff]
[    5.349470] pci 0001:00:02.0: BAR 15: assigned [mem 0x380000200000-0x3800003fffff 64bit pref]
[    5.357980] pci 0001:00:03.0: BAR 14: assigned [mem 0x60400000-0x605fffff]
[    5.364841] pci 0001:00:03.0: BAR 15: assigned [mem 0x380000400000-0x3800005fffff 64bit pref]
[    5.373352] pci 0001:00:04.0: BAR 14: assigned [mem 0x60600000-0x607fffff]
[    5.380213] pci 0001:00:04.0: BAR 15: assigned [mem 0x380000600000-0x3800007fffff 64bit pref]
[    5.388724] pci 0001:00:01.0: BAR 13: no space for [io  size 0x1000]
[    5.395064] pci 0001:00:01.0: BAR 13: failed to assign [io  size 0x1000]
[    5.401753] pci 0001:00:02.0: BAR 13: no space for [io  size 0x1000]
[    5.408093] pci 0001:00:02.0: BAR 13: failed to assign [io  size 0x1000]
[    5.414781] pci 0001:00:03.0: BAR 13: no space for [io  size 0x1000]
[    5.421120] pci 0001:00:03.0: BAR 13: failed to assign [io  size 0x1000]
[    5.427808] pci 0001:00:04.0: BAR 13: no space for [io  size 0x1000]
[    5.434148] pci 0001:00:04.0: BAR 13: failed to assign [io  size 0x1000]
[    5.440837] pci 0001:00:04.0: BAR 13: no space for [io  size 0x1000]
[    5.447177] pci 0001:00:04.0: BAR 13: failed to assign [io  size 0x1000]
[    5.453865] pci 0001:00:03.0: BAR 13: no space for [io  size 0x1000]
[    5.460205] pci 0001:00:03.0: BAR 13: failed to assign [io  size 0x1000]
[    5.466892] pci 0001:00:02.0: BAR 13: no space for [io  size 0x1000]
[    5.473232] pci 0001:00:02.0: BAR 13: failed to assign [io  size 0x1000]
[    5.479920] pci 0001:00:01.0: BAR 13: no space for [io  size 0x1000]
[    5.486260] pci 0001:00:01.0: BAR 13: failed to assign [io  size 0x1000]
[    5.492948] pci 0001:00:01.0: PCI bridge to [bus 01]
[    5.497900] pci 0001:00:01.0:   bridge window [mem 0x60000000-0x601fffff]
[    5.504675] pci 0001:00:01.0:   bridge window [mem 0x380000000000-0x3800001fffff 64bit pref]
[    5.513099] pci 0001:00:02.0: PCI bridge to [bus 02]
[    5.518052] pci 0001:00:02.0:   bridge window [mem 0x60200000-0x603fffff]
[    5.524826] pci 0001:00:02.0:   bridge window [mem 0x380000200000-0x3800003fffff 64bit pref]
[    5.533251] pci 0001:00:03.0: PCI bridge to [bus 03]
[    5.538203] pci 0001:00:03.0:   bridge window [mem 0x60400000-0x605fffff]
[    5.544978] pci 0001:00:03.0:   bridge window [mem 0x380000400000-0x3800005fffff 64bit pref]
[    5.553402] pci 0001:00:04.0: PCI bridge to [bus 04]
[    5.558355] pci 0001:00:04.0:   bridge window [mem 0x60600000-0x607fffff]
[    5.565129] pci 0001:00:04.0:   bridge window [mem 0x380000600000-0x3800007fffff 64bit pref]
[    5.573554] pci_bus 0001:00: resource 4 [mem 0x60000000-0x6fffffff window]
[    5.580415] pci_bus 0001:00: resource 5 [mem 0x380000000000-0x3bffdfffffff window]
[    5.587971] pci_bus 0001:01: resource 1 [mem 0x60000000-0x601fffff]
[    5.594224] pci_bus 0001:01: resource 2 [mem 0x380000000000-0x3800001fffff 64bit pref]
[    5.602127] pci_bus 0001:02: resource 1 [mem 0x60200000-0x603fffff]
[    5.608380] pci_bus 0001:02: resource 2 [mem 0x380000200000-0x3800003fffff 64bit pref]
[    5.616283] pci_bus 0001:03: resource 1 [mem 0x60400000-0x605fffff]
[    5.622536] pci_bus 0001:03: resource 2 [mem 0x380000400000-0x3800005fffff 64bit pref]
[    5.630439] pci_bus 0001:04: resource 1 [mem 0x60600000-0x607fffff]
[    5.636692] pci_bus 0001:04: resource 2 [mem 0x380000600000-0x3800007fffff 64bit pref]
[    5.644620] ACPI: PCI Root Bridge [PCI3] (domain 0000 [bus 00-ff])
[    5.650789] acpi PNP0A08:03: _OSC: OS supports [ExtendedConfig ASPM ClockPM Segments MSI EDR HPX-Type3]
[    5.660223] acpi PNP0A08:03: _OSC: platform does not support [PCIeHotplug PME LTR DPC]
[    5.668174] acpi PNP0A08:03: _OSC: OS now controls [AER PCIeCapability]
[    5.675270] acpi PNP0A08:03: ECAM area [mem 0x3ffff0000000-0x3fffffffffff] reserved by PNP0C02:00
[    5.684152] acpi PNP0A08:03: ECAM at [mem 0x3ffff0000000-0x3fffffffffff] for [bus 00-ff]
[    5.692271] PCI host bridge to bus 0000:00
[    5.696354] pci_bus 0000:00: root bus resource [mem 0x70000000-0x7fffffff window]
[    5.703824] pci_bus 0000:00: root bus resource [mem 0x3c0000000000-0x3fffdfffffff window]
[    5.711987] pci_bus 0000:00: root bus resource [bus 00-ff]
[    5.717473] pci 0000:00:00.0: [1def:e100] type 00 class 0x060000
[    5.723511] pci 0000:00:01.0: [1def:e101] type 01 class 0x060400
[    5.729524] pci 0000:00:01.0: enabling Extended Tags
[    5.734498] pci 0000:00:01.0: supports D1 D2
[    5.738754] pci 0000:00:01.0: PME# supported from D0 D1 D3hot
[    5.744539] pci 0000:00:02.0: [1def:e102] type 01 class 0x060400
[    5.750568] pci 0000:00:02.0: supports D1 D2
[    5.754826] pci 0000:00:02.0: PME# supported from D0 D1 D3hot
[    5.760602] pci 0000:00:03.0: [1def:e103] type 01 class 0x060400
[    5.766632] pci 0000:00:03.0: supports D1 D2
[    5.770889] pci 0000:00:03.0: PME# supported from D0 D1 D3hot
[    5.776668] pci 0000:00:04.0: [1def:e104] type 01 class 0x060400
[    5.782697] pci 0000:00:04.0: supports D1 D2
[    5.786954] pci 0000:00:04.0: PME# supported from D0 D1 D3hot
[    5.796975] pci 0000:00:01.0: bridge window [io  0x1000-0x0fff] to [bus 01] add_size 1000
[    5.805139] pci 0000:00:01.0: bridge window [mem 0x00100000-0x000fffff 64bit pref] to [bus 01] add_size 200000 add_align 100000
[    5.816601] pci 0000:00:01.0: bridge window [mem 0x00100000-0x000fffff] to [bus 01] add_size 200000 add_align 100000
[    5.827109] pci 0000:00:02.0: bridge window [io  0x1000-0x0fff] to [bus 02] add_size 1000
[    5.835271] pci 0000:00:02.0: bridge window [mem 0x00100000-0x000fffff 64bit pref] to [bus 02] add_size 200000 add_align 100000
[    5.846734] pci 0000:00:02.0: bridge window [mem 0x00100000-0x000fffff] to [bus 02] add_size 200000 add_align 100000
[    5.857242] pci 0000:00:03.0: bridge window [io  0x1000-0x0fff] to [bus 03] add_size 1000
[    5.865404] pci 0000:00:03.0: bridge window [mem 0x00100000-0x000fffff 64bit pref] to [bus 03] add_size 200000 add_align 100000
[    5.876867] pci 0000:00:03.0: bridge window [mem 0x00100000-0x000fffff] to [bus 03] add_size 200000 add_align 100000
[    5.887375] pci 0000:00:04.0: bridge window [io  0x1000-0x0fff] to [bus 04] add_size 1000
[    5.895538] pci 0000:00:04.0: bridge window [mem 0x00100000-0x000fffff 64bit pref] to [bus 04] add_size 200000 add_align 100000
[    5.907000] pci 0000:00:04.0: bridge window [mem 0x00100000-0x000fffff] to [bus 04] add_size 200000 add_align 100000
[    5.917510] pci 0000:00:01.0: BAR 14: assigned [mem 0x70000000-0x701fffff]
[    5.924371] pci 0000:00:01.0: BAR 15: assigned [mem 0x3c0000000000-0x3c00001fffff 64bit pref]
[    5.932882] pci 0000:00:02.0: BAR 14: assigned [mem 0x70200000-0x703fffff]
[    5.939743] pci 0000:00:02.0: BAR 15: assigned [mem 0x3c0000200000-0x3c00003fffff 64bit pref]
[    5.948254] pci 0000:00:03.0: BAR 14: assigned [mem 0x70400000-0x705fffff]
[    5.955115] pci 0000:00:03.0: BAR 15: assigned [mem 0x3c0000400000-0x3c00005fffff 64bit pref]
[    5.963626] pci 0000:00:04.0: BAR 14: assigned [mem 0x70600000-0x707fffff]
[    5.970487] pci 0000:00:04.0: BAR 15: assigned [mem 0x3c0000600000-0x3c00007fffff 64bit pref]
[    5.978999] pci 0000:00:01.0: BAR 13: no space for [io  size 0x1000]
[    5.985338] pci 0000:00:01.0: BAR 13: failed to assign [io  size 0x1000]
[    5.992026] pci 0000:00:02.0: BAR 13: no space for [io  size 0x1000]
[    5.998366] pci 0000:00:02.0: BAR 13: failed to assign [io  size 0x1000]
[    6.005054] pci 0000:00:03.0: BAR 13: no space for [io  size 0x1000]
[    6.011394] pci 0000:00:03.0: BAR 13: failed to assign [io  size 0x1000]
[    6.018082] pci 0000:00:04.0: BAR 13: no space for [io  size 0x1000]
[    6.024421] pci 0000:00:04.0: BAR 13: failed to assign [io  size 0x1000]
[    6.031110] pci 0000:00:04.0: BAR 13: no space for [io  size 0x1000]
[    6.037450] pci 0000:00:04.0: BAR 13: failed to assign [io  size 0x1000]
[    6.044138] pci 0000:00:03.0: BAR 13: no space for [io  size 0x1000]
[    6.050477] pci 0000:00:03.0: BAR 13: failed to assign [io  size 0x1000]
[    6.057165] pci 0000:00:02.0: BAR 13: no space for [io  size 0x1000]
[    6.063505] pci 0000:00:02.0: BAR 13: failed to assign [io  size 0x1000]
[    6.070193] pci 0000:00:01.0: BAR 13: no space for [io  size 0x1000]
[    6.076532] pci 0000:00:01.0: BAR 13: failed to assign [io  size 0x1000]
[    6.083221] pci 0000:00:01.0: PCI bridge to [bus 01]
[    6.088172] pci 0000:00:01.0:   bridge window [mem 0x70000000-0x701fffff]
[    6.094948] pci 0000:00:01.0:   bridge window [mem 0x3c0000000000-0x3c00001fffff 64bit pref]
[    6.103372] pci 0000:00:02.0: PCI bridge to [bus 02]
[    6.108324] pci 0000:00:02.0:   bridge window [mem 0x70200000-0x703fffff]
[    6.115098] pci 0000:00:02.0:   bridge window [mem 0x3c0000200000-0x3c00003fffff 64bit pref]
[    6.123524] pci 0000:00:03.0: PCI bridge to [bus 03]
[    6.128475] pci 0000:00:03.0:   bridge window [mem 0x70400000-0x705fffff]
[    6.135250] pci 0000:00:03.0:   bridge window [mem 0x3c0000400000-0x3c00005fffff 64bit pref]
[    6.143675] pci 0000:00:04.0: PCI bridge to [bus 04]
[    6.148628] pci 0000:00:04.0:   bridge window [mem 0x70600000-0x707fffff]
[    6.155402] pci 0000:00:04.0:   bridge window [mem 0x3c0000600000-0x3c00007fffff 64bit pref]
[    6.163827] pci_bus 0000:00: resource 4 [mem 0x70000000-0x7fffffff window]
[    6.170688] pci_bus 0000:00: resource 5 [mem 0x3c0000000000-0x3fffdfffffff window]
[    6.178245] pci_bus 0000:01: resource 1 [mem 0x70000000-0x701fffff]
[    6.184498] pci_bus 0000:01: resource 2 [mem 0x3c0000000000-0x3c00001fffff 64bit pref]
[    6.192401] pci_bus 0000:02: resource 1 [mem 0x70200000-0x703fffff]
[    6.198654] pci_bus 0000:02: resource 2 [mem 0x3c0000200000-0x3c00003fffff 64bit pref]
[    6.206557] pci_bus 0000:03: resource 1 [mem 0x70400000-0x705fffff]
[    6.212810] pci_bus 0000:03: resource 2 [mem 0x3c0000400000-0x3c00005fffff 64bit pref]
[    6.220713] pci_bus 0000:04: resource 1 [mem 0x70600000-0x707fffff]
[    6.226966] pci_bus 0000:04: resource 2 [mem 0x3c0000600000-0x3c00007fffff 64bit pref]
[    6.234893] ACPI: PCI Root Bridge [PCI4] (domain 0002 [bus 00-ff])
[    6.241062] acpi PNP0A08:04: _OSC: OS supports [ExtendedConfig ASPM ClockPM Segments MSI EDR HPX-Type3]
[    6.250495] acpi PNP0A08:04: _OSC: platform does not support [PCIeHotplug PME LTR DPC]
[    6.258446] acpi PNP0A08:04: _OSC: OS now controls [AER PCIeCapability]
[    6.265543] acpi PNP0A08:04: ECAM area [mem 0x23fff0000000-0x23ffffffffff] reserved by PNP0C02:00
[    6.274423] acpi PNP0A08:04: ECAM at [mem 0x23fff0000000-0x23ffffffffff] for [bus 00-ff]
[    6.282556] PCI host bridge to bus 0002:00
[    6.286639] pci_bus 0002:00: root bus resource [mem 0x00800000-0x0fffffff window]
[    6.294108] pci_bus 0002:00: root bus resource [mem 0x200000000000-0x23ffdfffffff window]
[    6.302271] pci_bus 0002:00: root bus resource [bus 00-ff]
[    6.307757] pci 0002:00:00.0: [1def:e110] type 00 class 0x060000
[    6.313792] pci 0002:00:01.0: [1def:e111] type 01 class 0x060400
[    6.319824] pci 0002:00:01.0: supports D1 D2
[    6.324080] pci 0002:00:01.0: PME# supported from D0 D1 D3hot
[    6.329874] pci 0002:00:03.0: [1def:e113] type 01 class 0x060400
[    6.335904] pci 0002:00:03.0: supports D1 D2
[    6.340161] pci 0002:00:03.0: PME# supported from D0 D1 D3hot
[    6.345960] pci 0002:00:05.0: [1def:e115] type 01 class 0x060400
[    6.351992] pci 0002:00:05.0: supports D1 D2
[    6.356248] pci 0002:00:05.0: PME# supported from D0 D1 D3hot
[    6.362040] pci 0002:00:07.0: [1def:e117] type 01 class 0x060400
[    6.368070] pci 0002:00:07.0: supports D1 D2
[    6.372327] pci 0002:00:07.0: PME# supported from D0 D1 D3hot
[    6.378149] acpiphp: Slot [1] registered
[    6.384169] acpiphp: Slot [2] registered
[    6.390188] acpiphp: Slot [3] registered
[    6.396209] acpiphp: Slot [4] registered
[    6.402216] pci 0002:00:01.0: bridge window [io  0x1000-0x0fff] to [bus 01] add_size 1000
[    6.410380] pci 0002:00:01.0: bridge window [mem 0x00100000-0x000fffff 64bit pref] to [bus 01] add_size 200000 add_align 100000
[    6.421843] pci 0002:00:01.0: bridge window [mem 0x00100000-0x000fffff] to [bus 01] add_size 200000 add_align 100000
[    6.432351] pci 0002:00:03.0: bridge window [io  0x1000-0x0fff] to [bus 02] add_size 1000
[    6.440514] pci 0002:00:03.0: bridge window [mem 0x00100000-0x000fffff 64bit pref] to [bus 02] add_size 200000 add_align 100000
[    6.451977] pci 0002:00:03.0: bridge window [mem 0x00100000-0x000fffff] to [bus 02] add_size 200000 add_align 100000
[    6.462484] pci 0002:00:05.0: bridge window [io  0x1000-0x0fff] to [bus 03] add_size 1000
[    6.470647] pci 0002:00:05.0: bridge window [mem 0x00100000-0x000fffff 64bit pref] to [bus 03] add_size 200000 add_align 100000
[    6.482110] pci 0002:00:05.0: bridge window [mem 0x00100000-0x000fffff] to [bus 03] add_size 200000 add_align 100000
[    6.492617] pci 0002:00:07.0: bridge window [io  0x1000-0x0fff] to [bus 04] add_size 1000
[    6.500780] pci 0002:00:07.0: bridge window [mem 0x00100000-0x000fffff 64bit pref] to [bus 04] add_size 200000 add_align 100000
[    6.512243] pci 0002:00:07.0: bridge window [mem 0x00100000-0x000fffff] to [bus 04] add_size 200000 add_align 100000
[    6.522752] pci 0002:00:01.0: BAR 14: assigned [mem 0x00800000-0x009fffff]
[    6.529613] pci 0002:00:01.0: BAR 15: assigned [mem 0x200000000000-0x2000001fffff 64bit pref]
[    6.538124] pci 0002:00:03.0: BAR 14: assigned [mem 0x00a00000-0x00bfffff]
[    6.544985] pci 0002:00:03.0: BAR 15: assigned [mem 0x200000200000-0x2000003fffff 64bit pref]
[    6.553497] pci 0002:00:05.0: BAR 14: assigned [mem 0x00c00000-0x00dfffff]
[    6.560358] pci 0002:00:05.0: BAR 15: assigned [mem 0x200000400000-0x2000005fffff 64bit pref]
[    6.568869] pci 0002:00:07.0: BAR 14: assigned [mem 0x00e00000-0x00ffffff]
[    6.575729] pci 0002:00:07.0: BAR 15: assigned [mem 0x200000600000-0x2000007fffff 64bit pref]
[    6.584241] pci 0002:00:01.0: BAR 13: no space for [io  size 0x1000]
[    6.590581] pci 0002:00:01.0: BAR 13: failed to assign [io  size 0x1000]
[    6.597269] pci 0002:00:03.0: BAR 13: no space for [io  size 0x1000]
[    6.603608] pci 0002:00:03.0: BAR 13: failed to assign [io  size 0x1000]
[    6.610296] pci 0002:00:05.0: BAR 13: no space for [io  size 0x1000]
[    6.616636] pci 0002:00:05.0: BAR 13: failed to assign [io  size 0x1000]
[    6.623324] pci 0002:00:07.0: BAR 13: no space for [io  size 0x1000]
[    6.629664] pci 0002:00:07.0: BAR 13: failed to assign [io  size 0x1000]
[    6.636353] pci 0002:00:07.0: BAR 13: no space for [io  size 0x1000]
[    6.642693] pci 0002:00:07.0: BAR 13: failed to assign [io  size 0x1000]
[    6.649381] pci 0002:00:05.0: BAR 13: no space for [io  size 0x1000]
[    6.655720] pci 0002:00:05.0: BAR 13: failed to assign [io  size 0x1000]
[    6.662408] pci 0002:00:03.0: BAR 13: no space for [io  size 0x1000]
[    6.668748] pci 0002:00:03.0: BAR 13: failed to assign [io  size 0x1000]
[    6.675436] pci 0002:00:01.0: BAR 13: no space for [io  size 0x1000]
[    6.681775] pci 0002:00:01.0: BAR 13: failed to assign [io  size 0x1000]
[    6.688463] pci 0002:00:01.0: PCI bridge to [bus 01]
[    6.693415] pci 0002:00:01.0:   bridge window [mem 0x00800000-0x009fffff]
[    6.700193] pci 0002:00:01.0:   bridge window [mem 0x200000000000-0x2000001fffff 64bit pref]
[    6.708617] pci 0002:00:03.0: PCI bridge to [bus 02]
[    6.713570] pci 0002:00:03.0:   bridge window [mem 0x00a00000-0x00bfffff]
[    6.720344] pci 0002:00:03.0:   bridge window [mem 0x200000200000-0x2000003fffff 64bit pref]
[    6.728769] pci 0002:00:05.0: PCI bridge to [bus 03]
[    6.733721] pci 0002:00:05.0:   bridge window [mem 0x00c00000-0x00dfffff]
[    6.740497] pci 0002:00:05.0:   bridge window [mem 0x200000400000-0x2000005fffff 64bit pref]
[    6.748921] pci 0002:00:07.0: PCI bridge to [bus 04]
[    6.753874] pci 0002:00:07.0:   bridge window [mem 0x00e00000-0x00ffffff]
[    6.760648] pci 0002:00:07.0:   bridge window [mem 0x200000600000-0x2000007fffff 64bit pref]
[    6.769073] pci_bus 0002:00: resource 4 [mem 0x00800000-0x0fffffff window]
[    6.775934] pci_bus 0002:00: resource 5 [mem 0x200000000000-0x23ffdfffffff window]
[    6.783490] pci_bus 0002:01: resource 1 [mem 0x00800000-0x009fffff]
[    6.789743] pci_bus 0002:01: resource 2 [mem 0x200000000000-0x2000001fffff 64bit pref]
[    6.797646] pci_bus 0002:02: resource 1 [mem 0x00a00000-0x00bfffff]
[    6.803899] pci_bus 0002:02: resource 2 [mem 0x200000200000-0x2000003fffff 64bit pref]
[    6.811803] pci_bus 0002:03: resource 1 [mem 0x00c00000-0x00dfffff]
[    6.818056] pci_bus 0002:03: resource 2 [mem 0x200000400000-0x2000005fffff 64bit pref]
[    6.825959] pci_bus 0002:04: resource 1 [mem 0x00e00000-0x00ffffff]
[    6.832212] pci_bus 0002:04: resource 2 [mem 0x200000600000-0x2000007fffff 64bit pref]
[    6.840200] ACPI: PCI Root Bridge [PCI5] (domain 0003 [bus 00-ff])
[    6.846369] acpi PNP0A08:05: _OSC: OS supports [ExtendedConfig ASPM ClockPM Segments MSI EDR HPX-Type3]
[    6.855804] acpi PNP0A08:05: _OSC: platform does not support [PCIeHotplug PME LTR DPC]
[    6.863755] acpi PNP0A08:05: _OSC: OS now controls [AER PCIeCapability]
[    6.870852] acpi PNP0A08:05: ECAM area [mem 0x27fff0000000-0x27ffffffffff] reserved by PNP0C02:00
[    6.879733] acpi PNP0A08:05: ECAM at [mem 0x27fff0000000-0x27ffffffffff] for [bus 00-ff]
[    6.887867] PCI host bridge to bus 0003:00
[    6.891951] pci_bus 0003:00: root bus resource [mem 0x10000000-0x1fffffff window]
[    6.899420] pci_bus 0003:00: root bus resource [mem 0x240000000000-0x27ffdfffffff window]
[    6.907583] pci_bus 0003:00: root bus resource [bus 00-ff]
[    6.913069] pci 0003:00:00.0: [1def:e110] type 00 class 0x060000
[    6.919103] pci 0003:00:01.0: [1def:e111] type 01 class 0x060400
[    6.925135] pci 0003:00:01.0: supports D1 D2
[    6.929391] pci 0003:00:01.0: PME# supported from D0 D1 D3hot
[    6.935184] pci 0003:00:03.0: [1def:e113] type 01 class 0x060400
[    6.941214] pci 0003:00:03.0: supports D1 D2
[    6.945472] pci 0003:00:03.0: PME# supported from D0 D1 D3hot
[    6.951269] pci 0003:00:05.0: [1def:e115] type 01 class 0x060400
[    6.957290] pci 0003:00:05.0: supports D1 D2
[    6.961547] pci 0003:00:05.0: PME# supported from D0 D1 D3hot
[    6.967372] acpiphp: Slot [1-2] registered
[    6.973567] acpiphp: Slot [2-2] registered
[    6.979760] acpiphp: Slot [3-2] registered
[    6.983858] pci 0003:03:00.0: [8086:1521] type 00 class 0x020000
[    6.989877] pci 0003:03:00.0: reg 0x10: [mem 0x10020000-0x1003ffff]
[    6.996146] pci 0003:03:00.0: reg 0x18: [io  0x1fff8020-0x1fff803f]
[    7.002408] pci 0003:03:00.0: reg 0x1c: [mem 0x10044000-0x10047fff]
[    7.008770] pci 0003:03:00.0: PME# supported from D0 D3hot D3cold
[    7.014887] pci 0003:03:00.0: reg 0x184: [mem 0x00000000-0x0000ffff 64bit pref]
[    7.022182] pci 0003:03:00.0: VF(n) BAR0 space: [mem 0x00000000-0x0007ffff 64bit pref] (contains BAR0 for 8 VFs)
[    7.032362] pci 0003:03:00.0: reg 0x190: [mem 0x00000000-0x0000ffff 64bit pref]
[    7.039657] pci 0003:03:00.0: VF(n) BAR3 space: [mem 0x00000000-0x0007ffff 64bit pref] (contains BAR3 for 8 VFs)
[    7.049913] pci 0003:03:00.0: 8.000 Gb/s available PCIe bandwidth, limited by 5 GT/s x2 link at 0003:00:05.0 (capable of 16.000 Gb/s with 5 GT/s x4 link)
[    7.063682] pci 0003:03:00.1: [8086:1521] type 00 class 0x020000
[    7.069699] pci 0003:03:00.1: reg 0x10: [mem 0x10000000-0x1001ffff]
[    7.075969] pci 0003:03:00.1: reg 0x18: [io  0x1fff8000-0x1fff801f]
[    7.082230] pci 0003:03:00.1: reg 0x1c: [mem 0x10040000-0x10043fff]
[    7.088589] pci 0003:03:00.1: PME# supported from D0 D3hot D3cold
[    7.094700] pci 0003:03:00.1: reg 0x184: [mem 0x00000000-0x0000ffff 64bit pref]
[    7.101997] pci 0003:03:00.1: VF(n) BAR0 space: [mem 0x00000000-0x0007ffff 64bit pref] (contains BAR0 for 8 VFs)
[    7.112177] pci 0003:03:00.1: reg 0x190: [mem 0x00000000-0x0000ffff 64bit pref]
[    7.119471] pci 0003:03:00.1: VF(n) BAR3 space: [mem 0x00000000-0x0007ffff 64bit pref] (contains BAR3 for 8 VFs)
[    7.129768] pci 0003:00:01.0: bridge window [io  0x1000-0x0fff] to [bus 01] add_size 1000
[    7.137931] pci 0003:00:01.0: bridge window [mem 0x00100000-0x000fffff 64bit pref] to [bus 01] add_size 200000 add_align 100000
[    7.149394] pci 0003:00:01.0: bridge window [mem 0x00100000-0x000fffff] to [bus 01] add_size 200000 add_align 100000
[    7.159902] pci 0003:00:03.0: bridge window [io  0x1000-0x0fff] to [bus 02] add_size 1000
[    7.168065] pci 0003:00:03.0: bridge window [mem 0x00100000-0x000fffff 64bit pref] to [bus 02] add_size 200000 add_align 100000
[    7.179528] pci 0003:00:03.0: bridge window [mem 0x00100000-0x000fffff] to [bus 02] add_size 200000 add_align 100000
[    7.190036] pci 0003:00:05.0: bridge window [mem 0x00100000-0x000fffff 64bit pref] to [bus 03] add_size 400000 add_align 100000
[    7.201499] pci 0003:00:05.0: bridge window [mem 0x00100000-0x001fffff] to [bus 03] add_size 100000 add_align 100000
[    7.212008] pci 0003:00:01.0: BAR 14: assigned [mem 0x10000000-0x101fffff]
[    7.218869] pci 0003:00:01.0: BAR 15: assigned [mem 0x240000000000-0x2400001fffff 64bit pref]
[    7.227380] pci 0003:00:03.0: BAR 14: assigned [mem 0x10200000-0x103fffff]
[    7.234241] pci 0003:00:03.0: BAR 15: assigned [mem 0x240000200000-0x2400003fffff 64bit pref]
[    7.242752] pci 0003:00:05.0: BAR 14: assigned [mem 0x10400000-0x105fffff]
[    7.249613] pci 0003:00:05.0: BAR 15: assigned [mem 0x240000400000-0x2400007fffff 64bit pref]
[    7.258124] pci 0003:00:01.0: BAR 13: no space for [io  size 0x1000]
[    7.264465] pci 0003:00:01.0: BAR 13: failed to assign [io  size 0x1000]
[    7.271153] pci 0003:00:03.0: BAR 13: no space for [io  size 0x1000]
[    7.277493] pci 0003:00:03.0: BAR 13: failed to assign [io  size 0x1000]
[    7.284180] pci 0003:00:05.0: BAR 13: no space for [io  size 0x1000]
[    7.290520] pci 0003:00:05.0: BAR 13: failed to assign [io  size 0x1000]
[    7.297209] pci 0003:00:05.0: BAR 13: no space for [io  size 0x1000]
[    7.303548] pci 0003:00:05.0: BAR 13: failed to assign [io  size 0x1000]
[    7.310237] pci 0003:00:03.0: BAR 13: no space for [io  size 0x1000]
[    7.316576] pci 0003:00:03.0: BAR 13: failed to assign [io  size 0x1000]
[    7.323264] pci 0003:00:01.0: BAR 13: no space for [io  size 0x1000]
[    7.329604] pci 0003:00:01.0: BAR 13: failed to assign [io  size 0x1000]
[    7.336293] pci 0003:00:01.0: PCI bridge to [bus 01]
[    7.341244] pci 0003:00:01.0:   bridge window [mem 0x10000000-0x101fffff]
[    7.348020] pci 0003:00:01.0:   bridge window [mem 0x240000000000-0x2400001fffff 64bit pref]
[    7.356444] pci 0003:00:03.0: PCI bridge to [bus 02]
[    7.361396] pci 0003:00:03.0:   bridge window [mem 0x10200000-0x103fffff]
[    7.368170] pci 0003:00:03.0:   bridge window [mem 0x240000200000-0x2400003fffff 64bit pref]
[    7.376597] pci 0003:03:00.0: BAR 0: assigned [mem 0x10400000-0x1041ffff]
[    7.383373] pci 0003:03:00.1: BAR 0: assigned [mem 0x10420000-0x1043ffff]
[    7.390151] pci 0003:03:00.0: BAR 7: assigned [mem 0x240000400000-0x24000047ffff 64bit pref]
[    7.398577] pci 0003:03:00.0: BAR 10: assigned [mem 0x240000480000-0x2400004fffff 64bit pref]
[    7.407092] pci 0003:03:00.1: BAR 7: assigned [mem 0x240000500000-0x24000057ffff 64bit pref]
[    7.415519] pci 0003:03:00.1: BAR 10: assigned [mem 0x240000580000-0x2400005fffff 64bit pref]
[    7.424033] pci 0003:03:00.0: BAR 3: assigned [mem 0x10440000-0x10443fff]
[    7.430809] pci 0003:03:00.1: BAR 3: assigned [mem 0x10444000-0x10447fff]
[    7.437586] pci 0003:03:00.0: BAR 2: no space for [io  size 0x0020]
[    7.443839] pci 0003:03:00.0: BAR 2: failed to assign [io  size 0x0020]
[    7.450440] pci 0003:03:00.1: BAR 2: no space for [io  size 0x0020]
[    7.456692] pci 0003:03:00.1: BAR 2: failed to assign [io  size 0x0020]
[    7.463294] pci 0003:03:00.0: BAR 2: no space for [io  size 0x0020]
