[789 : 884 INFO]BOOTFW VERSION: 1.05.20210426

[326236.960000] I2C0: Resetting the controller
Init telemetry success
Init telemetry success
Starting to Read Current PostCode buffer...
No Post Codes ...
Stopping Bootlogo Daemon.
Bootlogo: Switch to VGA
[326278.120000] UsbConfigureHS(): USB Device 0 is running in High Speed
[326278.120000] UsbConfigureHS(): USB Device 1 is running in High Speed
[326278.120000] UsbConfigureHS(): USB Device 2 is running in High Speed
[326278.120000] UsbConfigureLS(): USB Device 3 is running in Low Speed
[326278.230000] HUB port 0 reset
[326278.230000] UsbConfigureHS(): USB Device 0 is running in High Speed
[326278.300000] HUB port 1 reset
[326278.300000] UsbConfigureHS(): USB Device 1 is running in High Speed
[326278.370000] HUB port 2 reset
[326278.370000] UsbConfigureHS(): USB Device 2 is running in High Speed
[326278.440000] HUB port 3 reset
[326278.440000] UsbConfigureLS(): USB Device 3 is running in Low Speed
[326281.080000] **************REMOTE_NDIS_RESET_MSG ???**************
[326281.090000] **************REMOTE_NDIS_HALT_MSG ???**************
[326281.110000] **************REMOTE_NDIS_HALT_MSG ???**************
[326281.140000] **************REMOTE_NDIS_RESET_MSG ???**************
[326281.140000] **************REMOTE_NDIS_HALT_MSG ???**************
[789 : 872 CRITICAL][nwcfg.c:6359]No data while scanning /proc/net/arp 

[789 : 872 CRITICAL][nwcfg.c:6391]No default entry in gateway info.

[326313.740000] **************REMOTE_NDIS_HALT_MSG ???**************
[326330.790000] UsbConfigureHS(): USB Device 0 is running in High Speed
[326330.790000] UsbConfigureHS(): USB Device 1 is running in High Speed
[326330.790000] UsbConfigureHS(): USB Device 2 is running in High Speed
[326330.790000] UsbConfigureLS(): USB Device 3 is running in Low Speed
[326331.090000] HUB port 0 reset
[326331.090000] UsbConfigureHS(): USB Device 0 is running in High Speed
[326331.210000] HUB port 0 reset
[326331.210000] UsbConfigureHS(): USB Device 0 is running in High Speed
[326331.420000] HUB port 1 reset
[326331.420000] UsbConfigureHS(): USB Device 1 is running in High Speed
[326331.540000] HUB port 1 reset
[326331.540000] UsbConfigureHS(): USB Device 1 is running in High Speed
[326331.750000] HUB port 2 reset
[326331.750000] UsbConfigureHS(): USB Device 2 is running in High Speed
[326331.870000] HUB port 2 reset
[326331.870000] UsbConfigureHS(): USB Device 2 is running in High Speed
[326332.070000] HUB port 3 reset
[326332.070000] UsbConfigureLS(): USB Device 3 is running in Low Speed
[326332.190000] HUB port 3 reset
[326332.190000] UsbConfigureLS(): USB Device 3 is running in Low Speed
[326339.580000] ProcessStandardRequest(): WARNING : Unsupported Request. EP Stalled
[326339.580000] ProcessStandardRequest(): WARNING : bmRequestType: 0x1 bmRequest: 0xb
Restarting Bootlogo DaemonPDK LPC Reset is invoked
.
Framebuffer information: 800x600 (32)bpp, 8388608
Bootlogo: Show BMC IP Addr 10.38.175.43
[327351.420000] Configuring the Host SPI Clock to HCLK/16 
[327351.470000] Creating 1 MTD partitions on "MX25L25635F":
[327351.480000] 0x000000000000-0x000002000000 : "Host SPI Flash"
[327351.510000] Configuring the Host SPI Clock to HCLK/16 
[327352.580000] Configuring the Host SPI Clock to HCLK/16 
[327352.650000] Creating 1 MTD partitions on "MX25L25635F":
[327352.650000] 0x000000000000-0x000002000000 : "Host SPI Flash"
[327352.670000] Configuring the Host SPI Clock to HCLK/16 
[789 : 889 INFO]Signal Sent Successfully to UART Logging application

[3079 : 3079 INFO]INFO: Received Signal 14 from IPMI Stack 

[3079 : 3079 INFO]START mirroring/logging...

[3079 : 3079 INFO]INFO: Setting the Attributes for the UART...

[3079 : 2791 INFO]Recv Thread: Starting the thread to mirror data from /dev/ttyS3 to /dev/ttyS3

[3079 : 2790 INFO]Send Thread: Starting the thread to mirror data from /dev/ttyS3 to /dev/ttyS3

