[3079 : 3079 INFO]INFO: Received Signal 10 from IPMI Stack 

[3079 : 3079 INFO]STOP mirroring/logging...

[789 : 892 INFO]Signal USR1 Sent Successfully to UART Logging application

[3079 : 3079 INFO]INFO: Received Signal 10 from IPMI Stack 

[3079 : 3079 INFO]STOP mirroring/logging...

[789 : 896 INFO]Signal USR1 Sent Successfully to UART Logging application

[789 : 884 INFO]BOOTFW VERSION: 1.05.20210426

[329674.510000] I2C0: Resetting the controller
Init telemetry success
Init telemetry success
Starting to Read Current PostCode buffer...
No Post Codes ...
Stopping Bootlogo Daemon.
Bootlogo: Switch to VGA
[329714.920000] UsbConfigureHS(): USB Device 0 is running in High Speed
[329714.920000] UsbConfigureHS(): USB Device 1 is running in High Speed
[329714.920000] UsbConfigureHS(): USB Device 2 is running in High Speed
[329714.920000] UsbConfigureLS(): USB Device 3 is running in Low Speed
[329715.030000] HUB port 0 reset
[329715.030000] UsbConfigureHS(): USB Device 0 is running in High Speed
[329715.100000] HUB port 1 reset
[329715.100000] UsbConfigureHS(): USB Device 1 is running in High Speed
[329715.170000] HUB port 2 reset
[329715.170000] UsbConfigureHS(): USB Device 2 is running in High Speed
[329715.240000] HUB port 3 reset
[329715.240000] UsbConfigureLS(): USB Device 3 is running in Low Speed
[329728.160000] **************REMOTE_NDIS_RESET_MSG ???**************
[329728.170000] **************REMOTE_NDIS_HALT_MSG ???**************
[329728.190000] **************REMOTE_NDIS_HALT_MSG ???**************
[329728.210000] **************REMOTE_NDIS_RESET_MSG ???**************
[329728.220000] **************REMOTE_NDIS_HALT_MSG ???**************
[789 : 872 CRITICAL][nwcfg.c:6359]No data while scanning /proc/net/arp 

[789 : 872 CRITICAL][nwcfg.c:6391]No default entry in gateway info.

[329760.560000] **************REMOTE_NDIS_HALT_MSG ???**************
[329777.590000] UsbConfigureHS(): USB Device 0 is running in High Speed
[329777.590000] UsbConfigureHS(): USB Device 1 is running in High Speed
[329777.590000] UsbConfigureHS(): USB Device 2 is running in High Speed
[329777.590000] UsbConfigureLS(): USB Device 3 is running in Low Speed
[329777.890000] HUB port 0 reset
[329777.890000] UsbConfigureHS(): USB Device 0 is running in High Speed
[329778.020000] HUB port 0 reset
[329778.020000] UsbConfigureHS(): USB Device 0 is running in High Speed
[329778.210000] HUB port 1 reset
[329778.210000] UsbConfigureHS(): USB Device 1 is running in High Speed
[329778.340000] HUB port 1 reset
[329778.340000] UsbConfigureHS(): USB Device 1 is running in High Speed
[329778.530000] HUB port 2 reset
[329778.530000] UsbConfigureHS(): USB Device 2 is running in High Speed
[329778.650000] HUB port 2 reset
[329778.650000] UsbConfigureHS(): USB Device 2 is running in High Speed
[329778.860000] HUB port 3 reset
[329778.860000] UsbConfigureLS(): USB Device 3 is running in Low Speed
[329778.970000] HUB port 3 reset
[329778.970000] UsbConfigureLS(): USB Device 3 is running in Low Speed
[329786.300000] ProcessStandardRequest(): WARNING : Unsupported Request. EP Stalled
[329786.300000] ProcessStandardRequest(): WARNING : bmRequestType: 0x1 bmRequest: 0xb
cat: read error: Invalid argument
IFACEname : eth0
IFACEname : eth1
Delete the /conf/upnp/desc.tmpl for upnp restart
cat: read error: Invalid argument
IFACEname : eth0
IFACEname : eth1
Delete the /conf/upnp/desc.tmpl for upnp restart
Restarting Bootlogo DaemonPDK LPC Reset is invoked
.
Framebuffer information: 800x600 (32)bpp, 8388608
Bootlogo: Show BMC IP Addr 10.38.175.43
[330792.640000] Configuring the Host SPI Clock to HCLK/16 
[330792.730000] Creating 1 MTD partitions on "MX25L25635F":
[330792.730000] 0x000000000000-0x000002000000 : "Host SPI Flash"
[330792.770000] Configuring the Host SPI Clock to HCLK/16 
[330793.940000] Configuring the Host SPI Clock to HCLK/16 
[330794.040000] Creating 1 MTD partitions on "MX25L25635F":
[330794.040000] 0x000000000000-0x000002000000 : "Host SPI Flash"
[330794.060000] Configuring the Host SPI Clock to HCLK/16 
[789 : 889 INFO]Signal Sent Successfully to UART Logging application

[3079 : 3079 INFO]INFO: Received Signal 14 from IPMI Stack 

[3079 : 3079 INFO]START mirroring/logging...

[3079 : 3079 INFO]INFO: Setting the Attributes for the UART...

[3079 : 11021 INFO]Send Thread: Starting the thread to mirror data from /dev/ttyS3 to /dev/ttyS3

[3079 : 11022 INFO]Recv Thread: Starting the thread to mirror data from /dev/ttyS3 to /dev/ttyS3

