[789 : 892 INFO]Signal USR1 Sent Successfully to UART Logging application

[3079 : 3079 INFO]INFO: Received Signal 10 from IPMI Stack 

[3079 : 3079 INFO]STOP mirroring/logging...

[789 : 884 INFO]BOOTFW VERSION: 1.05.20210426

[328507.040000] I2C0: Resetting the controller
Init telemetry success
Init telemetry success
Starting to Read Current PostCode buffer...
No Post Codes ...
Stopping Bootlogo Daemon.
Bootlogo: Switch to VGA
[328549.840000] UsbConfigureHS(): USB Device 0 is running in High Speed
[328549.840000] UsbConfigureHS(): USB Device 1 is running in High Speed
[328549.840000] UsbConfigureHS(): USB Device 2 is running in High Speed
[328549.840000] UsbConfigureLS(): USB Device 3 is running in Low Speed
[328549.960000] HUB port 0 reset
[328549.960000] UsbConfigureHS(): USB Device 0 is running in High Speed
[328550.020000] HUB port 1 reset
[328550.020000] UsbConfigureHS(): USB Device 1 is running in High Speed
[328550.090000] HUB port 2 reset
[328550.090000] UsbConfigureHS(): USB Device 2 is running in High Speed
[328550.160000] HUB port 3 reset
[328550.160000] UsbConfigureLS(): USB Device 3 is running in Low Speed
[328552.820000] **************REMOTE_NDIS_RESET_MSG ???**************
[328552.830000] **************REMOTE_NDIS_HALT_MSG ???**************
[328552.850000] **************REMOTE_NDIS_HALT_MSG ???**************
[328552.880000] **************REMOTE_NDIS_RESET_MSG ???**************
[328552.880000] **************REMOTE_NDIS_HALT_MSG ???**************
[789 : 872 CRITICAL][nwcfg.c:6359]No data while scanning /proc/net/arp 

[789 : 872 CRITICAL][nwcfg.c:6391]No default entry in gateway info.

[328588.750000] **************REMOTE_NDIS_HALT_MSG ???**************
[328606.740000] UsbConfigureHS(): USB Device 0 is running in High Speed
[328606.740000] UsbConfigureHS(): USB Device 1 is running in High Speed
[328606.740000] UsbConfigureHS(): USB Device 2 is running in High Speed
[328606.740000] UsbConfigureLS(): USB Device 3 is running in Low Speed
[328607.060000] HUB port 0 reset
[328607.060000] UsbConfigureHS(): USB Device 0 is running in High Speed
[328607.200000] HUB port 0 reset
[328607.200000] UsbConfigureHS(): USB Device 0 is running in High Speed
[328607.370000] HUB port 1 reset
[328607.370000] UsbConfigureHS(): USB Device 1 is running in High Speed
[328607.510000] HUB port 1 reset
[328607.510000] UsbConfigureHS(): USB Device 1 is running in High Speed
[328607.710000] HUB port 2 reset
[328607.710000] UsbConfigureHS(): USB Device 2 is running in High Speed
[328607.830000] HUB port 2 reset
[328607.830000] UsbConfigureHS(): USB Device 2 is running in High Speed
[328608.020000] HUB port 3 reset
[328608.020000] UsbConfigureLS(): USB Device 3 is running in Low Speed
[328608.130000] HUB port 3 reset
[328608.130000] UsbConfigureLS(): USB Device 3 is running in Low Speed
[328615.820000] ProcessStandardRequest(): WARNING : Unsupported Request. EP Stalled
[328615.820000] ProcessStandardRequest(): WARNING : bmRequestType: 0x1 bmRequest: 0xb
Couldn't watch /conf/: No such file or directory
PDK LPC Reset is invoked
Restarting Bootlogo Daemon.
Framebuffer information: 800x600 (32)bpp, 8388608
Bootlogo: Show BMC IP Addr 10.38.175.43
[329650.870000] Configuring the Host SPI Clock to HCLK/16 
[329650.970000] Creating 1 MTD partitions on "MX25L25635F":
[329650.980000] 0x000000000000-0x000002000000 : "Host SPI Flash"
[329651.000000] Configuring the Host SPI Clock to HCLK/16 
[329651.840000] Configuring the Host SPI Clock to HCLK/16 
[329651.880000] Creating 1 MTD partitions on "MX25L25635F":
[329651.880000] 0x000000000000-0x000002000000 : "Host SPI Flash"
[329651.900000] Configuring the Host SPI Clock to HCLK/16 
[789 : 889 INFO]Signal Sent Successfully to UART Logging application

[3079 : 3079 INFO]INFO: Received Signal 14 from IPMI Stack 

[3079 : 3079 INFO]START mirroring/logging...

[3079 : 3079 INFO]INFO: Setting the Attributes for the UART...

[3079 : 8107 INFO]Recv Thread: Starting the thread to mirror data from /dev/ttyS3 to /dev/ttyS3

[3079 : 8106 INFO]Send Thread: Starting the thread to mirror data from /dev/ttyS3 to /dev/ttyS3

