[769 : 879 INFO]Signal USR1 Sent Successfully to UART Logging application

[3052 : 3052 INFO]INFO: Received Signal 10 from IPMI Stack 

[3052 : 3052 INFO]STOP mirroring/logging...

[769 : 885 INFO]Signal USR1 Sent Successfully to UART Logging application

[3052 : 3052 INFO]INFO: Received Signal 10 from IPMI Stack 

[3052 : 3052 INFO]STOP mirroring/logging...

Starting to Read Current PostCode buffer...
No Post Codes ...
[769 : 882 INFO]Signal USR1 Sent Successfully to UART Logging application

[3052 : 3052 INFO]INFO: Received Signal 10 from IPMI Stack 

[3052 : 3052 INFO]STOP mirroring/logging...

[769 : 875 INFO]Signal USR1 Sent Successfully to UART Logging application

[3052 : 3052 INFO]INFO: Received Signal 10 from IPMI Stack 

[3052 : 3052 INFO]STOP mirroring/logging...

Init telemetry success
[769 : 873 INFO]BOOTFW VERSION: 1.05.20210426

[81452.100000] I2C0: Resetting the controller
Init telemetry success
PDK LPC Reset is invoked
[81689.870000] Configuring the Host SPI Clock to HCLK/16 
[81689.930000] Creating 1 MTD partitions on "MX25L25635F":
[81689.940000] 0x000000000000-0x000002000000 : "Host SPI Flash"
[81690.030000] Configuring the Host SPI Clock to HCLK/16 
[81691.440000] Configuring the Host SPI Clock to HCLK/16 
[81691.530000] Creating 1 MTD partitions on "MX25L25635F":
[81691.530000] 0x000000000000-0x000002000000 : "Host SPI Flash"
[81691.560000] Configuring the Host SPI Clock to HCLK/16 
[81692.440000] Configuring the Host SPI Clock to HCLK/16 
[81692.480000] Creating 1 MTD partitions on "MX25L25635F":
[81692.490000] 0x000000000000-0x000002000000 : "Host SPI Flash"
[81692.510000] Configuring the Host SPI Clock to HCLK/16 
[81693.760000] Configuring the Host SPI Clock to HCLK/16 
[81693.800000] Creating 1 MTD partitions on "MX25L25635F":
[81693.810000] 0x000000000000-0x000002000000 : "Host SPI Flash"
[81693.850000] Configuring the Host SPI Clock to HCLK/16 
[81695.670000] Configuring the Host SPI Clock to HCLK/16 
[81695.730000] Creating 1 MTD partitions on "MX25L25635F":
[81695.740000] 0x000000000000-0x000002000000 : "Host SPI Flash"
[81695.790000] Configuring the Host SPI Clock to HCLK/16 
[81697.220000] Configuring the Host SPI Clock to HCLK/16 
[81697.320000] Creating 1 MTD partitions on "MX25L25635F":
[81697.320000] 0x000000000000-0x000002000000 : "Host SPI Flash"
[81697.340000] Configuring the Host SPI Clock to HCLK/16 
[81698.460000] Configuring the Host SPI Clock to HCLK/16 
[81698.550000] Creating 1 MTD partitions on "MX25L25635F":
[81698.560000] 0x000000000000-0x000002000000 : "Host SPI Flash"
[81698.590000] Configuring the Host SPI Clock to HCLK/16 
[81699.500000] Configuring the Host SPI Clock to HCLK/16 
[81699.560000] Creating 1 MTD partitions on "MX25L25635F":
[81699.570000] 0x000000000000-0x000002000000 : "Host SPI Flash"
[81699.580000] Configuring the Host SPI Clock to HCLK/16 
[81700.780000] Configuring the Host SPI Clock to HCLK/16 
[81700.870000] Creating 1 MTD partitions on "MX25L25635F":
[81700.880000] 0x000000000000-0x000002000000 : "Host SPI Flash"
[81700.930000] Configuring the Host SPI Clock to HCLK/16 
[81702.400000] Configuring the Host SPI Clock to HCLK/16 
[81702.530000] Creating 1 MTD partitions on "MX25L25635F":
[81702.530000] 0x000000000000-0x000002000000 : "Host SPI Flash"
[81702.550000] Configuring the Host SPI Clock to HCLK/16 
[81703.410000] Configuring the Host SPI Clock to HCLK/16 
[81703.480000] Creating 1 MTD partitions on "MX25L25635F":
[81703.490000] 0x000000000000-0x000002000000 : "Host SPI Flash"
[81703.520000] Configuring the Host SPI Clock to HCLK/16 
[81704.370000] Configuring the Host SPI Clock to HCLK/16 
[81704.460000] Creating 1 MTD partitions on "MX25L25635F":
[81704.470000] 0x000000000000-0x000002000000 : "Host SPI Flash"
[81704.490000] Configuring the Host SPI Clock to HCLK/16 
[81705.730000] Configuring the Host SPI Clock to HCLK/16 
[81705.810000] Creating 1 MTD partitions on "MX25L25635F":
[81705.820000] 0x000000000000-0x000002000000 : "Host SPI Flash"
[81705.840000] Configuring the Host SPI Clock to HCLK/16 
[81707.080000] Configuring the Host SPI Clock to HCLK/16 
[81707.200000] Creating 1 MTD partitions on "MX25L25635F":
[81707.210000] 0x000000000000-0x000002000000 : "Host SPI Flash"
[81707.230000] Configuring the Host SPI Clock to HCLK/16 
[81708.380000] Configuring the Host SPI Clock to HCLK/16 
[81708.430000] Creating 1 MTD partitions on "MX25L25635F":
[81708.440000] 0x000000000000-0x000002000000 : "Host SPI Flash"
[81708.460000] Configuring the Host SPI Clock to HCLK/16 
[81709.730000] Configuring the Host SPI Clock to HCLK/16 
[81709.790000] Creating 1 MTD partitions on "MX25L25635F":
[81709.800000] 0x000000000000-0x000002000000 : "Host SPI Flash"
[81709.920000] Configuring the Host SPI Clock to HCLK/16 
[81711.580000] Configuring the Host SPI Clock to HCLK/16 
[81711.650000] Creating 1 MTD partitions on "MX25L25635F":
[81711.660000] 0x000000000000-0x000002000000 : "Host SPI Flash"
[81711.720000] Configuring the Host SPI Clock to HCLK/16 
[81712.790000] Configuring the Host SPI Clock to HCLK/16 
[81712.830000] Creating 1 MTD partitions on "MX25L25635F":
[81712.830000] 0x000000000000-0x000002000000 : "Host SPI Flash"
[81712.840000] Configuring the Host SPI Clock to HCLK/16 
[81713.720000] Configuring the Host SPI Clock to HCLK/16 
[81713.780000] Creating 1 MTD partitions on "MX25L25635F":
[81713.780000] 0x000000000000-0x000002000000 : "Host SPI Flash"
[81713.800000] Configuring the Host SPI Clock to HCLK/16 
[81726.460000] Configuring the Host SPI Clock to HCLK/16 
[81726.530000] Creating 1 MTD partitions on "MX25L25635F":
[81726.530000] 0x000000000000-0x000002000000 : "Host SPI Flash"
[81726.550000] Configuring the Host SPI Clock to HCLK/16 
