[769 : 873 INFO]BOOTFW VERSION: 1.05.20210426

[81098.900000] I2C0: Resetting the controller
PDK LPC Reset is invoked
[81390.910000] Configuring the Host SPI Clock to HCLK/16 
[81391.000000] Creating 1 MTD partitions on "MX25L25635F":
[81391.010000] 0x000000000000-0x000002000000 : "Host SPI Flash"
[81391.050000] Configuring the Host SPI Clock to HCLK/16 
[81392.430000] Configuring the Host SPI Clock to HCLK/16 
[81392.520000] Creating 1 MTD partitions on "MX25L25635F":
[81392.530000] 0x000000000000-0x000002000000 : "Host SPI Flash"
[81392.560000] Configuring the Host SPI Clock to HCLK/16 
[81393.730000] Configuring the Host SPI Clock to HCLK/16 
[81393.830000] Creating 1 MTD partitions on "MX25L25635F":
[81393.840000] 0x000000000000-0x000002000000 : "Host SPI Flash"
[81393.860000] Configuring the Host SPI Clock to HCLK/16 
[81394.730000] Configuring the Host SPI Clock to HCLK/16 
[81394.790000] Creating 1 MTD partitions on "MX25L25635F":
[81394.790000] 0x000000000000-0x000002000000 : "Host SPI Flash"
[81394.810000] Configuring the Host SPI Clock to HCLK/16 
[81395.970000] Configuring the Host SPI Clock to HCLK/16 
[81396.040000] Creating 1 MTD partitions on "MX25L25635F":
[81396.050000] 0x000000000000-0x000002000000 : "Host SPI Flash"
[81396.070000] Configuring the Host SPI Clock to HCLK/16 
[81397.340000] Configuring the Host SPI Clock to HCLK/16 
[81397.420000] Creating 1 MTD partitions on "MX25L25635F":
[81397.430000] 0x000000000000-0x000002000000 : "Host SPI Flash"
[81397.460000] Configuring the Host SPI Clock to HCLK/16 
[81398.370000] Configuring the Host SPI Clock to HCLK/16 
[81398.400000] Creating 1 MTD partitions on "MX25L25635F":
[81398.410000] 0x000000000000-0x000002000000 : "Host SPI Flash"
[81398.420000] Configuring the Host SPI Clock to HCLK/16 
[81399.540000] Configuring the Host SPI Clock to HCLK/16 
[81399.630000] Creating 1 MTD partitions on "MX25L25635F":
[81399.630000] 0x000000000000-0x000002000000 : "Host SPI Flash"
[81399.660000] Configuring the Host SPI Clock to HCLK/16 
[81401.280000] Configuring the Host SPI Clock to HCLK/16 
[81401.450000] Creating 1 MTD partitions on "MX25L25635F":
[81401.460000] 0x000000000000-0x000002000000 : "Host SPI Flash"
[81401.490000] Configuring the Host SPI Clock to HCLK/16 
[81402.630000] Configuring the Host SPI Clock to HCLK/16 
[81402.700000] Creating 1 MTD partitions on "MX25L25635F":
[81402.710000] 0x000000000000-0x000002000000 : "Host SPI Flash"
[81402.760000] Configuring the Host SPI Clock to HCLK/16 
[81403.910000] Configuring the Host SPI Clock to HCLK/16 
[81403.980000] Creating 1 MTD partitions on "MX25L25635F":
[81403.990000] 0x000000000000-0x000002000000 : "Host SPI Flash"
[81404.030000] Configuring the Host SPI Clock to HCLK/16 
[81405.130000] Configuring the Host SPI Clock to HCLK/16 
[81405.180000] Creating 1 MTD partitions on "MX25L25635F":
[81405.180000] 0x000000000000-0x000002000000 : "Host SPI Flash"
[81405.210000] Configuring the Host SPI Clock to HCLK/16 
[81406.490000] Configuring the Host SPI Clock to HCLK/16 
[81406.580000] Creating 1 MTD partitions on "MX25L25635F":
[81406.590000] 0x000000000000-0x000002000000 : "Host SPI Flash"
[81406.640000] Configuring the Host SPI Clock to HCLK/16 
[81407.530000] Configuring the Host SPI Clock to HCLK/16 
[81407.560000] Creating 1 MTD partitions on "MX25L25635F":
[81407.570000] 0x000000000000-0x000002000000 : "Host SPI Flash"
[81407.590000] Configuring the Host SPI Clock to HCLK/16 
[81408.510000] Configuring the Host SPI Clock to HCLK/16 
[81408.560000] Creating 1 MTD partitions on "MX25L25635F":
[81408.560000] 0x000000000000-0x000002000000 : "Host SPI Flash"
[81408.580000] Configuring the Host SPI Clock to HCLK/16 
[81409.880000] Configuring the Host SPI Clock to HCLK/16 
[81410.000000] Creating 1 MTD partitions on "MX25L25635F":
[81410.000000] 0x000000000000-0x000002000000 : "Host SPI Flash"
[81410.050000] Configuring the Host SPI Clock to HCLK/16 
[81411.630000] Configuring the Host SPI Clock to HCLK/16 
[81411.710000] Creating 1 MTD partitions on "MX25L25635F":
[81411.720000] 0x000000000000-0x000002000000 : "Host SPI Flash"
[81411.730000] Configuring the Host SPI Clock to HCLK/16 
[81412.780000] Configuring the Host SPI Clock to HCLK/16 
[81412.860000] Creating 1 MTD partitions on "MX25L25635F":
[81412.870000] 0x000000000000-0x000002000000 : "Host SPI Flash"
[81412.880000] Configuring the Host SPI Clock to HCLK/16 
[81414.080000] Configuring the Host SPI Clock to HCLK/16 
[81414.160000] Creating 1 MTD partitions on "MX25L25635F":
[81414.170000] 0x000000000000-0x000002000000 : "Host SPI Flash"
[81414.210000] Configuring the Host SPI Clock to HCLK/16 
[81426.180000] Configuring the Host SPI Clock to HCLK/16 
[81426.210000] Creating 1 MTD partitions on "MX25L25635F":
[81426.210000] 0x000000000000-0x000002000000 : "Host SPI Flash"
[81426.240000] Configuring the Host SPI Clock to HCLK/16 
[769 : 879 INFO]Signal Sent Successfully to UART Logging application

[3052 : 3052 INFO]INFO: Received Signal 14 from IPMI Stack 

[3052 : 3052 INFO]START mirroring/logging...

[3052 : 3052 INFO]INFO: Setting the Attributes for the UART...

[3052 : 29337 INFO]Send Thread: Starting the thread to mirror data from /dev/ttyS3 to /dev/ttyS3

[3052 : 29338 INFO]Recv Thread: Starting the thread to mirror data from /dev/ttyS3 to /dev/ttyS3

