Init telemetry success
Starting to Read Current PostCode buffer...
No Post Codes ...
[769 : 873 INFO]BOOTFW VERSION: 1.05.20210426

[75135.840000] I2C0: Resetting the controller
Init telemetry success
PDK LPC Reset is invoked
[75428.210000] Configuring the Host SPI Clock to HCLK/16 
[75428.280000] Creating 1 MTD partitions on "MX25L25635F":
[75428.290000] 0x000000000000-0x000002000000 : "Host SPI Flash"
[75428.360000] Configuring the Host SPI Clock to HCLK/16 
[75429.490000] Configuring the Host SPI Clock to HCLK/16 
[75429.600000] Creating 1 MTD partitions on "MX25L25635F":
[75429.610000] 0x000000000000-0x000002000000 : "Host SPI Flash"
[75429.650000] Configuring the Host SPI Clock to HCLK/16 
[75431.040000] Configuring the Host SPI Clock to HCLK/16 
[75431.100000] Creating 1 MTD partitions on "MX25L25635F":
[75431.110000] 0x000000000000-0x000002000000 : "Host SPI Flash"
[75431.130000] Configuring the Host SPI Clock to HCLK/16 
[75432.050000] Configuring the Host SPI Clock to HCLK/16 
[75432.100000] Creating 1 MTD partitions on "MX25L25635F":
[75432.110000] 0x000000000000-0x000002000000 : "Host SPI Flash"
[75432.120000] Configuring the Host SPI Clock to HCLK/16 
[75433.000000] Configuring the Host SPI Clock to HCLK/16 
[75433.030000] Creating 1 MTD partitions on "MX25L25635F":
[75433.040000] 0x000000000000-0x000002000000 : "Host SPI Flash"
[75433.070000] Configuring the Host SPI Clock to HCLK/16 
[75434.120000] Configuring the Host SPI Clock to HCLK/16 
[75434.220000] Creating 1 MTD partitions on "MX25L25635F":
[75434.220000] 0x000000000000-0x000002000000 : "Host SPI Flash"
[75434.280000] Configuring the Host SPI Clock to HCLK/16 
[75435.950000] Configuring the Host SPI Clock to HCLK/16 
[75436.100000] Creating 1 MTD partitions on "MX25L25635F":
[75436.100000] 0x000000000000-0x000002000000 : "Host SPI Flash"
[75436.160000] Configuring the Host SPI Clock to HCLK/16 
[75437.300000] Configuring the Host SPI Clock to HCLK/16 
[75437.380000] Creating 1 MTD partitions on "MX25L25635F":
[75437.390000] 0x000000000000-0x000002000000 : "Host SPI Flash"
[75437.430000] Configuring the Host SPI Clock to HCLK/16 
[75438.520000] Configuring the Host SPI Clock to HCLK/16 
[75438.580000] Creating 1 MTD partitions on "MX25L25635F":
[75438.580000] 0x000000000000-0x000002000000 : "Host SPI Flash"
[75438.610000] Configuring the Host SPI Clock to HCLK/16 
[75439.770000] Configuring the Host SPI Clock to HCLK/16 
[75439.820000] Creating 1 MTD partitions on "MX25L25635F":
[75439.830000] 0x000000000000-0x000002000000 : "Host SPI Flash"
[75439.870000] Configuring the Host SPI Clock to HCLK/16 
[75441.180000] Configuring the Host SPI Clock to HCLK/16 
[75441.210000] Creating 1 MTD partitions on "MX25L25635F":
[75441.210000] 0x000000000000-0x000002000000 : "Host SPI Flash"
[75441.220000] Configuring the Host SPI Clock to HCLK/16 
[75442.070000] Configuring the Host SPI Clock to HCLK/16 
[75442.120000] Creating 1 MTD partitions on "MX25L25635F":
[75442.130000] 0x000000000000-0x000002000000 : "Host SPI Flash"
[75442.140000] Configuring the Host SPI Clock to HCLK/16 
[75443.030000] Configuring the Host SPI Clock to HCLK/16 
[75443.050000] Creating 1 MTD partitions on "MX25L25635F":
[75443.060000] 0x000000000000-0x000002000000 : "Host SPI Flash"
[75443.080000] Configuring the Host SPI Clock to HCLK/16 
[75444.000000] Configuring the Host SPI Clock to HCLK/16 
[75444.030000] Creating 1 MTD partitions on "MX25L25635F":
[75444.040000] 0x000000000000-0x000002000000 : "Host SPI Flash"
[75444.050000] Configuring the Host SPI Clock to HCLK/16 
[75445.270000] Configuring the Host SPI Clock to HCLK/16 
[75445.420000] Creating 1 MTD partitions on "MX25L25635F":
[75445.420000] 0x000000000000-0x000002000000 : "Host SPI Flash"
[75445.460000] Configuring the Host SPI Clock to HCLK/16 
[75446.830000] Configuring the Host SPI Clock to HCLK/16 
[75446.890000] Creating 1 MTD partitions on "MX25L25635F":
[75446.900000] 0x000000000000-0x000002000000 : "Host SPI Flash"
[75446.910000] Configuring the Host SPI Clock to HCLK/16 
[75447.980000] Configuring the Host SPI Clock to HCLK/16 
[75448.100000] Creating 1 MTD partitions on "MX25L25635F":
[75448.100000] 0x000000000000-0x000002000000 : "Host SPI Flash"
[75448.140000] Configuring the Host SPI Clock to HCLK/16 
[75449.040000] Configuring the Host SPI Clock to HCLK/16 
[75449.120000] Creating 1 MTD partitions on "MX25L25635F":
[75449.130000] 0x000000000000-0x000002000000 : "Host SPI Flash"
[75449.140000] Configuring the Host SPI Clock to HCLK/16 
[75450.510000] Configuring the Host SPI Clock to HCLK/16 
[75450.620000] Creating 1 MTD partitions on "MX25L25635F":
[75450.620000] 0x000000000000-0x000002000000 : "Host SPI Flash"
[75450.660000] Configuring the Host SPI Clock to HCLK/16 
[75462.250000] Configuring the Host SPI Clock to HCLK/16 
[75462.320000] Creating 1 MTD partitions on "MX25L25635F":
[75462.320000] 0x000000000000-0x000002000000 : "Host SPI Flash"
[75462.340000] Configuring the Host SPI Clock to HCLK/16 
[769 : 879 INFO]Signal Sent Successfully to UART Logging application

[3052 : 3052 INFO]INFO: Received Signal 14 from IPMI Stack 

[3052 : 3052 INFO]START mirroring/logging...

[3052 : 3052 INFO]INFO: Setting the Attributes for the UART...

[3052 : 2960 INFO]Recv Thread: Starting the thread to mirror data from /dev/ttyS3 to /dev/ttyS3

[3052 : 2959 INFO]Send Thread: Starting the thread to mirror data from /dev/ttyS3 to /dev/ttyS3

