[3052 : 3052 INFO]INFO: Received Signal 10 from IPMI Stack 

[3052 : 3052 INFO]STOP mirroring/logging...

[769 : 885 INFO]Signal USR1 Sent Successfully to UART Logging application

[3052 : 3052 INFO]INFO: Received Signal 10 from IPMI Stack 

[3052 : 3052 INFO]STOP mirroring/logging...

[769 : 882 INFO]Signal USR1 Sent Successfully to UART Logging application

[3052 : 3052 INFO]INFO: Received Signal 10 from IPMI Stack 

[3052 : 3052 INFO]STOP mirroring/logging...

[769 : 875 INFO]Signal USR1 Sent Successfully to UART Logging application

[3052 : 3052 INFO]INFO: Received Signal 10 from IPMI Stack 

[3052 : 3052 INFO]STOP mirroring/logging...

Starting to Read Current PostCode buffer...
No Post Codes ...
Init telemetry success
[769 : 873 INFO]BOOTFW VERSION: 1.05.20210426

[75487.350000] I2C0: Resetting the controller
Init telemetry success
PDK LPC Reset is invoked
[75732.370000] Configuring the Host SPI Clock to HCLK/16 
[75732.420000] Creating 1 MTD partitions on "MX25L25635F":
[75732.420000] 0x000000000000-0x000002000000 : "Host SPI Flash"
[75732.440000] Configuring the Host SPI Clock to HCLK/16 
[75733.350000] Configuring the Host SPI Clock to HCLK/16 
[75733.390000] Creating 1 MTD partitions on "MX25L25635F":
[75733.400000] 0x000000000000-0x000002000000 : "Host SPI Flash"
[75733.410000] Configuring the Host SPI Clock to HCLK/16 
[75734.480000] Configuring the Host SPI Clock to HCLK/16 
[75734.540000] Creating 1 MTD partitions on "MX25L25635F":
[75734.540000] 0x000000000000-0x000002000000 : "Host SPI Flash"
[75734.580000] Configuring the Host SPI Clock to HCLK/16 
[75735.820000] Configuring the Host SPI Clock to HCLK/16 
[75735.880000] Creating 1 MTD partitions on "MX25L25635F":
[75735.880000] 0x000000000000-0x000002000000 : "Host SPI Flash"
[75735.920000] Configuring the Host SPI Clock to HCLK/16 
[75737.080000] Configuring the Host SPI Clock to HCLK/16 
[75737.150000] Creating 1 MTD partitions on "MX25L25635F":
[75737.150000] 0x000000000000-0x000002000000 : "Host SPI Flash"
[75737.180000] Configuring the Host SPI Clock to HCLK/16 
[75738.320000] Configuring the Host SPI Clock to HCLK/16 
[75738.390000] Creating 1 MTD partitions on "MX25L25635F":
[75738.390000] 0x000000000000-0x000002000000 : "Host SPI Flash"
[75738.420000] Configuring the Host SPI Clock to HCLK/16 
[75739.320000] Configuring the Host SPI Clock to HCLK/16 
[75739.350000] Creating 1 MTD partitions on "MX25L25635F":
[75739.360000] 0x000000000000-0x000002000000 : "Host SPI Flash"
[75739.380000] Configuring the Host SPI Clock to HCLK/16 
[75740.730000] Configuring the Host SPI Clock to HCLK/16 
[75740.820000] Creating 1 MTD partitions on "MX25L25635F":
[75740.830000] 0x000000000000-0x000002000000 : "Host SPI Flash"
[75740.900000] Configuring the Host SPI Clock to HCLK/16 
[75742.010000] Configuring the Host SPI Clock to HCLK/16 
[75742.100000] Creating 1 MTD partitions on "MX25L25635F":
[75742.100000] 0x000000000000-0x000002000000 : "Host SPI Flash"
[75742.120000] Configuring the Host SPI Clock to HCLK/16 
[75743.180000] Configuring the Host SPI Clock to HCLK/16 
[75743.250000] Creating 1 MTD partitions on "MX25L25635F":
[75743.260000] 0x000000000000-0x000002000000 : "Host SPI Flash"
[75743.300000] Configuring the Host SPI Clock to HCLK/16 
[75744.440000] Configuring the Host SPI Clock to HCLK/16 
[75744.520000] Creating 1 MTD partitions on "MX25L25635F":
[75744.520000] 0x000000000000-0x000002000000 : "Host SPI Flash"
[75744.550000] Configuring the Host SPI Clock to HCLK/16 
[75745.790000] Configuring the Host SPI Clock to HCLK/16 
[75745.860000] Creating 1 MTD partitions on "MX25L25635F":
[75745.860000] 0x000000000000-0x000002000000 : "Host SPI Flash"
[75745.890000] Configuring the Host SPI Clock to HCLK/16 
[75747.020000] Configuring the Host SPI Clock to HCLK/16 
[75747.050000] Creating 1 MTD partitions on "MX25L25635F":
[75747.060000] 0x000000000000-0x000002000000 : "Host SPI Flash"
[75747.080000] Configuring the Host SPI Clock to HCLK/16 
[75747.980000] Configuring the Host SPI Clock to HCLK/16 
[75748.030000] Creating 1 MTD partitions on "MX25L25635F":
[75748.040000] 0x000000000000-0x000002000000 : "Host SPI Flash"
[75748.050000] Configuring the Host SPI Clock to HCLK/16 
[75748.920000] Configuring the Host SPI Clock to HCLK/16 
[75748.950000] Creating 1 MTD partitions on "MX25L25635F":
[75748.960000] 0x000000000000-0x000002000000 : "Host SPI Flash"
[75748.970000] Configuring the Host SPI Clock to HCLK/16 
[75750.070000] Configuring the Host SPI Clock to HCLK/16 
[75750.160000] Creating 1 MTD partitions on "MX25L25635F":
[75750.160000] 0x000000000000-0x000002000000 : "Host SPI Flash"
[75750.190000] Configuring the Host SPI Clock to HCLK/16 
[75751.470000] Configuring the Host SPI Clock to HCLK/16 
[75751.550000] Creating 1 MTD partitions on "MX25L25635F":
[75751.560000] 0x000000000000-0x000002000000 : "Host SPI Flash"
[75751.570000] Configuring the Host SPI Clock to HCLK/16 
[75752.880000] Configuring the Host SPI Clock to HCLK/16 
[75752.930000] Creating 1 MTD partitions on "MX25L25635F":
[75752.940000] 0x000000000000-0x000002000000 : "Host SPI Flash"
[75752.960000] Configuring the Host SPI Clock to HCLK/16 
[75754.350000] Configuring the Host SPI Clock to HCLK/16 
[75754.420000] Creating 1 MTD partitions on "MX25L25635F":
[75754.430000] 0x000000000000-0x000002000000 : "Host SPI Flash"
[75754.490000] Configuring the Host SPI Clock to HCLK/16 
[75766.690000] Configuring the Host SPI Clock to HCLK/16 
[75766.770000] Creating 1 MTD partitions on "MX25L25635F":
[75766.780000] 0x000000000000-0x000002000000 : "Host SPI Flash"
[75766.810000] Configuring the Host SPI Clock to HCLK/16 
[769 : 879 INFO]Signal Sent Successfully to UART Logging application

[3052 : 3052 INFO]INFO: Received Signal 14 from IPMI Stack 

[3052 : 3052 INFO]START mirroring/logging...

[3052 : 3052 INFO]INFO: Setting the Attributes for the UART...

[3052 : 5418 INFO]Recv Thread: Starting the thread to mirror data from /dev/ttyS3 to /dev/ttyS3

[3052 : 5417 INFO]Send Thread: Starting the thread to mirror data from /dev/ttyS3 to /dev/ttyS3

