 
 
 
<<<<<<<<
TestName-DDR_AVL_Test_Suite, Time-210312_145807, Iteration-1
>>>>>>>> 
 
 
NOTICE:  DRAM FW version 210212
CP: 0ff00900
CP: 1ff00900
DRAM populated DIMMs:
  SK0 MC0 S0: RDIMM[ce:80] 64GB 2666 ECC 2R x4 RCD[b3:80] M393A8G40MB2-CTD    
  SK0 MC1 S0: RDIMM[ce:80] 64GB 2666 ECC 2R x4 RCD[b3:80] M393A8G40MB2-CTD    
  SK0 MC2 S0: RDIMM[ce:80] 64GB 2666 ECC 2R x4 RCD[b3:80] M393A8G40MB2-CTD    
  SK0 MC3 S0: RDIMM[ce:80] 64GB 2666 ECC 2R x4 RCD[b3:80] M393A8G40MB2-CTD    
  SK0 MC4 S0: RDIMM[ce:80] 64GB 2666 ECC 2R x4 RCD[b3:80] M393A8G40MB2-CTD    
  SK0 MC5 S0: RDIMM[ce:80] 64GB 2666 ECC 2R x4 RCD[b3:80] M393A8G40MB2-CTD    
  SK0 MC6 S0: RDIMM[ce:80] 64GB 2666 ECC 2R x4 RCD[b3:80] M393A8G40MB2-CTD    
  SK0 MC7 S0: RDIMM[ce:80] 64GB 2666 ECC 2R x4 RCD[b3:80] M393A8G40MB2-CTD    
  SK1 MC0 S0: RDIMM[ce:80] 64GB 2666 ECC 2R x4 RCD[32:86] M393A8G40MB2-CTD    
  SK1 MC1 S0: RDIMM[ce:80] 64GB 2666 ECC 2R x4 RCD[32:86] M393A8G40MB2-CTD    
  SK1 MC2 S0: RDIMM[ce:80] 64GB 2666 ECC 2R x4 RCD[32:86] M393A8G40MB2-CTD    
  SK1 MC3 S0: RDIMM[ce:80] 64GB 2666 ECC 2R x4 RCD[32:86] M393A8G40MB2-CTD    
  SK1 MC4 S0: RDIMM[ce:80] 64GB 2666 ECC 2R x4 RCD[32:86] M393A8G40MB2-CTD    
  SK1 MC5 S0: RDIMM[ce:80] 64GB 2666 ECC 2R x4 RCD[32:86] M393A8G40MB2-CTD    
  SK1 MC6 S0: RDIMM[ce:80] 64GB 2666 ECC 2R x4 RCD[32:86] M393A8G40MB2-CTD    
  SK1 MC7 S0: RDIMM[ce:80] 64GB 2666 ECC 2R x4 RCD[32:86] M393A8G40MB2-CTD    
CP: 3ff00100
CP: 3ff00200
CP: 00f01902
CP: 01f01902
CP: 02f01902
CP: 03f01902
CP: 04f01902
CP: 05f01902
CP: 06f01902
CP: 07f01902
CP: 10f01902
CP: 11f01902
CP: 12f01902
CP: 13f01902
CP: 14f01902
CP: 15f01902
CP: 16f01902
CP: 17f01902
CP: 0ff00a00
CP: 0ff00b01
CP: 00f01901
CP: 01f01901
CP: 02f01901
CP: 03f01901
CP: 04f01901
CP: 05f01901
CP: 06f01901
CP: 07f01901
CP: 00f01904
CP: 01f01904
CP: 02f01904
CP: 03f01904
CP: 04f01904
CP: 05f01904
CP: 06f01904
CP: 07f01904
CP: 00f02901
CP: 00f01905
CP: 00f02902
CP: 00f02903
CP: 00f02904
CP: 01f02901
CP: 01f01905
CP: 01f02902
CP: 01f02903
CP: 01f02904
CP: 02f02901
CP: 02f01905
CP: 02f02902
CP: 02f02903
CP: 02f02904
CP: 03f02901
CP: 03f01905
CP: 03f02902
CP: 03f02903
CP: 03f02904
CP: 04f02901
CP: 04f01905
CP: 04f02902
CP: 04f02903
CP: 04f02904
CP: 05f02901
CP: 05f01905
CP: 05f02902
CP: 05f02903
CP: 05f02904
CP: 06f02901
CP: 06f01905
CP: 06f02902
CP: 06f02903
CP: 06f02904
CP: 07f02901
CP: 07f01905
CP: 07f02902
CP: 07f02903
CP: 07f02904
CP: 00f01907
CP: 00f01906
CP: 00f01908
CP: 00f01909
CP: 01f01907
CP: 01f01906
CP: 01f01908
CP: 01f01909
CP: 02f01907
CP: 02f01906
CP: 02f01908
CP: 02f01909
CP: 03f01907
CP: 03f01906
CP: 03f01908
CP: 03f01909
CP: 04f01907
CP: 04f01906
CP: 04f01908
CP: 04f01909
CP: 05f01907
CP: 05f01906
CP: 05f01908
CP: 05f01909
CP: 06f01907
CP: 06f01906
CP: 06f01908
CP: 06f01909
CP: 07f01907
CP: 07f01906
CP: 07f01908
CP: 07f01909
CP: 0ff00b02
CP: 0ff00c00
CP: 1ff00a00
CP: 1ff00b01
CP: 10f01901
CP: 11f01901
CP: 12f01901
CP: 13f01901
CP: 14f01901
CP: 15f01901
CP: 16f01901
CP: 17f01901
CP: 10f01904
CP: 11f01904
CP: 12f01904
CP: 13f01904
CP: 14f01904
CP: 15f01904
CP: 16f01904
CP: 17f01904
CP: 10f02901
CP: 10f01905
CP: 10f02902
CP: 10f02903
CP: 10f02904
CP: 11f02901
CP: 11f01905
CP: 11f02902
CP: 11f02903
CP: 11f02904
CP: 12f02901
CP: 12f01905
CP: 12f02902
CP: 12f02903
CP: 12f02904
CP: 13f02901
CP: 13f01905
CP: 13f02902
CP: 13f02903
CP: 13f02904
CP: 14f02901
CP: 14f01905
CP: 14f02902
CP: 14f02903
CP: 14f02904
CP: 15f02901
CP: 15f01905
CP: 15f02902
CP: 15f02903
CP: 15f02904
CP: 16f02901
CP: 16f01905
CP: 16f02902
CP: 16f02903
CP: 16f02904
CP: 17f02901
CP: 17f01905
CP: 17f02902
CP: 17f02903
CP: 17f02904
CP: 10f01907
CP: 10f01906
CP: 10f01908
CP: 10f01909
CP: 11f01907
CP: 11f01906
CP: 11f01908
CP: 11f01909
CP: 12f01907
CP: 12f01906
CP: 12f01908
CP: 12f01909
CP: 13f01907
CP: 13f01906
CP: 13f01908
CP: 13f01909
CP: 14f01907
CP: 14f01906
CP: 14f01908
CP: 14f01909
CP: 15f01907
CP: 15f01906
CP: 15f01908
CP: 15f01909
CP: 16f01907
CP: 16f01906
CP: 16f01908
CP: 16f01909
CP: 17f01907
CP: 17f01906
CP: 17f01908
CP: 17f01909
CP: 1ff00b02
CP: 1ff00c00
CP: 3ff00300
CP: 00001a02
CP: 01001a02
CP: 02001a02
CP: 03001a02
CP: 04001a02
CP: 05001a02
CP: 06001a02
CP: 07001a02
CP: 10001a02
CP: 11001a02
CP: 12001a02
CP: 13001a02
CP: 14001a02
CP: 15001a02
CP: 16001a02
CP: 17001a02
CP: 00001a03
CP: 01001a03
CP: 02001a03
CP: 03001a03
CP: 04001a03
CP: 05001a03
CP: 06001a03
CP: 07001a03
CP: 10001a03
CP: 11001a03
CP: 12001a03
CP: 13001a03
CP: 14001a03
CP: 15001a03
CP: 16001a03
CP: 17001a03
CP: 00001a04
CP: 01001a04
CP: 02001a04
CP: 03001a04
CP: 04001a04
CP: 05001a04
CP: 06001a04
CP: 07001a04
CP: 10001a04
CP: 11001a04
CP: 12001a04
CP: 13001a04
CP: 14001a04
CP: 15001a04
CP: 16001a04
CP: 17001a04
CP: 00101a02
CP: 01101a02
CP: 02101a02
CP: 03101a02
CP: 04101a02
CP: 05101a02
CP: 06101a02
CP: 07101a02
CP: 10101a02
CP: 11101a02
CP: 12101a02
CP: 13101a02
CP: 14101a02
CP: 15101a02
CP: 16101a02
CP: 17101a02
CP: 00101a03
CP: 01101a03
CP: 02101a03
CP: 03101a03
CP: 04101a03
CP: 05101a03
CP: 06101a03
CP: 07101a03
CP: 10101a03
CP: 11101a03
CP: 12101a03
CP: 13101a03
CP: 14101a03
CP: 15101a03
CP: 16101a03
CP: 17101a03
CP: 00101a04
CP: 01101a04
CP: 02101a04
CP: 03101a04
CP: 04101a04
CP: 05101a04
CP: 06101a04
CP: 07101a04
CP: 10101a04
CP: 11101a04
CP: 12101a04
CP: 13101a04
CP: 14101a04
CP: 15101a04
CP: 16101a04
CP: 17101a04
CP: 00001a05
CP: 01001a05
CP: 02001a05
CP: 03001a05
CP: 04001a05
CP: 05001a05
CP: 06001a05
CP: 07001a05
CP: 10001a05
CP: 11001a05
CP: 12001a05
CP: 13001a05
CP: 14001a05
CP: 15001a05
CP: 16001a05
CP: 17001a05
CP: 00101a05
CP: 02101a05
CP: 01101a05
CP: 03101a05
CP: 10101a05
CP: 06101a05
CP: 04101a05
CP: 05101a05
CP: 11101a05
CP: 12101a05
CP: 07101a05
CP: 13101a05
CP: 14101a05
CP: 15101a05
CP: 16101a05
CP: 17101a05
CP: 00f01a07
CP: 00001a09
CP: 02f01a07
CP: 02001a09
CP: 01f01a07
CP: 01001a09
CP: 10f01a07
CP: 10001a09
CP: 06f01a07
CP: 06001a09
CP: 12f01a07
CP: 11f01a07
CP: 03f01a07
CP: 04f01a07
CP: 12001a09
CP: 05f01a07
CP: 11001a09
CP: 13f01a07
CP: 03001a09
CP: 14f01a07
CP: 07f01a07
CP: 04001a09
CP: 15f01a07
CP: 16f01a07
CP: 17f01a07
CP: 05001a09
CP: 13001a09
CP: 14001a09
CP: 07001a09
CP: 15001a09
CP: 16001a09
CP: 17001a09
CP: 03101a09
CP: 13101a09
CP: 17101a09
CP: 07101a09
CP: 02101a09
CP: 01101a09
CP: 00101a09
CP: 14101a09
CP: 15101a09
CP: 12101a09
CP: 06101a09
CP: 16101a09
CP: 10101a09
CP: 11101a09
CP: 04101a09
CP: 05101a09
CP: 13001a0a
CP: 17001a0a
CP: 03001a0a
CP: 07001a0a
CP: 14001a0a
CP: 15001a0a
CP: 02001a0a
CP: 01001a0a
CP: 06001a0a
CP: 12001a0a
CP: 00001a0a
CP: 04001a0a
CP: 16001a0a
CP: 11001a0a
CP: 10001a0a
CP: 05001a0a
CP: 13001a0b
CP: 13001a0c
CP: 17001a0b
CP: 03001a0b
CP: 13001a0c
CP: 17001a0c
CP: 03001a0c
CP: 13101a0b
CP: 17001a0c
CP: 03001a0c
CP: 07001a0b
CP: 13101a0c
CP: 17101a0b
CP: 03101a0b
CP: 13101a0c
CP: 07001a0c
CP: 17101a0c
CP: 03101a0c
CP: 07001a0c
CP: 17101a0c
CP: 07101a0b
CP: 03101a0c
CP: 12001a0b
CP: 06001a0b
CP: 07101a0c
CP: 16001a0b
CP: 02001a0b
CP: 12001a0c
CP: 07101a0c
CP: 06001a0c
CP: 16001a0c
CP: 12001a0c
CP: 02001a0c
CP: 06001a0c
CP: 16001a0c
CP: 15001a0b
CP: 12101a0b
CP: 00001a0b
CP: 02001a0c
CP: 06101a0b
CP: 14001a0b
CP: 16101a0b
CP: 12101a0c
CP: 02101a0b
CP: 15001a0c
CP: 10001a0b
CP: 00001a0c
CP: 06101a0c
CP: 01001a0b
CP: 16101a0c
CP: 14001a0c
CP: 04001a0b
CP: 12101a0c
CP: 15001a0c
CP: 02101a0c
CP: 10001a0c
CP: 00001a0c
CP: 06101a0c
CP: 16101a0c
CP: 01001a0c
CP: 14001a0c
CP: 15101a0b
CP: 11001a0b
CP: 04001a0c
CP: 02101a0c
CP: 00101a0b
CP: 10001a0c
CP: 14101a0b
CP: 01001a0c
CP: 15101a0c
CP: 10101a0b
CP: 11001a0c
CP: 04001a0c
CP: 01101a0b
CP: 00101a0c
CP: 05001a0b
CP: 14101a0c
CP: 04101a0b
CP: 15101a0c
CP: 11001a0c
CP: 10101a0c
CP: 00101a0c
CP: 14101a0c
CP: 01101a0c
CP: 05001a0c
CP: 11101a0b
CP: 10101a0c
CP: 04101a0c
CP: 05001a0c
CP: 01101a0c
CP: 11101a0c
CP: 04101a0c
CP: 05101a0b
CP: 11101a0c
CP: 05101a0c
CP: 05101a0c
CP: 3ff00400
CP: 0ff01000
CP: 1ff01000
CP: 0ff01101
CP: 1ff01101
DRAM ECC Initialization: [1] [ =>                   ]DRAM ECC Initialization: [3] [ =>                   ]DRAM ECC Initialization: [4] [ =>                   ]DRAM ECC Initialization: [6] [ ==>                  ]DRAM ECC Initialization: [7] [ ==>                  ]DRAM ECC Initialization: [9] [ ==>                  ]DRAM ECC Initialization: [10] [ ===>                 ]DRAM ECC Initialization: [12] [ ===>                 ]DRAM ECC Initialization: [14] [ ===>                 ]DRAM ECC Initialization: [15] [ ====>                ]DRAM ECC Initialization: [17] [ ====>                ]DRAM ECC Initialization: [18] [ ====>                ]DRAM ECC Initialization: [20] [ =====>               ]DRAM ECC Initialization: [21] [ =====>               ]DRAM ECC Initialization: [23] [ =====>               ]DRAM ECC Initialization: [25] [ ======>              ]DRAM ECC Initialization: [26] [ ======>              ]DRAM ECC Initialization: [28] [ ======>              ]DRAM ECC Initialization: [29] [ ======>              ]DRAM ECC Initialization: [31] [ =======>             ]DRAM ECC Initialization: [32] [ =======>             ]DRAM ECC Initialization: [34] [ =======>             ]DRAM ECC Initialization: [35] [ ========>            ]DRAM ECC Initialization: [37] [ ========>            ]DRAM ECC Initialization: [39] [ ========>            ]DRAM ECC Initialization: [40] [ =========>           ]DRAM ECC Initialization: [42] [ =========>           ]DRAM ECC Initialization: [43] [ =========>           ]DRAM ECC Initialization: [45] [ ==========>          ]DRAM ECC Initialization: [46] [ ==========>          ]DRAM ECC Initialization: [48] [ ==========>          ]DRAM ECC Initialization: [50] [ ===========>         ]DRAM ECC Initialization: [51] [ ===========>         ]DRAM ECC Initialization: [53] [ ===========>         ]DRAM ECC Initialization: [54] [ ===========>         ]DRAM ECC Initialization: [56] [ ============>        ]DRAM ECC Initialization: [57] [ ============>        ]DRAM ECC Initialization: [59] [ ============>        ]DRAM ECC Initialization: [60] [ =============>       ]DRAM ECC Initialization: [62] [ =============>       ]DRAM ECC Initialization: [64] [ =============>       ]DRAM ECC Initialization: [65] [ ==============>      ]DRAM ECC Initialization: [67] [ ==============>      ]DRAM ECC Initialization: [68] [ ==============>      ]DRAM ECC Initialization: [70] [ ===============>     ]DRAM ECC Initialization: [71] [ ===============>     ]DRAM ECC Initialization: [73] [ ===============>     ]DRAM ECC Initialization: [75] [ ================>    ]DRAM ECC Initialization: [76] [ ================>    ]DRAM ECC Initialization: [78] [ ================>    ]DRAM ECC Initialization: [79] [ ================>    ]DRAM ECC Initialization: [81] [ =================>   ]DRAM ECC Initialization: [82] [ =================>   ]DRAM ECC Initialization: [84] [ =================>   ]DRAM ECC Initialization: [85] [ ==================>  ]DRAM ECC Initialization: [87] [ ==================>  ]DRAM ECC Initialization: [89] [ ==================>  ]DRAM ECC Initialization: [90] [ ===================> ]DRAM ECC Initialization: [92] [ ===================> ]DRAM ECC Initialization: [93] [ ===================> ]DRAM ECC Initialization: [95] [ ==================== ]DRAM ECC Initialization: [96] [ ==================== ]DRAM ECC Initialization: [98] [ ==================== ]DRAM ECC Initialization: [100] [ ==================== ]
CP: 0ff01200
CP: 1ff01200
CP: 3ff00800
DRAM memory regions:
  Node[0] Region[0]: 0x000080000000 - 0x0000bfffffff 
  Node[0] Region[1]: 0x080000000000 - 0x08007fffffff 
  Node[0] Region[2]: 0x0800c0000000 - 0x087fffffffff 
  Node[1] Region[3]: 0x0000c0000000 - 0x0000ffffffff 
  Node[1] Region[4]: 0x400000000000 - 0x4000bfffffff 
  Node[1] Region[5]: 0x400100000000 - 0x407fffffffff 
DRAM: 1024GB DDR4 2666 SECDED ECC
Checkpoint 2F
Checkpoint 2E
Checkpoint 31
Checkpoint 32
UEFI RC version: Master
SCP FW version    : 1.4
SCP FW build date : 20210217
Failsafe status                 : 0
Reset status                    : 3
CPU info
    CPU ID                      : 413FD0C1
    CPU Clock                   : 2800 MHz
    Number of active sockets    : 2
    Number of active cores      : 160
    Inter Socket Connection 0   : Width: x16 / Speed 16 GT/s
    Inter Socket Connection 1   : Width: x16 / Speed 16 GT/s
    Socket[0]: Core voltage     : 980
    Socket[0]: SCU ProductID    : A10001
    Socket[0]: Max cores        : 80
    Socket[0]: Warranty         : 0
    Socket[0]: Subnuma          : 0
    Socket[0]: RC disable mask  : 3
    Socket[0]: AVS enabled      : 1
    Socket[0]: AVS voltage      : 1020
    Socket[1]: Core voltage     : 950
    Socket[1]: SCU ProductID    : A10001
    Socket[1]: Max cores        : 80
    Socket[1]: Warranty         : 0
    Socket[1]: Subnuma          : 0
    Socket[1]: RC disable mask  : 3
    Socket[1]: AVS enabled      : 1
    Socket[1]: AVS voltage      : 991
SOC info
    DDR Frequency               : 2666 MHz
    Socket[0]: Soc voltage      : 750
    Socket[0]: DIMM1 voltage    : 1200
    Socket[0]: DIMM2 voltage    : 1200
    Socket[1]: Soc voltage      : 750
    Socket[1]: DIMM1 voltage    : 1200
    Socket[1]: DIMM2 voltage    : 1200
    PCP Clock                   : 1600 MHz
    SOC Clock                   : 2000 MHz
    SYS Clock                   : 400 MHz
    AHB Clock                   : 200 MHz
Manufacturer Configuration Setting:
    4000: 0x0 (0)
    4070: 0x1 (1)
User Configuration Setting:
    8000: 0xFFFFFFFF (-1)
    8008: 0xFF (255)
    8010: 0xFFFFFFFF (-1)
    8018: 0xFF (255)
    8030: 0x0 (0)
    8038: 0xC80 (3200)
Board Configuration Setting:
    C000: 0xCD3A (52538)
    C008: 0x0 (0)
    C010: 0x0 (0)
    C018: 0x0 (0)
    C020: 0xFFFF (65535)
    C028: 0xFFFF (65535)
    C030: 0x80E8 (33000)
    C038: 0x80E8 (33000)
    C040: 0x61A8 (25000)
    C048: 0x61A8 (25000)
    C050: 0x0 (0)
    C058: 0x190 (400)
    C060: 0x190 (400)
    C068: 0x190 (400)
    C070: 0x190 (400)
    C078: 0x190 (400)
    C080: 0xFFFFFF01 (-255)
    C088: 0x0 (0)
    C090: 0x0 (0)
    C098: 0x4 (4)
    C0A0: 0x4 (4)
    C0A8: 0x20002 (131074)
    C0B0: 0x20002 (131074)
    C0B8: 0x20002 (131074)
    C0C0: 0x20002 (131074)
    C0C8: 0x20002 (131074)
    C0D0: 0x3 (3)
    C0D8: 0x3 (3)
    C0E0: 0x20002 (131074)
    C0E8: 0x0 (0)
    C0F0: 0x0 (0)
    C0F8: 0x2020202 (33686018)
    C100: 0x30003 (196611)
    C108: 0x3 (3)
    C110: 0x20002 (131074)
    C118: 0x20002 (131074)
    C120: 0x3 (3)
    C128: 0x20002 (131074)
    C130: 0x20002 (131074)
    C138: 0x20002 (131074)
    C140: 0x20002 (131074)
    C148: 0x1 (1)
    C150: 0x2 (2)
    C158: 0x3 (3)
    C160: 0x4 (4)
    C168: 0xFFFFFFFF (-1)
    C170: 0xFFFFFFFE (-2)
    C178: 0xFFFFFFFD (-3)
    C180: 0x0 (0)
    C188: 0x0 (0)
    C190: 0x0 (0)
    C198: 0x0 (0)
    C1A0: 0x0 (0)
    C1A8: 0x0 (0)
    C1B0: 0x2 (2)
    C1B8: 0xC80 (3200)
    C1C0: 0x20000 (131072)
    C1C8: 0x20000 (131072)
    C1D0: 0xFF060177 (-16383625)
    C1D8: 0xFF060177 (-16383625)
    C1E0: 0x60070 (393328)
    C1E8: 0x60070 (393328)
    C1F0: 0x0 (0)
    C1F8: 0x0 (0)
    C200: 0x0 (0)
    C208: 0x0 (0)
    C210: 0xC0CCC (789708)
    C218: 0xC0CCC (789708)
    C220: 0x30333 (197427)
    C228: 0x30333 (197427)
    C230: 0x30333 (197427)
    C238: 0x30333 (197427)
    C240: 0x30333 (197427)
    C248: 0x30333 (197427)
    C250: 0xEDEED (974573)
    C258: 0xDEDDE (912862)
    C260: 0xB7BB7 (752567)
    C268: 0x7B77B (505723)
    C270: 0x5 (5)
    C278: 0x90DD90 (9493904)
    C280: 0x5 (5)
    C288: 0x90DD90 (9493904)
    C290: 0x5 (5)
    C298: 0x90DD90 (9493904)
    C2A0: 0x5 (5)
    C2A8: 0x90DD90 (9493904)
    C2B0: 0x24 (36)
    C2B8: 0x1A (26)
    C2C0: 0x50 (80)
    C2C8: 0x20 (32)
    C2D0: 0x2800280 (41943680)
    C2D8: 0x90909090 (-1869574000)
    C2E0: 0x0 (0)
    C2E8: 0xC000C0 (12583104)
    C2F0: 0x0 (0)
    C2F8: 0x0 (0)
    C300: 0x0 (0)
    C308: 0x0 (0)
    C310: 0x2010201 (33620481)
    C318: 0x0 (0)
    C320: 0x0 (0)
    C328: 0x0 (0)
    C330: 0x1050106 (17105158)
    C338: 0x5F4 (1524)
    C340: 0x0 (0)
    C348: 0x0 (0)
    C350: 0x2020202 (33686018)
    C358: 0x2020202 (33686018)
    C360: 0x2020202 (33686018)
    C368: 0x2020003 (33685507)
    C370: 0x0 (0)
    C378: 0x0 (0)
    C380: 0x0 (0)
    C388: 0x0 (0)
    C390: 0x0 (0)
    C398: 0x0 (0)
    C3A0: 0x0 (0)
    C3A8: 0x0 (0)
    C3B0: 0x0 (0)
    C3B8: 0x0 (0)
    C3C0: 0x0 (0)
    C3C8: 0x0 (0)
    C3D0: 0x0 (0)
    C3D8: 0x0 (0)
    C3E0: 0x0 (0)
    C3E8: 0x0 (0)
    C3F0: 0x57575757 (1465341783)
    C3F8: 0x57575757 (1465341783)
    C400: 0x57575757 (1465341783)
    C408: 0x57575757 (1465341783)
    C410: 0x57575757 (1465341783)
    C418: 0x57575757 (1465341783)
    C420: 0x57575757 (1465341783)
    C428: 0x57575757 (1465341783)
    C430: 0x57575757 (1465341783)
    C438: 0x57575757 (1465341783)
    C440: 0x57575757 (1465341783)
    C448: 0x57575757 (1465341783)
    C450: 0x57575757 (1465341783)
    C458: 0x57575757 (1465341783)
    C460: 0x57575757 (1465341783)
    C468: 0x57575757 (1465341783)
    C470: 0x0 (0)
    C478: 0x2020202 (33686018)
    C480: 0x2020202 (33686018)
    C488: 0x2020202 (33686018)
    C490: 0x2020003 (33685507)
    C498: 0x0 (0)
    C4A0: 0x0 (0)
    C4A8: 0x0 (0)
    C4B0: 0x0 (0)
    C4B8: 0x0 (0)
    C4C0: 0x0 (0)
    C4C8: 0x0 (0)
    C4D0: 0x0 (0)
    C4D8: 0x0 (0)
    C4E0: 0x0 (0)
    C4E8: 0x0 (0)
    C4F0: 0x0 (0)
    C4F8: 0x0 (0)
    C500: 0x0 (0)
    C508: 0x57575757 (1465341783)
    C510: 0x57575757 (1465341783)
    C518: 0x57575757 (1465341783)
    C520: 0x57575757 (1465341783)
    C528: 0x57575757 (1465341783)
    C530: 0x57575757 (1465341783)
    C538: 0x57575757 (1465341783)
    C540: 0x57575757 (1465341783)
    C548: 0x57575757 (1465341783)
    C550: 0x57575757 (1465341783)
    C558: 0x57575757 (1465341783)
    C560: 0x57575757 (1465341783)
    C568: 0x57575757 (1465341783)
    C570: 0x57575757 (1465341783)
    C578: 0x3 (3)
    C580: 0x1A4 (420)
    C588: 0x0 (0)
    C590: 0x18000 (98304)
    C598: 0x80018000 (-2147385344)
    C5A0: 0x0 (0)
    C5A8: 0x0 (0)
    C5B0: 0x0 (0)
    C5B8: 0x0 (0)
    C5C0: 0x0 (0)
    C5C8: 0x0 (0)
    C5D0: 0x0 (0)
    C5D8: 0x0 (0)
    C5E0: 0x550055 (5570645)
    C5E8: 0x64 (100)
    C5F0: 0x5 (5)
    C5F8: 0x1 (1)
    C600: 0x2 (2)
    C608: 0x5 (5)
    C610: 0x0 (0)
    C618: 0x0 (0)
    C620: 0x0 (0)
Checkpoint 4F
Checkpoint 60
Checkpoint 61
Checkpoint 9A
Checkpoint 90
Checkpoint 91
Checkpoint 92
Checkpoint 94
Checkpoint 94
Checkpoint 95
Checkpoint 96
Checkpoint 94
Checkpoint 94
Checkpoint 95
Checkpoint 96
Checkpoint 94
Checkpoint 94
Checkpoint 94
Checkpoint 94
Checkpoint 94
Checkpoint 95
Checkpoint 96
Checkpoint 94
Checkpoint 94
Checkpoint 94
Checkpoint 94
Checkpoint 94
Checkpoint 95
Checkpoint 96
Checkpoint 94
Checkpoint 94
Checkpoint 94
Checkpoint 94
Checkpoint 95
Checkpoint 96
Checkpoint 94
Checkpoint 94
Checkpoint 94
Checkpoint 95
Checkpoint 96
Checkpoint 94
Checkpoint 94
Checkpoint 94
Checkpoint 95
Checkpoint 96
Checkpoint 94
Checkpoint 94
Checkpoint 94
Checkpoint 94
Checkpoint 95
Checkpoint 96
Checkpoint 94
Checkpoint 94
Checkpoint 94
Checkpoint 94
Checkpoint 95
Checkpoint 96
Checkpoint 94
Checkpoint 94
Checkpoint 94
Checkpoint 94
Checkpoint 94
Checkpoint 95
Checkpoint 96
Checkpoint 94
Checkpoint 94
Checkpoint 94
Checkpoint 94
Checkpoint 94
Checkpoint 95
Checkpoint 96
Checkpoint 92
Checkpoint 92
Checkpoint 92
Checkpoint 92
Checkpoint 92
Checkpoint 92
Checkpoint 92
Checkpoint 92
Checkpoint 92
Checkpoint 92
Checkpoint 91
Checkpoint 92
Checkpoint 92
Checkpoint 92
Checkpoint 92
Checkpoint 92
Checkpoint 92
Checkpoint 92
Checkpoint 92
Checkpoint 92
Checkpoint 92
Checkpoint 92
Checkpoint 97
[2J[1;1H[1;1H[25;78H98[1;1HCheckpoint 98
[25;78H92[1;1HCheckpoint 92
[25;78H92[1;1HCheckpoint 92
[25;78H92[1;1HCheckpoint 92
[25;78H92[1;1HCheckpoint 92
[25;78H92[1;1HCheckpoint 92
[25;78HA0[1;1HCheckpoint A0
[25;78H92[1;1HCheckpoint 92
[25;78H92[1;1HCheckpoint 92
[25;78H92[1;1HCheckpoint 92
[25;78H92[1;1HCheckpoint 92
[25;78H92[1;1HCheckpoint 92
[25;78H92[1;1HCheckpoint 92
[0;37;40m[2J[1;1H[1;1H[1;1HVersion 2.21.1280. Copyright (C) 2021 AMI                                       [2;1HBIOS Date: 2021/02/17 19:50:31 Ver: 0ACOI 1.4.20210217                          [3;1H                                                                                [4;1H                                                                                [5;1H                                                                                [6;1H                                                                                [7;1H                                                                                [8;1H                                                                                [9;1H                                                                                [10;1H                                                                                [11;1H                                                                                [12;1H                                                                                [13;1H                                                                                [14;1H                                                                                [15;1H                                                                                [16;1H                                                                                [17;1H                                                                                [18;1H                                                                                [19;1H                                                                                [20;1H                                                                                [21;1H                                                                                [22;1H                                                                                [23;1H                                                                                [24;1H                                                                                [25;1H                                                                               [3;1H[3;1HPress <DEL> or <ESC> to enter setup.Checkpoint AD
[0;30;40m[2J[1;1H[0;37;40m[21;7HUse the  and  keys to change the selection.                       
      Press 'e' to edit the selected item, or 'c' for a command prompt.   [4;80H [0;30;47m[4;1H      CentOS Linux (4.18.0-193.el8.aarch64) 8 (Core)                           [0;37;40m[4;79H[5;1H      CentOS Linux (4.18.0-80.11.2.el8.20210217+amp.aarch64) 8 (Core)          [5;79H[6;1H      CentOS Linux (4.18.0-80.11.2.el8.20200716+amp.aarch64) 8 (Core)          [6;79H[7;1H      CentOS Linux (0-rescue-6ee0d6afe3a14f87b84cc998f89fd796) 8 (Core)        [7;79H[8;1H      System setup                                                             [8;79H[9;1H                                                                               [9;79H[10;1H                                                                               [10;79H[11;1H                                                                               [11;79H[12;1H                                                                               [12;79H[13;1H                                                                               [13;79H[14;1H                                                                               [14;79H[15;1H                                                                               [15;79H[16;1H                                                                               [16;79H[17;1H                                                                               [17;79H[18;1H                                                                               [18;79H[19;1H                                                                               [19;79H[19;80H [4;79H[23;1H   The selected entry will be started automatically in 5s.                     [4;79H[23;1H   The selected entry will be started automatically in 4s.                     [4;79H[23;1H   The selected entry will be started automatically in 3s.                     [4;79H[23;1H   The selected entry will be started automatically in 2s.                     [4;79H[23;1H   The selected entry will be started automatically in 1s.                     [4;79H[23;1H   The selected entry will be started automatically in 0s.                     [4;79H[0;30;40m[2J[1;1H[0;37;40m[0;30;40m[2J[1;1H[0;37;40mEFI stub: Booting Linux Kernel...
EFI stub: Using DTB from configuration table
EFI stub: Exiting boot services and installing virtual address map...
[    0.000000] Booting Linux on physical CPU 0x0000120000 [0x413fd0c1]
[    0.000000] Linux version 4.18.0-193.el8.aarch64 (mockbuild@aarch64-01.mbox.centos.org) (gcc version 8.3.1 20191121 (Red Hat 8.3.1-5) (GCC)) #1 SMP Fri May 8 11:05:12 UTC 2020
[    0.000000] efi: Getting EFI parameters from FDT:
[    0.000000] efi: EFI v2.70 by American Megatrends
[    0.000000] efi:  ACPI 2.0=0xb9750000  SMBIOS 3.0=0xbcd3ff98  MEMATTR=0xb39b0018  ESRT=0xb39cc798  RNG=0xbf72b318  MEMRESERVE=0xb39b6f18 
[    0.000000] efi: seeding entropy pool
[    0.000000] esrt: Reserving ESRT space from 0x00000000b39cc798 to 0x00000000b39cc7d0.
[    0.000000] Using crashkernel=auto, the size chosen is a best effort estimation.
[    0.000000] cannot allocate crashkernel (size:0x1c000000)
[    0.000000] ACPI: Early table checksum verification disabled
[    0.000000] ACPI: RSDP 0x00000000B9750000 000024 (v02 Ampere)
[    0.000000] ACPI: XSDT 0x00000000B9740000 0000D4 (v01 Ampere Altra    00000000 AMI  01000013)
[    0.000000] ACPI: FACP 0x00000000B9720000 000114 (v06 Ampere Altra    00000000 INTL 20190509)
[    0.000000] ACPI: DSDT 0x00000000B9680000 02E15B (v02 Ampere Jade     00000001 INTL 20200717)
[    0.000000] ACPI: DBG2 0x00000000B9730000 00005C (v00 Ampere Altra    00000000 INTL 20190509)
[    0.000000] ACPI: GTDT 0x00000000B9710000 000110 (v03 Ampere Altra    00000000 INTL 20190509)
[    0.000000] ACPI: SSDT 0x00000000B9700000 00002D (v02 Ampere Altra    00000001 INTL 20190509)
[    0.000000] ACPI: EINJ 0x00000000B96E0000 000130 (v01 Ampere Altra    00000001 INTL 20200717)
[    0.000000] ACPI: HEST 0x00000000B96C0000 000308 (v01 Ampere Altra    00000001 INTL 20200717)
[    0.000000] ACPI: SDEI 0x00000000B96B0000 000024 (v01 Ampere Altra    00000001 INTL 20200717)
[    0.000000] ACPI: SPMI 0x00000000B9670000 000041 (v05 ALASKA A M I    00000000 AMI. 00000000)
[    0.000000] ACPI: SPMI 0x00000000B9660000 000041 (v05 ALASKA A M I    00000000 AMI. 00000000)
[    0.000000] ACPI: SPMI 0x00000000B9650000 000041 (v05 ALASKA A M I    00000000 AMI. 00000000)
[    0.000000] ACPI: FIDT 0x00000000B9640000 00009C (v01 ALASKA A M I    01072009 AMI  00010013)
[    0.000000] ACPI: SPCR 0x00000000B9630000 000050 (v02 A M I  APTIO V  01072009 AMI. 0005000F)
[    0.000000] ACPI: PPTT 0x00000000B9610000 008260 (v02 Ampere Altra    00000000 AMP. 01000013)
[    0.000000] ACPI: SLIT 0x00000000B9600000 000030 (v01 Ampere Altra    00000000 AMP. 01000013)
[    0.000000] ACPI: SRAT 0x00000000B95F0000 000CF0 (v03 Ampere Altra    00000000 AMP. 01000013)
[    0.000000] ACPI: BERT 0x00000000B96F0000 000030 (v01 Ampere Altra    00000001 INTL 20200717)
[    0.000000] ACPI: MCFG 0x00000000B95E0000 0000DC (v01 Ampere Altra    00000001 AMP. 01000013)
[    0.000000] ACPI: IORT 0x00000000B95D0000 000844 (v00 Ampere Altra    00000000 AMP. 01000013)
[    0.000000] ACPI: APIC 0x00000000B9620000 003354 (v05 Ampere Altra    00000003 AMI  01000013)
[    0.000000] ACPI: PCCT 0x00000000B95C0000 000ABC (v02 Ampere Altra    00000003 AMP. 01000013)
[    0.000000] ACPI: WSMT 0x00000000B95B0000 000028 (v01 ALASKA A M I    01072009 AMI  00010013)
[    0.000000] ACPI: FPDT 0x00000000B95A0000 000044 (v01 ALASKA A M I    01072009 AMI  01000013)
[    0.000000] ACPI: SPCR: console: pl011,mmio32,0x100002600000,115200
[    0.000000] ACPI: SRAT: Node 0 PXM 0 [mem 0x88300000-0x883fffff]
[    0.000000] ACPI: SRAT: Node 0 PXM 0 [mem 0x90000000-0xbfffffff]
[    0.000000] ACPI: SRAT: Node 0 PXM 0 [mem 0x80000000000-0x8007fffffff]
[    0.000000] ACPI: SRAT: Node 0 PXM 0 [mem 0x800c0000000-0x87fffffffff]
[    0.000000] ACPI: SRAT: Node 1 PXM 1 [mem 0x400000000000-0x4000bfffffff]
[    0.000000] ACPI: SRAT: Node 1 PXM 1 [mem 0x400100000000-0x407fffffffff]
[    0.000000] NUMA: NODE_DATA [mem 0x87fffffe600-0x87fffffffff]
[    0.000000] NUMA: NODE_DATA [mem 0x407ff7fce600-0x407ff7fcffff]
[    0.000000] Zone ranges:
[    0.000000]   DMA32    [mem 0x0000000088300000-0x00000000ffffffff]
[    0.000000]   Normal   [mem 0x0000000100000000-0x0000407fffffffff]
[    0.000000] Movable zone start for each node
[    0.000000] Early memory node ranges
[    0.000000]   node   0: [mem 0x0000000088300000-0x00000000883fffff]
[    0.000000]   node   0: [mem 0x0000000090000000-0x0000000091ffffff]
[    0.000000]   node   0: [mem 0x0000000092000000-0x000000009277ffff]
[    0.000000]   node   0: [mem 0x0000000092780000-0x00000000b2c9ffff]
[    0.000000]   node   0: [mem 0x00000000b2ca0000-0x00000000b2e9ffff]
[    0.000000]   node   0: [mem 0x00000000b2ea0000-0x00000000b951ffff]
[    0.000000]   node   0: [mem 0x00000000b9520000-0x00000000b952ffff]
[    0.000000]   node   0: [mem 0x00000000b9530000-0x00000000b96cffff]
[    0.000000]   node   0: [mem 0x00000000b96d0000-0x00000000b96dffff]
[    0.000000]   node   0: [mem 0x00000000b96e0000-0x00000000b979ffff]
[    0.000000]   node   0: [mem 0x00000000b97a0000-0x00000000b97bffff]
[    0.000000]   node   0: [mem 0x00000000b97c0000-0x00000000bac1ffff]
[    0.000000]   node   0: [mem 0x00000000bac20000-0x00000000bf72ffff]
[    0.000000]   node   0: [mem 0x00000000bf730000-0x00000000bf85ffff]
[    0.000000]   node   0: [mem 0x00000000bf860000-0x00000000bfceffff]
[    0.000000]   node   0: [mem 0x00000000bfcf0000-0x00000000bfffffff]
[    0.000000]   node   0: [mem 0x0000080000000000-0x000008007fffffff]
[    0.000000]   node   0: [mem 0x00000800c0000000-0x0000087fffffffff]
[    0.000000]   node   1: [mem 0x0000400000000000-0x00004000bfffffff]
[    0.000000]   node   1: [mem 0x0000400100000000-0x0000407fffffffff]
[    0.000000] Zeroed struct page in unavailable ranges: 1310 pages
[    0.000000] Initmem setup node 0 [mem 0x0000000088300000-0x0000087fffffffff]
[    0.000000] Initmem setup node 1 [mem 0x0000400000000000-0x0000407fffffffff]
[    0.000000] psci: probing for conduit method from ACPI.
[    0.000000] psci: PSCIv1.1 detected in firmware.
[    0.000000] psci: Using standard PSCI v0.2 function IDs
[    0.000000] psci: MIGRATE_INFO_TYPE not supported.
[    0.000000] psci: SMC Calling Convention v1.0
[    0.000000] ACPI: NUMA: SRAT: PXM 0 -> MPIDR 0x0 -> Node 0
[    0.000000] ACPI: NUMA: SRAT: PXM 0 -> MPIDR 0x100 -> Node 0
[    0.000000] ACPI: NUMA: SRAT: PXM 0 -> MPIDR 0x10000 -> Node 0
[    0.000000] ACPI: NUMA: SRAT: PXM 0 -> MPIDR 0x10100 -> Node 0
[    0.000000] ACPI: NUMA: SRAT: PXM 0 -> MPIDR 0x20000 -> Node 0
[    0.000000] ACPI: NUMA: SRAT: PXM 0 -> MPIDR 0x20100 -> Node 0
[    0.000000] ACPI: NUMA: SRAT: PXM 0 -> MPIDR 0x30000 -> Node 0
[    0.000000] ACPI: NUMA: SRAT: PXM 0 -> MPIDR 0x30100 -> Node 0
[    0.000000] ACPI: NUMA: SRAT: PXM 0 -> MPIDR 0x40000 -> Node 0
[    0.000000] ACPI: NUMA: SRAT: PXM 0 -> MPIDR 0x40100 -> Node 0
[    0.000000] ACPI: NUMA: SRAT: PXM 0 -> MPIDR 0x50000 -> Node 0
[    0.000000] ACPI: NUMA: SRAT: PXM 0 -> MPIDR 0x50100 -> Node 0
[    0.000000] ACPI: NUMA: SRAT: PXM 0 -> MPIDR 0x60000 -> Node 0
[    0.000000] ACPI: NUMA: SRAT: PXM 0 -> MPIDR 0x60100 -> Node 0
[    0.000000] ACPI: NUMA: SRAT: PXM 0 -> MPIDR 0x70000 -> Node 0
[    0.000000] ACPI: NUMA: SRAT: PXM 0 -> MPIDR 0x70100 -> Node 0
[    0.000000] ACPI: NUMA: SRAT: PXM 0 -> MPIDR 0x80000 -> Node 0
[    0.000000] ACPI: NUMA: SRAT: PXM 0 -> MPIDR 0x80100 -> Node 0
[    0.000000] ACPI: NUMA: SRAT: PXM 0 -> MPIDR 0x90000 -> Node 0
[    0.000000] ACPI: NUMA: SRAT: PXM 0 -> MPIDR 0x90100 -> Node 0
[    0.000000] ACPI: NUMA: SRAT: PXM 0 -> MPIDR 0xa0000 -> Node 0
[    0.000000] ACPI: NUMA: SRAT: PXM 0 -> MPIDR 0xa0100 -> Node 0
[    0.000000] ACPI: NUMA: SRAT: PXM 0 -> MPIDR 0xb0000 -> Node 0
[    0.000000] ACPI: NUMA: SRAT: PXM 0 -> MPIDR 0xb0100 -> Node 0
[    0.000000] ACPI: NUMA: SRAT: PXM 0 -> MPIDR 0xc0000 -> Node 0
[    0.000000] ACPI: NUMA: SRAT: PXM 0 -> MPIDR 0xc0100 -> Node 0
[    0.000000] ACPI: NUMA: SRAT: PXM 0 -> MPIDR 0xd0000 -> Node 0
[    0.000000] ACPI: NUMA: SRAT: PXM 0 -> MPIDR 0xd0100 -> Node 0
[    0.000000] ACPI: NUMA: SRAT: PXM 0 -> MPIDR 0xe0000 -> Node 0
[    0.000000] ACPI: NUMA: SRAT: PXM 0 -> MPIDR 0xe0100 -> Node 0
[    0.000000] ACPI: NUMA: SRAT: PXM 0 -> MPIDR 0xf0000 -> Node 0
[    0.000000] ACPI: NUMA: SRAT: PXM 0 -> MPIDR 0xf0100 -> Node 0
[    0.000000] ACPI: NUMA: SRAT: PXM 0 -> MPIDR 0x100000 -> Node 0
[    0.000000] ACPI: NUMA: SRAT: PXM 0 -> MPIDR 0x100100 -> Node 0
[    0.000000] ACPI: NUMA: SRAT: PXM 0 -> MPIDR 0x110000 -> Node 0
[    0.000000] ACPI: NUMA: SRAT: PXM 0 -> MPIDR 0x110100 -> Node 0
[    0.000000] ACPI: NUMA: SRAT: PXM 0 -> MPIDR 0x120000 -> Node 0
[    0.000000] ACPI: NUMA: SRAT: PXM 0 -> MPIDR 0x120100 -> Node 0
[    0.000000] ACPI: NUMA: SRAT: PXM 0 -> MPIDR 0x130000 -> Node 0
[    0.000000] ACPI: NUMA: SRAT: PXM 0 -> MPIDR 0x130100 -> Node 0
[    0.000000] ACPI: NUMA: SRAT: PXM 0 -> MPIDR 0x140000 -> Node 0
[    0.000000] ACPI: NUMA: SRAT: PXM 0 -> MPIDR 0x140100 -> Node 0
[    0.000000] ACPI: NUMA: SRAT: PXM 0 -> MPIDR 0x150000 -> Node 0
[    0.000000] ACPI: NUMA: SRAT: PXM 0 -> MPIDR 0x150100 -> Node 0
[    0.000000] ACPI: NUMA: SRAT: PXM 0 -> MPIDR 0x160000 -> Node 0
[    0.000000] ACPI: NUMA: SRAT: PXM 0 -> MPIDR 0x160100 -> Node 0
[    0.000000] ACPI: NUMA: SRAT: PXM 0 -> MPIDR 0x170000 -> Node 0
[    0.000000] ACPI: NUMA: SRAT: PXM 0 -> MPIDR 0x170100 -> Node 0
[    0.000000] ACPI: NUMA: SRAT: PXM 0 -> MPIDR 0x180000 -> Node 0
[    0.000000] ACPI: NUMA: SRAT: PXM 0 -> MPIDR 0x180100 -> Node 0
[    0.000000] ACPI: NUMA: SRAT: PXM 0 -> MPIDR 0x190000 -> Node 0
[    0.000000] ACPI: NUMA: SRAT: PXM 0 -> MPIDR 0x190100 -> Node 0
[    0.000000] ACPI: NUMA: SRAT: PXM 0 -> MPIDR 0x1a0000 -> Node 0
[    0.000000] ACPI: NUMA: SRAT: PXM 0 -> MPIDR 0x1a0100 -> Node 0
[    0.000000] ACPI: NUMA: SRAT: PXM 0 -> MPIDR 0x1b0000 -> Node 0
[    0.000000] ACPI: NUMA: SRAT: PXM 0 -> MPIDR 0x1b0100 -> Node 0
[    0.000000] ACPI: NUMA: SRAT: PXM 0 -> MPIDR 0x1c0000 -> Node 0
[    0.000000] ACPI: NUMA: SRAT: PXM 0 -> MPIDR 0x1c0100 -> Node 0
[    0.000000] ACPI: NUMA: SRAT: PXM 0 -> MPIDR 0x1d0000 -> Node 0
[    0.000000] ACPI: NUMA: SRAT: PXM 0 -> MPIDR 0x1d0100 -> Node 0
[    0.000000] ACPI: NUMA: SRAT: PXM 0 -> MPIDR 0x1e0000 -> Node 0
[    0.000000] ACPI: NUMA: SRAT: PXM 0 -> MPIDR 0x1e0100 -> Node 0
[    0.000000] ACPI: NUMA: SRAT: PXM 0 -> MPIDR 0x1f0000 -> Node 0
[    0.000000] ACPI: NUMA: SRAT: PXM 0 -> MPIDR 0x1f0100 -> Node 0
[    0.000000] ACPI: NUMA: SRAT: PXM 0 -> MPIDR 0x200000 -> Node 0
[    0.000000] ACPI: NUMA: SRAT: PXM 0 -> MPIDR 0x200100 -> Node 0
[    0.000000] ACPI: NUMA: SRAT: PXM 0 -> MPIDR 0x210000 -> Node 0
[    0.000000] ACPI: NUMA: SRAT: PXM 0 -> MPIDR 0x210100 -> Node 0
[    0.000000] ACPI: NUMA: SRAT: PXM 0 -> MPIDR 0x220000 -> Node 0
[    0.000000] ACPI: NUMA: SRAT: PXM 0 -> MPIDR 0x220100 -> Node 0
[    0.000000] ACPI: NUMA: SRAT: PXM 0 -> MPIDR 0x230000 -> Node 0
[    0.000000] ACPI: NUMA: SRAT: PXM 0 -> MPIDR 0x230100 -> Node 0
[    0.000000] ACPI: NUMA: SRAT: PXM 0 -> MPIDR 0x240000 -> Node 0
[    0.000000] ACPI: NUMA: SRAT: PXM 0 -> MPIDR 0x240100 -> Node 0
[    0.000000] ACPI: NUMA: SRAT: PXM 0 -> MPIDR 0x250000 -> Node 0
[    0.000000] ACPI: NUMA: SRAT: PXM 0 -> MPIDR 0x250100 -> Node 0
[    0.000000] ACPI: NUMA: SRAT: PXM 0 -> MPIDR 0x260000 -> Node 0
[    0.000000] ACPI: NUMA: SRAT: PXM 0 -> MPIDR 0x260100 -> Node 0
[    0.000000] ACPI: NUMA: SRAT: PXM 0 -> MPIDR 0x270000 -> Node 0
[    0.000000] ACPI: NUMA: SRAT: PXM 0 -> MPIDR 0x270100 -> Node 0
[    0.000000] ACPI: NUMA: SRAT: PXM 1 -> MPIDR 0x100000000 -> Node 1
[    0.000000] ACPI: NUMA: SRAT: PXM 1 -> MPIDR 0x100000100 -> Node 1
[    0.000000] ACPI: NUMA: SRAT: PXM 1 -> MPIDR 0x100010000 -> Node 1
[    0.000000] ACPI: NUMA: SRAT: PXM 1 -> MPIDR 0x100010100 -> Node 1
[    0.000000] ACPI: NUMA: SRAT: PXM 1 -> MPIDR 0x100020000 -> Node 1
[    0.000000] ACPI: NUMA: SRAT: PXM 1 -> MPIDR 0x100020100 -> Node 1
[    0.000000] ACPI: NUMA: SRAT: PXM 1 -> MPIDR 0x100030000 -> Node 1
[    0.000000] ACPI: NUMA: SRAT: PXM 1 -> MPIDR 0x100030100 -> Node 1
[    0.000000] ACPI: NUMA: SRAT: PXM 1 -> MPIDR 0x100040000 -> Node 1
[    0.000000] ACPI: NUMA: SRAT: PXM 1 -> MPIDR 0x100040100 -> Node 1
[    0.000000] ACPI: NUMA: SRAT: PXM 1 -> MPIDR 0x100050000 -> Node 1
[    0.000000] ACPI: NUMA: SRAT: PXM 1 -> MPIDR 0x100050100 -> Node 1
[    0.000000] ACPI: NUMA: SRAT: PXM 1 -> MPIDR 0x100060000 -> Node 1
[    0.000000] ACPI: NUMA: SRAT: PXM 1 -> MPIDR 0x100060100 -> Node 1
[    0.000000] ACPI: NUMA: SRAT: PXM 1 -> MPIDR 0x100070000 -> Node 1
[    0.000000] ACPI: NUMA: SRAT: PXM 1 -> MPIDR 0x100070100 -> Node 1
[    0.000000] ACPI: NUMA: SRAT: PXM 1 -> MPIDR 0x100080000 -> Node 1
[    0.000000] ACPI: NUMA: SRAT: PXM 1 -> MPIDR 0x100080100 -> Node 1
[    0.000000] ACPI: NUMA: SRAT: PXM 1 -> MPIDR 0x100090000 -> Node 1
[    0.000000] ACPI: NUMA: SRAT: PXM 1 -> MPIDR 0x100090100 -> Node 1
[    0.000000] ACPI: NUMA: SRAT: PXM 1 -> MPIDR 0x1000a0000 -> Node 1
[    0.000000] ACPI: NUMA: SRAT: PXM 1 -> MPIDR 0x1000a0100 -> Node 1
[    0.000000] ACPI: NUMA: SRAT: PXM 1 -> MPIDR 0x1000b0000 -> Node 1
[    0.000000] ACPI: NUMA: SRAT: PXM 1 -> MPIDR 0x1000b0100 -> Node 1
[    0.000000] ACPI: NUMA: SRAT: PXM 1 -> MPIDR 0x1000c0000 -> Node 1
[    0.000000] ACPI: NUMA: SRAT: PXM 1 -> MPIDR 0x1000c0100 -> Node 1
[    0.000000] ACPI: NUMA: SRAT: PXM 1 -> MPIDR 0x1000d0000 -> Node 1
[    0.000000] ACPI: NUMA: SRAT: PXM 1 -> MPIDR 0x1000d0100 -> Node 1
[    0.000000] ACPI: NUMA: SRAT: PXM 1 -> MPIDR 0x1000e0000 -> Node 1
[    0.000000] ACPI: NUMA: SRAT: PXM 1 -> MPIDR 0x1000e0100 -> Node 1
[    0.000000] ACPI: NUMA: SRAT: PXM 1 -> MPIDR 0x1000f0000 -> Node 1
[    0.000000] ACPI: NUMA: SRAT: PXM 1 -> MPIDR 0x1000f0100 -> Node 1
[    0.000000] ACPI: NUMA: SRAT: PXM 1 -> MPIDR 0x100100000 -> Node 1
[    0.000000] ACPI: NUMA: SRAT: PXM 1 -> MPIDR 0x100100100 -> Node 1
[    0.000000] ACPI: NUMA: SRAT: PXM 1 -> MPIDR 0x100110000 -> Node 1
[    0.000000] ACPI: NUMA: SRAT: PXM 1 -> MPIDR 0x100110100 -> Node 1
[    0.000000] ACPI: NUMA: SRAT: PXM 1 -> MPIDR 0x100120000 -> Node 1
[    0.000000] ACPI: NUMA: SRAT: PXM 1 -> MPIDR 0x100120100 -> Node 1
[    0.000000] ACPI: NUMA: SRAT: PXM 1 -> MPIDR 0x100130000 -> Node 1
[    0.000000] ACPI: NUMA: SRAT: PXM 1 -> MPIDR 0x100130100 -> Node 1
[    0.000000] ACPI: NUMA: SRAT: PXM 1 -> MPIDR 0x100140000 -> Node 1
[    0.000000] ACPI: NUMA: SRAT: PXM 1 -> MPIDR 0x100140100 -> Node 1
[    0.000000] ACPI: NUMA: SRAT: PXM 1 -> MPIDR 0x100150000 -> Node 1
[    0.000000] ACPI: NUMA: SRAT: PXM 1 -> MPIDR 0x100150100 -> Node 1
[    0.000000] ACPI: NUMA: SRAT: PXM 1 -> MPIDR 0x100160000 -> Node 1
[    0.000000] ACPI: NUMA: SRAT: PXM 1 -> MPIDR 0x100160100 -> Node 1
[    0.000000] ACPI: NUMA: SRAT: PXM 1 -> MPIDR 0x100170000 -> Node 1
[    0.000000] ACPI: NUMA: SRAT: PXM 1 -> MPIDR 0x100170100 -> Node 1
[    0.000000] ACPI: NUMA: SRAT: PXM 1 -> MPIDR 0x100180000 -> Node 1
[    0.000000] ACPI: NUMA: SRAT: PXM 1 -> MPIDR 0x100180100 -> Node 1
[    0.000000] ACPI: NUMA: SRAT: PXM 1 -> MPIDR 0x100190000 -> Node 1
[    0.000000] ACPI: NUMA: SRAT: PXM 1 -> MPIDR 0x100190100 -> Node 1
[    0.000000] ACPI: NUMA: SRAT: PXM 1 -> MPIDR 0x1001a0000 -> Node 1
[    0.000000] ACPI: NUMA: SRAT: PXM 1 -> MPIDR 0x1001a0100 -> Node 1
[    0.000000] ACPI: NUMA: SRAT: PXM 1 -> MPIDR 0x1001b0000 -> Node 1
[    0.000000] ACPI: NUMA: SRAT: PXM 1 -> MPIDR 0x1001b0100 -> Node 1
[    0.000000] ACPI: NUMA: SRAT: PXM 1 -> MPIDR 0x1001c0000 -> Node 1
[    0.000000] ACPI: NUMA: SRAT: PXM 1 -> MPIDR 0x1001c0100 -> Node 1
[    0.000000] ACPI: NUMA: SRAT: PXM 1 -> MPIDR 0x1001d0000 -> Node 1
[    0.000000] ACPI: NUMA: SRAT: PXM 1 -> MPIDR 0x1001d0100 -> Node 1
[    0.000000] ACPI: NUMA: SRAT: PXM 1 -> MPIDR 0x1001e0000 -> Node 1
[    0.000000] ACPI: NUMA: SRAT: PXM 1 -> MPIDR 0x1001e0100 -> Node 1
[    0.000000] ACPI: NUMA: SRAT: PXM 1 -> MPIDR 0x1001f0000 -> Node 1
[    0.000000] ACPI: NUMA: SRAT: PXM 1 -> MPIDR 0x1001f0100 -> Node 1
[    0.000000] ACPI: NUMA: SRAT: PXM 1 -> MPIDR 0x100200000 -> Node 1
[    0.000000] ACPI: NUMA: SRAT: PXM 1 -> MPIDR 0x100200100 -> Node 1
[    0.000000] ACPI: NUMA: SRAT: PXM 1 -> MPIDR 0x100210000 -> Node 1
[    0.000000] ACPI: NUMA: SRAT: PXM 1 -> MPIDR 0x100210100 -> Node 1
[    0.000000] ACPI: NUMA: SRAT: PXM 1 -> MPIDR 0x100220000 -> Node 1
[    0.000000] ACPI: NUMA: SRAT: PXM 1 -> MPIDR 0x100220100 -> Node 1
[    0.000000] ACPI: NUMA: SRAT: PXM 1 -> MPIDR 0x100230000 -> Node 1
[    0.000000] ACPI: NUMA: SRAT: PXM 1 -> MPIDR 0x100230100 -> Node 1
[    0.000000] ACPI: NUMA: SRAT: PXM 1 -> MPIDR 0x100240000 -> Node 1
[    0.000000] ACPI: NUMA: SRAT: PXM 1 -> MPIDR 0x100240100 -> Node 1
[    0.000000] ACPI: NUMA: SRAT: PXM 1 -> MPIDR 0x100250000 -> Node 1
[    0.000000] ACPI: NUMA: SRAT: PXM 1 -> MPIDR 0x100250100 -> Node 1
[    0.000000] ACPI: NUMA: SRAT: PXM 1 -> MPIDR 0x100260000 -> Node 1
[    0.000000] ACPI: NUMA: SRAT: PXM 1 -> MPIDR 0x100260100 -> Node 1
[    0.000000] ACPI: NUMA: SRAT: PXM 1 -> MPIDR 0x100270000 -> Node 1
[    0.000000] ACPI: NUMA: SRAT: PXM 1 -> MPIDR 0x100270100 -> Node 1
[    0.000000] percpu: Embedded 10 pages/cpu s583704 r8192 d63464 u655360
[    0.000000] Detected PIPT I-cache on CPU0
[    0.000000] CPU features: detected: Virtualization Host Extensions
[    0.000000] CPU features: kernel page table isolation forced ON by KASLR
[    0.000000] CPU features: detected: Kernel page table isolation (KPTI)
[    0.000000] CPU features: detected: Hardware dirty bit management
[    0.000000] CPU features: detected: Speculative Store Bypassing Safe (SSBS)
[    0.000000] Built 2 zonelists, mobility grouping on.  Total pages: 16740371
[    0.000000] Policy zone: Normal
[    0.000000] Kernel command line: BOOT_IMAGE=(hd0,gpt2)/vmlinuz-4.18.0-193.el8.aarch64 root=/dev/mapper/cl-root ro crashkernel=auto rd.lvm.lv=cl/root rd.lvm.lv=cl/swap
[    0.000000] Specific versions of hardware are certified with Red Hat Enterprise Linux 8. Please see the list of hardware certified with Red Hat Enterprise Linux 8 at https://access.redhat.com/ecosystem.
[    0.000000] printk: log_buf_len individual max cpu contribution: 4096 bytes
[    0.000000] printk: log_buf_len total cpu_extra contributions: 651264 bytes
[    0.000000] printk: log_buf_len min size: 1048576 bytes
[    0.000000] printk: log_buf_len: 2097152 bytes
[    0.000000] printk: early log buf free: 1027020(97%)
[    0.000000] software IO TLB: mapped [mem 0xb5520000-0xb9520000] (64MB)
[    0.000000] Memory: 1070901120K/1072432128K available (9404K kernel code, 3494K rwdata, 6784K rodata, 5056K init, 9143K bss, 1531008K reserved, 0K cma-reserved)
[    0.000000] random: get_random_u64 called from cache_random_seq_create+0x88/0x158 with crng_init=0
[    0.000000] SLUB: HWalign=64, Order=0-3, MinObjects=0, CPUs=160, Nodes=2
[    0.000000] ftrace: allocating 33653 entries in 9 pages
[    0.000000] rcu: Hierarchical RCU implementation.
[    0.000000] rcu: RCU restricting CPUs from NR_CPUS=4096 to nr_cpu_ids=160.
[    0.000000] rcu: RCU calculated value of scheduler-enlistment delay is 10 jiffies.
[    0.000000] rcu: Adjusting geometry for rcu_fanout_leaf=16, nr_cpu_ids=160
[    0.000000] NR_IRQS: 64, nr_irqs: 64, preallocated irqs: 0
[    0.000000] GICv3: GIC: Using split EOI/Deactivate mode
[    0.000000] GICv3: Distributor has no Range Selector support
[    0.000000] GICv3: no VLPI support, no direct LPI support
[    0.000000] GICv3: CPU0: found redistributor 120000 region 0:0x00001001005c0000
[    0.000000] SRAT: PXM 0 -> ITS 2 -> Node 0
[    0.000000] SRAT: PXM 0 -> ITS 3 -> Node 0
[    0.000000] SRAT: PXM 0 -> ITS 4 -> Node 0
[    0.000000] SRAT: PXM 0 -> ITS 5 -> Node 0
[    0.000000] SRAT: PXM 0 -> ITS 6 -> Node 0
[    0.000000] SRAT: PXM 0 -> ITS 7 -> Node 0
[    0.000000] SRAT: PXM 1 -> ITS 10 -> Node 1
[    0.000000] SRAT: PXM 1 -> ITS 11 -> Node 1
[    0.000000] SRAT: PXM 1 -> ITS 12 -> Node 1
[    0.000000] SRAT: PXM 1 -> ITS 13 -> Node 1
[    0.000000] SRAT: PXM 1 -> ITS 14 -> Node 1
[    0.000000] SRAT: PXM 1 -> ITS 15 -> Node 1
[    0.000000] ITS [mem 0x100100080000-0x10010009ffff]
[    0.000000] ITS@0x0000100100080000: allocated 8192 Devices @87fc0d30000 (indirect, esz 8, psz 64K, shr 1)
[    0.000000] ITS@0x0000100100080000: allocated 32768 Interrupt Collections @87fc0d40000 (flat, esz 2, psz 64K, shr 1)
[    0.000000] ITS [mem 0x1001000a0000-0x1001000bffff]
[    0.000000] ITS@0x00001001000a0000: allocated 8192 Devices @87fc0d60000 (indirect, esz 8, psz 64K, shr 1)
[    0.000000] ITS@0x00001001000a0000: allocated 32768 Interrupt Collections @87fc0d70000 (flat, esz 2, psz 64K, shr 1)
[    0.000000] ITS [mem 0x1001000c0000-0x1001000dffff]
[    0.000000] ITS@0x00001001000c0000: allocated 8192 Devices @87fc0d90000 (indirect, esz 8, psz 64K, shr 1)
[    0.000000] ITS@0x00001001000c0000: allocated 32768 Interrupt Collections @87fc0da0000 (flat, esz 2, psz 64K, shr 1)
[    0.000000] ITS [mem 0x1001000e0000-0x1001000fffff]
[    0.000000] ITS@0x00001001000e0000: allocated 8192 Devices @87fc0dc0000 (indirect, esz 8, psz 64K, shr 1)
[    0.000000] ITS@0x00001001000e0000: allocated 32768 Interrupt Collections @87fc0dd0000 (flat, esz 2, psz 64K, shr 1)
[    0.000000] ITS [mem 0x100100100000-0x10010011ffff]
[    0.000000] ITS@0x0000100100100000: allocated 8192 Devices @87fc0df0000 (indirect, esz 8, psz 64K, shr 1)
[    0.000000] ITS@0x0000100100100000: allocated 32768 Interrupt Collections @87fc0e00000 (flat, esz 2, psz 64K, shr 1)
[    0.000000] ITS [mem 0x100100120000-0x10010013ffff]
[    0.000000] ITS@0x0000100100120000: allocated 8192 Devices @87fc0e20000 (indirect, esz 8, psz 64K, shr 1)
[    0.000000] ITS@0x0000100100120000: allocated 32768 Interrupt Collections @87fc0e30000 (flat, esz 2, psz 64K, shr 1)
[    0.000000] ITS [mem 0x500100080000-0x50010009ffff]
[    0.000000] ITS@0x0000500100080000: allocated 8192 Devices @87fc0e50000 (indirect, esz 8, psz 64K, shr 1)
[    0.000000] ITS@0x0000500100080000: allocated 32768 Interrupt Collections @87fc0e60000 (flat, esz 2, psz 64K, shr 1)
[    0.000000] ITS [mem 0x5001000a0000-0x5001000bffff]
[    0.000000] ITS@0x00005001000a0000: allocated 8192 Devices @87fc0e80000 (indirect, esz 8, psz 64K, shr 1)
[    0.000000] ITS@0x00005001000a0000: allocated 32768 Interrupt Collections @87fc0e90000 (flat, esz 2, psz 64K, shr 1)
[    0.000000] ITS [mem 0x5001000c0000-0x5001000dffff]
[    0.000000] ITS@0x00005001000c0000: allocated 8192 Devices @87fc0eb0000 (indirect, esz 8, psz 64K, shr 1)
[    0.000000] ITS@0x00005001000c0000: allocated 32768 Interrupt Collections @87fc0ec0000 (flat, esz 2, psz 64K, shr 1)
[    0.000000] ITS [mem 0x5001000e0000-0x5001000fffff]
[    0.000000] ITS@0x00005001000e0000: allocated 8192 Devices @87fc0ee0000 (indirect, esz 8, psz 64K, shr 1)
[    0.000000] ITS@0x00005001000e0000: allocated 32768 Interrupt Collections @87fc0ef0000 (flat, esz 2, psz 64K, shr 1)
[    0.000000] ITS [mem 0x500100100000-0x50010011ffff]
[    0.000000] ITS@0x0000500100100000: allocated 8192 Devices @87fc0f10000 (indirect, esz 8, psz 64K, shr 1)
[    0.000000] ITS@0x0000500100100000: allocated 32768 Interrupt Collections @87fc0f20000 (flat, esz 2, psz 64K, shr 1)
[    0.000000] ITS [mem 0x500100120000-0x50010013ffff]
[    0.000000] ITS@0x0000500100120000: allocated 8192 Devices @87fc0f40000 (indirect, esz 8, psz 64K, shr 1)
[    0.000000] ITS@0x0000500100120000: allocated 32768 Interrupt Collections @87fc0f50000 (flat, esz 2, psz 64K, shr 1)
[    0.000000] GICv3: using LPI property table @0x0000087fc0f60000
[    0.000000] GICv3: CPU0: using allocated LPI pending table @0x0000087fc0f80000
[    0.000000] ACPI GTDT: found 1 memory-mapped timer block(s).
[    0.000000] arch_timer: cp15 and mmio timer(s) running at 25.00MHz (phys/phys).
[    0.000000] clocksource: arch_sys_counter: mask: 0xffffffffffffff max_cycles: 0x5c40939b5, max_idle_ns: 440795202646 ns
[    0.000000] sched_clock: 56 bits at 25MHz, resolution 40ns, wraps every 4398046511100ns
[    0.000367] Console: colour dummy device 80x25
[    0.000610] mempolicy: Enabling automatic NUMA balancing. Configure with numa_balancing= or the kernel.numa_balancing sysctl
[    0.000631] ACPI: Core revision 20190703
[    0.001121] Calibrating delay loop (skipped), value calculated using timer frequency.. 50.00 BogoMIPS (lpj=250000)
[    0.001123] pid_max: default: 163840 minimum: 1280
[    0.001524] Security Framework initialized
[    0.001525] Yama: becoming mindful.
[    0.001529] SELinux:  Initializing.
[    0.033277] Dentry cache hash table entries: 33554432 (order: 12, 268435456 bytes)
[    0.049047] Inode-cache hash table entries: 16777216 (order: 11, 134217728 bytes)
[    0.049629] Mount-cache hash table entries: 524288 (order: 6, 4194304 bytes)
[    0.050126] Mountpoint-cache hash table entries: 524288 (order: 6, 4194304 bytes)
[    0.052997] ASID allocator initialised with 32768 entries
[    0.053014] rcu: Hierarchical SRCU implementation.
[    0.053342] Platform MSI: ITS@0x100100080000 domain created
[    0.053345] Platform MSI: ITS@0x1001000a0000 domain created
[    0.053347] Platform MSI: ITS@0x1001000c0000 domain created
[    0.053349] Platform MSI: ITS@0x1001000e0000 domain created
[    0.053351] Platform MSI: ITS@0x100100100000 domain created
[    0.053353] Platform MSI: ITS@0x100100120000 domain created
[    0.053354] Platform MSI: ITS@0x500100080000 domain created
[    0.053356] Platform MSI: ITS@0x5001000a0000 domain created
[    0.053358] Platform MSI: ITS@0x5001000c0000 domain created
[    0.053360] Platform MSI: ITS@0x5001000e0000 domain created
[    0.053362] Platform MSI: ITS@0x500100100000 domain created
[    0.053363] Platform MSI: ITS@0x500100120000 domain created
[    0.053369] PCI/MSI: ITS@0x100100080000 domain created
[    0.053371] PCI/MSI: ITS@0x1001000a0000 domain created
[    0.053373] PCI/MSI: ITS@0x1001000c0000 domain created
[    0.053374] PCI/MSI: ITS@0x1001000e0000 domain created
[    0.053376] PCI/MSI: ITS@0x100100100000 domain created
[    0.053377] PCI/MSI: ITS@0x100100120000 domain created
[    0.053379] PCI/MSI: ITS@0x500100080000 domain created
[    0.053381] PCI/MSI: ITS@0x5001000a0000 domain created
[    0.053382] PCI/MSI: ITS@0x5001000c0000 domain created
[    0.053384] PCI/MSI: ITS@0x5001000e0000 domain created
[    0.053385] PCI/MSI: ITS@0x500100100000 domain created
[    0.053387] PCI/MSI: ITS@0x500100120000 domain created
[    0.053395] Remapping and enabling EFI services.
[    0.056625] smp: Bringing up secondary CPUs ...
[    0.056881] Detected PIPT I-cache on CPU1
[    0.056902] GICv3: CPU1: found redistributor 1a0000 region 0:0x00001001007c0000
[    0.056967] GICv3: CPU1: using allocated LPI pending table @0x0000087fc0f90000
[    0.057053] CPU1: Booted secondary processor 0x00001a0000 [0x413fd0c1]
[    0.057516] Detected PIPT I-cache on CPU2
[    0.057532] GICv3: CPU2: found redistributor 140000 region 0:0x0000100100640000
[    0.057598] GICv3: CPU2: using allocated LPI pending table @0x0000087fc0fa0000
[    0.057691] CPU2: Booted secondary processor 0x0000140000 [0x413fd0c1]
[    0.058121] Detected PIPT I-cache on CPU3
[    0.058138] GICv3: CPU3: found redistributor 1c0000 region 0:0x0000100100840000
[    0.058203] GICv3: CPU3: using allocated LPI pending table @0x0000087fc0fb0000
[    0.058296] CPU3: Booted secondary processor 0x00001c0000 [0x413fd0c1]
[    0.058687] Detected PIPT I-cache on CPU4
[    0.058702] GICv3: CPU4: found redistributor 100000 region 0:0x0000100100540000
[    0.058765] GICv3: CPU4: using allocated LPI pending table @0x0000087fc0fc0000
[    0.058849] CPU4: Booted secondary processor 0x0000100000 [0x413fd0c1]
[    0.059268] Detected PIPT I-cache on CPU5
[    0.059285] GICv3: CPU5: found redistributor 180000 region 0:0x0000100100740000
[    0.059352] GICv3: CPU5: using allocated LPI pending table @0x0000087fc0fd0000
[    0.059437] CPU5: Booted secondary processor 0x0000180000 [0x413fd0c1]
[    0.059928] Detected PIPT I-cache on CPU6
[    0.059944] GICv3: CPU6: found redistributor 160000 region 0:0x00001001006c0000
[    0.060010] GICv3: CPU6: using allocated LPI pending table @0x0000087fc0fe0000
[    0.060104] CPU6: Booted secondary processor 0x0000160000 [0x413fd0c1]
[    0.060521] Detected PIPT I-cache on CPU7
[    0.060538] GICv3: CPU7: found redistributor 1e0000 region 0:0x00001001008c0000
[    0.060606] GICv3: CPU7: using allocated LPI pending table @0x0000087fc0ff0000
[    0.060701] CPU7: Booted secondary processor 0x00001e0000 [0x413fd0c1]
[    0.061121] Detected PIPT I-cache on CPU8
[    0.061133] GICv3: CPU8: found redistributor a0000 region 0:0x00001001003c0000
[    0.061201] GICv3: CPU8: using allocated LPI pending table @0x0000087fc1000000
[    0.061296] CPU8: Booted secondary processor 0x00000a0000 [0x413fd0c1]
[    0.061686] Detected PIPT I-cache on CPU9
[    0.061704] GICv3: CPU9: found redistributor 220000 region 0:0x00001001009c0000
[    0.061774] GICv3: CPU9: using allocated LPI pending table @0x0000087fc1010000
[    0.061858] CPU9: Booted secondary processor 0x0000220000 [0x413fd0c1]
[    0.062267] Detected PIPT I-cache on CPU10
[    0.062281] GICv3: CPU10: found redistributor c0000 region 0:0x0000100100440000
[    0.062357] GICv3: CPU10: using allocated LPI pending table @0x0000087fc1020000
[    0.062443] CPU10: Booted secondary processor 0x00000c0000 [0x413fd0c1]
[    0.062864] Detected PIPT I-cache on CPU11
[    0.062882] GICv3: CPU11: found redistributor 240000 region 0:0x0000100100a40000
[    0.062952] GICv3: CPU11: using allocated LPI pending table @0x0000087fc1030000
[    0.063040] CPU11: Booted secondary processor 0x0000240000 [0x413fd0c1]
[    0.063465] Detected PIPT I-cache on CPU12
[    0.063477] GICv3: CPU12: found redistributor 80000 region 0:0x0000100100340000
[    0.063549] GICv3: CPU12: using allocated LPI pending table @0x0000087fc1040000
[    0.063637] CPU12: Booted secondary processor 0x0000080000 [0x413fd0c1]
[    0.064063] Detected PIPT I-cache on CPU13
[    0.064082] GICv3: CPU13: found redistributor 200000 region 0:0x0000100100940000
[    0.064154] GICv3: CPU13: using allocated LPI pending table @0x0000087fc1050000
[    0.064240] CPU13: Booted secondary processor 0x0000200000 [0x413fd0c1]
[    0.064668] Detected PIPT I-cache on CPU14
[    0.064682] GICv3: CPU14: found redistributor e0000 region 0:0x00001001004c0000
[    0.064758] GICv3: CPU14: using allocated LPI pending table @0x0000087fc1060000
[    0.064846] CPU14: Booted secondary processor 0x00000e0000 [0x413fd0c1]
[    0.065265] Detected PIPT I-cache on CPU15
[    0.065283] GICv3: CPU15: found redistributor 260000 region 0:0x0000100100ac0000
[    0.065358] GICv3: CPU15: using allocated LPI pending table @0x0000087fc1070000
[    0.065445] CPU15: Booted secondary processor 0x0000260000 [0x413fd0c1]
[    0.065865] Detected PIPT I-cache on CPU16
[    0.065877] GICv3: CPU16: found redistributor 20000 region 0:0x00001001001c0000
[    0.065949] GICv3: CPU16: using allocated LPI pending table @0x0000087fc1080000
[    0.066038] CPU16: Booted secondary processor 0x0000020000 [0x413fd0c1]
[    0.066467] Detected PIPT I-cache on CPU17
[    0.066480] GICv3: CPU17: found redistributor 40000 region 0:0x0000100100240000
[    0.066555] GICv3: CPU17: using allocated LPI pending table @0x0000087fc1090000
[    0.066645] CPU17: Booted secondary processor 0x0000040000 [0x413fd0c1]
[    0.067074] Detected PIPT I-cache on CPU18
[    0.067086] GICv3: CPU18: found redistributor 0 region 0:0x0000100100140000
[    0.067162] GICv3: CPU18: using allocated LPI pending table @0x0000087fc10a0000
[    0.067250] CPU18: Booted secondary processor 0x0000000000 [0x413fd0c1]
[    0.067665] Detected PIPT I-cache on CPU19
[    0.067678] GICv3: CPU19: found redistributor 60000 region 0:0x00001001002c0000
[    0.067755] GICv3: CPU19: using allocated LPI pending table @0x0000087fc10b0000
[    0.067847] CPU19: Booted secondary processor 0x0000060000 [0x413fd0c1]
[    0.068334] Detected PIPT I-cache on CPU20
[    0.068348] GICv3: CPU20: found redistributor 130000 region 0:0x0000100100600000
[    0.068423] GICv3: CPU20: using allocated LPI pending table @0x0000087fc10c0000
[    0.068517] CPU20: Booted secondary processor 0x0000130000 [0x413fd0c1]
[    0.068933] Detected PIPT I-cache on CPU21
[    0.068949] GICv3: CPU21: found redistributor 1b0000 region 0:0x0000100100800000
[    0.069026] GICv3: CPU21: using allocated LPI pending table @0x0000087fc10d0000
[    0.069119] CPU21: Booted secondary processor 0x00001b0000 [0x413fd0c1]
[    0.069535] Detected PIPT I-cache on CPU22
[    0.069549] GICv3: CPU22: found redistributor 150000 region 0:0x0000100100680000
[    0.069627] GICv3: CPU22: using allocated LPI pending table @0x0000087fc10e0000
[    0.069720] CPU22: Booted secondary processor 0x0000150000 [0x413fd0c1]
[    0.070128] Detected PIPT I-cache on CPU23
[    0.070145] GICv3: CPU23: found redistributor 1d0000 region 0:0x0000100100880000
[    0.070225] GICv3: CPU23: using allocated LPI pending table @0x0000087fc10f0000
[    0.070319] CPU23: Booted secondary processor 0x00001d0000 [0x413fd0c1]
[    0.070719] Detected PIPT I-cache on CPU24
[    0.070732] GICv3: CPU24: found redistributor 110000 region 0:0x0000100100580000
[    0.070810] GICv3: CPU24: using allocated LPI pending table @0x0000087fc1100000
[    0.070904] CPU24: Booted secondary processor 0x0000110000 [0x413fd0c1]
[    0.071280] Detected PIPT I-cache on CPU25
[    0.071298] GICv3: CPU25: found redistributor 190000 region 0:0x0000100100780000
[    0.071379] GICv3: CPU25: using allocated LPI pending table @0x0000087fc1110000
[    0.071463] CPU25: Booted secondary processor 0x0000190000 [0x413fd0c1]
[    0.071930] Detected PIPT I-cache on CPU26
[    0.071946] GICv3: CPU26: found redistributor 170000 region 0:0x0000100100700000
[    0.072026] GICv3: CPU26: using allocated LPI pending table @0x0000087fc1120000
[    0.072122] CPU26: Booted secondary processor 0x0000170000 [0x413fd0c1]
[    0.072534] Detected PIPT I-cache on CPU27
[    0.072551] GICv3: CPU27: found redistributor 1f0000 region 0:0x0000100100900000
[    0.072635] GICv3: CPU27: using allocated LPI pending table @0x0000087fc1130000
[    0.072731] CPU27: Booted secondary processor 0x00001f0000 [0x413fd0c1]
[    0.073125] Detected PIPT I-cache on CPU28
[    0.073137] GICv3: CPU28: found redistributor b0000 region 0:0x0000100100400000
[    0.073218] GICv3: CPU28: using allocated LPI pending table @0x0000087fc1140000
[    0.073315] CPU28: Booted secondary processor 0x00000b0000 [0x413fd0c1]
[    0.073722] Detected PIPT I-cache on CPU29
[    0.073741] GICv3: CPU29: found redistributor 230000 region 0:0x0000100100a00000
[    0.073825] GICv3: CPU29: using allocated LPI pending table @0x0000087fc1150000
[    0.073919] CPU29: Booted secondary processor 0x0000230000 [0x413fd0c1]
[    0.074319] Detected PIPT I-cache on CPU30
[    0.074332] GICv3: CPU30: found redistributor d0000 region 0:0x0000100100480000
[    0.074415] GICv3: CPU30: using allocated LPI pending table @0x0000087fc1160000
[    0.074512] CPU30: Booted secondary processor 0x00000d0000 [0x413fd0c1]
[    0.074888] Detected PIPT I-cache on CPU31
[    0.074906] GICv3: CPU31: found redistributor 250000 region 0:0x0000100100a80000
[    0.074991] GICv3: CPU31: using allocated LPI pending table @0x0000087fc1170000
[    0.075078] CPU31: Booted secondary processor 0x0000250000 [0x413fd0c1]
[    0.075535] Detected PIPT I-cache on CPU32
[    0.075547] GICv3: CPU32: found redistributor 90000 region 0:0x0000100100380000
[    0.075632] GICv3: CPU32: using allocated LPI pending table @0x0000087fc1180000
[    0.075727] CPU32: Booted secondary processor 0x0000090000 [0x413fd0c1]
[    0.076111] Detected PIPT I-cache on CPU33
[    0.076130] GICv3: CPU33: found redistributor 210000 region 0:0x0000100100980000
[    0.076216] GICv3: CPU33: using allocated LPI pending table @0x0000087fc1190000
[    0.076310] CPU33: Booted secondary processor 0x0000210000 [0x413fd0c1]
[    0.076688] Detected PIPT I-cache on CPU34
[    0.076703] GICv3: CPU34: found redistributor f0000 region 0:0x0000100100500000
[    0.076790] GICv3: CPU34: using allocated LPI pending table @0x0000087fc11a0000
[    0.076879] CPU34: Booted secondary processor 0x00000f0000 [0x413fd0c1]
[    0.077269] Detected PIPT I-cache on CPU35
[    0.077288] GICv3: CPU35: found redistributor 270000 region 0:0x0000100100b00000
[    0.077376] GICv3: CPU35: using allocated LPI pending table @0x0000087fc11b0000
[    0.077466] CPU35: Booted secondary processor 0x0000270000 [0x413fd0c1]
[    0.077935] Detected PIPT I-cache on CPU36
[    0.077947] GICv3: CPU36: found redistributor 30000 region 0:0x0000100100200000
[    0.078032] GICv3: CPU36: using allocated LPI pending table @0x0000087fc11c0000
[    0.078130] CPU36: Booted secondary processor 0x0000030000 [0x413fd0c1]
[    0.078527] Detected PIPT I-cache on CPU37
[    0.078539] GICv3: CPU37: found redistributor 50000 region 0:0x0000100100280000
[    0.078627] GICv3: CPU37: using allocated LPI pending table @0x0000087fc11d0000
[    0.078726] CPU37: Booted secondary processor 0x0000050000 [0x413fd0c1]
[    0.079120] Detected PIPT I-cache on CPU38
[    0.079132] GICv3: CPU38: found redistributor 10000 region 0:0x0000100100180000
[    0.079220] GICv3: CPU38: using allocated LPI pending table @0x0000087fc11e0000
[    0.079318] CPU38: Booted secondary processor 0x0000010000 [0x413fd0c1]
[    0.079724] Detected PIPT I-cache on CPU39
[    0.079736] GICv3: CPU39: found redistributor 70000 region 0:0x0000100100300000
[    0.079825] GICv3: CPU39: using allocated LPI pending table @0x0000087fc11f0000
[    0.079924] CPU39: Booted secondary processor 0x0000070000 [0x413fd0c1]
[    0.080320] Detected PIPT I-cache on CPU40
[    0.080331] GICv3: CPU40: found redistributor 120100 region 0:0x00001001005e0000
[    0.080413] GICv3: CPU40: using allocated LPI pending table @0x0000087fc1200000
[    0.080508] CPU40: Booted secondary processor 0x0000120100 [0x413fd0c1]
[    0.080857] Detected PIPT I-cache on CPU41
[    0.080872] GICv3: CPU41: found redistributor 1a0100 region 0:0x00001001007e0000
[    0.080954] GICv3: CPU41: using allocated LPI pending table @0x0000087fc1210000
[    0.081045] CPU41: Booted secondary processor 0x00001a0100 [0x413fd0c1]
[    0.081336] Detected PIPT I-cache on CPU42
[    0.081349] GICv3: CPU42: found redistributor 140100 region 0:0x0000100100660000
[    0.081428] GICv3: CPU42: using allocated LPI pending table @0x0000087fc1220000
[    0.081522] CPU42: Booted secondary processor 0x0000140100 [0x413fd0c1]
[    0.081931] Detected PIPT I-cache on CPU43
[    0.081945] GICv3: CPU43: found redistributor 1c0100 region 0:0x0000100100860000
[    0.082025] GICv3: CPU43: using allocated LPI pending table @0x0000087fc1230000
[    0.082119] CPU43: Booted secondary processor 0x00001c0100 [0x413fd0c1]
[    0.082522] Detected PIPT I-cache on CPU44
[    0.082533] GICv3: CPU44: found redistributor 100100 region 0:0x0000100100560000
[    0.082612] GICv3: CPU44: using allocated LPI pending table @0x0000087fc1240000
[    0.082708] CPU44: Booted secondary processor 0x0000100100 [0x413fd0c1]
[    0.083125] Detected PIPT I-cache on CPU45
[    0.083140] GICv3: CPU45: found redistributor 180100 region 0:0x0000100100760000
[    0.083221] GICv3: CPU45: using allocated LPI pending table @0x0000087fc1250000
[    0.083315] CPU45: Booted secondary processor 0x0000180100 [0x413fd0c1]
[    0.083733] Detected PIPT I-cache on CPU46
[    0.083747] GICv3: CPU46: found redistributor 160100 region 0:0x00001001006e0000
[    0.083827] GICv3: CPU46: using allocated LPI pending table @0x0000087fc1260000
[    0.083922] CPU46: Booted secondary processor 0x0000160100 [0x413fd0c1]
[    0.084324] Detected PIPT I-cache on CPU47
[    0.084340] GICv3: CPU47: found redistributor 1e0100 region 0:0x00001001008e0000
[    0.084421] GICv3: CPU47: using allocated LPI pending table @0x0000087fc1270000
[    0.084518] CPU47: Booted secondary processor 0x00001e0100 [0x413fd0c1]
[    0.084922] Detected PIPT I-cache on CPU48
[    0.084933] GICv3: CPU48: found redistributor a0100 region 0:0x00001001003e0000
[    0.085019] GICv3: CPU48: using allocated LPI pending table @0x0000087fc1280000
[    0.085117] CPU48: Booted secondary processor 0x00000a0100 [0x413fd0c1]
[    0.085528] Detected PIPT I-cache on CPU49
[    0.085545] GICv3: CPU49: found redistributor 220100 region 0:0x00001001009e0000
[    0.085624] GICv3: CPU49: using allocated LPI pending table @0x0000087fc1290000
[    0.085720] CPU49: Booted secondary processor 0x0000220100 [0x413fd0c1]
[    0.086122] Detected PIPT I-cache on CPU50
[    0.086135] GICv3: CPU50: found redistributor c0100 region 0:0x0000100100460000
[    0.086213] GICv3: CPU50: using allocated LPI pending table @0x0000087fc12a0000
[    0.086310] CPU50: Booted secondary processor 0x00000c0100 [0x413fd0c1]
[    0.086724] Detected PIPT I-cache on CPU51
[    0.086741] GICv3: CPU51: found redistributor 240100 region 0:0x0000100100a60000
[    0.086821] GICv3: CPU51: using allocated LPI pending table @0x0000087fc12b0000
[    0.086916] CPU51: Booted secondary processor 0x0000240100 [0x413fd0c1]
[    0.087326] Detected PIPT I-cache on CPU52
[    0.087337] GICv3: CPU52: found redistributor 80100 region 0:0x0000100100360000
[    0.087416] GICv3: CPU52: using allocated LPI pending table @0x0000087fc12c0000
[    0.087513] CPU52: Booted secondary processor 0x0000080100 [0x413fd0c1]
[    0.087922] Detected PIPT I-cache on CPU53
[    0.087937] GICv3: CPU53: found redistributor 200100 region 0:0x0000100100960000
[    0.088019] GICv3: CPU53: using allocated LPI pending table @0x0000087fc12d0000
[    0.088113] CPU53: Booted secondary processor 0x0000200100 [0x413fd0c1]
[    0.088529] Detected PIPT I-cache on CPU54
[    0.088542] GICv3: CPU54: found redistributor e0100 region 0:0x00001001004e0000
[    0.088633] GICv3: CPU54: using allocated LPI pending table @0x0000087fc12e0000
[    0.088730] CPU54: Booted secondary processor 0x00000e0100 [0x413fd0c1]
[    0.089133] Detected PIPT I-cache on CPU55
[    0.089150] GICv3: CPU55: found redistributor 260100 region 0:0x0000100100ae0000
[    0.089231] GICv3: CPU55: using allocated LPI pending table @0x0000087fc12f0000
[    0.089326] CPU55: Booted secondary processor 0x0000260100 [0x413fd0c1]
[    0.089725] Detected PIPT I-cache on CPU56
[    0.089734] GICv3: CPU56: found redistributor 20100 region 0:0x00001001001e0000
[    0.089815] GICv3: CPU56: using allocated LPI pending table @0x0000087fc1300000
[    0.089913] CPU56: Booted secondary processor 0x0000020100 [0x413fd0c1]
[    0.090329] Detected PIPT I-cache on CPU57
[    0.090339] GICv3: CPU57: found redistributor 40100 region 0:0x0000100100260000
[    0.090419] GICv3: CPU57: using allocated LPI pending table @0x0000087fc1310000
[    0.090516] CPU57: Booted secondary processor 0x0000040100 [0x413fd0c1]
[    0.090928] Detected PIPT I-cache on CPU58
[    0.090937] GICv3: CPU58: found redistributor 100 region 0:0x0000100100160000
[    0.091017] GICv3: CPU58: using allocated LPI pending table @0x0000087fc1320000
[    0.091114] CPU58: Booted secondary processor 0x0000000100 [0x413fd0c1]
[    0.091528] Detected PIPT I-cache on CPU59
[    0.091539] GICv3: CPU59: found redistributor 60100 region 0:0x00001001002e0000
[    0.091619] GICv3: CPU59: using allocated LPI pending table @0x0000087fc1330000
[    0.091720] CPU59: Booted secondary processor 0x0000060100 [0x413fd0c1]
[    0.092129] Detected PIPT I-cache on CPU60
[    0.092142] GICv3: CPU60: found redistributor 130100 region 0:0x0000100100620000
[    0.092222] GICv3: CPU60: using allocated LPI pending table @0x0000087fc1340000
[    0.092319] CPU60: Booted secondary processor 0x0000130100 [0x413fd0c1]
[    0.092720] Detected PIPT I-cache on CPU61
[    0.092735] GICv3: CPU61: found redistributor 1b0100 region 0:0x0000100100820000
[    0.092816] GICv3: CPU61: using allocated LPI pending table @0x0000087fc1350000
[    0.092912] CPU61: Booted secondary processor 0x00001b0100 [0x413fd0c1]
[    0.093263] Detected PIPT I-cache on CPU62
[    0.093276] GICv3: CPU62: found redistributor 150100 region 0:0x00001001006a0000
[    0.093358] GICv3: CPU62: using allocated LPI pending table @0x0000087fc1360000
[    0.093444] CPU62: Booted secondary processor 0x0000150100 [0x413fd0c1]
[    0.093740] Detected PIPT I-cache on CPU63
[    0.093754] GICv3: CPU63: found redistributor 1d0100 region 0:0x00001001008a0000
[    0.093835] GICv3: CPU63: using allocated LPI pending table @0x0000087fc1370000
[    0.093930] CPU63: Booted secondary processor 0x00001d0100 [0x413fd0c1]
[    0.094320] Detected PIPT I-cache on CPU64
[    0.094332] GICv3: CPU64: found redistributor 110100 region 0:0x00001001005a0000
[    0.094414] GICv3: CPU64: using allocated LPI pending table @0x0000087fc1380000
[    0.094509] CPU64: Booted secondary processor 0x0000110100 [0x413fd0c1]
[    0.094930] Detected PIPT I-cache on CPU65
[    0.094945] GICv3: CPU65: found redistributor 190100 region 0:0x00001001007a0000
[    0.095028] GICv3: CPU65: using allocated LPI pending table @0x0000087fc1390000
[    0.095124] CPU65: Booted secondary processor 0x0000190100 [0x413fd0c1]
[    0.095523] Detected PIPT I-cache on CPU66
[    0.095538] GICv3: CPU66: found redistributor 170100 region 0:0x0000100100720000
[    0.095621] GICv3: CPU66: using allocated LPI pending table @0x0000087fc13a0000
[    0.095718] CPU66: Booted secondary processor 0x0000170100 [0x413fd0c1]
[    0.096133] Detected PIPT I-cache on CPU67
[    0.096149] GICv3: CPU67: found redistributor 1f0100 region 0:0x0000100100920000
[    0.096231] GICv3: CPU67: using allocated LPI pending table @0x0000087fc13b0000
[    0.096329] CPU67: Booted secondary processor 0x00001f0100 [0x413fd0c1]
[    0.096733] Detected PIPT I-cache on CPU68
[    0.096744] GICv3: CPU68: found redistributor b0100 region 0:0x0000100100420000
[    0.096826] GICv3: CPU68: using allocated LPI pending table @0x0000087fc13c0000
[    0.096925] CPU68: Booted secondary processor 0x00000b0100 [0x413fd0c1]
[    0.097326] Detected PIPT I-cache on CPU69
[    0.097342] GICv3: CPU69: found redistributor 230100 region 0:0x0000100100a20000
[    0.097424] GICv3: CPU69: using allocated LPI pending table @0x0000087fc13d0000
[    0.097523] CPU69: Booted secondary processor 0x0000230100 [0x413fd0c1]
[    0.097931] Detected PIPT I-cache on CPU70
[    0.097943] GICv3: CPU70: found redistributor d0100 region 0:0x00001001004a0000
[    0.098023] GICv3: CPU70: using allocated LPI pending table @0x0000087fc13e0000
[    0.098123] CPU70: Booted secondary processor 0x00000d0100 [0x413fd0c1]
[    0.098524] Detected PIPT I-cache on CPU71
[    0.098540] GICv3: CPU71: found redistributor 250100 region 0:0x0000100100aa0000
[    0.098623] GICv3: CPU71: using allocated LPI pending table @0x0000087fc13f0000
[    0.098720] CPU71: Booted secondary processor 0x0000250100 [0x413fd0c1]
[    0.099133] Detected PIPT I-cache on CPU72
[    0.099144] GICv3: CPU72: found redistributor 90100 region 0:0x00001001003a0000
[    0.099229] GICv3: CPU72: using allocated LPI pending table @0x0000087fc1400000
[    0.099328] CPU72: Booted secondary processor 0x0000090100 [0x413fd0c1]
[    0.099725] Detected PIPT I-cache on CPU73
[    0.099741] GICv3: CPU73: found redistributor 210100 region 0:0x00001001009a0000
[    0.099823] GICv3: CPU73: using allocated LPI pending table @0x0000087fc1410000
[    0.099921] CPU73: Booted secondary processor 0x0000210100 [0x413fd0c1]
[    0.100332] Detected PIPT I-cache on CPU74
[    0.100345] GICv3: CPU74: found redistributor f0100 region 0:0x0000100100520000
[    0.100393] GICv3: CPU74: using allocated LPI pending table @0x0000087fc1420000
[    0.100492] CPU74: Booted secondary processor 0x00000f0100 [0x413fd0c1]
[    0.100928] Detected PIPT I-cache on CPU75
[    0.100944] GICv3: CPU75: found redistributor 270100 region 0:0x0000100100b20000
[    0.101026] GICv3: CPU75: using allocated LPI pending table @0x0000087fc1430000
[    0.101123] CPU75: Booted secondary processor 0x0000270100 [0x413fd0c1]
[    0.101523] Detected PIPT I-cache on CPU76
[    0.101531] GICv3: CPU76: found redistributor 30100 region 0:0x0000100100220000
[    0.101615] GICv3: CPU76: using allocated LPI pending table @0x0000087fc1440000
[    0.101716] CPU76: Booted secondary processor 0x0000030100 [0x413fd0c1]
[    0.102131] Detected PIPT I-cache on CPU77
[    0.102142] GICv3: CPU77: found redistributor 50100 region 0:0x00001001002a0000
[    0.102222] GICv3: CPU77: using allocated LPI pending table @0x0000087fc1450000
[    0.102323] CPU77: Booted secondary processor 0x0000050100 [0x413fd0c1]
[    0.102732] Detected PIPT I-cache on CPU78
[    0.102740] GICv3: CPU78: found redistributor 10100 region 0:0x00001001001a0000
[    0.102824] GICv3: CPU78: using allocated LPI pending table @0x0000087fc1460000
[    0.102923] CPU78: Booted secondary processor 0x0000010100 [0x413fd0c1]
[    0.103331] Detected PIPT I-cache on CPU79
[    0.103341] GICv3: CPU79: found redistributor 70100 region 0:0x0000100100320000
[    0.103425] GICv3: CPU79: using allocated LPI pending table @0x0000087fc1470000
[    0.103525] CPU79: Booted secondary processor 0x0000070100 [0x413fd0c1]
[    0.104256] Detected PIPT I-cache on CPU80
[    0.104379] GICv3: CPU80: found redistributor 100120000 region 1:0x00005001005c0000
[    0.104433] GICv3: CPU80: using allocated LPI pending table @0x0000087fc1480000
[    0.104581] CPU80: Booted secondary processor 0x0100120000 [0x413fd0c1]
[    0.105600] Detected PIPT I-cache on CPU81
[    0.105733] GICv3: CPU81: found redistributor 1001a0000 region 1:0x00005001007c0000
[    0.105783] GICv3: CPU81: using allocated LPI pending table @0x0000087fc1490000
[    0.105956] CPU81: Booted secondary processor 0x01001a0000 [0x413fd0c1]
[    0.106854] Detected PIPT I-cache on CPU82
[    0.106980] GICv3: CPU82: found redistributor 100140000 region 1:0x0000500100640000
[    0.107062] GICv3: CPU82: using allocated LPI pending table @0x0000087fc14a0000
[    0.107226] CPU82: Booted secondary processor 0x0100140000 [0x413fd0c1]
[    0.108119] Detected PIPT I-cache on CPU83
[    0.108248] GICv3: CPU83: found redistributor 1001c0000 region 1:0x0000500100840000
[    0.108336] GICv3: CPU83: using allocated LPI pending table @0x0000087fc14b0000
[    0.108509] CPU83: Booted secondary processor 0x01001c0000 [0x413fd0c1]
[    0.109473] Detected PIPT I-cache on CPU84
[    0.109596] GICv3: CPU84: found redistributor 100100000 region 1:0x0000500100540000
[    0.109679] GICv3: CPU84: using allocated LPI pending table @0x0000087fc14c0000
[    0.109842] CPU84: Booted secondary processor 0x0100100000 [0x413fd0c1]
[    0.110791] Detected PIPT I-cache on CPU85
[    0.110915] GICv3: CPU85: found redistributor 100180000 region 1:0x0000500100740000
[    0.110996] GICv3: CPU85: using allocated LPI pending table @0x0000087fc14d0000
[    0.111173] CPU85: Booted secondary processor 0x0100180000 [0x413fd0c1]
[    0.112070] Detected PIPT I-cache on CPU86
[    0.112198] GICv3: CPU86: found redistributor 100160000 region 1:0x00005001006c0000
[    0.112280] GICv3: CPU86: using allocated LPI pending table @0x0000087fc14e0000
[    0.112450] CPU86: Booted secondary processor 0x0100160000 [0x413fd0c1]
[    0.113319] Detected PIPT I-cache on CPU87
[    0.113449] GICv3: CPU87: found redistributor 1001e0000 region 1:0x00005001008c0000
[    0.113533] GICv3: CPU87: using allocated LPI pending table @0x0000087fc14f0000
[    0.113709] CPU87: Booted secondary processor 0x01001e0000 [0x413fd0c1]
[    0.114669] Detected PIPT I-cache on CPU88
[    0.114791] GICv3: CPU88: found redistributor 1000a0000 region 1:0x00005001003c0000
[    0.114871] GICv3: CPU88: using allocated LPI pending table @0x0000087fc1500000
[    0.115035] CPU88: Booted secondary processor 0x01000a0000 [0x413fd0c1]
[    0.115917] Detected PIPT I-cache on CPU89
[    0.116048] GICv3: CPU89: found redistributor 100220000 region 1:0x00005001009c0000
[    0.116132] GICv3: CPU89: using allocated LPI pending table @0x0000087fc1510000
[    0.116314] CPU89: Booted secondary processor 0x0100220000 [0x413fd0c1]
[    0.117264] Detected PIPT I-cache on CPU90
[    0.117383] GICv3: CPU90: found redistributor 1000c0000 region 1:0x0000500100440000
[    0.117468] GICv3: CPU90: using allocated LPI pending table @0x0000087fc1520000
[    0.117636] CPU90: Booted secondary processor 0x01000c0000 [0x413fd0c1]
[    0.118515] Detected PIPT I-cache on CPU91
[    0.118649] GICv3: CPU91: found redistributor 100240000 region 1:0x0000500100a40000
[    0.118734] GICv3: CPU91: using allocated LPI pending table @0x0000087fc1530000
[    0.118917] CPU91: Booted secondary processor 0x0100240000 [0x413fd0c1]
[    0.119864] Detected PIPT I-cache on CPU92
[    0.119982] GICv3: CPU92: found redistributor 100080000 region 1:0x0000500100340000
[    0.120067] GICv3: CPU92: using allocated LPI pending table @0x0000087fc1540000
[    0.120235] CPU92: Booted secondary processor 0x0100080000 [0x413fd0c1]
[    0.121112] Detected PIPT I-cache on CPU93
[    0.121241] GICv3: CPU93: found redistributor 100200000 region 1:0x0000500100940000
[    0.121325] GICv3: CPU93: using allocated LPI pending table @0x0000087fc1550000
[    0.121503] CPU93: Booted secondary processor 0x0100200000 [0x413fd0c1]
[    0.122474] Detected PIPT I-cache on CPU94
[    0.122597] GICv3: CPU94: found redistributor 1000e0000 region 1:0x00005001004c0000
[    0.122683] GICv3: CPU94: using allocated LPI pending table @0x0000087fc1560000
[    0.122858] CPU94: Booted secondary processor 0x01000e0000 [0x413fd0c1]
[    0.123806] Detected PIPT I-cache on CPU95
[    0.123940] GICv3: CPU95: found redistributor 100260000 region 1:0x0000500100ac0000
[    0.124025] GICv3: CPU95: using allocated LPI pending table @0x0000087fc1570000
[    0.124209] CPU95: Booted secondary processor 0x0100260000 [0x413fd0c1]
[    0.125083] Detected PIPT I-cache on CPU96
[    0.125197] GICv3: CPU96: found redistributor 100020000 region 1:0x00005001001c0000
[    0.125280] GICv3: CPU96: using allocated LPI pending table @0x0000087fc1580000
[    0.125449] CPU96: Booted secondary processor 0x0100020000 [0x413fd0c1]
[    0.126315] Detected PIPT I-cache on CPU97
[    0.126431] GICv3: CPU97: found redistributor 100040000 region 1:0x0000500100240000
[    0.126515] GICv3: CPU97: using allocated LPI pending table @0x0000087fc1590000
[    0.126698] CPU97: Booted secondary processor 0x0100040000 [0x413fd0c1]
[    0.127673] Detected PIPT I-cache on CPU98
[    0.127789] GICv3: CPU98: found redistributor 100000000 region 1:0x0000500100140000
[    0.127880] GICv3: CPU98: using allocated LPI pending table @0x0000087fc15a0000
[    0.128052] CPU98: Booted secondary processor 0x0100000000 [0x413fd0c1]
[    0.128924] Detected PIPT I-cache on CPU99
[    0.129044] GICv3: CPU99: found redistributor 100060000 region 1:0x00005001002c0000
[    0.129131] GICv3: CPU99: using allocated LPI pending table @0x0000087fc15b0000
[    0.129315] CPU99: Booted secondary processor 0x0100060000 [0x413fd0c1]
[    0.130274] Detected PIPT I-cache on CPU100
[    0.130396] GICv3: CPU100: found redistributor 100130000 region 1:0x0000500100600000
[    0.130478] GICv3: CPU100: using allocated LPI pending table @0x0000087fc15c0000
[    0.130650] CPU100: Booted secondary processor 0x0100130000 [0x413fd0c1]
[    0.131539] Detected PIPT I-cache on CPU101
[    0.131666] GICv3: CPU101: found redistributor 1001b0000 region 1:0x0000500100800000
[    0.131749] GICv3: CPU101: using allocated LPI pending table @0x0000087fc15d0000
[    0.131932] CPU101: Booted secondary processor 0x01001b0000 [0x413fd0c1]
[    0.132813] Detected PIPT I-cache on CPU102
[    0.132937] GICv3: CPU102: found redistributor 100150000 region 1:0x0000500100680000
[    0.133025] GICv3: CPU102: using allocated LPI pending table @0x0000087fc15e0000
[    0.133204] CPU102: Booted secondary processor 0x0100150000 [0x413fd0c1]
[    0.134088] Detected PIPT I-cache on CPU103
[    0.134209] GICv3: CPU103: found redistributor 1001d0000 region 1:0x0000500100880000
[    0.134295] GICv3: CPU103: using allocated LPI pending table @0x0000087fc15f0000
[    0.134480] CPU103: Booted secondary processor 0x01001d0000 [0x413fd0c1]
[    0.135478] Detected PIPT I-cache on CPU104
[    0.135597] GICv3: CPU104: found redistributor 100110000 region 1:0x0000500100580000
[    0.135682] GICv3: CPU104: using allocated LPI pending table @0x0000087fc1600000
[    0.135856] CPU104: Booted secondary processor 0x0100110000 [0x413fd0c1]
[    0.136726] Detected PIPT I-cache on CPU105
[    0.136848] GICv3: CPU105: found redistributor 100190000 region 1:0x0000500100780000
[    0.136962] GICv3: CPU105: using allocated LPI pending table @0x0000087fc1610000
[    0.137149] CPU105: Booted secondary processor 0x0100190000 [0x413fd0c1]
[    0.138073] Detected PIPT I-cache on CPU106
[    0.138201] GICv3: CPU106: found redistributor 100170000 region 1:0x0000500100700000
[    0.138289] GICv3: CPU106: using allocated LPI pending table @0x0000087fc1620000
[    0.138466] CPU106: Booted secondary processor 0x0100170000 [0x413fd0c1]
[    0.139466] Detected PIPT I-cache on CPU107
[    0.139596] GICv3: CPU107: found redistributor 1001f0000 region 1:0x0000500100900000
[    0.139682] GICv3: CPU107: using allocated LPI pending table @0x0000087fc1630000
[    0.139870] CPU107: Booted secondary processor 0x01001f0000 [0x413fd0c1]
[    0.140866] Detected PIPT I-cache on CPU108
[    0.140988] GICv3: CPU108: found redistributor 1000b0000 region 1:0x0000500100400000
[    0.141074] GICv3: CPU108: using allocated LPI pending table @0x0000087fc1640000
[    0.141251] CPU108: Booted secondary processor 0x01000b0000 [0x413fd0c1]
[    0.142127] Detected PIPT I-cache on CPU109
[    0.142256] GICv3: CPU109: found redistributor 100230000 region 1:0x0000500100a00000
[    0.142342] GICv3: CPU109: using allocated LPI pending table @0x0000087fc1650000
[    0.142533] CPU109: Booted secondary processor 0x0100230000 [0x413fd0c1]
[    0.143475] Detected PIPT I-cache on CPU110
[    0.143600] GICv3: CPU110: found redistributor 1000d0000 region 1:0x0000500100480000
[    0.143682] GICv3: CPU110: using allocated LPI pending table @0x0000087fc1660000
[    0.143866] CPU110: Booted secondary processor 0x01000d0000 [0x413fd0c1]
[    0.144873] Detected PIPT I-cache on CPU111
[    0.145006] GICv3: CPU111: found redistributor 100250000 region 1:0x0000500100a80000
[    0.145091] GICv3: CPU111: using allocated LPI pending table @0x0000087fc1670000
[    0.145283] CPU111: Booted secondary processor 0x0100250000 [0x413fd0c1]
[    0.146303] Detected PIPT I-cache on CPU112
[    0.146421] GICv3: CPU112: found redistributor 100090000 region 1:0x0000500100380000
[    0.146507] GICv3: CPU112: using allocated LPI pending table @0x0000087fc1680000
[    0.146685] CPU112: Booted secondary processor 0x0100090000 [0x413fd0c1]
[    0.147683] Detected PIPT I-cache on CPU113
[    0.147813] GICv3: CPU113: found redistributor 100210000 region 1:0x0000500100980000
[    0.147898] GICv3: CPU113: using allocated LPI pending table @0x0000087fc1690000
[    0.148093] CPU113: Booted secondary processor 0x0100210000 [0x413fd0c1]
[    0.149077] Detected PIPT I-cache on CPU114
[    0.149200] GICv3: CPU114: found redistributor 1000f0000 region 1:0x0000500100500000
[    0.149291] GICv3: CPU114: using allocated LPI pending table @0x0000087fc16a0000
[    0.149476] CPU114: Booted secondary processor 0x01000f0000 [0x413fd0c1]
[    0.150488] Detected PIPT I-cache on CPU115
[    0.150622] GICv3: CPU115: found redistributor 100270000 region 1:0x0000500100b00000
[    0.150709] GICv3: CPU115: using allocated LPI pending table @0x0000087fc16b0000
[    0.150906] CPU115: Booted secondary processor 0x0100270000 [0x413fd0c1]
[    0.151868] Detected PIPT I-cache on CPU116
[    0.151983] GICv3: CPU116: found redistributor 100030000 region 1:0x0000500100200000
[    0.152073] GICv3: CPU116: using allocated LPI pending table @0x0000087fc16c0000
[    0.152253] CPU116: Booted secondary processor 0x0100030000 [0x413fd0c1]
[    0.153122] Detected PIPT I-cache on CPU117
[    0.153241] GICv3: CPU117: found redistributor 100050000 region 1:0x0000500100280000
[    0.153327] GICv3: CPU117: using allocated LPI pending table @0x0000087fc16d0000
[    0.153524] CPU117: Booted secondary processor 0x0100050000 [0x413fd0c1]
[    0.154469] Detected PIPT I-cache on CPU118
[    0.154579] GICv3: CPU118: found redistributor 100010000 region 1:0x0000500100180000
[    0.154671] GICv3: CPU118: using allocated LPI pending table @0x0000087fc16e0000
[    0.154859] CPU118: Booted secondary processor 0x0100010000 [0x413fd0c1]
[    0.155720] Detected PIPT I-cache on CPU119
[    0.155839] GICv3: CPU119: found redistributor 100070000 region 1:0x0000500100300000
[    0.155928] GICv3: CPU119: using allocated LPI pending table @0x0000087fc16f0000
[    0.156126] CPU119: Booted secondary processor 0x0100070000 [0x413fd0c1]
[    0.157038] Detected PIPT I-cache on CPU120
[    0.157135] GICv3: CPU120: found redistributor 100120100 region 1:0x00005001005e0000
[    0.157188] GICv3: CPU120: using allocated LPI pending table @0x0000087fc1700000
[    0.157344] CPU120: Booted secondary processor 0x0100120100 [0x413fd0c1]
[    0.158250] Detected PIPT I-cache on CPU121
[    0.158348] GICv3: CPU121: found redistributor 1001a0100 region 1:0x00005001007e0000
[    0.158408] GICv3: CPU121: using allocated LPI pending table @0x0000087fc1710000
[    0.158578] CPU121: Booted secondary processor 0x01001a0100 [0x413fd0c1]
[    0.159446] Detected PIPT I-cache on CPU122
[    0.159544] GICv3: CPU122: found redistributor 100140100 region 1:0x0000500100660000
[    0.159597] GICv3: CPU122: using allocated LPI pending table @0x0000087fc1720000
[    0.159755] CPU122: Booted secondary processor 0x0100140100 [0x413fd0c1]
[    0.160644] Detected PIPT I-cache on CPU123
[    0.160743] GICv3: CPU123: found redistributor 1001c0100 region 1:0x0000500100860000
[    0.160792] GICv3: CPU123: using allocated LPI pending table @0x0000087fc1730000
[    0.160966] CPU123: Booted secondary processor 0x01001c0100 [0x413fd0c1]
[    0.161835] Detected PIPT I-cache on CPU124
[    0.161931] GICv3: CPU124: found redistributor 100100100 region 1:0x0000500100560000
[    0.161979] GICv3: CPU124: using allocated LPI pending table @0x0000087fc1740000
[    0.162137] CPU124: Booted secondary processor 0x0100100100 [0x413fd0c1]
[    0.163033] Detected PIPT I-cache on CPU125
[    0.163130] GICv3: CPU125: found redistributor 100180100 region 1:0x0000500100760000
[    0.163178] GICv3: CPU125: using allocated LPI pending table @0x0000087fc1750000
[    0.163345] CPU125: Booted secondary processor 0x0100180100 [0x413fd0c1]
[    0.164235] Detected PIPT I-cache on CPU126
[    0.164333] GICv3: CPU126: found redistributor 100160100 region 1:0x00005001006e0000
[    0.164383] GICv3: CPU126: using allocated LPI pending table @0x0000087fc1760000
[    0.164548] CPU126: Booted secondary processor 0x0100160100 [0x413fd0c1]
[    0.165441] Detected PIPT I-cache on CPU127
[    0.165542] GICv3: CPU127: found redistributor 1001e0100 region 1:0x00005001008e0000
[    0.165592] GICv3: CPU127: using allocated LPI pending table @0x0000087fc1770000
[    0.165761] CPU127: Booted secondary processor 0x01001e0100 [0x413fd0c1]
[    0.166635] Detected PIPT I-cache on CPU128
[    0.166729] GICv3: CPU128: found redistributor 1000a0100 region 1:0x00005001003e0000
[    0.166778] GICv3: CPU128: using allocated LPI pending table @0x0000087fc1780000
[    0.166937] CPU128: Booted secondary processor 0x01000a0100 [0x413fd0c1]
[    0.167847] Detected PIPT I-cache on CPU129
[    0.167946] GICv3: CPU129: found redistributor 100220100 region 1:0x00005001009e0000
[    0.167994] GICv3: CPU129: using allocated LPI pending table @0x0000087fc1790000
[    0.168164] CPU129: Booted secondary processor 0x0100220100 [0x413fd0c1]
[    0.169042] Detected PIPT I-cache on CPU130
[    0.169138] GICv3: CPU130: found redistributor 1000c0100 region 1:0x0000500100460000
[    0.169189] GICv3: CPU130: using allocated LPI pending table @0x0000087fc17a0000
[    0.169354] CPU130: Booted secondary processor 0x01000c0100 [0x413fd0c1]
[    0.170248] Detected PIPT I-cache on CPU131
[    0.170347] GICv3: CPU131: found redistributor 100240100 region 1:0x0000500100a60000
[    0.170398] GICv3: CPU131: using allocated LPI pending table @0x0000087fc17b0000
[    0.170572] CPU131: Booted secondary processor 0x0100240100 [0x413fd0c1]
[    0.171431] Detected PIPT I-cache on CPU132
[    0.171525] GICv3: CPU132: found redistributor 100080100 region 1:0x0000500100360000
[    0.171574] GICv3: CPU132: using allocated LPI pending table @0x0000087fc17c0000
[    0.171737] CPU132: Booted secondary processor 0x0100080100 [0x413fd0c1]
[    0.172647] Detected PIPT I-cache on CPU133
[    0.172745] GICv3: CPU133: found redistributor 100200100 region 1:0x0000500100960000
[    0.172793] GICv3: CPU133: using allocated LPI pending table @0x0000087fc17d0000
[    0.172968] CPU133: Booted secondary processor 0x0100200100 [0x413fd0c1]
[    0.173841] Detected PIPT I-cache on CPU134
[    0.173936] GICv3: CPU134: found redistributor 1000e0100 region 1:0x00005001004e0000
[    0.173988] GICv3: CPU134: using allocated LPI pending table @0x0000087fc17e0000
[    0.174161] CPU134: Booted secondary processor 0x01000e0100 [0x413fd0c1]
[    0.175045] Detected PIPT I-cache on CPU135
[    0.175148] GICv3: CPU135: found redistributor 100260100 region 1:0x0000500100ae0000
[    0.175195] GICv3: CPU135: using allocated LPI pending table @0x0000087fc17f0000
[    0.175372] CPU135: Booted secondary processor 0x0100260100 [0x413fd0c1]
[    0.176240] Detected PIPT I-cache on CPU136
[    0.176333] GICv3: CPU136: found redistributor 100020100 region 1:0x00005001001e0000
[    0.176385] GICv3: CPU136: using allocated LPI pending table @0x0000087fc1800000
[    0.176550] CPU136: Booted secondary processor 0x0100020100 [0x413fd0c1]
[    0.177433] Detected PIPT I-cache on CPU137
[    0.177527] GICv3: CPU137: found redistributor 100040100 region 1:0x0000500100260000
[    0.177578] GICv3: CPU137: using allocated LPI pending table @0x0000087fc1810000
[    0.177758] CPU137: Booted secondary processor 0x0100040100 [0x413fd0c1]
[    0.178641] Detected PIPT I-cache on CPU138
[    0.178732] GICv3: CPU138: found redistributor 100000100 region 1:0x0000500100160000
[    0.178782] GICv3: CPU138: using allocated LPI pending table @0x0000087fc1820000
[    0.178954] CPU138: Booted secondary processor 0x0100000100 [0x413fd0c1]
[    0.179843] Detected PIPT I-cache on CPU139
[    0.179938] GICv3: CPU139: found redistributor 100060100 region 1:0x00005001002e0000
[    0.179988] GICv3: CPU139: using allocated LPI pending table @0x0000087fc1830000
[    0.180171] CPU139: Booted secondary processor 0x0100060100 [0x413fd0c1]
[    0.181041] Detected PIPT I-cache on CPU140
[    0.181137] GICv3: CPU140: found redistributor 100130100 region 1:0x0000500100620000
[    0.181187] GICv3: CPU140: using allocated LPI pending table @0x0000087fc1840000
[    0.181356] CPU140: Booted secondary processor 0x0100130100 [0x413fd0c1]
[    0.182247] Detected PIPT I-cache on CPU141
[    0.182344] GICv3: CPU141: found redistributor 1001b0100 region 1:0x0000500100820000
[    0.182394] GICv3: CPU141: using allocated LPI pending table @0x0000087fc1850000
[    0.182580] CPU141: Booted secondary processor 0x01001b0100 [0x413fd0c1]
[    0.183447] Detected PIPT I-cache on CPU142
[    0.183545] GICv3: CPU142: found redistributor 100150100 region 1:0x00005001006a0000
[    0.183594] GICv3: CPU142: using allocated LPI pending table @0x0000087fc1860000
[    0.183775] CPU142: Booted secondary processor 0x0100150100 [0x413fd0c1]
[    0.184652] Detected PIPT I-cache on CPU143
[    0.184752] GICv3: CPU143: found redistributor 1001d0100 region 1:0x00005001008a0000
[    0.184801] GICv3: CPU143: using allocated LPI pending table @0x0000087fc1870000
[    0.184986] CPU143: Booted secondary processor 0x01001d0100 [0x413fd0c1]
[    0.185835] Detected PIPT I-cache on CPU144
[    0.185931] GICv3: CPU144: found redistributor 100110100 region 1:0x00005001005a0000
[    0.185982] GICv3: CPU144: using allocated LPI pending table @0x0000087fc1880000
[    0.186152] CPU144: Booted secondary processor 0x0100110100 [0x413fd0c1]
[    0.187043] Detected PIPT I-cache on CPU145
[    0.187141] GICv3: CPU145: found redistributor 100190100 region 1:0x00005001007a0000
[    0.187193] GICv3: CPU145: using allocated LPI pending table @0x0000087fc1890000
[    0.187378] CPU145: Booted secondary processor 0x0100190100 [0x413fd0c1]
[    0.188238] Detected PIPT I-cache on CPU146
[    0.188338] GICv3: CPU146: found redistributor 100170100 region 1:0x0000500100720000
[    0.188387] GICv3: CPU146: using allocated LPI pending table @0x0000087fc18a0000
[    0.188556] CPU146: Booted secondary processor 0x0100170100 [0x413fd0c1]
[    0.189451] Detected PIPT I-cache on CPU147
[    0.189552] GICv3: CPU147: found redistributor 1001f0100 region 1:0x0000500100920000
[    0.189604] GICv3: CPU147: using allocated LPI pending table @0x0000087fc18b0000
[    0.189796] CPU147: Booted secondary processor 0x01001f0100 [0x413fd0c1]
[    0.190636] Detected PIPT I-cache on CPU148
[    0.190731] GICv3: CPU148: found redistributor 1000b0100 region 1:0x0000500100420000
[    0.190782] GICv3: CPU148: using allocated LPI pending table @0x0000087fc18c0000
[    0.190955] CPU148: Booted secondary processor 0x01000b0100 [0x413fd0c1]
[    0.191845] Detected PIPT I-cache on CPU149
[    0.191944] GICv3: CPU149: found redistributor 100230100 region 1:0x0000500100a20000
[    0.191997] GICv3: CPU149: using allocated LPI pending table @0x0000087fc18d0000
[    0.192188] CPU149: Booted secondary processor 0x0100230100 [0x413fd0c1]
[    0.193039] Detected PIPT I-cache on CPU150
[    0.193136] GICv3: CPU150: found redistributor 1000d0100 region 1:0x00005001004a0000
[    0.193189] GICv3: CPU150: using allocated LPI pending table @0x0000087fc18e0000
[    0.193370] CPU150: Booted secondary processor 0x01000d0100 [0x413fd0c1]
[    0.194245] Detected PIPT I-cache on CPU151
[    0.194347] GICv3: CPU151: found redistributor 100250100 region 1:0x0000500100aa0000
[    0.194399] GICv3: CPU151: using allocated LPI pending table @0x0000087fc18f0000
[    0.194587] CPU151: Booted secondary processor 0x0100250100 [0x413fd0c1]
[    0.195431] Detected PIPT I-cache on CPU152
[    0.195526] GICv3: CPU152: found redistributor 100090100 region 1:0x00005001003a0000
[    0.195576] GICv3: CPU152: using allocated LPI pending table @0x0000087fc1900000
[    0.195752] CPU152: Booted secondary processor 0x0100090100 [0x413fd0c1]
[    0.196653] Detected PIPT I-cache on CPU153
[    0.196752] GICv3: CPU153: found redistributor 100210100 region 1:0x00005001009a0000
[    0.196805] GICv3: CPU153: using allocated LPI pending table @0x0000087fc1910000
[    0.196992] CPU153: Booted secondary processor 0x0100210100 [0x413fd0c1]
[    0.197845] Detected PIPT I-cache on CPU154
[    0.197942] GICv3: CPU154: found redistributor 1000f0100 region 1:0x0000500100520000
[    0.197996] GICv3: CPU154: using allocated LPI pending table @0x0000087fc1920000
[    0.198182] CPU154: Booted secondary processor 0x01000f0100 [0x413fd0c1]
[    0.199054] Detected PIPT I-cache on CPU155
[    0.199157] GICv3: CPU155: found redistributor 100270100 region 1:0x0000500100b20000
[    0.199209] GICv3: CPU155: using allocated LPI pending table @0x0000087fc1930000
[    0.199404] CPU155: Booted secondary processor 0x0100270100 [0x413fd0c1]
[    0.200239] Detected PIPT I-cache on CPU156
[    0.200331] GICv3: CPU156: found redistributor 100030100 region 1:0x0000500100220000
[    0.200382] GICv3: CPU156: using allocated LPI pending table @0x0000087fc1940000
[    0.200564] CPU156: Booted secondary processor 0x0100030100 [0x413fd0c1]
[    0.201444] Detected PIPT I-cache on CPU157
[    0.201537] GICv3: CPU157: found redistributor 100050100 region 1:0x00005001002a0000
[    0.201593] GICv3: CPU157: using allocated LPI pending table @0x0000087fc1950000
[    0.201785] CPU157: Booted secondary processor 0x0100050100 [0x413fd0c1]
[    0.202636] Detected PIPT I-cache on CPU158
[    0.202730] GICv3: CPU158: found redistributor 100010100 region 1:0x00005001001a0000
[    0.202784] GICv3: CPU158: using allocated LPI pending table @0x0000087fc1960000
[    0.202960] CPU158: Booted secondary processor 0x0100010100 [0x413fd0c1]
[    0.203841] Detected PIPT I-cache on CPU159
[    0.203936] GICv3: CPU159: found redistributor 100070100 region 1:0x0000500100320000
[    0.203990] GICv3: CPU159: using allocated LPI pending table @0x0000087fc1970000
[    0.204180] CPU159: Booted secondary processor 0x0100070100 [0x413fd0c1]
[    0.204462] smp: Brought up 2 nodes, 160 CPUs
[    0.204648] SMP: Total of 160 processors activated.
[    0.204650] CPU features: detected: GIC system register CPU interface
[    0.204651] CPU features: detected: Privileged Access Never
[    0.204652] CPU features: detected: LSE atomic instructions
[    0.204653] CPU features: detected: User Access Override
[    0.204654] CPU features: detected: 32-bit EL0 Support
[    0.204655] CPU features: detected: Data cache clean to Point of Persistence
[    0.204655] CPU features: detected: RAS Extension Support
[    0.204656] CPU features: detected: Data cache clean to the PoU not required for I/D coherence
[    0.204657] CPU features: detected: CRC32 instructions
[    0.204658] CPU features: detected: Common not Private translations
[    0.235128] CPU: All CPU(s) started at EL2
[    0.237055] alternatives: patching kernel code
[    0.252470] devtmpfs: initialized
[    0.253611] clocksource: jiffies: mask: 0xffffffff max_cycles: 0xffffffff, max_idle_ns: 19112604462750000 ns
[    0.253946] futex hash table entries: 65536 (order: 6, 4194304 bytes)
[    0.256404] pinctrl core: initialized pinctrl subsystem
[    0.256576] SMBIOS 3.3.0 present.
[    0.256580] DMI: AmpereComputing(R) MT.JADE AC82830AC10C/MT.JADE, BIOS 1.4.20210217 2021/02/17
[    0.257383] NET: Registered protocol family 16
[    0.259426] audit: initializing netlink subsys (disabled)
[    0.259603] audit: type=2000 audit(0.250:1): state=initialized audit_enabled=0 res=1
[    0.259994] cpuidle: using governor menu
[    0.260762] Detected 30 PCC Subspaces
[    0.260798] Registering PCC driver as Mailbox controller
[    0.260942] hw-breakpoint: found 6 breakpoint and 4 watchpoint registers.
[    0.262946] DMA: preallocated 256 KiB pool for atomic allocations
[    0.262961] ACPI: bus type PCI registered
[    0.262964] acpiphp: ACPI Hot Plug PCI Controller Driver version: 0.5
[    0.263297] Serial: AMBA PL011 UART driver
[    0.269634] HugeTLB registered 2.00 MiB page size, pre-allocated 0 pages
[    0.269635] HugeTLB registered 512 MiB page size, pre-allocated 0 pages
[    0.271330] cryptd: max_cpu_qlen set to 1000
[    0.273718] ACPI: Added _OSI(Module Device)
[    0.273720] ACPI: Added _OSI(Processor Device)
[    0.273721] ACPI: Added _OSI(3.0 _SCP Extensions)
[    0.273723] ACPI: Added _OSI(Processor Aggregator Device)
[    0.273724] ACPI: Added _OSI(Linux-Dell-Video)
[    0.273726] ACPI: Added _OSI(Linux-Lenovo-NV-HDMI-Audio)
[    0.273727] ACPI: Added _OSI(Linux-HPI-Hybrid-Graphics)
[    0.289353] ACPI: 2 ACPI AML tables successfully acquired and loaded
[    0.297480] ACPI: Interpreter enabled
[    0.297482] ACPI: Using GIC for interrupt routing
[    0.297494] ACPI: MCFG table detected, 11 entries
[    0.297854] HEST: Table parsing has been initialized.
