CP: 00001a0a
CP: 00001a0b
CP: 00001a0c
CP: 00001a0c
CP: 00101a0b
CP: 00101a0c
CP: 00101a0c
CP: 3ff00400
CP: 0ff01000
CP: 0ff01101
DRAM ECC Initialization: [6] [ ==>                  ]DRAM ECC Initialization: [12] [ ===>                 ]DRAM ECC Initialization: [18] [ ====>                ]DRAM ECC Initialization: [25] [ ======>              ]DRAM ECC Initialization: [31] [ =======>             ]DRAM ECC Initialization: [37] [ ========>            ]DRAM ECC Initialization: [43] [ =========>           ]DRAM ECC Initialization: [50] [ ===========>         ]DRAM ECC Initialization: [56] [ ============>        ]DRAM ECC Initialization: [62] [ =============>       ]DRAM ECC Initialization: [68] [ ==============>      ]DRAM ECC Initialization: [75] [ ================>    ]DRAM ECC Initialization: [81] [ =================>   ]DRAM ECC Initialization: [87] [ ==================>  ]DRAM ECC Initialization: [93] [ ===================> ]DRAM ECC Initialization: [100] [ ==================== ]
CP: 0ff01200
CP: 3ff00800
DRAM memory regions:
  Node[0] Region[0]: 0x000080000000 - 0x0000ffffffff 
  Node[0] Region[1]: 0x080000000000 - 0x08007fffffff 
  Node[0] Region[2]: 0x080100000000 - 0x0803ffffffff 
DRAM: 16GB DDR4 3200 SECDED ECC
Checkpoint 2F
Checkpoint 2E
Checkpoint 31
Checkpoint 32
BIOS version      : F05
UEFI RC version   : 1.03a
SCP FW version    : 1.3
SCP FW build date : 20210110
Failsafe status                 : 0
Reset status                    : 3
CPU info
    CPU ID                      : 413FD0C1
    CPU Clock                   : 2800 MHz
    Number of active sockets    : 1
    Number of active cores      : 80
    Socket[0]: Core voltage     : 991
    Socket[0]: SCU ProductID    : A10001
    Socket[0]: Max cores        : 80
    Socket[0]: Warranty         : 1
    Socket[0]: Subnuma          : 0
    Socket[0]: RC disable mask  : 0
    Socket[0]: AVS enabled      : 1
    Socket[0]: AVS voltage      : 1031
SOC info
    DDR Frequency               : 3200 MHz
    Socket[0]: Soc voltage      : 785
    Socket[0]: DIMM1 voltage    : 1260
    Socket[0]: DIMM2 voltage    : 1260
    PCP Clock                   : 1600 MHz
    SOC Clock                   : 2000 MHz
    SYS Clock                   : 400 MHz
    AHB Clock                   : 200 MHz
Manufacturer Configuration Setting:
    4000: 0x3C (60)
    4008: 0x25 (37)
User Configuration Setting:
    8028: 0x1 (1)
    8038: 0x0 (0)
    8048: 0x1 (1)
    8070: 0x3 (3)
    8080: 0x0 (0)
    8088: 0x0 (0)
    80B0: 0x0 (0)
    80B8: 0x1 (1)
    80C8: 0x0 (0)
    80E0: 0x1 (1)
    8118: 0x2 (2)
    8130: 0x0 (0)
    81B0: 0x0 (0)
Board Configuration Setting:
    C000: 0xCD3A (52538)
    C008: 0x0 (0)
    C010: 0x0 (0)
    C018: 0x1 (1)
    C020: 0xFFFF (65535)
    C028: 0x0 (0)
    C030: 0x80E8 (33000)
    C038: 0x80E8 (33000)
    C040: 0x2710 (10000)
    C048: 0x2710 (10000)
    C050: 0x0 (0)
    C058: 0x190 (400)
    C060: 0x190 (400)
    C068: 0x190 (400)
    C070: 0x190 (400)
    C078: 0x190 (400)
    C080: 0xFFFFFF01 (-255)
    C088: 0x4 (4)
    C090: 0x4 (4)
    C098: 0x4 (4)
    C0A0: 0x4 (4)
    C0A8: 0x3 (3)
    C0B0: 0x3 (3)
    C0B8: 0x3 (3)
    C0C0: 0x3 (3)
    C0C8: 0x10001 (65537)
    C0D0: 0x3 (3)
    C0D8: 0x3 (3)
    C0E0: 0x20002 (131074)
    C0E8: 0x0 (0)
    C0F0: 0x0 (0)
    C0F8: 0x0 (0)
    C100: 0x0 (0)
    C108: 0x0 (0)
    C110: 0x0 (0)
    C118: 0x0 (0)
    C120: 0x0 (0)
    C128: 0x0 (0)
    C130: 0x0 (0)
    C138: 0x0 (0)
    C140: 0x0 (0)
    C148: 0x1 (1)
    C150: 0x2 (2)
    C158: 0x3 (3)
    C160: 0x4 (4)
    C168: 0xFFFFFFFF (-1)
    C170: 0xFFFFFFFE (-2)
    C178: 0xFFFFFFFD (-3)
    C180: 0x0 (0)
    C188: 0x0 (0)
    C190: 0x0 (0)
    C198: 0x0 (0)
    C1A0: 0x0 (0)
    C1A8: 0x0 (0)
    C1B0: 0x2 (2)
    C1B8: 0xC80 (3200)
    C1C0: 0x0 (0)
    C1C8: 0x0 (0)
    C1D0: 0xFF010107 (-16711417)
    C1D8: 0xFF010107 (-16711417)
    C1E0: 0x10000 (65536)
    C1E8: 0x10000 (65536)
    C1F0: 0x0 (0)
    C1F8: 0x0 (0)
    C200: 0x0 (0)
    C208: 0x0 (0)
    C210: 0xC0CCC (789708)
    C218: 0xC0CCC (789708)
    C220: 0x30333 (197427)
    C228: 0x30333 (197427)
    C230: 0x30333 (197427)
    C238: 0x30333 (197427)
    C240: 0x30333 (197427)
    C248: 0x30333 (197427)
    C250: 0xD0DDD (855517)
    C258: 0xE0EEE (921326)
    C260: 0x70777 (460663)
    C268: 0xB0BBB (723899)
    C270: 0x5 (5)
    C278: 0x90DD90 (9493904)
    C280: 0x5 (5)
    C288: 0x90DD90 (9493904)
    C290: 0x5 (5)
    C298: 0x90DD90 (9493904)
    C2A0: 0x5 (5)
    C2A8: 0x90DD90 (9493904)
    C2B0: 0x24 (36)
    C2B8: 0x1A (26)
    C2C0: 0x5B (91)
    C2C8: 0x28 (40)
    C2D0: 0x2800280 (41943680)
    C2D8: 0x90909090 (-1869574000)
    C2E0: 0x0 (0)
    C2E8: 0xC000C0 (12583104)
    C2F0: 0x0 (0)
    C2F8: 0x0 (0)
    C300: 0x0 (0)
    C308: 0x0 (0)
    C310: 0x2010201 (33620481)
    C318: 0x10000 (65536)
    C320: 0x0 (0)
    C328: 0x0 (0)
    C330: 0x1050106 (17105158)
    C338: 0x554 (1364)
    C340: 0x0 (0)
    C348: 0x0 (0)
    C350: 0x2020202 (33686018)
    C358: 0x2020202 (33686018)
    C360: 0x2020202 (33686018)
    C368: 0x2020003 (33685507)
    C370: 0x0 (0)
    C378: 0x0 (0)
    C380: 0x0 (0)
    C388: 0x0 (0)
    C390: 0x0 (0)
    C398: 0x0 (0)
    C3A0: 0x0 (0)
    C3A8: 0x0 (0)
    C3B0: 0x0 (0)
    C3B8: 0x0 (0)
    C3C0: 0x0 (0)
    C3C8: 0x0 (0)
    C3D0: 0x0 (0)
    C3D8: 0x0 (0)
    C3E0: 0x0 (0)
    C3E8: 0x0 (0)
    C3F0: 0x57575757 (1465341783)
    C3F8: 0x57575757 (1465341783)
    C400: 0x57575757 (1465341783)
    C408: 0x57575757 (1465341783)
    C410: 0x57575757 (1465341783)
    C418: 0x57575757 (1465341783)
    C420: 0x57575757 (1465341783)
    C428: 0x57575757 (1465341783)
    C430: 0x57575757 (1465341783)
    C438: 0x57575757 (1465341783)
    C440: 0x57575757 (1465341783)
    C448: 0x57575757 (1465341783)
    C450: 0x57575757 (1465341783)
    C458: 0x57575757 (1465341783)
    C460: 0x57575757 (1465341783)
    C468: 0x57575757 (1465341783)
    C470: 0x0 (0)
    C478: 0x2020202 (33686018)
    C480: 0x2020202 (33686018)
    C488: 0x2020202 (33686018)
    C490: 0x2020003 (33685507)
    C498: 0x0 (0)
    C4A0: 0x0 (0)
    C4A8: 0x0 (0)
    C4B0: 0x0 (0)
    C4B8: 0x0 (0)
    C4C0: 0x0 (0)
    C4C8: 0x0 (0)
    C4D0: 0x0 (0)
    C4D8: 0x0 (0)
    C4E0: 0x0 (0)
    C4E8: 0x0 (0)
    C4F0: 0x0 (0)
    C4F8: 0x0 (0)
    C500: 0x0 (0)
    C508: 0x57575757 (1465341783)
    C510: 0x57575757 (1465341783)
    C518: 0x57575757 (1465341783)
    C520: 0x57575757 (1465341783)
    C528: 0x57575757 (1465341783)
    C530: 0x57575757 (1465341783)
    C538: 0x57575757 (1465341783)
    C540: 0x57575757 (1465341783)
    C548: 0x57575757 (1465341783)
    C550: 0x57575757 (1465341783)
    C558: 0x57575757 (1465341783)
    C560: 0x57575757 (1465341783)
    C568: 0x57575757 (1465341783)
    C570: 0x57575757 (1465341783)
    C578: 0x3 (3)
    C580: 0x1A4 (420)
    C588: 0x0 (0)
    C590: 0x18000 (98304)
    C598: 0x80018000 (-2147385344)
    C5A0: 0x0 (0)
    C5A8: 0x0 (0)
    C5B0: 0x0 (0)
    C5B8: 0x0 (0)
    C5C0: 0x0 (0)
    C5C8: 0x0 (0)
    C5D0: 0x0 (0)
    C5D8: 0x0 (0)
Checkpoint 4F
Checkpoint 60
Checkpoint 61
Checkpoint 9A
Checkpoint 90
Checkpoint 91
Checkpoint 92
Checkpoint 94
Checkpoint 94
Checkpoint 95
Checkpoint 96
Checkpoint 94
Checkpoint 94
Checkpoint 95
Checkpoint 96
Checkpoint 94
Checkpoint 94
Checkpoint 95
Checkpoint 96
Checkpoint 94
Checkpoint 94
Checkpoint 95
Checkpoint 96
Checkpoint 94
Checkpoint 94
Checkpoint 94
Checkpoint 95
Checkpoint 96
Checkpoint 94
Checkpoint 94
Checkpoint 94
Checkpoint 95
Checkpoint 96
Checkpoint 94
Checkpoint 94
Checkpoint 94
Checkpoint 94
Checkpoint 94
Checkpoint 95
Checkpoint 96
Checkpoint 94
Checkpoint 94
Checkpoint 94
Checkpoint 94
Checkpoint 95
Checkpoint 96
Checkpoint 92
Checkpoint 92
Checkpoint 92
Checkpoint 92
Checkpoint 92
Checkpoint 92
Checkpoint 92
Checkpoint 9D
Checkpoint 9A
Checkpoint 9C
Checkpoint B4
Checkpoint B4
Checkpoint 91
Checkpoint 92
Checkpoint 92
Checkpoint 92
Checkpoint 92
Checkpoint 92
Checkpoint 92
Checkpoint 92
Checkpoint 92
Checkpoint 97
[2J[1;1H[8;25;80t[2J[1;1H[1;1HPress <ESC> or <DEL> to enter Setup, <TAB> to POST, <F10> Display Boot Menu, <F12> to Network PXE Boot          
 System Product : R272-P31-JG 
 BMC Version : 12.50.08 
 BMC IP : 10.38.165.35 
 Checkpoint 98
Checkpoint 92
Checkpoint 92
Checkpoint 92
Checkpoint 92
Checkpoint 92
Checkpoint 92
Checkpoint 92
Checkpoint 92
Checkpoint A0
[2J[1;1H[1;1H[1;1H                                                                                [2;1H                                                                                [3;1H                                                                                [4;1H                                                                                [5;1H                                                                                [6;1H                                                                                [7;1H                                                                                [8;1H                                                                                [9;1H                                                                                [10;1H                                                                                [11;1H                                                                                [12;1H                                                                                [13;1H                                                                                [14;1H                                                                                [15;1H                                                                                [16;1H                                                                                [17;1H                                                                                [18;1H                                                                                [19;1H                                                                                [20;1H                                                                                [21;1H                                                                                [22;1H                                                                                [23;1H                                                                                [24;1H                                                                                [25;1H                                                                               Checkpoint AD

error: ../../grub-core/term/serial.c:219:serial port `com0' isn't found.
error: ../../grub-core/commands/terminal.c:140:terminal `serial' isn't found.
error: ../../grub-core/commands/terminal.c:140:terminal `serial' isn't found.
[0;37;40m[0;30;40m[2J[1;1H[0;37;40m[21;7HUse the ^ and v keys to change the selection.                       
      Press 'e' to edit the selected item, or 'c' for a command prompt.   [4;80H [0;30;47m[4;1H      CentOS Stream (4.18.0-240.el8.aarch64) 8                                 [0;37;40m[4;79H[5;1H      CentOS Stream (0-rescue-3d7fad0191614f12b1117e60d7103483) 8              [5;79H[6;1H      System setup                                                             [6;79H[7;1H                                                                               [7;79H[8;1H                                                                               [8;79H[9;1H                                                                               [9;79H[10;1H                                                                               [10;79H[11;1H                                                                               [11;79H[12;1H                                                                               [12;79H[13;1H                                                                               [13;79H[14;1H                                                                               [14;79H[15;1H                                                                               [15;79H[16;1H                                                                               [16;79H[17;1H                                                                               [17;79H[18;1H                                                                               [18;79H[19;1H                                                                               [19;79H[19;80H [4;79H[23;1H   The selected entry will be started automatically in 5s.                     [4;79H[23;1H   The selected entry will be started automatically in 4s.                     [4;79H[23;1H   The selected entry will be started automatically in 3s.                     [4;79H[23;1H   The selected entry will be started automatically in 2s.                     [4;79H[23;1H   The selected entry will be started automatically in 1s.                     [4;79H[23;1H   The selected entry will be started automatically in 0s.                     [4;79H[0;30;40m[2J[1;1H[0;37;40m[0;30;40m[2J[1;1H[0;37;40mEFI stub: Booting Linux Kernel...
EFI stub: Using DTB from configuration table
EFI stub: Exiting boot services and installing virtual address map...
[    0.000000] Booting Linux on physical CPU 0x0000120000 [0x413fd0c1]
[    0.000000] Linux version 4.18.0-240.el8.aarch64 (mockbuild@aarch64-01.mbox.centos.org) (gcc version 8.3.1 20191121 (Red Hat 8.3.1-5) (GCC)) #1 SMP Fri Sep 25 19:32:19 UTC 2020
[    0.000000] efi: Getting EFI parameters from FDT:
[    0.000000] efi: EFI v2.70 by American Megatrends
[    0.000000] efi:  ACPI 2.0=0xf0010000  SMBIOS 3.0=0xf3c28518  ESRT=0xeb2abf98  RNG=0xf194fd98  MEMRESERVE=0xeb081518 
[    0.000000] efi: seeding entropy pool
[    0.000000] esrt: Reserving ESRT space from 0x00000000eb2abf98 to 0x00000000eb2abfd0.
[    0.000000] Using crashkernel=auto, the size chosen is a best effort estimation.
[    0.000000] crashkernel reserved: 0x00000000caa00000 - 0x00000000e6a00000 (448 MB)
[    0.000000] ACPI: Early table checksum verification disabled
[    0.000000] ACPI: RSDP 0x00000000F0010000 000024 (v02 Ampere)
[    0.000000] ACPI: XSDT 0x00000000F0000000 0000A4 (v01 Ampere Altra    00000000 AMI  01000013)
[    0.000000] ACPI: FACP 0x00000000EFFE0000 000114 (v06 Ampere Altra    00000000 INTL 20190509)
[    0.000000] ACPI: DSDT 0x00000000EFF70000 0162F9 (v02 Ampere Jade     00000001 INTL 20200717)
[    0.000000] ACPI: DBG2 0x00000000EFFF0000 00005C (v00 Ampere Altra    00000000 INTL 20190509)
[    0.000000] ACPI: GTDT 0x00000000EFFD0000 000110 (v03 Ampere Altra    00000000 INTL 20190509)
[    0.000000] ACPI: SSDT 0x00000000EFFC0000 00002D (v02 Ampere Altra    00000001 INTL 20190509)
[    0.000000] ACPI: FIDT 0x00000000EFF60000 00009C (v01 ALASKA A M I    01072009 AMI  00010013)
[    0.000000] ACPI: SPCR 0x00000000EFF50000 000050 (v02 ALASKA A M I    01072009 AMI  0005000F)
[    0.000000] ACPI: BGRT 0x00000000EFF40000 000038 (v01 ALASKA A M I    01072009 AMI  00010013)
[    0.000000] ACPI: PPTT 0x00000000EFF20000 008260 (v02 Ampere Altra    00000000 AMP. 01000013)
[    0.000000] ACPI: SLIT 0x00000000EFF10000 00002D (v01 Ampere Altra    00000000 AMP. 01000013)
[    0.000000] ACPI: SRAT 0x00000000EFF00000 0006D0 (v03 Ampere Altra    00000000 AMP. 01000013)
[    0.000000] ACPI: MCFG 0x00000000EFEF0000 0000AC (v01 Ampere Altra    00000001 AMP. 01000013)
[    0.000000] ACPI: IORT 0x00000000EFEE0000 000610 (v00 Ampere Altra    00000000 AMP. 01000013)
[    0.000000] ACPI: APIC 0x00000000EFF30000 0019F4 (v05 Ampere Altra    00000003 AMI  01000013)
[    0.000000] ACPI: PCCT 0x00000000EFED0000 000576 (v02 Ampere Altra    00000003 AMP. 01000013)
[    0.000000] ACPI: WSMT 0x00000000EFEC0000 000028 (v01 ALASKA A M I    01072009 AMI  00010013)
[    0.000000] ACPI: FPDT 0x00000000EFEB0000 000044 (v01 ALASKA A M I    01072009 AMI  01000013)
[    0.000000] ACPI: SPCR: console: pl011,mmio32,0x100002600000,115200
[    0.000000] ACPI: SRAT: Node 0 PXM 0 [mem 0x88300000-0x883fffff]
[    0.000000] ACPI: SRAT: Node 0 PXM 0 [mem 0x90000000-0xffffffff]
[    0.000000] ACPI: SRAT: Node 0 PXM 0 [mem 0x80000000000-0x8007fffffff]
[    0.000000] ACPI: SRAT: Node 0 PXM 0 [mem 0x80100000000-0x803ffffffff]
[    0.000000] NUMA: NODE_DATA [mem 0x803ffdbe600-0x803ffdbffff]
[    0.000000] Zone ranges:
[    0.000000]   DMA32    [mem 0x0000000088300000-0x00000000ffffffff]
[    0.000000]   Normal   [mem 0x0000000100000000-0x00000803ffffffff]
[    0.000000] Movable zone start for each node
[    0.000000] Early memory node ranges
[    0.000000]   node   0: [mem 0x0000000088300000-0x00000000883fffff]
[    0.000000]   node   0: [mem 0x0000000090000000-0x0000000091ffffff]
[    0.000000]   node   0: [mem 0x0000000092000000-0x0000000093ffffff]
[    0.000000]   node   0: [mem 0x0000000094000000-0x00000000efa3ffff]
[    0.000000]   node   0: [mem 0x00000000efa40000-0x00000000efe5ffff]
[    0.000000]   node   0: [mem 0x00000000efe60000-0x00000000f007ffff]
[    0.000000]   node   0: [mem 0x00000000f0080000-0x00000000f008ffff]
[    0.000000]   node   0: [mem 0x00000000f0090000-0x00000000f183ffff]
[    0.000000]   node   0: [mem 0x00000000f1840000-0x00000000f76dffff]
[    0.000000]   node   0: [mem 0x00000000f76e0000-0x00000000f78affff]
[    0.000000]   node   0: [mem 0x00000000f78b0000-0x00000000f7fdffff]
[    0.000000]   node   0: [mem 0x00000000f7fe0000-0x00000000ffc7ffff]
[    0.000000]   node   0: [mem 0x00000000ffc80000-0x00000000ffc8ffff]
[    0.000000]   node   0: [mem 0x00000000ffc90000-0x00000000ffffffff]
[    0.000000]   node   0: [mem 0x0000080000000000-0x000008007fffffff]
[    0.000000]   node   0: [mem 0x0000080100000000-0x00000803ffffffff]
[    0.000000] Zeroed struct page in unavailable ranges: 1697 pages
[    0.000000] Initmem setup node 0 [mem 0x0000000088300000-0x00000803ffffffff]
[    0.000000] psci: probing for conduit method from ACPI.
[    0.000000] psci: PSCIv1.1 detected in firmware.
[    0.000000] psci: Using standard PSCI v0.2 function IDs
[    0.000000] psci: MIGRATE_INFO_TYPE not supported.
[    0.000000] psci: SMC Calling Convention v1.0
[    0.000000] ACPI: NUMA: SRAT: PXM 0 -> MPIDR 0x0 -> Node 0
[    0.000000] ACPI: NUMA: SRAT: PXM 0 -> MPIDR 0x100 -> Node 0
[    0.000000] ACPI: NUMA: SRAT: PXM 0 -> MPIDR 0x10000 -> Node 0
[    0.000000] ACPI: NUMA: SRAT: PXM 0 -> MPIDR 0x10100 -> Node 0
[    0.000000] ACPI: NUMA: SRAT: PXM 0 -> MPIDR 0x20000 -> Node 0
[    0.000000] ACPI: NUMA: SRAT: PXM 0 -> MPIDR 0x20100 -> Node 0
[    0.000000] ACPI: NUMA: SRAT: PXM 0 -> MPIDR 0x30000 -> Node 0
[    0.000000] ACPI: NUMA: SRAT: PXM 0 -> MPIDR 0x30100 -> Node 0
[    0.000000] ACPI: NUMA: SRAT: PXM 0 -> MPIDR 0x40000 -> Node 0
[    0.000000] ACPI: NUMA: SRAT: PXM 0 -> MPIDR 0x40100 -> Node 0
[    0.000000] ACPI: NUMA: SRAT: PXM 0 -> MPIDR 0x50000 -> Node 0
[    0.000000] ACPI: NUMA: SRAT: PXM 0 -> MPIDR 0x50100 -> Node 0
[    0.000000] ACPI: NUMA: SRAT: PXM 0 -> MPIDR 0x60000 -> Node 0
[    0.000000] ACPI: NUMA: SRAT: PXM 0 -> MPIDR 0x60100 -> Node 0
[    0.000000] ACPI: NUMA: SRAT: PXM 0 -> MPIDR 0x70000 -> Node 0
[    0.000000] ACPI: NUMA: SRAT: PXM 0 -> MPIDR 0x70100 -> Node 0
[    0.000000] ACPI: NUMA: SRAT: PXM 0 -> MPIDR 0x80000 -> Node 0
[    0.000000] ACPI: NUMA: SRAT: PXM 0 -> MPIDR 0x80100 -> Node 0
[    0.000000] ACPI: NUMA: SRAT: PXM 0 -> MPIDR 0x90000 -> Node 0
[    0.000000] ACPI: NUMA: SRAT: PXM 0 -> MPIDR 0x90100 -> Node 0
[    0.000000] ACPI: NUMA: SRAT: PXM 0 -> MPIDR 0xa0000 -> Node 0
[    0.000000] ACPI: NUMA: SRAT: PXM 0 -> MPIDR 0xa0100 -> Node 0
[    0.000000] ACPI: NUMA: SRAT: PXM 0 -> MPIDR 0xb0000 -> Node 0
[    0.000000] ACPI: NUMA: SRAT: PXM 0 -> MPIDR 0xb0100 -> Node 0
[    0.000000] ACPI: NUMA: SRAT: PXM 0 -> MPIDR 0xc0000 -> Node 0
[    0.000000] ACPI: NUMA: SRAT: PXM 0 -> MPIDR 0xc0100 -> Node 0
[    0.000000] ACPI: NUMA: SRAT: PXM 0 -> MPIDR 0xd0000 -> Node 0
[    0.000000] ACPI: NUMA: SRAT: PXM 0 -> MPIDR 0xd0100 -> Node 0
[    0.000000] ACPI: NUMA: SRAT: PXM 0 -> MPIDR 0xe0000 -> Node 0
[    0.000000] ACPI: NUMA: SRAT: PXM 0 -> MPIDR 0xe0100 -> Node 0
[    0.000000] ACPI: NUMA: SRAT: PXM 0 -> MPIDR 0xf0000 -> Node 0
[    0.000000] ACPI: NUMA: SRAT: PXM 0 -> MPIDR 0xf0100 -> Node 0
[    0.000000] ACPI: NUMA: SRAT: PXM 0 -> MPIDR 0x100000 -> Node 0
[    0.000000] ACPI: NUMA: SRAT: PXM 0 -> MPIDR 0x100100 -> Node 0
[    0.000000] ACPI: NUMA: SRAT: PXM 0 -> MPIDR 0x110000 -> Node 0
[    0.000000] ACPI: NUMA: SRAT: PXM 0 -> MPIDR 0x110100 -> Node 0
[    0.000000] ACPI: NUMA: SRAT: PXM 0 -> MPIDR 0x120000 -> Node 0
[    0.000000] ACPI: NUMA: SRAT: PXM 0 -> MPIDR 0x120100 -> Node 0
[    0.000000] ACPI: NUMA: SRAT: PXM 0 -> MPIDR 0x130000 -> Node 0
[    0.000000] ACPI: NUMA: SRAT: PXM 0 -> MPIDR 0x130100 -> Node 0
[    0.000000] ACPI: NUMA: SRAT: PXM 0 -> MPIDR 0x140000 -> Node 0
[    0.000000] ACPI: NUMA: SRAT: PXM 0 -> MPIDR 0x140100 -> Node 0
[    0.000000] ACPI: NUMA: SRAT: PXM 0 -> MPIDR 0x150000 -> Node 0
[    0.000000] ACPI: NUMA: SRAT: PXM 0 -> MPIDR 0x150100 -> Node 0
[    0.000000] ACPI: NUMA: SRAT: PXM 0 -> MPIDR 0x160000 -> Node 0
[    0.000000] ACPI: NUMA: SRAT: PXM 0 -> MPIDR 0x160100 -> Node 0
[    0.000000] ACPI: NUMA: SRAT: PXM 0 -> MPIDR 0x170000 -> Node 0
[    0.000000] ACPI: NUMA: SRAT: PXM 0 -> MPIDR 0x170100 -> Node 0
[    0.000000] ACPI: NUMA: SRAT: PXM 0 -> MPIDR 0x180000 -> Node 0
[    0.000000] ACPI: NUMA: SRAT: PXM 0 -> MPIDR 0x180100 -> Node 0
[    0.000000] ACPI: NUMA: SRAT: PXM 0 -> MPIDR 0x190000 -> Node 0
[    0.000000] ACPI: NUMA: SRAT: PXM 0 -> MPIDR 0x190100 -> Node 0
[    0.000000] ACPI: NUMA: SRAT: PXM 0 -> MPIDR 0x1a0000 -> Node 0
[    0.000000] ACPI: NUMA: SRAT: PXM 0 -> MPIDR 0x1a0100 -> Node 0
[    0.000000] ACPI: NUMA: SRAT: PXM 0 -> MPIDR 0x1b0000 -> Node 0
[    0.000000] ACPI: NUMA: SRAT: PXM 0 -> MPIDR 0x1b0100 -> Node 0
[    0.000000] ACPI: NUMA: SRAT: PXM 0 -> MPIDR 0x1c0000 -> Node 0
[    0.000000] ACPI: NUMA: SRAT: PXM 0 -> MPIDR 0x1c0100 -> Node 0
[    0.000000] ACPI: NUMA: SRAT: PXM 0 -> MPIDR 0x1d0000 -> Node 0
[    0.000000] ACPI: NUMA: SRAT: PXM 0 -> MPIDR 0x1d0100 -> Node 0
[    0.000000] ACPI: NUMA: SRAT: PXM 0 -> MPIDR 0x1e0000 -> Node 0
[    0.000000] ACPI: NUMA: SRAT: PXM 0 -> MPIDR 0x1e0100 -> Node 0
[    0.000000] ACPI: NUMA: SRAT: PXM 0 -> MPIDR 0x1f0000 -> Node 0
[    0.000000] ACPI: NUMA: SRAT: PXM 0 -> MPIDR 0x1f0100 -> Node 0
[    0.000000] ACPI: NUMA: SRAT: PXM 0 -> MPIDR 0x200000 -> Node 0
[    0.000000] ACPI: NUMA: SRAT: PXM 0 -> MPIDR 0x200100 -> Node 0
[    0.000000] ACPI: NUMA: SRAT: PXM 0 -> MPIDR 0x210000 -> Node 0
[    0.000000] ACPI: NUMA: SRAT: PXM 0 -> MPIDR 0x210100 -> Node 0
[    0.000000] ACPI: NUMA: SRAT: PXM 0 -> MPIDR 0x220000 -> Node 0
[    0.000000] ACPI: NUMA: SRAT: PXM 0 -> MPIDR 0x220100 -> Node 0
[    0.000000] ACPI: NUMA: SRAT: PXM 0 -> MPIDR 0x230000 -> Node 0
[    0.000000] ACPI: NUMA: SRAT: PXM 0 -> MPIDR 0x230100 -> Node 0
[    0.000000] ACPI: NUMA: SRAT: PXM 0 -> MPIDR 0x240000 -> Node 0
[    0.000000] ACPI: NUMA: SRAT: PXM 0 -> MPIDR 0x240100 -> Node 0
[    0.000000] ACPI: NUMA: SRAT: PXM 0 -> MPIDR 0x250000 -> Node 0
[    0.000000] ACPI: NUMA: SRAT: PXM 0 -> MPIDR 0x250100 -> Node 0
[    0.000000] ACPI: NUMA: SRAT: PXM 0 -> MPIDR 0x260000 -> Node 0
[    0.000000] ACPI: NUMA: SRAT: PXM 0 -> MPIDR 0x260100 -> Node 0
[    0.000000] ACPI: NUMA: SRAT: PXM 0 -> MPIDR 0x270000 -> Node 0
[    0.000000] ACPI: NUMA: SRAT: PXM 0 -> MPIDR 0x270100 -> Node 0
[    0.000000] percpu: Embedded 10 pages/cpu s584152 r8192 d63016 u655360
[    0.000000] Detected PIPT I-cache on CPU0
[    0.000000] CPU features: detected: GIC system register CPU interface
[    0.000000] CPU features: detected: Virtualization Host Extensions
[    0.000000] CPU features: kernel page table isolation forced ON by KASLR
[    0.000000] CPU features: detected: Kernel page table isolation (KPTI)
[    0.000000] CPU features: detected: Hardware dirty bit management
[    0.000000] CPU features: detected: Speculative Store Bypassing Safe (SSBS)
[    0.000000] alternatives: patching kernel code
[    0.000000] Built 1 zonelists, mobility grouping on.  Total pages: 257811
[    0.000000] Policy zone: Normal
[    0.000000] Kernel command line: BOOT_IMAGE=(hd1,gpt2)/vmlinuz-4.18.0-240.el8.aarch64 root=UUID=963d6c9e-37bc-408c-aa08-ca99c352ca2a ro crashkernel=auto console=ttyS0,115200
[    0.000000] Specific versions of hardware are certified with Red Hat Enterprise Linux 8. Please see the list of hardware certified with Red Hat Enterprise Linux 8 at https://catalog.redhat.com.
[    0.000000] software IO TLB: mapped [mem 0xfbc80000-0xffc80000] (64MB)
[    0.000000] Memory: 15701056K/16516096K available (9724K kernel code, 4594K rwdata, 6912K rodata, 5248K init, 17406K bss, 815040K reserved, 0K cma-reserved)
[    0.000000] random: get_random_u64 called from cache_random_seq_create+0x88/0x158 with crng_init=0
[    0.000000] SLUB: HWalign=64, Order=0-3, MinObjects=0, CPUs=80, Nodes=1
[    0.000000] ftrace: allocating 34660 entries in 9 pages
[    0.000000] ftrace: allocated 9 pages with 2 groups
[    0.000000] rcu: Hierarchical RCU implementation.
[    0.000000] rcu: 	RCU restricting CPUs from NR_CPUS=4096 to nr_cpu_ids=80.
[    0.000000] rcu: RCU calculated value of scheduler-enlistment delay is 10 jiffies.
[    0.000000] rcu: Adjusting geometry for rcu_fanout_leaf=16, nr_cpu_ids=80
[    0.000000] NR_IRQS: 64, nr_irqs: 64, preallocated irqs: 0
[    0.000000] GICv3: GIC: Using split EOI/Deactivate mode
[    0.000000] GICv3: 672 SPIs implemented
[    0.000000] GICv3: 0 Extended SPIs implemented
[    0.000000] GICv3: Distributor has no Range Selector support
[    0.000000] GICv3: 16 PPIs implemented
[    0.000000] GICv3: CPU0: found redistributor 120000 region 0:0x00001001005c0000
[    0.000000] SRAT: PXM 0 -> ITS 0 -> Node 0
[    0.000000] SRAT: PXM 0 -> ITS 1 -> Node 0
[    0.000000] SRAT: PXM 0 -> ITS 2 -> Node 0
[    0.000000] SRAT: PXM 0 -> ITS 3 -> Node 0
[    0.000000] SRAT: PXM 0 -> ITS 4 -> Node 0
[    0.000000] SRAT: PXM 0 -> ITS 5 -> Node 0
[    0.000000] SRAT: PXM 0 -> ITS 6 -> Node 0
[    0.000000] SRAT: PXM 0 -> ITS 7 -> Node 0
[    0.000000] ITS [mem 0x100100040000-0x10010005ffff]
[    0.000000] ITS@0x0000100100040000: allocated 8192 Devices @803c07a0000 (indirect, esz 8, psz 64K, shr 1)
[    0.000000] ITS@0x0000100100040000: allocated 32768 Interrupt Collections @803c07b0000 (flat, esz 2, psz 64K, shr 1)
[    0.000000] ITS [mem 0x100100060000-0x10010007ffff]
[    0.000000] ITS@0x0000100100060000: allocated 8192 Devices @803c07e0000 (indirect, esz 8, psz 64K, shr 1)
[    0.000000] ITS@0x0000100100060000: allocated 32768 Interrupt Collections @803c07f0000 (flat, esz 2, psz 64K, shr 1)
[    0.000000] ITS [mem 0x100100080000-0x10010009ffff]
[    0.000000] ITS@0x0000100100080000: allocated 8192 Devices @803c0810000 (indirect, esz 8, psz 64K, shr 1)
[    0.000000] ITS@0x0000100100080000: allocated 32768 Interrupt Collections @803c0820000 (flat, esz 2, psz 64K, shr 1)
[    0.000000] ITS [mem 0x1001000a0000-0x1001000bffff]
[    0.000000] ITS@0x00001001000a0000: allocated 8192 Devices @803c0840000 (indirect, esz 8, psz 64K, shr 1)
[    0.000000] ITS@0x00001001000a0000: allocated 32768 Interrupt Collections @803c0850000 (flat, esz 2, psz 64K, shr 1)
[    0.000000] ITS [mem 0x1001000c0000-0x1001000dffff]
[    0.000000] ITS@0x00001001000c0000: allocated 8192 Devices @803c0870000 (indirect, esz 8, psz 64K, shr 1)
[    0.000000] ITS@0x00001001000c0000: allocated 32768 Interrupt Collections @803c0880000 (flat, esz 2, psz 64K, shr 1)
[    0.000000] ITS [mem 0x1001000e0000-0x1001000fffff]
[    0.000000] ITS@0x00001001000e0000: allocated 8192 Devices @803c08a0000 (indirect, esz 8, psz 64K, shr 1)
[    0.000000] ITS@0x00001001000e0000: allocated 32768 Interrupt Collections @803c08b0000 (flat, esz 2, psz 64K, shr 1)
[    0.000000] ITS [mem 0x100100100000-0x10010011ffff]
[    0.000000] ITS@0x0000100100100000: allocated 8192 Devices @803c08d0000 (indirect, esz 8, psz 64K, shr 1)
[    0.000000] ITS@0x0000100100100000: allocated 32768 Interrupt Collections @803c08e0000 (flat, esz 2, psz 64K, shr 1)
[    0.000000] ITS [mem 0x100100120000-0x10010013ffff]
[    0.000000] ITS@0x0000100100120000: allocated 8192 Devices @803c0900000 (indirect, esz 8, psz 64K, shr 1)
[    0.000000] ITS@0x0000100100120000: allocated 32768 Interrupt Collections @803c0910000 (flat, esz 2, psz 64K, shr 1)
[    0.000000] GICv3: using LPI property table @0x00000803c0920000
[    0.000000] GICv3: CPU0: using allocated LPI pending table @0x00000803c0940000
[    0.000000] ACPI GTDT: found 1 memory-mapped timer block(s).
[    0.000000] arch_timer: cp15 and mmio timer(s) running at 25.00MHz (phys/phys).
[    0.000000] clocksource: arch_sys_counter: mask: 0xffffffffffffff max_cycles: 0x5c40939b5, max_idle_ns: 440795202646 ns
[    0.000000] sched_clock: 56 bits at 25MHz, resolution 40ns, wraps every 4398046511100ns
[    0.000057] Console: colour dummy device 80x25
[    0.000136] ACPI: Core revision 20200110
[    0.000317] Calibrating delay loop (skipped), value calculated using timer frequency.. 50.00 BogoMIPS (lpj=250000)
[    0.000319] pid_max: default: 81920 minimum: 640
[    0.000402] Security Framework initialized
[    0.000403] Yama: becoming mindful.
[    0.000407] SELinux:  Initializing.
[    0.001405] Dentry cache hash table entries: 2097152 (order: 8, 16777216 bytes)
[    0.001871] Inode-cache hash table entries: 1048576 (order: 7, 8388608 bytes)
[    0.001900] Mount-cache hash table entries: 32768 (order: 2, 262144 bytes)
[    0.001915] Mountpoint-cache hash table entries: 32768 (order: 2, 262144 bytes)
[    0.002863] ASID allocator initialised with 32768 entries
[    0.002878] rcu: Hierarchical SRCU implementation.
[    0.003125] Platform MSI: ITS@0x100100040000 domain created
[    0.003127] Platform MSI: ITS@0x100100060000 domain created
[    0.003129] Platform MSI: ITS@0x100100080000 domain created
[    0.003130] Platform MSI: ITS@0x1001000a0000 domain created
[    0.003131] Platform MSI: ITS@0x1001000c0000 domain created
[    0.003133] Platform MSI: ITS@0x1001000e0000 domain created
[    0.003134] Platform MSI: ITS@0x100100100000 domain created
[    0.003136] Platform MSI: ITS@0x100100120000 domain created
[    0.003140] PCI/MSI: ITS@0x100100040000 domain created
[    0.003141] PCI/MSI: ITS@0x100100060000 domain created
[    0.003142] PCI/MSI: ITS@0x100100080000 domain created
[    0.003144] PCI/MSI: ITS@0x1001000a0000 domain created
[    0.003145] PCI/MSI: ITS@0x1001000c0000 domain created
[    0.003146] PCI/MSI: ITS@0x1001000e0000 domain created
[    0.003148] PCI/MSI: ITS@0x100100100000 domain created
[    0.003149] PCI/MSI: ITS@0x100100120000 domain created
[    0.003153] Remapping and enabling EFI services.
[    0.003895] smp: Bringing up secondary CPUs ...
[    0.004071] Detected PIPT I-cache on CPU1
[    0.004088] GICv3: CPU1: found redistributor 1a0000 region 0:0x00001001007c0000
[    0.004110] GICv3: CPU1: using allocated LPI pending table @0x00000803c0950000
[    0.004148] CPU1: Booted secondary processor 0x00001a0000 [0x413fd0c1]
[    0.004376] Detected PIPT I-cache on CPU2
[    0.004390] GICv3: CPU2: found redistributor 140000 region 0:0x0000100100640000
[    0.004412] GICv3: CPU2: using allocated LPI pending table @0x00000803c0960000
[    0.004453] CPU2: Booted secondary processor 0x0000140000 [0x413fd0c1]
[    0.004731] Detected PIPT I-cache on CPU3
[    0.004746] GICv3: CPU3: found redistributor 1c0000 region 0:0x0000100100840000
[    0.004767] GICv3: CPU3: using allocated LPI pending table @0x00000803c0970000
[    0.004807] CPU3: Booted secondary processor 0x00001c0000 [0x413fd0c1]
[    0.005124] Detected PIPT I-cache on CPU4
[    0.005137] GICv3: CPU4: found redistributor 100000 region 0:0x0000100100540000
[    0.005158] GICv3: CPU4: using allocated LPI pending table @0x00000803c0980000
[    0.005200] CPU4: Booted secondary processor 0x0000100000 [0x413fd0c1]
[    0.005525] Detected PIPT I-cache on CPU5
[    0.005539] GICv3: CPU5: found redistributor 180000 region 0:0x0000100100740000
[    0.005560] GICv3: CPU5: using allocated LPI pending table @0x00000803c0990000
[    0.005601] CPU5: Booted secondary processor 0x0000180000 [0x413fd0c1]
[    0.005936] Detected PIPT I-cache on CPU6
[    0.005950] GICv3: CPU6: found redistributor 160000 region 0:0x00001001006c0000
[    0.005972] GICv3: CPU6: using allocated LPI pending table @0x00000803c09a0000
[    0.006015] CPU6: Booted secondary processor 0x0000160000 [0x413fd0c1]
[    0.006338] Detected PIPT I-cache on CPU7
[    0.006354] GICv3: CPU7: found redistributor 1e0000 region 0:0x00001001008c0000
[    0.006375] GICv3: CPU7: using allocated LPI pending table @0x00000803c09b0000
[    0.006418] CPU7: Booted secondary processor 0x00001e0000 [0x413fd0c1]
[    0.006721] Detected PIPT I-cache on CPU8
[    0.006732] GICv3: CPU8: found redistributor a0000 region 0:0x00001001003c0000
[    0.006755] GICv3: CPU8: using allocated LPI pending table @0x00000803c09c0000
[    0.006798] CPU8: Booted secondary processor 0x00000a0000 [0x413fd0c1]
[    0.007125] Detected PIPT I-cache on CPU9
[    0.007141] GICv3: CPU9: found redistributor 220000 region 0:0x00001001009c0000
[    0.007163] GICv3: CPU9: using allocated LPI pending table @0x00000803c09d0000
[    0.007202] CPU9: Booted secondary processor 0x0000220000 [0x413fd0c1]
[    0.007524] Detected PIPT I-cache on CPU10
[    0.007536] GICv3: CPU10: found redistributor c0000 region 0:0x0000100100440000
[    0.007559] GICv3: CPU10: using allocated LPI pending table @0x00000803c09e0000
[    0.007602] CPU10: Booted secondary processor 0x00000c0000 [0x413fd0c1]
[    0.007932] Detected PIPT I-cache on CPU11
[    0.007948] GICv3: CPU11: found redistributor 240000 region 0:0x0000100100a40000
[    0.007972] GICv3: CPU11: using allocated LPI pending table @0x00000803c09f0000
[    0.008011] CPU11: Booted secondary processor 0x0000240000 [0x413fd0c1]
[    0.008328] Detected PIPT I-cache on CPU12
[    0.008339] GICv3: CPU12: found redistributor 80000 region 0:0x0000100100340000
[    0.008362] GICv3: CPU12: using allocated LPI pending table @0x00000803c0a00000
[    0.008405] CPU12: Booted secondary processor 0x0000080000 [0x413fd0c1]
[    0.008727] Detected PIPT I-cache on CPU13
[    0.008743] GICv3: CPU13: found redistributor 200000 region 0:0x0000100100940000
[    0.008766] GICv3: CPU13: using allocated LPI pending table @0x00000803c0a10000
[    0.008806] CPU13: Booted secondary processor 0x0000200000 [0x413fd0c1]
[    0.009128] Detected PIPT I-cache on CPU14
[    0.009141] GICv3: CPU14: found redistributor e0000 region 0:0x00001001004c0000
[    0.009164] GICv3: CPU14: using allocated LPI pending table @0x00000803c0a20000
[    0.009207] CPU14: Booted secondary processor 0x00000e0000 [0x413fd0c1]
[    0.009533] Detected PIPT I-cache on CPU15
[    0.009551] GICv3: CPU15: found redistributor 260000 region 0:0x0000100100ac0000
[    0.009574] GICv3: CPU15: using allocated LPI pending table @0x00000803c0a30000
[    0.009615] CPU15: Booted secondary processor 0x0000260000 [0x413fd0c1]
[    0.009933] Detected PIPT I-cache on CPU16
[    0.009942] GICv3: CPU16: found redistributor 20000 region 0:0x00001001001c0000
[    0.009966] GICv3: CPU16: using allocated LPI pending table @0x00000803c0a40000
[    0.010011] CPU16: Booted secondary processor 0x0000020000 [0x413fd0c1]
[    0.010335] Detected PIPT I-cache on CPU17
[    0.010345] GICv3: CPU17: found redistributor 40000 region 0:0x0000100100240000
[    0.010369] GICv3: CPU17: using allocated LPI pending table @0x00000803c0a50000
[    0.010414] CPU17: Booted secondary processor 0x0000040000 [0x413fd0c1]
[    0.010721] Detected PIPT I-cache on CPU18
[    0.010730] GICv3: CPU18: found redistributor 0 region 0:0x0000100100140000
[    0.010755] GICv3: CPU18: using allocated LPI pending table @0x00000803c0a60000
[    0.010800] CPU18: Booted secondary processor 0x0000000000 [0x413fd0c1]
[    0.011134] Detected PIPT I-cache on CPU19
[    0.011145] GICv3: CPU19: found redistributor 60000 region 0:0x00001001002c0000
[    0.011169] GICv3: CPU19: using allocated LPI pending table @0x00000803c0a70000
[    0.011215] CPU19: Booted secondary processor 0x0000060000 [0x413fd0c1]
[    0.011538] Detected PIPT I-cache on CPU20
[    0.011551] GICv3: CPU20: found redistributor 130000 region 0:0x0000100100600000
[    0.011574] GICv3: CPU20: using allocated LPI pending table @0x00000803c0a80000
[    0.011616] CPU20: Booted secondary processor 0x0000130000 [0x413fd0c1]
[    0.011937] Detected PIPT I-cache on CPU21
[    0.011951] GICv3: CPU21: found redistributor 1b0000 region 0:0x0000100100800000
[    0.011974] GICv3: CPU21: using allocated LPI pending table @0x00000803c0a90000
[    0.012016] CPU21: Booted secondary processor 0x00001b0000 [0x413fd0c1]
[    0.012327] Detected PIPT I-cache on CPU22
[    0.012341] GICv3: CPU22: found redistributor 150000 region 0:0x0000100100680000
[    0.012364] GICv3: CPU22: using allocated LPI pending table @0x00000803c0aa0000
[    0.012407] CPU22: Booted secondary processor 0x0000150000 [0x413fd0c1]
[    0.012732] Detected PIPT I-cache on CPU23
[    0.012747] GICv3: CPU23: found redistributor 1d0000 region 0:0x0000100100880000
[    0.012771] GICv3: CPU23: using allocated LPI pending table @0x00000803c0ab0000
[    0.012813] CPU23: Booted secondary processor 0x00001d0000 [0x413fd0c1]
[    0.013128] Detected PIPT I-cache on CPU24
[    0.013141] GICv3: CPU24: found redistributor 110000 region 0:0x0000100100580000
[    0.013165] GICv3: CPU24: using allocated LPI pending table @0x00000803c0ac0000
[    0.013208] CPU24: Booted secondary processor 0x0000110000 [0x413fd0c1]
[    0.013531] Detected PIPT I-cache on CPU25
[    0.013546] GICv3: CPU25: found redistributor 190000 region 0:0x0000100100780000
[    0.013569] GICv3: CPU25: using allocated LPI pending table @0x00000803c0ad0000
[    0.013612] CPU25: Booted secondary processor 0x0000190000 [0x413fd0c1]
[    0.013938] Detected PIPT I-cache on CPU26
[    0.013952] GICv3: CPU26: found redistributor 170000 region 0:0x0000100100700000
[    0.013977] GICv3: CPU26: using allocated LPI pending table @0x00000803c0ae0000
[    0.014021] CPU26: Booted secondary processor 0x0000170000 [0x413fd0c1]
[    0.014330] Detected PIPT I-cache on CPU27
[    0.014347] GICv3: CPU27: found redistributor 1f0000 region 0:0x0000100100900000
[    0.014371] GICv3: CPU27: using allocated LPI pending table @0x00000803c0af0000
[    0.014415] CPU27: Booted secondary processor 0x00001f0000 [0x413fd0c1]
[    0.014727] Detected PIPT I-cache on CPU28
[    0.014738] GICv3: CPU28: found redistributor b0000 region 0:0x0000100100400000
[    0.014763] GICv3: CPU28: using allocated LPI pending table @0x00000803c0b00000
[    0.014808] CPU28: Booted secondary processor 0x00000b0000 [0x413fd0c1]
[    0.015129] Detected PIPT I-cache on CPU29
[    0.015145] GICv3: CPU29: found redistributor 230000 region 0:0x0000100100a00000
[    0.015170] GICv3: CPU29: using allocated LPI pending table @0x00000803c0b10000
[    0.015212] CPU29: Booted secondary processor 0x0000230000 [0x413fd0c1]
[    0.015530] Detected PIPT I-cache on CPU30
[    0.015542] GICv3: CPU30: found redistributor d0000 region 0:0x0000100100480000
[    0.015567] GICv3: CPU30: using allocated LPI pending table @0x00000803c0b20000
[    0.015612] CPU30: Booted secondary processor 0x00000d0000 [0x413fd0c1]
[    0.015928] Detected PIPT I-cache on CPU31
[    0.015945] GICv3: CPU31: found redistributor 250000 region 0:0x0000100100a80000
[    0.015970] GICv3: CPU31: using allocated LPI pending table @0x00000803c0b30000
[    0.016011] CPU31: Booted secondary processor 0x0000250000 [0x413fd0c1]
[    0.016327] Detected PIPT I-cache on CPU32
[    0.016338] GICv3: CPU32: found redistributor 90000 region 0:0x0000100100380000
[    0.016364] GICv3: CPU32: using allocated LPI pending table @0x00000803c0b40000
[    0.016410] CPU32: Booted secondary processor 0x0000090000 [0x413fd0c1]
[    0.016732] Detected PIPT I-cache on CPU33
[    0.016748] GICv3: CPU33: found redistributor 210000 region 0:0x0000100100980000
[    0.016773] GICv3: CPU33: using allocated LPI pending table @0x00000803c0b50000
[    0.016815] CPU33: Booted secondary processor 0x0000210000 [0x413fd0c1]
[    0.017131] Detected PIPT I-cache on CPU34
[    0.017144] GICv3: CPU34: found redistributor f0000 region 0:0x0000100100500000
[    0.017170] GICv3: CPU34: using allocated LPI pending table @0x00000803c0b60000
[    0.017215] CPU34: Booted secondary processor 0x00000f0000 [0x413fd0c1]
[    0.017537] Detected PIPT I-cache on CPU35
[    0.017555] GICv3: CPU35: found redistributor 270000 region 0:0x0000100100b00000
[    0.017580] GICv3: CPU35: using allocated LPI pending table @0x00000803c0b70000
[    0.017623] CPU35: Booted secondary processor 0x0000270000 [0x413fd0c1]
[    0.017923] Detected PIPT I-cache on CPU36
[    0.017933] GICv3: CPU36: found redistributor 30000 region 0:0x0000100100200000
[    0.017960] GICv3: CPU36: using allocated LPI pending table @0x00000803c0b80000
[    0.018006] CPU36: Booted secondary processor 0x0000030000 [0x413fd0c1]
[    0.018325] Detected PIPT I-cache on CPU37
[    0.018335] GICv3: CPU37: found redistributor 50000 region 0:0x0000100100280000
[    0.018362] GICv3: CPU37: using allocated LPI pending table @0x00000803c0b90000
[    0.018409] CPU37: Booted secondary processor 0x0000050000 [0x413fd0c1]
[    0.018732] Detected PIPT I-cache on CPU38
[    0.018742] GICv3: CPU38: found redistributor 10000 region 0:0x0000100100180000
[    0.018769] GICv3: CPU38: using allocated LPI pending table @0x00000803c0ba0000
[    0.018816] CPU38: Booted secondary processor 0x0000010000 [0x413fd0c1]
[    0.019136] Detected PIPT I-cache on CPU39
[    0.019147] GICv3: CPU39: found redistributor 70000 region 0:0x0000100100300000
[    0.019175] GICv3: CPU39: using allocated LPI pending table @0x00000803c0bb0000
[    0.019223] CPU39: Booted secondary processor 0x0000070000 [0x413fd0c1]
[    0.019523] Detected PIPT I-cache on CPU40
[    0.019536] GICv3: CPU40: found redistributor 120100 region 0:0x00001001005e0000
[    0.019561] GICv3: CPU40: using allocated LPI pending table @0x00000803c0bc0000
[    0.019606] CPU40: Booted secondary processor 0x0000120100 [0x413fd0c1]
[    0.019935] Detected PIPT I-cache on CPU41
[    0.019950] GICv3: CPU41: found redistributor 1a0100 region 0:0x00001001007e0000
[    0.019975] GICv3: CPU41: using allocated LPI pending table @0x00000803c0bd0000
[    0.020019] CPU41: Booted secondary processor 0x00001a0100 [0x413fd0c1]
[    0.020333] Detected PIPT I-cache on CPU42
[    0.020347] GICv3: CPU42: found redistributor 140100 region 0:0x0000100100660000
[    0.020373] GICv3: CPU42: using allocated LPI pending table @0x00000803c0be0000
[    0.020418] CPU42: Booted secondary processor 0x0000140100 [0x413fd0c1]
[    0.020735] Detected PIPT I-cache on CPU43
[    0.020750] GICv3: CPU43: found redistributor 1c0100 region 0:0x0000100100860000
[    0.020777] GICv3: CPU43: using allocated LPI pending table @0x00000803c0bf0000
[    0.020817] CPU43: Booted secondary processor 0x00001c0100 [0x413fd0c1]
[    0.021123] Detected PIPT I-cache on CPU44
[    0.021135] GICv3: CPU44: found redistributor 100100 region 0:0x0000100100560000
[    0.021163] GICv3: CPU44: using allocated LPI pending table @0x00000803c0c00000
[    0.021207] CPU44: Booted secondary processor 0x0000100100 [0x413fd0c1]
[    0.021529] Detected PIPT I-cache on CPU45
[    0.021543] GICv3: CPU45: found redistributor 180100 region 0:0x0000100100760000
[    0.021571] GICv3: CPU45: using allocated LPI pending table @0x00000803c0c10000
[    0.021613] CPU45: Booted secondary processor 0x0000180100 [0x413fd0c1]
[    0.021931] Detected PIPT I-cache on CPU46
[    0.021945] GICv3: CPU46: found redistributor 160100 region 0:0x00001001006e0000
[    0.021973] GICv3: CPU46: using allocated LPI pending table @0x00000803c0c20000
[    0.022018] CPU46: Booted secondary processor 0x0000160100 [0x413fd0c1]
[    0.022336] Detected PIPT I-cache on CPU47
[    0.022352] GICv3: CPU47: found redistributor 1e0100 region 0:0x00001001008e0000
[    0.022379] GICv3: CPU47: using allocated LPI pending table @0x00000803c0c30000
[    0.022423] CPU47: Booted secondary processor 0x00001e0100 [0x413fd0c1]
[    0.022730] Detected PIPT I-cache on CPU48
[    0.022741] GICv3: CPU48: found redistributor a0100 region 0:0x00001001003e0000
[    0.022769] GICv3: CPU48: using allocated LPI pending table @0x00000803c0c40000
[    0.022816] CPU48: Booted secondary processor 0x00000a0100 [0x413fd0c1]
[    0.023130] Detected PIPT I-cache on CPU49
[    0.023146] GICv3: CPU49: found redistributor 220100 region 0:0x00001001009e0000
[    0.023173] GICv3: CPU49: using allocated LPI pending table @0x00000803c0c50000
[    0.023216] CPU49: Booted secondary processor 0x0000220100 [0x413fd0c1]
[    0.023530] Detected PIPT I-cache on CPU50
[    0.023542] GICv3: CPU50: found redistributor c0100 region 0:0x0000100100460000
[    0.023570] GICv3: CPU50: using allocated LPI pending table @0x00000803c0c60000
[    0.023616] CPU50: Booted secondary processor 0x00000c0100 [0x413fd0c1]
[    0.023934] Detected PIPT I-cache on CPU51
[    0.023950] GICv3: CPU51: found redistributor 240100 region 0:0x0000100100a60000
[    0.023979] GICv3: CPU51: using allocated LPI pending table @0x00000803c0c70000
[    0.024021] CPU51: Booted secondary processor 0x0000240100 [0x413fd0c1]
[    0.024320] Detected PIPT I-cache on CPU52
[    0.024331] GICv3: CPU52: found redistributor 80100 region 0:0x0000100100360000
[    0.024360] GICv3: CPU52: using allocated LPI pending table @0x00000803c0c80000
[    0.024408] CPU52: Booted secondary processor 0x0000080100 [0x413fd0c1]
[    0.024731] Detected PIPT I-cache on CPU53
[    0.024747] GICv3: CPU53: found redistributor 200100 region 0:0x0000100100960000
[    0.024776] GICv3: CPU53: using allocated LPI pending table @0x00000803c0c90000
[    0.024820] CPU53: Booted secondary processor 0x0000200100 [0x413fd0c1]
[    0.025131] Detected PIPT I-cache on CPU54
[    0.025144] GICv3: CPU54: found redistributor e0100 region 0:0x00001001004e0000
[    0.025173] GICv3: CPU54: using allocated LPI pending table @0x00000803c0ca0000
[    0.025220] CPU54: Booted secondary processor 0x00000e0100 [0x413fd0c1]
[    0.025540] Detected PIPT I-cache on CPU55
[    0.025558] GICv3: CPU55: found redistributor 260100 region 0:0x0000100100ae0000
[    0.025587] GICv3: CPU55: using allocated LPI pending table @0x00000803c0cb0000
[    0.025630] CPU55: Booted secondary processor 0x0000260100 [0x413fd0c1]
[    0.025928] Detected PIPT I-cache on CPU56
[    0.025938] GICv3: CPU56: found redistributor 20100 region 0:0x00001001001e0000
[    0.025967] GICv3: CPU56: using allocated LPI pending table @0x00000803c0cc0000
[    0.026015] CPU56: Booted secondary processor 0x0000020100 [0x413fd0c1]
[    0.026333] Detected PIPT I-cache on CPU57
[    0.026343] GICv3: CPU57: found redistributor 40100 region 0:0x0000100100260000
[    0.026372] GICv3: CPU57: using allocated LPI pending table @0x00000803c0cd0000
[    0.026421] CPU57: Booted secondary processor 0x0000040100 [0x413fd0c1]
[    0.026723] Detected PIPT I-cache on CPU58
[    0.026732] GICv3: CPU58: found redistributor 100 region 0:0x0000100100160000
[    0.026762] GICv3: CPU58: using allocated LPI pending table @0x00000803c0ce0000
[    0.026811] CPU58: Booted secondary processor 0x0000000100 [0x413fd0c1]
[    0.027131] Detected PIPT I-cache on CPU59
[    0.027142] GICv3: CPU59: found redistributor 60100 region 0:0x00001001002e0000
[    0.027172] GICv3: CPU59: using allocated LPI pending table @0x00000803c0cf0000
[    0.027220] CPU59: Booted secondary processor 0x0000060100 [0x413fd0c1]
[    0.027532] Detected PIPT I-cache on CPU60
[    0.027546] GICv3: CPU60: found redistributor 130100 region 0:0x0000100100620000
[    0.027575] GICv3: CPU60: using allocated LPI pending table @0x00000803c0d00000
[    0.027620] CPU60: Booted secondary processor 0x0000130100 [0x413fd0c1]
[    0.027923] Detected PIPT I-cache on CPU61
[    0.027938] GICv3: CPU61: found redistributor 1b0100 region 0:0x0000100100820000
[    0.027966] GICv3: CPU61: using allocated LPI pending table @0x00000803c0d10000
[    0.028012] CPU61: Booted secondary processor 0x00001b0100 [0x413fd0c1]
[    0.028331] Detected PIPT I-cache on CPU62
[    0.028345] GICv3: CPU62: found redistributor 150100 region 0:0x00001001006a0000
[    0.028374] GICv3: CPU62: using allocated LPI pending table @0x00000803c0d20000
[    0.028420] CPU62: Booted secondary processor 0x0000150100 [0x413fd0c1]
[    0.028733] Detected PIPT I-cache on CPU63
[    0.028749] GICv3: CPU63: found redistributor 1d0100 region 0:0x00001001008a0000
[    0.028778] GICv3: CPU63: using allocated LPI pending table @0x00000803c0d30000
[    0.028823] CPU63: Booted secondary processor 0x00001d0100 [0x413fd0c1]
[    0.029136] Detected PIPT I-cache on CPU64
[    0.029149] GICv3: CPU64: found redistributor 110100 region 0:0x00001001005a0000
[    0.029179] GICv3: CPU64: using allocated LPI pending table @0x00000803c0d40000
[    0.029225] CPU64: Booted secondary processor 0x0000110100 [0x413fd0c1]
[    0.029537] Detected PIPT I-cache on CPU65
[    0.029551] GICv3: CPU65: found redistributor 190100 region 0:0x00001001007a0000
[    0.029581] GICv3: CPU65: using allocated LPI pending table @0x00000803c0d50000
[    0.029627] CPU65: Booted secondary processor 0x0000190100 [0x413fd0c1]
[    0.029935] Detected PIPT I-cache on CPU66
[    0.029950] GICv3: CPU66: found redistributor 170100 region 0:0x0000100100720000
[    0.029980] GICv3: CPU66: using allocated LPI pending table @0x00000803c0d60000
[    0.030026] CPU66: Booted secondary processor 0x0000170100 [0x413fd0c1]
[    0.030333] Detected PIPT I-cache on CPU67
[    0.030349] GICv3: CPU67: found redistributor 1f0100 region 0:0x0000100100920000
[    0.030380] GICv3: CPU67: using allocated LPI pending table @0x00000803c0d70000
[    0.030426] CPU67: Booted secondary processor 0x00001f0100 [0x413fd0c1]
[    0.030735] Detected PIPT I-cache on CPU68
[    0.030746] GICv3: CPU68: found redistributor b0100 region 0:0x0000100100420000
[    0.030776] GICv3: CPU68: using allocated LPI pending table @0x00000803c0d80000
[    0.030825] CPU68: Booted secondary processor 0x00000b0100 [0x413fd0c1]
[    0.031128] Detected PIPT I-cache on CPU69
[    0.031143] GICv3: CPU69: found redistributor 230100 region 0:0x0000100100a20000
[    0.031173] GICv3: CPU69: using allocated LPI pending table @0x00000803c0d90000
[    0.031218] CPU69: Booted secondary processor 0x0000230100 [0x413fd0c1]
[    0.031533] Detected PIPT I-cache on CPU70
[    0.031545] GICv3: CPU70: found redistributor d0100 region 0:0x00001001004a0000
[    0.031576] GICv3: CPU70: using allocated LPI pending table @0x00000803c0da0000
[    0.031623] CPU70: Booted secondary processor 0x00000d0100 [0x413fd0c1]
[    0.031931] Detected PIPT I-cache on CPU71
[    0.031948] GICv3: CPU71: found redistributor 250100 region 0:0x0000100100aa0000
[    0.031978] GICv3: CPU71: using allocated LPI pending table @0x00000803c0db0000
[    0.032024] CPU71: Booted secondary processor 0x0000250100 [0x413fd0c1]
[    0.032329] Detected PIPT I-cache on CPU72
[    0.032341] GICv3: CPU72: found redistributor 90100 region 0:0x00001001003a0000
[    0.032372] GICv3: CPU72: using allocated LPI pending table @0x00000803c0dc0000
[    0.032421] CPU72: Booted secondary processor 0x0000090100 [0x413fd0c1]
[    0.032734] Detected PIPT I-cache on CPU73
[    0.032750] GICv3: CPU73: found redistributor 210100 region 0:0x00001001009a0000
[    0.032781] GICv3: CPU73: using allocated LPI pending table @0x00000803c0dd0000
[    0.032828] CPU73: Booted secondary processor 0x0000210100 [0x413fd0c1]
[    0.033131] Detected PIPT I-cache on CPU74
[    0.033144] GICv3: CPU74: found redistributor f0100 region 0:0x0000100100520000
[    0.033176] GICv3: CPU74: using allocated LPI pending table @0x00000803c0de0000
[    0.033223] CPU74: Booted secondary processor 0x00000f0100 [0x413fd0c1]
[    0.033545] Detected PIPT I-cache on CPU75
[    0.033563] GICv3: CPU75: found redistributor 270100 region 0:0x0000100100b20000
[    0.033595] GICv3: CPU75: using allocated LPI pending table @0x00000803c0df0000
[    0.033642] CPU75: Booted secondary processor 0x0000270100 [0x413fd0c1]
[    0.033930] Detected PIPT I-cache on CPU76
[    0.033939] GICv3: CPU76: found redistributor 30100 region 0:0x0000100100220000
[    0.033971] GICv3: CPU76: using allocated LPI pending table @0x00000803c0e00000
[    0.034022] CPU76: Booted secondary processor 0x0000030100 [0x413fd0c1]
[    0.034334] Detected PIPT I-cache on CPU77
[    0.034344] GICv3: CPU77: found redistributor 50100 region 0:0x00001001002a0000
[    0.034376] GICv3: CPU77: using allocated LPI pending table @0x00000803c0e10000
[    0.034427] CPU77: Booted secondary processor 0x0000050100 [0x413fd0c1]
[    0.034730] Detected PIPT I-cache on CPU78
[    0.034740] GICv3: CPU78: found redistributor 10100 region 0:0x00001001001a0000
[    0.034772] GICv3: CPU78: using allocated LPI pending table @0x00000803c0e20000
[    0.034823] CPU78: Booted secondary processor 0x0000010100 [0x413fd0c1]
[    0.035136] Detected PIPT I-cache on CPU79
[    0.035147] GICv3: CPU79: found redistributor 70100 region 0:0x0000100100320000
[    0.035180] GICv3: CPU79: using allocated LPI pending table @0x00000803c0e30000
[    0.035230] CPU79: Booted secondary processor 0x0000070100 [0x413fd0c1]
[    0.035286] smp: Brought up 1 node, 80 CPUs
[    0.035354] SMP: Total of 80 processors activated.
[    0.035356] CPU features: detected: Privileged Access Never
[    0.035357] CPU features: detected: LSE atomic instructions
[    0.035358] CPU features: detected: User Access Override
[    0.035359] CPU features: detected: 32-bit EL0 Support
[    0.035360] CPU features: detected: Common not Private translations
[    0.035360] CPU features: detected: Data cache clean to Point of Persistence
[    0.035361] CPU features: detected: RAS Extension Support
[    0.035362] CPU features: detected: Data cache clean to the PoU not required for I/D coherence
[    0.035363] CPU features: detected: CRC32 instructions
[    0.036968] CPU: All CPU(s) started at EL2
[    0.040283] devtmpfs: initialized
[    0.040538] clocksource: jiffies: mask: 0xffffffff max_cycles: 0xffffffff, max_idle_ns: 19112604462750000 ns
[    0.040579] futex hash table entries: 32768 (order: 5, 2097152 bytes)
[    0.041043] pinctrl core: initialized pinctrl subsystem
[    0.041151] SMBIOS 3.3.0 present.
[    0.041154] DMI: GIGABYTE R272-P31-JG/MP32-AR0-JG, BIOS F05 01/19/2021
[    0.041448] NET: Registered protocol family 16
[    0.041810] DMA: preallocated 256 KiB pool for atomic allocations
[    0.041813] audit: initializing netlink subsys (disabled)
[    0.041859] audit: type=2000 audit(0.040:1): state=initialized audit_enabled=0 res=1
[    0.041980] cpuidle: using governor menu
[    0.042090] Detected 15 PCC Subspaces
[    0.042110] Registering PCC driver as Mailbox controller
[    0.042143] hw-breakpoint: found 6 breakpoint and 4 watchpoint registers.
[    0.042452] ACPI: bus type PCI registered
[    0.042454] acpiphp: ACPI Hot Plug PCI Controller Driver version: 0.5
[    0.042508] Serial: AMBA PL011 UART driver
[    0.044229] HugeTLB registered 16.0 GiB page size, pre-allocated 0 pages
[    0.044230] HugeTLB registered 512 MiB page size, pre-allocated 0 pages
[    0.044231] HugeTLB registered 2.00 MiB page size, pre-allocated 0 pages
[    0.044539] cryptd: max_cpu_qlen set to 1000
[    0.044907] ACPI: Added _OSI(Module Device)
[    0.044909] ACPI: Added _OSI(Processor Device)
[    0.044910] ACPI: Added _OSI(3.0 _SCP Extensions)
[    0.044911] ACPI: Added _OSI(Processor Aggregator Device)
[    0.044912] ACPI: Added _OSI(Linux-Dell-Video)
[    0.044913] ACPI: Added _OSI(Linux-Lenovo-NV-HDMI-Audio)
[    0.044914] ACPI: Added _OSI(Linux-HPI-Hybrid-Graphics)
[    0.050098] ACPI: 2 ACPI AML tables successfully acquired and loaded
[    0.051372] ACPI: Interpreter enabled
[    0.051373] ACPI: Using GIC for interrupt routing
[    0.051382] ACPI: MCFG table detected, 8 entries
[    0.057269] ARMH0011:00: ttyAMA0 at MMIO 0x100002600000 (irq = 27, base_baud = 0) is a SBSA
[    3.846220] printk: console [ttyAMA0] enabled
[    3.850683] ARMH0011:01: ttyAMA1 at MMIO 0x100002620000 (irq = 28, base_baud = 0) is a SBSA
[    3.861113] ACPI: PCI Root Bridge [PCI0] (domain 000c [bus 00-ff])
[    3.867285] acpi PNP0A08:00: _OSC: OS supports [ExtendedConfig ASPM ClockPM Segments MSI EDR HPX-Type3]
[    3.876730] acpi PNP0A08:00: _OSC: platform does not support [PCIeHotplug PME LTR DPC]
[    3.884681] acpi PNP0A08:00: _OSC: OS now controls [AER PCIeCapability]
[    3.891795] acpi PNP0A08:00: ECAM area [mem 0x33fff0000000-0x33ffffffffff] reserved by PNP0C02:00
[    3.900678] acpi PNP0A08:00: ECAM at [mem 0x33fff0000000-0x33ffffffffff] for [bus 00-ff]
[    3.908806] PCI host bridge to bus 000c:00
[    3.912890] pci_bus 000c:00: root bus resource [mem 0x40000000-0x4fffffff window]
[    3.920359] pci_bus 000c:00: root bus resource [mem 0x300000000000-0x33ffdfffffff window]
[    3.928522] pci_bus 000c:00: root bus resource [bus 00-ff]
[    3.934011] pci 000c:00:00.0: [1def:e100] type 00 class 0x060000
[    3.940053] pci 000c:00:01.0: [1def:e101] type 01 class 0x060400
[    3.946066] pci 000c:00:01.0: enabling Extended Tags
[    3.951040] pci 000c:00:01.0: supports D1 D2
[    3.955296] pci 000c:00:01.0: PME# supported from D0 D1 D3hot
[    3.962142] pci 000c:00:01.0: bridge window [io  0x1000-0x0fff] to [bus 01] add_size 1000
[    3.970306] pci 000c:00:01.0: bridge window [mem 0x00100000-0x000fffff 64bit pref] to [bus 01] add_size 200000 add_align 100000
[    3.981790] pci 000c:00:01.0: bridge window [mem 0x00100000-0x000fffff] to [bus 01] add_size 200000 add_align 100000
[    3.992301] pci 000c:00:01.0: BAR 14: assigned [mem 0x40000000-0x401fffff]
[    3.999162] pci 000c:00:01.0: BAR 15: assigned [mem 0x300000000000-0x3000001fffff 64bit pref]
[    4.007673] pci 000c:00:01.0: BAR 13: no space for [io  size 0x1000]
[    4.014012] pci 000c:00:01.0: BAR 13: failed to assign [io  size 0x1000]
[    4.020701] pci 000c:00:01.0: BAR 13: no space for [io  size 0x1000]
[    4.027040] pci 000c:00:01.0: BAR 13: failed to assign [io  size 0x1000]
[    4.033729] pci 000c:00:01.0: PCI bridge to [bus 01]
[    4.038680] pci 000c:00:01.0:   bridge window [mem 0x40000000-0x401fffff]
[    4.045455] pci 000c:00:01.0:   bridge window [mem 0x300000000000-0x3000001fffff 64bit pref]
[    4.053880] pci_bus 000c:00: resource 4 [mem 0x40000000-0x4fffffff window]
[    4.060741] pci_bus 000c:00: resource 5 [mem 0x300000000000-0x33ffdfffffff window]
[    4.068297] pci_bus 000c:01: resource 1 [mem 0x40000000-0x401fffff]
[    4.074550] pci_bus 000c:01: resource 2 [mem 0x300000000000-0x3000001fffff 64bit pref]
[    4.082477] ACPI: PCI Root Bridge [PCI1] (domain 000d [bus 00-ff])
[    4.088648] acpi PNP0A08:01: _OSC: OS supports [ExtendedConfig ASPM ClockPM Segments MSI EDR HPX-Type3]
[    4.098081] acpi PNP0A08:01: _OSC: platform does not support [PCIeHotplug PME LTR DPC]
[    4.106033] acpi PNP0A08:01: _OSC: OS now controls [AER PCIeCapability]
[    4.113121] acpi PNP0A08:01: ECAM area [mem 0x37fff0000000-0x37ffffffffff] reserved by PNP0C02:00
[    4.122003] acpi PNP0A08:01: ECAM at [mem 0x37fff0000000-0x37ffffffffff] for [bus 00-ff]
[    4.130121] PCI host bridge to bus 000d:00
[    4.134205] pci_bus 000d:00: root bus resource [mem 0x50000000-0x5fffffff window]
[    4.141674] pci_bus 000d:00: root bus resource [mem 0x340000000000-0x37ffdfffffff window]
[    4.149837] pci_bus 000d:00: root bus resource [bus 00-ff]
[    4.155322] pci 000d:00:00.0: [1def:e100] type 00 class 0x060000
[    4.161362] pci 000d:00:01.0: [1def:e101] type 01 class 0x060400
[    4.167373] pci 000d:00:01.0: enabling Extended Tags
[    4.172348] pci 000d:00:01.0: supports D1 D2
[    4.176604] pci 000d:00:01.0: PME# supported from D0 D1 D3hot
[    4.183448] pci 000d:00:01.0: bridge window [io  0x1000-0x0fff] to [bus 01] add_size 1000
[    4.191612] pci 000d:00:01.0: bridge window [mem 0x00100000-0x000fffff 64bit pref] to [bus 01] add_size 200000 add_align 100000
[    4.203074] pci 000d:00:01.0: bridge window [mem 0x00100000-0x000fffff] to [bus 01] add_size 200000 add_align 100000
[    4.213582] pci 000d:00:01.0: BAR 14: assigned [mem 0x50000000-0x501fffff]
[    4.220443] pci 000d:00:01.0: BAR 15: assigned [mem 0x340000000000-0x3400001fffff 64bit pref]
[    4.228954] pci 000d:00:01.0: BAR 13: no space for [io  size 0x1000]
[    4.235294] pci 000d:00:01.0: BAR 13: failed to assign [io  size 0x1000]
[    4.241982] pci 000d:00:01.0: BAR 13: no space for [io  size 0x1000]
[    4.248322] pci 000d:00:01.0: BAR 13: failed to assign [io  size 0x1000]
[    4.255010] pci 000d:00:01.0: PCI bridge to [bus 01]
[    4.259962] pci 000d:00:01.0:   bridge window [mem 0x50000000-0x501fffff]
[    4.266737] pci 000d:00:01.0:   bridge window [mem 0x340000000000-0x3400001fffff 64bit pref]
[    4.275161] pci_bus 000d:00: resource 4 [mem 0x50000000-0x5fffffff window]
[    4.282023] pci_bus 000d:00: resource 5 [mem 0x340000000000-0x37ffdfffffff window]
[    4.289577] pci_bus 000d:01: resource 1 [mem 0x50000000-0x501fffff]
[    4.295831] pci_bus 000d:01: resource 2 [mem 0x340000000000-0x3400001fffff 64bit pref]
[    4.303757] ACPI: PCI Root Bridge [PCI2] (domain 0001 [bus 00-ff])
[    4.309928] acpi PNP0A08:02: _OSC: OS supports [ExtendedConfig ASPM ClockPM Segments MSI EDR HPX-Type3]
[    4.319359] acpi PNP0A08:02: _OSC: platform does not support [PCIeHotplug PME LTR DPC]
[    4.327311] acpi PNP0A08:02: _OSC: OS now controls [AER PCIeCapability]
[    4.334395] acpi PNP0A08:02: ECAM area [mem 0x3bfff0000000-0x3bffffffffff] reserved by PNP0C02:00
[    4.343277] acpi PNP0A08:02: ECAM at [mem 0x3bfff0000000-0x3bffffffffff] for [bus 00-ff]
[    4.351394] PCI host bridge to bus 0001:00
[    4.355478] pci_bus 0001:00: root bus resource [mem 0x60000000-0x6fffffff window]
[    4.362946] pci_bus 0001:00: root bus resource [mem 0x380000000000-0x3bffdfffffff window]
[    4.371109] pci_bus 0001:00: root bus resource [bus 00-ff]
[    4.376594] pci 0001:00:00.0: [1def:e100] type 00 class 0x060000
[    4.382624] pci 0001:00:01.0: [1def:e101] type 01 class 0x060400
[    4.388635] pci 0001:00:01.0: enabling Extended Tags
[    4.393610] pci 0001:00:01.0: supports D1 D2
[    4.397866] pci 0001:00:01.0: PME# supported from D0 D1 D3hot
[    4.404708] pci 0001:00:01.0: bridge window [io  0x1000-0x0fff] to [bus 01] add_size 1000
[    4.412872] pci 0001:00:01.0: bridge window [mem 0x00100000-0x000fffff 64bit pref] to [bus 01] add_size 200000 add_align 100000
[    4.424334] pci 0001:00:01.0: bridge window [mem 0x00100000-0x000fffff] to [bus 01] add_size 200000 add_align 100000
[    4.434842] pci 0001:00:01.0: BAR 14: assigned [mem 0x60000000-0x601fffff]
[    4.441703] pci 0001:00:01.0: BAR 15: assigned [mem 0x380000000000-0x3800001fffff 64bit pref]
[    4.450214] pci 0001:00:01.0: BAR 13: no space for [io  size 0x1000]
[    4.456554] pci 0001:00:01.0: BAR 13: failed to assign [io  size 0x1000]
[    4.463242] pci 0001:00:01.0: BAR 13: no space for [io  size 0x1000]
[    4.469582] pci 0001:00:01.0: BAR 13: failed to assign [io  size 0x1000]
[    4.476269] pci 0001:00:01.0: PCI bridge to [bus 01]
[    4.481221] pci 0001:00:01.0:   bridge window [mem 0x60000000-0x601fffff]
[    4.487996] pci 0001:00:01.0:   bridge window [mem 0x380000000000-0x3800001fffff 64bit pref]
[    4.496420] pci_bus 0001:00: resource 4 [mem 0x60000000-0x6fffffff window]
[    4.503282] pci_bus 0001:00: resource 5 [mem 0x380000000000-0x3bffdfffffff window]
[    4.510837] pci_bus 0001:01: resource 1 [mem 0x60000000-0x601fffff]
[    4.517091] pci_bus 0001:01: resource 2 [mem 0x380000000000-0x3800001fffff 64bit pref]
[    4.525015] ACPI: PCI Root Bridge [PCI3] (domain 0000 [bus 00-ff])
[    4.531187] acpi PNP0A08:03: _OSC: OS supports [ExtendedConfig ASPM ClockPM Segments MSI EDR HPX-Type3]
[    4.540617] acpi PNP0A08:03: _OSC: platform does not support [PCIeHotplug PME LTR DPC]
[    4.548569] acpi PNP0A08:03: _OSC: OS now controls [AER PCIeCapability]
[    4.555650] acpi PNP0A08:03: ECAM area [mem 0x3ffff0000000-0x3fffffffffff] reserved by PNP0C02:00
[    4.564531] acpi PNP0A08:03: ECAM at [mem 0x3ffff0000000-0x3fffffffffff] for [bus 00-ff]
[    4.572647] PCI host bridge to bus 0000:00
[    4.576732] pci_bus 0000:00: root bus resource [mem 0x70000000-0x7fffffff window]
[    4.584200] pci_bus 0000:00: root bus resource [mem 0x3c0000000000-0x3fffdfffffff window]
[    4.592363] pci_bus 0000:00: root bus resource [bus 00-ff]
[    4.597848] pci 0000:00:00.0: [1def:e100] type 00 class 0x060000
[    4.603879] pci 0000:00:01.0: [1def:e101] type 01 class 0x060400
[    4.609890] pci 0000:00:01.0: enabling Extended Tags
[    4.614865] pci 0000:00:01.0: supports D1 D2
[    4.619122] pci 0000:00:01.0: PME# supported from D0 D1 D3hot
[    4.625964] pci 0000:00:01.0: bridge window [io  0x1000-0x0fff] to [bus 01] add_size 1000
[    4.634127] pci 0000:00:01.0: bridge window [mem 0x00100000-0x000fffff 64bit pref] to [bus 01] add_size 200000 add_align 100000
[    4.645590] pci 0000:00:01.0: bridge window [mem 0x00100000-0x000fffff] to [bus 01] add_size 200000 add_align 100000
[    4.656098] pci 0000:00:01.0: BAR 14: assigned [mem 0x70000000-0x701fffff]
[    4.662959] pci 0000:00:01.0: BAR 15: assigned [mem 0x3c0000000000-0x3c00001fffff 64bit pref]
[    4.671470] pci 0000:00:01.0: BAR 13: no space for [io  size 0x1000]
[    4.677810] pci 0000:00:01.0: BAR 13: failed to assign [io  size 0x1000]
[    4.684498] pci 0000:00:01.0: BAR 13: no space for [io  size 0x1000]
[    4.690838] pci 0000:00:01.0: BAR 13: failed to assign [io  size 0x1000]
[    4.697526] pci 0000:00:01.0: PCI bridge to [bus 01]
[    4.702477] pci 0000:00:01.0:   bridge window [mem 0x70000000-0x701fffff]
[    4.709252] pci 0000:00:01.0:   bridge window [mem 0x3c0000000000-0x3c00001fffff 64bit pref]
[    4.717677] pci_bus 0000:00: resource 4 [mem 0x70000000-0x7fffffff window]
[    4.724538] pci_bus 0000:00: resource 5 [mem 0x3c0000000000-0x3fffdfffffff window]
[    4.732093] pci_bus 0000:01: resource 1 [mem 0x70000000-0x701fffff]
[    4.738346] pci_bus 0000:01: resource 2 [mem 0x3c0000000000-0x3c00001fffff 64bit pref]
[    4.746270] ACPI: PCI Root Bridge [PCI4] (domain 0002 [bus 00-ff])
[    4.752440] acpi PNP0A08:04: _OSC: OS supports [ExtendedConfig ASPM ClockPM Segments MSI EDR HPX-Type3]
[    4.761871] acpi PNP0A08:04: _OSC: platform does not support [PCIeHotplug PME LTR DPC]
[    4.769824] acpi PNP0A08:04: _OSC: OS now controls [AER PCIeCapability]
[    4.776901] acpi PNP0A08:04: ECAM area [mem 0x23fff0000000-0x23ffffffffff] reserved by PNP0C02:00
[    4.785783] acpi PNP0A08:04: ECAM at [mem 0x23fff0000000-0x23ffffffffff] for [bus 00-ff]
[    4.793912] PCI host bridge to bus 0002:00
[    4.797996] pci_bus 0002:00: root bus resource [mem 0x00800000-0x0fffffff window]
[    4.805464] pci_bus 0002:00: root bus resource [mem 0x200000000000-0x23ffdfffffff window]
[    4.813628] pci_bus 0002:00: root bus resource [bus 00-ff]
[    4.819112] pci 0002:00:00.0: [1def:e110] type 00 class 0x060000
[    4.825153] pci 0002:00:01.0: [1def:e111] type 01 class 0x060400
[    4.831168] pci 0002:00:01.0: supports D1 D2
[    4.835426] pci 0002:00:01.0: PME# supported from D0 D1 D3hot
[    4.841209] pci 0002:00:05.0: [1def:e115] type 01 class 0x060400
[    4.847241] pci 0002:00:05.0: supports D1 D2
[    4.851497] pci 0002:00:05.0: PME# supported from D0 D1 D3hot
[    4.857315] acpiphp: Slot [1] registered
[    4.861291] pci 0002:01:00.0: [15b3:1015] type 00 class 0x020000
[    4.867458] pci 0002:01:00.0: reg 0x10: [mem 0x200002000000-0x200003ffffff 64bit pref]
[    4.875527] pci 0002:01:00.0: reg 0x30: [mem 0x00900000-0x009fffff pref]
[    4.882255] pci 0002:01:00.0: enabling Extended Tags
[    4.887802] pci 0002:01:00.0: PME# supported from D3cold
[    4.893337] pci 0002:01:00.0: reg 0x1a4: [mem 0x00000000-0x000fffff 64bit pref]
[    4.900632] pci 0002:01:00.0: VF(n) BAR0 space: [mem 0x00000000-0x007fffff 64bit pref] (contains BAR0 for 8 VFs)
[    4.911715] pci 0002:01:00.1: [15b3:1015] type 00 class 0x020000
[    4.917870] pci 0002:01:00.1: reg 0x10: [mem 0x200000000000-0x200001ffffff 64bit pref]
[    4.925939] pci 0002:01:00.1: reg 0x30: [mem 0x00800000-0x008fffff pref]
[    4.932665] pci 0002:01:00.1: enabling Extended Tags
[    4.938172] pci 0002:01:00.1: PME# supported from D3cold
[    4.943687] pci 0002:01:00.1: reg 0x1a4: [mem 0x00000000-0x000fffff 64bit pref]
[    4.950983] pci 0002:01:00.1: VF(n) BAR0 space: [mem 0x00000000-0x007fffff 64bit pref] (contains BAR0 for 8 VFs)
[    4.962035] acpiphp: Slot [3] registered
[    4.968036] pci 0002:00:01.0: bridge window [io  0x1000-0x0fff] to [bus 01] add_size 1000
[    4.976201] pci 0002:00:01.0: bridge window [mem 0x02000000-0x05ffffff 64bit pref] to [bus 01] add_size 2000000 add_align 2000000
[    4.987838] pci 0002:00:05.0: bridge window [io  0x1000-0x0fff] to [bus 02] add_size 1000
[    4.996000] pci 0002:00:05.0: bridge window [mem 0x00100000-0x000fffff 64bit pref] to [bus 02] add_size 200000 add_align 100000
[    5.007463] pci 0002:00:05.0: bridge window [mem 0x00100000-0x000fffff] to [bus 02] add_size 200000 add_align 100000
[    5.017972] pci 0002:00:01.0: BAR 15: assigned [mem 0x200000000000-0x200005ffffff 64bit pref]
[    5.026482] pci 0002:00:01.0: BAR 14: assigned [mem 0x00800000-0x009fffff]
[    5.033344] pci 0002:00:05.0: BAR 14: assigned [mem 0x00a00000-0x00bfffff]
[    5.040205] pci 0002:00:05.0: BAR 15: assigned [mem 0x200006000000-0x2000061fffff 64bit pref]
[    5.048716] pci 0002:00:01.0: BAR 13: no space for [io  size 0x1000]
[    5.055056] pci 0002:00:01.0: BAR 13: failed to assign [io  size 0x1000]
[    5.061744] pci 0002:00:05.0: BAR 13: no space for [io  size 0x1000]
[    5.068084] pci 0002:00:05.0: BAR 13: failed to assign [io  size 0x1000]
[    5.074772] pci 0002:00:05.0: BAR 13: no space for [io  size 0x1000]
[    5.081112] pci 0002:00:05.0: BAR 13: failed to assign [io  size 0x1000]
[    5.087800] pci 0002:00:01.0: BAR 13: no space for [io  size 0x1000]
[    5.094139] pci 0002:00:01.0: BAR 13: failed to assign [io  size 0x1000]
[    5.100828] pci 0002:01:00.0: BAR 0: assigned [mem 0x200000000000-0x200001ffffff 64bit pref]
[    5.109302] pci 0002:01:00.1: BAR 0: assigned [mem 0x200002000000-0x200003ffffff 64bit pref]
[    5.117777] pci 0002:01:00.0: BAR 6: assigned [mem 0x00800000-0x008fffff pref]
[    5.124985] pci 0002:01:00.0: BAR 7: assigned [mem 0x200004000000-0x2000047fffff 64bit pref]
[    5.133439] pci 0002:01:00.1: BAR 6: assigned [mem 0x00900000-0x009fffff pref]
[    5.140647] pci 0002:01:00.1: BAR 7: assigned [mem 0x200004800000-0x200004ffffff 64bit pref]
[    5.149101] pci 0002:00:01.0: PCI bridge to [bus 01]
[    5.154052] pci 0002:00:01.0:   bridge window [mem 0x00800000-0x009fffff]
[    5.160827] pci 0002:00:01.0:   bridge window [mem 0x200000000000-0x200005ffffff 64bit pref]
[    5.169251] pci 0002:00:05.0: PCI bridge to [bus 02]
[    5.174203] pci 0002:00:05.0:   bridge window [mem 0x00a00000-0x00bfffff]
[    5.180978] pci 0002:00:05.0:   bridge window [mem 0x200006000000-0x2000061fffff 64bit pref]
[    5.189406] pci_bus 0002:00: resource 4 [mem 0x00800000-0x0fffffff window]
[    5.196266] pci_bus 0002:00: resource 5 [mem 0x200000000000-0x23ffdfffffff window]
[    5.203834] pci_bus 0002:01: resource 1 [mem 0x00800000-0x009fffff]
[    5.210086] pci_bus 0002:01: resource 2 [mem 0x200000000000-0x200005ffffff 64bit pref]
[    5.217990] pci_bus 0002:02: resource 1 [mem 0x00a00000-0x00bfffff]
[    5.224243] pci_bus 0002:02: resource 2 [mem 0x200006000000-0x2000061fffff 64bit pref]
[    5.232221] ACPI: PCI Root Bridge [PCI5] (domain 0003 [bus 00-ff])
[    5.238391] acpi PNP0A08:05: _OSC: OS supports [ExtendedConfig ASPM ClockPM Segments MSI EDR HPX-Type3]
[    5.247825] acpi PNP0A08:05: _OSC: platform does not support [PCIeHotplug PME LTR DPC]
[    5.255776] acpi PNP0A08:05: _OSC: OS now controls [AER PCIeCapability]
[    5.262867] acpi PNP0A08:05: ECAM area [mem 0x27fff0000000-0x27ffffffffff] reserved by PNP0C02:00
[    5.271747] acpi PNP0A08:05: ECAM at [mem 0x27fff0000000-0x27ffffffffff] for [bus 00-ff]
[    5.279888] PCI host bridge to bus 0003:00
[    5.283971] pci_bus 0003:00: root bus resource [mem 0x10000000-0x1fffffff window]
[    5.291441] pci_bus 0003:00: root bus resource [mem 0x240000000000-0x27ffdfffffff window]
[    5.299604] pci_bus 0003:00: root bus resource [bus 00-ff]
[    5.305105] pci 0003:00:00.0: [1def:e110] type 00 class 0x060000
[    5.311140] pci 0003:00:01.0: [1def:e111] type 01 class 0x060400
[    5.317172] pci 0003:00:01.0: supports D1 D2
[    5.321429] pci 0003:00:01.0: PME# supported from D0 D1 D3hot
[    5.327230] pci 0003:00:05.0: [1def:e115] type 01 class 0x060400
[    5.333250] pci 0003:00:05.0: supports D1 D2
[    5.337508] pci 0003:00:05.0: PME# supported from D0 D1 D3hot
[    5.343321] acpiphp: Slot [1-2] registered
[    5.349513] acpiphp: Slot [3-2] registered
[    5.353610] pci 0003:02:00.0: [8086:1521] type 00 class 0x020000
[    5.359629] pci 0003:02:00.0: reg 0x10: [mem 0x10020000-0x1003ffff]
[    5.365898] pci 0003:02:00.0: reg 0x18: [io  0x1fff8020-0x1fff803f]
[    5.372159] pci 0003:02:00.0: reg 0x1c: [mem 0x10044000-0x10047fff]
[    5.378522] pci 0003:02:00.0: PME# supported from D0 D3hot D3cold
[    5.384639] pci 0003:02:00.0: reg 0x184: [mem 0x00000000-0x0000ffff 64bit pref]
[    5.391934] pci 0003:02:00.0: VF(n) BAR0 space: [mem 0x00000000-0x0007ffff 64bit pref] (contains BAR0 for 8 VFs)
[    5.402114] pci 0003:02:00.0: reg 0x190: [mem 0x00000000-0x0000ffff 64bit pref]
[    5.409409] pci 0003:02:00.0: VF(n) BAR3 space: [mem 0x00000000-0x0007ffff 64bit pref] (contains BAR3 for 8 VFs)
[    5.419665] pci 0003:02:00.0: 8.000 Gb/s available PCIe bandwidth, limited by 5 GT/s x2 link at 0003:00:05.0 (capable of 16.000 Gb/s with 5 GT/s x4 link)
[    5.433436] pci 0003:02:00.1: [8086:1521] type 00 class 0x020000
[    5.439453] pci 0003:02:00.1: reg 0x10: [mem 0x10000000-0x1001ffff]
[    5.445723] pci 0003:02:00.1: reg 0x18: [io  0x1fff8000-0x1fff801f]
[    5.451983] pci 0003:02:00.1: reg 0x1c: [mem 0x10040000-0x10043fff]
[    5.458342] pci 0003:02:00.1: PME# supported from D0 D3hot D3cold
[    5.464453] pci 0003:02:00.1: reg 0x184: [mem 0x00000000-0x0000ffff 64bit pref]
[    5.471748] pci 0003:02:00.1: VF(n) BAR0 space: [mem 0x00000000-0x0007ffff 64bit pref] (contains BAR0 for 8 VFs)
[    5.481929] pci 0003:02:00.1: reg 0x190: [mem 0x00000000-0x0000ffff 64bit pref]
[    5.489223] pci 0003:02:00.1: VF(n) BAR3 space: [mem 0x00000000-0x0007ffff 64bit pref] (contains BAR3 for 8 VFs)
[    5.499517] pci 0003:00:01.0: bridge window [io  0x1000-0x0fff] to [bus 01] add_size 1000
[    5.507680] pci 0003:00:01.0: bridge window [mem 0x00100000-0x000fffff 64bit pref] to [bus 01] add_size 200000 add_align 100000
[    5.519143] pci 0003:00:01.0: bridge window [mem 0x00100000-0x000fffff] to [bus 01] add_size 200000 add_align 100000
[    5.529651] pci 0003:00:05.0: bridge window [mem 0x00100000-0x000fffff 64bit pref] to [bus 02] add_size 400000 add_align 100000
[    5.541114] pci 0003:00:05.0: bridge window [mem 0x00100000-0x001fffff] to [bus 02] add_size 100000 add_align 100000
[    5.551624] pci 0003:00:01.0: BAR 14: assigned [mem 0x10000000-0x101fffff]
[    5.558484] pci 0003:00:01.0: BAR 15: assigned [mem 0x240000000000-0x2400001fffff 64bit pref]
[    5.566996] pci 0003:00:05.0: BAR 14: assigned [mem 0x10200000-0x103fffff]
[    5.573856] pci 0003:00:05.0: BAR 15: assigned [mem 0x240000200000-0x2400005fffff 64bit pref]
[    5.582367] pci 0003:00:01.0: BAR 13: no space for [io  size 0x1000]
[    5.588707] pci 0003:00:01.0: BAR 13: failed to assign [io  size 0x1000]
[    5.595395] pci 0003:00:05.0: BAR 13: no space for [io  size 0x1000]
[    5.601734] pci 0003:00:05.0: BAR 13: failed to assign [io  size 0x1000]
[    5.608423] pci 0003:00:05.0: BAR 13: no space for [io  size 0x1000]
[    5.614762] pci 0003:00:05.0: BAR 13: failed to assign [io  size 0x1000]
[    5.621450] pci 0003:00:01.0: BAR 13: no space for [io  size 0x1000]
[    5.627790] pci 0003:00:01.0: BAR 13: failed to assign [io  size 0x1000]
[    5.634478] pci 0003:00:01.0: PCI bridge to [bus 01]
[    5.639430] pci 0003:00:01.0:   bridge window [mem 0x10000000-0x101fffff]
[    5.646205] pci 0003:00:01.0:   bridge window [mem 0x240000000000-0x2400001fffff 64bit pref]
[    5.654630] pci 0003:02:00.0: BAR 0: assigned [mem 0x10200000-0x1021ffff]
[    5.661407] pci 0003:02:00.1: BAR 0: assigned [mem 0x10220000-0x1023ffff]
[    5.668183] pci 0003:02:00.0: BAR 7: assigned [mem 0x240000200000-0x24000027ffff 64bit pref]
[    5.676611] pci 0003:02:00.0: BAR 10: assigned [mem 0x240000280000-0x2400002fffff 64bit pref]
[    5.685124] pci 0003:02:00.1: BAR 7: assigned [mem 0x240000300000-0x24000037ffff 64bit pref]
[    5.693552] pci 0003:02:00.1: BAR 10: assigned [mem 0x240000380000-0x2400003fffff 64bit pref]
[    5.702065] pci 0003:02:00.0: BAR 3: assigned [mem 0x10240000-0x10243fff]
[    5.708842] pci 0003:02:00.1: BAR 3: assigned [mem 0x10244000-0x10247fff]
[    5.715619] pci 0003:02:00.0: BAR 2: no space for [io  size 0x0020]
[    5.721873] pci 0003:02:00.0: BAR 2: failed to assign [io  size 0x0020]
[    5.728473] pci 0003:02:00.1: BAR 2: no space for [io  size 0x0020]
[    5.734726] pci 0003:02:00.1: BAR 2: failed to assign [io  size 0x0020]
[    5.741327] pci 0003:02:00.0: BAR 2: no space for [io  size 0x0020]
[    5.747581] pci 0003:02:00.0: BAR 2: failed to assign [io  size 0x0020]
[    5.754181] pci 0003:02:00.1: BAR 2: no space for [io  size 0x0020]
[    5.760435] pci 0003:02:00.1: BAR 2: failed to assign [io  size 0x0020]
[    5.767035] pci 0003:00:05.0: PCI bridge to [bus 02]
[    5.771987] pci 0003:00:05.0:   bridge window [mem 0x10200000-0x103fffff]
[    5.778761] pci 0003:00:05.0:   bridge window [mem 0x240000200000-0x2400005fffff 64bit pref]
[    5.787186] pci_bus 0003:00: Some PCI device resources are unassigned, try booting with pci=realloc
[    5.796217] pci_bus 0003:00: resource 4 [mem 0x10000000-0x1fffffff window]
[    5.803079] pci_bus 0003:00: resource 5 [mem 0x240000000000-0x27ffdfffffff window]
[    5.810634] pci_bus 0003:01: resource 1 [mem 0x10000000-0x101fffff]
[    5.816887] pci_bus 0003:01: resource 2 [mem 0x240000000000-0x2400001fffff 64bit pref]
[    5.824789] pci_bus 0003:02: resource 1 [mem 0x10200000-0x103fffff]
[    5.831043] pci_bus 0003:02: resource 2 [mem 0x240000200000-0x2400005fffff 64bit pref]
[    5.839016] ACPI: PCI Root Bridge [PCI6] (domain 0004 [bus 00-ff])
[    5.845187] acpi PNP0A08:06: _OSC: OS supports [ExtendedConfig ASPM ClockPM Segments MSI EDR HPX-Type3]
[    5.854619] acpi PNP0A08:06: _OSC: platform does not support [PCIeHotplug PME LTR DPC]
[    5.862571] acpi PNP0A08:06: _OSC: OS now controls [AER PCIeCapability]
[    5.869664] acpi PNP0A08:06: ECAM area [mem 0x2bfff0000000-0x2bffffffffff] reserved by PNP0C02:00
[    5.878547] acpi PNP0A08:06: ECAM at [mem 0x2bfff0000000-0x2bffffffffff] for [bus 00-ff]
[    5.886665] PCI host bridge to bus 0004:00
[    5.890750] pci_bus 0004:00: root bus resource [mem 0x20000000-0x2fffffff window]
[    5.898218] pci_bus 0004:00: root bus resource [mem 0x280000000000-0x2bffdfffffff window]
[    5.906382] pci_bus 0004:00: root bus resource [bus 00-ff]
[    5.911867] pci 0004:00:00.0: [1def:e110] type 00 class 0x060000
[    5.917899] pci 0004:00:01.0: [1def:e111] type 01 class 0x060400
[    5.923919] pci 0004:00:01.0: supports D1 D2
[    5.928177] pci 0004:00:01.0: PME# supported from D0 D1 D3hot
[    5.933949] pci 0004:00:03.0: [1def:e113] type 01 class 0x060400
[    5.939970] pci 0004:00:03.0: supports D1 D2
[    5.944226] pci 0004:00:03.0: PME# supported from D0 D1 D3hot
[    5.950007] pci 0004:00:05.0: [1def:e115] type 01 class 0x060400
[    5.956038] pci 0004:00:05.0: supports D1 D2
[    5.960295] pci 0004:00:05.0: PME# supported from D0 D1 D3hot
[    5.966095] pci 0004:01:00.0: [1a03:1150] type 01 class 0x060400
[    5.972141] pci 0004:01:00.0: enabling Extended Tags
[    5.977145] pci 0004:01:00.0: supports D1 D2
[    5.981401] pci 0004:01:00.0: PME# supported from D0 D1 D2 D3hot D3cold
[    5.988103] pci_bus 0004:02: extended config space not accessible
[    5.994198] pci 0004:02:00.0: [1a03:2000] type 00 class 0x030000
[    6.000209] pci 0004:02:00.0: reg 0x10: [mem 0x20000000-0x21ffffff]
[    6.006472] pci 0004:02:00.0: reg 0x14: [mem 0x22000000-0x2201ffff]
[    6.012735] pci 0004:02:00.0: reg 0x18: [io  0x2fff8000-0x2fff807f]
[    6.019031] pci 0004:02:00.0: BAR 0: assigned to efifb
[    6.024191] pci 0004:02:00.0: supports D1 D2
[    6.028447] pci 0004:02:00.0: PME# supported from D0 D1 D2 D3hot D3cold
[    6.035155] pci 0004:03:00.0: [1912:0014] type 00 class 0x0c0330
[    6.041175] pci 0004:03:00.0: reg 0x10: [mem 0x22200000-0x22201fff 64bit]
[    6.048055] pci 0004:03:00.0: PME# supported from D0 D3hot D3cold
[    6.055280] pci 0004:00:01.0: bridge window [mem 0x00100000-0x000fffff 64bit pref] to [bus 01-02] add_size 200000 add_align 100000
[    6.067003] pci 0004:00:03.0: bridge window [io  0x1000-0x0fff] to [bus 03] add_size 1000
[    6.075166] pci 0004:00:03.0: bridge window [mem 0x00100000-0x000fffff 64bit pref] to [bus 03] add_size 200000 add_align 100000
[    6.086629] pci 0004:00:03.0: bridge window [mem 0x00100000-0x001fffff] to [bus 03] add_size 100000 add_align 100000
[    6.097136] pci 0004:00:05.0: bridge window [io  0x1000-0x0fff] to [bus 04] add_size 1000
[    6.105299] pci 0004:00:05.0: bridge window [mem 0x00100000-0x000fffff 64bit pref] to [bus 04] add_size 200000 add_align 100000
[    6.116761] pci 0004:00:05.0: bridge window [mem 0x00100000-0x000fffff] to [bus 04] add_size 200000 add_align 100000
[    6.127271] pci 0004:00:01.0: BAR 14: assigned [mem 0x20000000-0x22ffffff]
[    6.134131] pci 0004:00:01.0: BAR 15: assigned [mem 0x280000000000-0x2800001fffff 64bit pref]
[    6.142642] pci 0004:00:03.0: BAR 14: assigned [mem 0x23000000-0x231fffff]
[    6.149503] pci 0004:00:03.0: BAR 15: assigned [mem 0x280000200000-0x2800003fffff 64bit pref]
[    6.158014] pci 0004:00:05.0: BAR 14: assigned [mem 0x23200000-0x233fffff]
[    6.164875] pci 0004:00:05.0: BAR 15: assigned [mem 0x280000400000-0x2800005fffff 64bit pref]
[    6.173386] pci 0004:00:01.0: BAR 13: no space for [io  size 0x1000]
[    6.179726] pci 0004:00:01.0: BAR 13: failed to assign [io  size 0x1000]
[    6.186414] pci 0004:00:03.0: BAR 13: no space for [io  size 0x1000]
[    6.192754] pci 0004:00:03.0: BAR 13: failed to assign [io  size 0x1000]
[    6.199442] pci 0004:00:05.0: BAR 13: no space for [io  size 0x1000]
[    6.205781] pci 0004:00:05.0: BAR 13: failed to assign [io  size 0x1000]
[    6.212470] pci 0004:00:01.0: BAR 13: no space for [io  size 0x1000]
[    6.218810] pci 0004:00:01.0: BAR 13: failed to assign [io  size 0x1000]
[    6.225498] pci 0004:00:05.0: BAR 13: no space for [io  size 0x1000]
[    6.231838] pci 0004:00:05.0: BAR 13: failed to assign [io  size 0x1000]
[    6.238526] pci 0004:00:03.0: BAR 13: no space for [io  size 0x1000]
[    6.244865] pci 0004:00:03.0: BAR 13: failed to assign [io  size 0x1000]
[    6.251554] pci 0004:01:00.0: BAR 14: assigned [mem 0x20000000-0x22ffffff]
[    6.258414] pci 0004:01:00.0: BAR 13: no space for [io  size 0x1000]
[    6.264755] pci 0004:01:00.0: BAR 13: failed to assign [io  size 0x1000]
[    6.271442] pci 0004:02:00.0: BAR 0: assigned [mem 0x20000000-0x21ffffff]
[    6.278220] pci 0004:02:00.0: BAR 1: assigned [mem 0x22000000-0x2201ffff]
[    6.284996] pci 0004:02:00.0: BAR 2: no space for [io  size 0x0080]
[    6.291250] pci 0004:02:00.0: BAR 2: failed to assign [io  size 0x0080]
[    6.297850] pci 0004:01:00.0: PCI bridge to [bus 02]
[    6.302805] pci 0004:01:00.0:   bridge window [mem 0x20000000-0x22ffffff]
[    6.309585] pci 0004:00:01.0: PCI bridge to [bus 01-02]
[    6.314797] pci 0004:00:01.0:   bridge window [mem 0x20000000-0x22ffffff]
[    6.321571] pci 0004:00:01.0:   bridge window [mem 0x280000000000-0x2800001fffff 64bit pref]
[    6.329997] pci 0004:03:00.0: BAR 0: assigned [mem 0x23000000-0x23001fff 64bit]
[    6.337300] pci 0004:00:03.0: PCI bridge to [bus 03]
[    6.342252] pci 0004:00:03.0:   bridge window [mem 0x23000000-0x231fffff]
[    6.349026] pci 0004:00:03.0:   bridge window [mem 0x280000200000-0x2800003fffff 64bit pref]
[    6.357451] pci 0004:00:05.0: PCI bridge to [bus 04]
[    6.362403] pci 0004:00:05.0:   bridge window [mem 0x23200000-0x233fffff]
[    6.369178] pci 0004:00:05.0:   bridge window [mem 0x280000400000-0x2800005fffff 64bit pref]
[    6.377602] pci_bus 0004:00: Some PCI device resources are unassigned, try booting with pci=realloc
[    6.386634] pci_bus 0004:00: resource 4 [mem 0x20000000-0x2fffffff window]
[    6.393494] pci_bus 0004:00: resource 5 [mem 0x280000000000-0x2bffdfffffff window]
[    6.401050] pci_bus 0004:01: resource 1 [mem 0x20000000-0x22ffffff]
[    6.407303] pci_bus 0004:01: resource 2 [mem 0x280000000000-0x2800001fffff 64bit pref]
[    6.415206] pci_bus 0004:02: resource 1 [mem 0x20000000-0x22ffffff]
[    6.421458] pci_bus 0004:03: resource 1 [mem 0x23000000-0x231fffff]
[    6.427712] pci_bus 0004:03: resource 2 [mem 0x280000200000-0x2800003fffff 64bit pref]
[    6.435614] pci_bus 0004:04: resource 1 [mem 0x23200000-0x233fffff]
[    6.441869] pci_bus 0004:04: resource 2 [mem 0x280000400000-0x2800005fffff 64bit pref]
[    6.449795] ACPI: PCI Root Bridge [PCI7] (domain 0005 [bus 00-ff])
[    6.455966] acpi PNP0A08:07: _OSC: OS supports [ExtendedConfig ASPM ClockPM Segments MSI EDR HPX-Type3]
[    6.465398] acpi PNP0A08:07: _OSC: platform does not support [PCIeHotplug PME LTR DPC]
[    6.473350] acpi PNP0A08:07: _OSC: OS now controls [AER PCIeCapability]
[    6.480437] acpi PNP0A08:07: ECAM area [mem 0x2ffff0000000-0x2fffffffffff] reserved by PNP0C02:00
[    6.489319] acpi PNP0A08:07: ECAM at [mem 0x2ffff0000000-0x2fffffffffff] for [bus 00-ff]
[    6.497437] PCI host bridge to bus 0005:00
[    6.501521] pci_bus 0005:00: root bus resource [mem 0x30000000-0x3fffffff window]
[    6.508989] pci_bus 0005:00: root bus resource [mem 0x2c0000000000-0x2fffdfffffff window]
[    6.517153] pci_bus 0005:00: root bus resource [bus 00-ff]
[    6.522637] pci 0005:00:00.0: [1def:e110] type 00 class 0x060000
[    6.528668] pci 0005:00:01.0: [1def:e111] type 01 class 0x060400
[    6.534684] pci 0005:00:01.0: supports D1 D2
[    6.538941] pci 0005:00:01.0: PME# supported from D0 D1 D3hot
[    6.544711] pci 0005:00:05.0: [1def:e115] type 01 class 0x060400
[    6.550727] pci 0005:00:05.0: supports D1 D2
[    6.554983] pci 0005:00:05.0: PME# supported from D0 D1 D3hot
[    6.560788] pci 0005:00:07.0: [1def:e117] type 01 class 0x060400
[    6.566818] pci 0005:00:07.0: supports D1 D2
[    6.571075] pci 0005:00:07.0: PME# supported from D0 D1 D3hot
[    6.576889] pci 0005:01:00.0: [1000:00c4] type 00 class 0x010700
[    6.582895] pci 0005:01:00.0: reg 0x10: [io  0x3fff8000-0x3fff80ff]
[    6.589155] pci 0005:01:00.0: reg 0x14: [mem 0x30100000-0x3010ffff 64bit]
[    6.595946] pci 0005:01:00.0: reg 0x30: [mem 0x30000000-0x300fffff pref]
[    6.602636] pci 0005:01:00.0: enabling Extended Tags
[    6.607639] pci 0005:01:00.0: supports D1 D2
[    6.611971] pci 0005:02:00.0: [144d:a808] type 00 class 0x010802
[    6.617985] pci 0005:02:00.0: reg 0x10: [mem 0x30210000-0x30213fff 64bit]
[    6.624786] pci 0005:02:00.0: reg 0x30: [mem 0x30200000-0x3020ffff pref]
[    6.632662] pci 0005:00:01.0: bridge window [mem 0x00100000-0x000fffff 64bit pref] to [bus 01] add_size 200000 add_align 100000
[    6.644125] pci 0005:00:05.0: bridge window [io  0x1000-0x0fff] to [bus 02] add_size 1000
[    6.652288] pci 0005:00:05.0: bridge window [mem 0x00100000-0x000fffff 64bit pref] to [bus 02] add_size 200000 add_align 100000
[    6.663751] pci 0005:00:05.0: bridge window [mem 0x00100000-0x001fffff] to [bus 02] add_size 100000 add_align 100000
[    6.674258] pci 0005:00:07.0: bridge window [io  0x1000-0x0fff] to [bus 03] add_size 1000
[    6.682421] pci 0005:00:07.0: bridge window [mem 0x00100000-0x000fffff 64bit pref] to [bus 03] add_size 200000 add_align 100000
[    6.693883] pci 0005:00:07.0: bridge window [mem 0x00100000-0x000fffff] to [bus 03] add_size 200000 add_align 100000
[    6.704409] pci 0005:00:01.0: BAR 14: assigned [mem 0x30000000-0x301fffff]
[    6.711271] pci 0005:00:01.0: BAR 15: assigned [mem 0x2c0000000000-0x2c00001fffff 64bit pref]
[    6.719782] pci 0005:00:05.0: BAR 14: assigned [mem 0x30200000-0x303fffff]
[    6.726643] pci 0005:00:05.0: BAR 15: assigned [mem 0x2c0000200000-0x2c00003fffff 64bit pref]
[    6.735154] pci 0005:00:07.0: BAR 14: assigned [mem 0x30400000-0x305fffff]
[    6.742014] pci 0005:00:07.0: BAR 15: assigned [mem 0x2c0000400000-0x2c00005fffff 64bit pref]
[    6.750525] pci 0005:00:01.0: BAR 13: no space for [io  size 0x1000]
[    6.756865] pci 0005:00:01.0: BAR 13: failed to assign [io  size 0x1000]
[    6.763553] pci 0005:00:05.0: BAR 13: no space for [io  size 0x1000]
[    6.769892] pci 0005:00:05.0: BAR 13: failed to assign [io  size 0x1000]
[    6.776580] pci 0005:00:07.0: BAR 13: no space for [io  size 0x1000]
[    6.782919] pci 0005:00:07.0: BAR 13: failed to assign [io  size 0x1000]
[    6.789608] pci 0005:00:01.0: BAR 13: no space for [io  size 0x1000]
[    6.795949] pci 0005:00:01.0: BAR 13: failed to assign [io  size 0x1000]
[    6.802637] pci 0005:00:07.0: BAR 13: no space for [io  size 0x1000]
[    6.808976] pci 0005:00:07.0: BAR 13: failed to assign [io  size 0x1000]
[    6.815664] pci 0005:00:05.0: BAR 13: no space for [io  size 0x1000]
[    6.822004] pci 0005:00:05.0: BAR 13: failed to assign [io  size 0x1000]
[    6.828692] pci 0005:01:00.0: BAR 6: assigned [mem 0x30000000-0x300fffff pref]
[    6.835901] pci 0005:01:00.0: BAR 1: assigned [mem 0x30100000-0x3010ffff 64bit]
[    6.843200] pci 0005:01:00.0: BAR 0: no space for [io  size 0x0100]
[    6.849453] pci 0005:01:00.0: BAR 0: failed to assign [io  size 0x0100]
[    6.856055] pci 0005:00:01.0: PCI bridge to [bus 01]
[    6.861006] pci 0005:00:01.0:   bridge window [mem 0x30000000-0x301fffff]
[    6.867781] pci 0005:00:01.0:   bridge window [mem 0x2c0000000000-0x2c00001fffff 64bit pref]
[    6.876205] pci 0005:02:00.0: BAR 6: assigned [mem 0x30200000-0x3020ffff pref]
[    6.883414] pci 0005:02:00.0: BAR 0: assigned [mem 0x30210000-0x30213fff 64bit]
[    6.890714] pci 0005:00:05.0: PCI bridge to [bus 02]
[    6.895666] pci 0005:00:05.0:   bridge window [mem 0x30200000-0x303fffff]
[    6.902440] pci 0005:00:05.0:   bridge window [mem 0x2c0000200000-0x2c00003fffff 64bit pref]
[    6.910865] pci 0005:00:07.0: PCI bridge to [bus 03]
[    6.915817] pci 0005:00:07.0:   bridge window [mem 0x30400000-0x305fffff]
[    6.922592] pci 0005:00:07.0:   bridge window [mem 0x2c0000400000-0x2c00005fffff 64bit pref]
[    6.931016] pci_bus 0005:00: Some PCI device resources are unassigned, try booting with pci=realloc
[    6.940048] pci_bus 0005:00: resource 4 [mem 0x30000000-0x3fffffff window]
[    6.946909] pci_bus 0005:00: resource 5 [mem 0x2c0000000000-0x2fffdfffffff window]
[    6.954464] pci_bus 0005:01: resource 1 [mem 0x30000000-0x301fffff]
[    6.960717] pci_bus 0005:01: resource 2 [mem 0x2c0000000000-0x2c00001fffff 64bit pref]
[    6.968620] pci_bus 0005:02: resource 1 [mem 0x30200000-0x303fffff]
[    6.974873] pci_bus 0005:02: resource 2 [mem 0x2c0000200000-0x2c00003fffff 64bit pref]
[    6.982776] pci_bus 0005:03: resource 1 [mem 0x30400000-0x305fffff]
[    6.989029] pci_bus 0005:03: resource 2 [mem 0x2c0000400000-0x2c00005fffff 64bit pref]
[    6.997216] iommu: Default domain type: Translated 
[    7.002106] pci 0004:02:00.0: vgaarb: VGA device added: decodes=io+mem,owns=none,locks=none
[    7.010446] pci 0004:02:00.0: vgaarb: bridge control possible
[    7.016180] pci 0004:02:00.0: vgaarb: setting as boot device (VGA legacy resources not available)
[    7.025038] vgaarb: loaded
[    7.027854] SCSI subsystem initialized
[    7.031694] ACPI: bus type USB registered
[    7.035705] usbcore: registered new interface driver usbfs
[    7.041181] usbcore: registered new interface driver hub
[    7.046574] usbcore: registered new device driver usb
[    7.051625] pps_core: LinuxPPS API ver. 1 registered
[    7.056577] pps_core: Software ver. 5.3.6 - Copyright 2005-2007 Rodolfo Giometti <giometti@linux.it>
[    7.065696] PTP clock support registered
[    7.069747] EDAC MC: Ver: 3.0.0
[    7.073019] Registered efivars operations
[    7.078882] NetLabel: Initializing
[    7.082273] NetLabel:  domain hash size = 128
[    7.086616] NetLabel:  protocols = UNLABELED CIPSOv4 CALIPSO
[    7.092270] NetLabel:  unlabeled traffic allowed by default
[    7.097985] clocksource: Switched to clocksource arch_sys_counter
[    7.114214] VFS: Disk quotas dquot_6.6.0
[    7.118154] VFS: Dquot-cache hash table entries: 8192 (order 0, 65536 bytes)
[    7.125289] pnp: PnP ACPI init
[    7.128804] system 00:00: [mem 0x3bfff0000000-0x3bffffffffff window] could not be reserved
[    7.137055] system 00:00: [mem 0x3ffff0000000-0x3fffffffffff window] could not be reserved
[    7.145307] system 00:00: [mem 0x23fff0000000-0x23ffffffffff window] could not be reserved
[    7.153557] system 00:00: [mem 0x27fff0000000-0x27ffffffffff window] could not be reserved
[    7.161808] system 00:00: [mem 0x2bfff0000000-0x2bffffffffff window] could not be reserved
[    7.170060] system 00:00: [mem 0x2ffff0000000-0x2fffffffffff window] could not be reserved
[    7.178311] system 00:00: [mem 0x33fff0000000-0x33ffffffffff window] could not be reserved
[    7.186560] system 00:00: [mem 0x37fff0000000-0x37ffffffffff window] could not be reserved
[    7.194815] pnp: PnP ACPI: found 1 devices
[    7.199881] NET: Registered protocol family 2
[    7.204410] tcp_listen_portaddr_hash hash table entries: 8192 (order: 1, 131072 bytes)
[    7.212376] TCP established hash table entries: 131072 (order: 4, 1048576 bytes)
[    7.220051] TCP bind hash table entries: 65536 (order: 4, 1048576 bytes)
[    7.227036] TCP: Hash tables configured (established 131072 bind 65536)
[    7.233810] UDP hash table entries: 8192 (order: 2, 262144 bytes)
[    7.239996] UDP-Lite hash table entries: 8192 (order: 2, 262144 bytes)
[    7.246740] NET: Registered protocol family 1
[    7.251097] NET: Registered protocol family 44
[    7.255556] pci 0002:01:00.0: enabling device (0100 -> 0102)
[    7.261245] pci 0002:01:00.0: CLS mismatch (64 != 32), using 64 bytes
[    7.267686] pci 0002:01:00.1: enabling device (0100 -> 0102)
[    7.273429] Unpacking initramfs...
[    7.586420] Freeing initrd memory: 29568K
[    7.593688] hw perfevents: enabled with armv8_pmuv3_0 PMU driver, 7 counters available
[    7.601703] kvm [1]: IPA Size Limit: 48bits
[    7.605896] kvm [1]: GICv3: no GICV resource entry
[    7.610676] kvm [1]: disabling GICv2 emulation
[    7.615118] kvm [1]: GIC system register CPU interface enabled
[    7.621391] kvm [1]: vgic interrupt IRQ1
[    7.625776] kvm [1]: VHE mode initialized successfully
[    7.676074] Initialise system trusted keyrings
[    7.680548] workingset: timestamp_bits=43 max_order=18 bucket_order=0
[    7.687992] zbud: loaded
[    7.690674] pstore: using deflate compression
[    7.754817] NET: Registered protocol family 38
[    7.759321] Key type asymmetric registered
[    7.763404] Asymmetric key parser 'x509' registered
[    7.768277] Block layer SCSI generic (bsg) driver version 0.4 loaded (major 247)
[    7.775822] io scheduler mq-deadline registered
[    7.780341] io scheduler kyber registered
[    7.784384] io scheduler bfq registered
[    7.788635] atomic64_test: passed
[    7.792283] efifb: probing for efifb
[    7.795851] efifb: framebuffer at 0x20000000, using 1920k, total 1875k
[    7.802368] efifb: mode is 800x600x32, linelength=3200, pages=1
[    7.808275] efifb: scrolling: redraw
[    7.811837] efifb: Truecolor: size=8:8:8:8, shift=24:16:8:0
[    7.823371] Console: switching to colour frame buffer device 100x37
[    7.835541] fb0: EFI VGA frame buffer device
[    7.840152] input: Power Button as /devices/LNXSYSTM:00/LNXSYBUS:00/PNP0C0C:00/input/input0
[    7.848507] ACPI: Power Button [PWRB]
[    7.855759] ACPI GTDT: found 1 SBSA generic Watchdog(s).
[    7.861147] Serial: 8250/16550 driver, 4 ports, IRQ sharing enabled
[    7.867817] arm-smmu-v3 arm-smmu-v3.0.auto: option mask 0x0
[    7.873385] arm-smmu-v3 arm-smmu-v3.0.auto: ias 48-bit, oas 48-bit (features 0x00001fff)
[    7.881824] arm-smmu-v3 arm-smmu-v3.0.auto: allocated 524288 entries for cmdq
[    7.889709] arm-smmu-v3 arm-smmu-v3.0.auto: allocated 524288 entries for evtq
[    7.897189] arm-smmu-v3 arm-smmu-v3.0.auto: allocated 524288 entries for priq
[    7.904732] arm-smmu-v3 arm-smmu-v3.1.auto: option mask 0x0
[    7.910298] arm-smmu-v3 arm-smmu-v3.1.auto: ias 48-bit, oas 48-bit (features 0x00001fff)
[    7.918728] arm-smmu-v3 arm-smmu-v3.1.auto: allocated 524288 entries for cmdq
[    7.926606] arm-smmu-v3 arm-smmu-v3.1.auto: allocated 524288 entries for evtq
[    7.934082] arm-smmu-v3 arm-smmu-v3.1.auto: allocated 524288 entries for priq
[    7.941588] arm-smmu-v3 arm-smmu-v3.2.auto: option mask 0x0
[    7.947154] arm-smmu-v3 arm-smmu-v3.2.auto: ias 48-bit, oas 48-bit (features 0x00001fff)
[    7.955595] arm-smmu-v3 arm-smmu-v3.2.auto: allocated 524288 entries for cmdq
