[3316 : 3322 INFO]INFO: Received Signal 10 from IPMI Stack 

[3316 : 3322 INFO]STOP mirroring/logging...

cat: read error: Invalid argument
IFACEname : eth0
IFACEname : eth1
Delete the /conf/upnp/desc.tmpl for upnp restart
[769 : 873 INFO]BOOTFW VERSION: 1.05.20210426

[477085.390000] I2C0: Resetting the controller
cat: read error: Invalid argument
IFACEname : eth0
IFACEname : eth1
Delete the /conf/upnp/desc.tmpl for upnp restart
Init telemetry success
Stopping Bootlogo Daemonsh: can't kill pid 6958: No such process
sh: can't kill pid 6958: No such process
.
PDK LPC Reset is invoked
[769 : 871 INFO]BOOTFW VERSION: 1.05.20210426

[477164.260000] I2C0: Resetting the controller
Starting to Read Current PostCode buffer...
No Post Codes ...
Restarting Bootlogo DaemonPDK LPC Reset is invoked
.
Framebuffer information: 800x600 (32)bpp, 8388608
[477231.270000] Configuring the Host SPI Clock to HCLK/16 
[477231.300000] Creating 1 MTD partitions on "MX25L25635F":
[477231.310000] 0x000000000000-0x000002000000 : "Host SPI Flash"
[477231.350000] Configuring the Host SPI Clock to HCLK/16 
[477232.760000] Configuring the Host SPI Clock to HCLK/16 
[477232.880000] Creating 1 MTD partitions on "MX25L25635F":
[477232.890000] 0x000000000000-0x000002000000 : "Host SPI Flash"
[477232.980000] Configuring the Host SPI Clock to HCLK/16 
[769 : 878 INFO]Signal Sent Successfully to UART Logging application

[3316 : 3316 INFO]INFO: Received Signal 14 from IPMI Stack 

[3316 : 3316 INFO]START mirroring/logging...

[3316 : 3316 INFO]INFO: Setting the Attributes for the UART...

[3316 : 10146 INFO]Send Thread: Starting the thread to mirror data from /dev/ttyS3 to /dev/ttyS3

[3316 : 10147 INFO]Recv Thread: Starting the thread to mirror data from /dev/ttyS3 to /dev/ttyS3

