NOTICE:  DRAM FW version 210312
CP: 0ff00900
DRAM populated DIMMs:
  SK0 MC0 S0: RDIMM[2c:80] 16GB 2666 ECC 2R x8 RCD[b3:04] 18ASF2G72PDZ-2G6E1  
  SK0 MC0 S1: RDIMM[2c:80] 16GB 2666 ECC 2R x8 RCD[b3:04] 18ASF2G72PDZ-2G6E1  
  SK0 MC1 S0: RDIMM[2c:80] 16GB 2666 ECC 2R x8 RCD[b3:04] 18ASF2G72PDZ-2G6E1  
  SK0 MC1 S1: RDIMM[2c:80] 16GB 2666 ECC 2R x8 RCD[b3:04] 18ASF2G72PDZ-2G6E1  
  SK0 MC2 S0: RDIMM[2c:80] 16GB 2666 ECC 2R x8 RCD[b3:04] 18ASF2G72PDZ-2G6E1  
  SK0 MC2 S1: RDIMM[2c:80] 16GB 2666 ECC 2R x8 RCD[b3:04] 18ASF2G72PDZ-2G6E1  
  SK0 MC3 S0: RDIMM[2c:80] 16GB 2666 ECC 2R x8 RCD[b3:04] 18ASF2G72PDZ-2G6E1  
  SK0 MC3 S1: RDIMM[2c:80] 16GB 2666 ECC 2R x8 RCD[b3:80] 18ASF2G72PDZ-2G6E1  
  SK0 MC4 S0: RDIMM[2c:80] 16GB 2666 ECC 2R x8 RCD[b3:04] 18ASF2G72PDZ-2G6E1  
  SK0 MC4 S1: RDIMM[2c:80] 16GB 2666 ECC 2R x8 RCD[b3:04] 18ASF2G72PDZ-2G6E1  
  SK0 MC5 S0: RDIMM[2c:80] 16GB 2666 ECC 2R x8 RCD[b3:04] 18ASF2G72PDZ-2G6E1  
  SK0 MC5 S1: RDIMM[2c:80] 16GB 2666 ECC 2R x8 RCD[b3:04] 18ASF2G72PDZ-2G6E1  
  SK0 MC6 S0: RDIMM[2c:80] 16GB 2666 ECC 2R x8 RCD[b3:04] 18ASF2G72PDZ-2G6E1  
  SK0 MC6 S1: RDIMM[2c:80] 16GB 2666 ECC 2R x8 RCD[b3:04] 18ASF2G72PDZ-2G6E1  
  SK0 MC7 S0: RDIMM[2c:80] 16GB 2666 ECC 2R x8 RCD[b3:04] 18ASF2G72PDZ-2G6E1  
  SK0 MC7 S1: RDIMM[2c:80] 16GB 2666 ECC 2R x8 RCD[b3:80] 18ASF2G72PDZ-2G6E1  
CP: 3ff00100
CP: 3ff00200
CP: 00f01902
CP: 01f01902
CP: 02f01902
CP: 03f01902
CP: 04f01902
CP: 05f01902
CP: 06f01902
CP: 07f01902
CP: 0ff00a00
CP: 0ff00b01
CP: 00f01901
CP: 01f01901
CP: 02f01901
CP: 03f01901
CP: 04f01901
CP: 05f01901
CP: 06f01901
CP: 07f01901
CP: 00f01904
CP: 01f01904
CP: 02f01904
CP: 03f01904
CP: 04f01904
CP: 05f01904
CP: 06f01904
CP: 07f01904
CP: 00f02901
CP: 00f01905
CP: 00f02902
CP: 00f02903
CP: 00f02904
CP: 01f02901
CP: 01f01905
CP: 01f02902
CP: 01f02903
CP: 01f02904
CP: 02f02901
CP: 02f01905
CP: 02f02902
CP: 02f02903
CP: 02f02904
CP: 03f02901
CP: 03f01905
CP: 03f02902
CP: 03f02903
CP: 03f02904
CP: 04f02901
CP: 04f01905
CP: 04f02902
CP: 04f02903
CP: 04f02904
CP: 05f02901
CP: 05f01905
CP: 05f02902
CP: 05f02903
CP: 05f02904
CP: 06f02901
CP: 06f01905
CP: 06f02902
CP: 06f02903
CP: 06f02904
CP: 07f02901
CP: 07f01905
CP: 07f02902
CP: 07f02903
CP: 07f02904
CP: 00f01907
CP: 00f01906
CP: 00f01908
CP: 00f01909
CP: 01f01907
CP: 01f01906
CP: 01f01908
CP: 01f01909
CP: 02f01907
CP: 02f01906
CP: 02f01908
CP: 02f01909
CP: 03f01907
CP: 03f01906
CP: 03f01908
CP: 03f01909
CP: 04f01907
CP: 04f01906
CP: 04f01908
CP: 04f01909
CP: 05f01907
CP: 05f01906
CP: 05f01908
CP: 05f01909
CP: 06f01907
CP: 06f01906
CP: 06f01908
CP: 06f01909
CP: 07f01907
CP: 07f01906
CP: 07f01908
CP: 07f01909
CP: 0ff00b02
CP: 0ff00c00
CP: 3ff00300
CP: 00001a02
CP: 01001a02
CP: 02001a02
CP: 03001a02
CP: 04001a02
CP: 05001a02
CP: 06001a02
CP: 07001a02
CP: 00001a03
CP: 01001a03
CP: 02001a03
CP: 03001a03
CP: 04001a03
CP: 05001a03
CP: 06001a03
CP: 07001a03
CP: 00001a04
CP: 01001a04
CP: 02001a04
CP: 03001a04
CP: 04001a04
CP: 05001a04
CP: 06001a04
CP: 07001a04
CP: 00101a02
CP: 01101a02
CP: 02101a02
CP: 03101a02
CP: 04101a02
CP: 05101a02
CP: 06101a02
CP: 07101a02
CP: 00101a03
CP: 01101a03
CP: 02101a03
CP: 03101a03
CP: 04101a03
CP: 05101a03
CP: 06101a03
CP: 07101a03
CP: 00101a04
CP: 01101a04
CP: 02101a04
CP: 03101a04
CP: 04101a04
CP: 05101a04
CP: 06101a04
CP: 07101a04
CP: 00201a02
CP: 01201a02
CP: 02201a02
CP: 03201a02
CP: 04201a02
CP: 05201a02
CP: 06201a02
CP: 07201a02
CP: 00201a03
CP: 01201a03
CP: 02201a03
CP: 03201a03
CP: 04201a03
CP: 05201a03
CP: 06201a03
CP: 07201a03
CP: 00201a04
CP: 01201a04
CP: 02201a04
CP: 03201a04
CP: 04201a04
CP: 05201a04
CP: 06201a04
CP: 07201a04
CP: 00301a02
CP: 01301a02
CP: 02301a02
CP: 03301a02
CP: 04301a02
CP: 05301a02
CP: 06301a02
CP: 07301a02
CP: 00301a03
CP: 01301a03
CP: 02301a03
CP: 03301a03
CP: 04301a03
CP: 05301a03
CP: 06301a03
CP: 07301a03
CP: 00301a04
CP: 01301a04
CP: 02301a04
CP: 03301a04
CP: 04301a04
CP: 05301a04
CP: 06301a04
CP: 07301a04
CP: 00001a05
CP: 01001a05
CP: 02001a05
CP: 03001a05
CP: 04001a05
CP: 05001a05
CP: 06001a05
CP: 07001a05
CP: 00101a05
CP: 01101a05
CP: 02101a05
CP: 03101a05
CP: 04101a05
CP: 05101a05
CP: 06101a05
CP: 07101a05
CP: 00201a05
CP: 01201a05
CP: 02201a05
CP: 03201a05
CP: 04201a05
CP: 05201a05
CP: 06201a05
CP: 00301a05
CP: 07201a05
CP: 02301a05
CP: 01301a05
CP: 06301a05
CP: 04301a05
CP: 05301a05
CP: 03301a05
CP: 00f01a07
CP: 00001a09
CP: 07301a05
CP: 02f01a07
CP: 02001a09
CP: 01f01a07
CP: 01001a09
CP: 06f01a07
CP: 06001a09
CP: 05f01a07
CP: 05001a09
CP: 04f01a07
CP: 04001a09
CP: 03f01a07
CP: 03001a09
CP: 07f01a07
CP: 07001a09
CP: 01101a09
CP: 00101a09
CP: 05101a09
CP: 02101a09
CP: 04101a09
CP: 03101a09
CP: 06101a09
CP: 07101a09
CP: 01201a09
CP: 00201a09
CP: 05201a09
CP: 02201a09
CP: 06201a09
CP: 04201a09
CP: 07201a09
CP: 03201a09
CP: 01301a09
CP: 02301a09
CP: 05301a09
CP: 00301a09
CP: 06301a09
CP: 07301a09
CP: 04301a09
CP: 03301a09
CP: 01001a0a
CP: 02001a0a
CP: 05001a0a
CP: 00001a0a
CP: 06001a0a
CP: 03001a0a
CP: 07001a0a
CP: 04001a0a
CP: 01201a0a
CP: 05201a0a
CP: 02201a0a
CP: 07201a0a
CP: 03201a0a
CP: 00201a0a
CP: 06201a0a
CP: 04201a0a
CP: 07001a0b
CP: 07001a0c
CP: 07001a0c
CP: 05001a0b
CP: 01001a0b
CP: 07101a0b
CP: 05001a0c
CP: 03001a0b
CP: 01001a0c
CP: 07101a0c
CP: 03001a0c
CP: 05001a0c
CP: 01001a0c
CP: 07101a0c
CP: 03001a0c
CP: 05101a0b
CP: 01101a0b
CP: 07201a0b
CP: 00001a0b
CP: 03101a0b
CP: 05101a0c
CP: 01101a0c
CP: 00001a0c
CP: 03101a0c
CP: 07201a0c
CP: 02001a0b
CP: 05101a0c
CP: 01101a0c
CP: 02001a0c
CP: 00001a0c
CP: 03101a0c
CP: 07201a0c
CP: 05201a0b
CP: 01201a0b
CP: 06001a0b
CP: 03201a0b
CP: 00101a0b
CP: 07301a0b
CP: 04001a0b
CP: 05201a0c
CP: 06001a0c
CP: 01201a0c
CP: 02001a0c
CP: 03201a0c
CP: 00101a0c
CP: 04001a0c
CP: 07301a0c
CP: 02101a0b
CP: 05201a0c
CP: 06001a0c
CP: 01201a0c
CP: 02101a0c
CP: 03201a0c
CP: 00101a0c
CP: 04001a0c
CP: 07301a0c
CP: 06101a0b
CP: 01301a0b
CP: 05301a0b
CP: 03301a0b
CP: 04101a0b
CP: 02101a0c
CP: 00201a0b
CP: 06101a0c
CP: 01301a0c
CP: 05301a0c
CP: 03301a0c
CP: 04101a0c
CP: 02201a0b
CP: 00201a0c
CP: 06101a0c
CP: 01301a0c
CP: 02201a0c
CP: 05301a0c
CP: 06201a0b
CP: 04101a0c
CP: 03301a0c
CP: 00201a0c
CP: 06201a0c
CP: 02201a0c
CP: 04201a0b
CP: 00301a0b
CP: 02301a0b
CP: 04201a0c
CP: 00301a0c
CP: 06201a0c
CP: 02301a0c
CP: 06301a0b
CP: 04201a0c
CP: 00301a0c
CP: 06301a0c
CP: 02301a0c
CP: 04301a0b
CP: 04301a0c
CP: 06301a0c
CP: 04301a0c
CP: 3ff00400
CP: 0ff01000
CP: 0ff01101
DRAM ECC Initialization: [3] [ =>                   ]DRAM ECC Initialization: [6] [ ==>                  ]DRAM ECC Initialization: [9] [ ==>                  ]DRAM ECC Initialization: [12] [ ===>                 ]DRAM ECC Initialization: [15] [ ====>                ]DRAM ECC Initialization: [18] [ ====>                ]DRAM ECC Initialization: [21] [ =====>               ]DRAM ECC Initialization: [25] [ ======>              ]DRAM ECC Initialization: [28] [ ======>              ]DRAM ECC Initialization: [31] [ =======>             ]DRAM ECC Initialization: [34] [ =======>             ]DRAM ECC Initialization: [37] [ ========>            ]DRAM ECC Initialization: [40] [ =========>           ]DRAM ECC Initialization: [43] [ =========>           ]DRAM ECC Initialization: [46] [ ==========>          ]DRAM ECC Initialization: [50] [ ===========>         ]DRAM ECC Initialization: [53] [ ===========>         ]DRAM ECC Initialization: [56] [ ============>        ]DRAM ECC Initialization: [59] [ ============>        ]DRAM ECC Initialization: [62] [ =============>       ]DRAM ECC Initialization: [65] [ ==============>      ]DRAM ECC Initialization: [68] [ ==============>      ]DRAM ECC Initialization: [71] [ ===============>     ]DRAM ECC Initialization: [75] [ ================>    ]DRAM ECC Initialization: [78] [ ================>    ]DRAM ECC Initialization: [81] [ =================>   ]DRAM ECC Initialization: [84] [ =================>   ]DRAM ECC Initialization: [87] [ ==================>  ]DRAM ECC Initialization: [90] [ ===================> ]DRAM ECC Initialization: [93] [ ===================> ]DRAM ECC Initialization: [96] [ ==================== ]DRAM ECC Initialization: [100] [ ==================== ]
CP: 0ff01200
CP: 3ff00800
DRAM memory regions:
  Node[0] Region[0]: 0x000080000000 - 0x0000bfffffff 
  Node[0] Region[1]: 0x080000000000 - 0x08007fffffff 
  Node[0] Region[2]: 0x0800c0000000 - 0x083fffffffff 
DRAM: 256GB DDR4 2666 SECDED ECC
Checkpoint 2F
Checkpoint 2E
Checkpoint 31
Checkpoint 32
UEFI RC version: Master
SCP FW version    : 1.5
SCP FW build date : 20210426
Failsafe status                 : 0
Reset status                    : 3
CPU info
    CPU ID                      : 413FD0C1
    CPU Clock                   : 2800 MHz
    Number of active sockets    : 2
    Number of active cores      : 160
    Inter Socket Connection 0   : Width: x16 / Speed 16 GT/s
    Inter Socket Connection 1   : Width: x16 / Speed 16 GT/s
    Socket[0]: Core voltage     : 975
    Socket[0]: SCU ProductID    : A10001
    Socket[0]: Max cores        : 80
    Socket[0]: Warranty         : 0
    Socket[0]: Subnuma          : 0
    Socket[0]: RC disable mask  : 3
    Socket[0]: AVS enabled      : 1
    Socket[0]: AVS voltage      : 1015
    Socket[1]: Core voltage     : 980
    Socket[1]: SCU ProductID    : A10001
    Socket[1]: Max cores        : 80
    Socket[1]: Warranty         : 0
    Socket[1]: Subnuma          : 0
    Socket[1]: RC disable mask  : 3
    Socket[1]: AVS enabled      : 1
    Socket[1]: AVS voltage      : 1020
SOC info
    DDR Frequency               : 2666 MHz
    Socket[0]: Soc voltage      : 710
    Socket[0]: DIMM1 voltage    : 1200
    Socket[0]: DIMM2 voltage    : 1200
    Socket[1]: Soc voltage      : 710
    Socket[1]: DIMM1 voltage    : 1200
    Socket[1]: DIMM2 voltage    : 1200
    PCP Clock                   : 1550 MHz
    SOC Clock                   : 2000 MHz
    SYS Clock                   : 400 MHz
    AHB Clock                   : 200 MHz
Manufacturer Configuration Setting:
    4000: 0x0 (0)
    4008: 0xFFFFFFDA (-38)
Board Configuration Setting:
    C000: 0xCD3A (52538)
    C008: 0x0 (0)
    C010: 0x0 (0)
    C018: 0x0 (0)
    C020: 0xFFFF (65535)
    C028: 0xFFFF (65535)
    C030: 0x80E8 (33000)
    C038: 0x80E8 (33000)
    C040: 0x2710 (10000)
    C048: 0x2710 (10000)
    C050: 0x0 (0)
    C058: 0x190 (400)
    C060: 0x190 (400)
    C068: 0x190 (400)
    C070: 0x190 (400)
    C078: 0x190 (400)
    C080: 0xFFFFFF01 (-255)
    C088: 0x0 (0)
    C090: 0x0 (0)
    C098: 0x4 (4)
    C0A0: 0x4 (4)
    C0A8: 0x20002 (131074)
    C0B0: 0x20002 (131074)
    C0B8: 0x20002 (131074)
    C0C0: 0x20002 (131074)
    C0C8: 0x20002 (131074)
    C0D0: 0x3 (3)
    C0D8: 0x3 (3)
    C0E0: 0x20002 (131074)
    C0E8: 0x0 (0)
    C0F0: 0x0 (0)
    C0F8: 0x2020202 (33686018)
    C100: 0x30003 (196611)
    C108: 0x3 (3)
    C110: 0x20002 (131074)
    C118: 0x20002 (131074)
    C120: 0x3 (3)
    C128: 0x20002 (131074)
    C130: 0x20002 (131074)
    C138: 0x20002 (131074)
    C140: 0x20002 (131074)
    C148: 0x1 (1)
    C150: 0x2 (2)
    C158: 0x3 (3)
    C160: 0x4 (4)
    C168: 0xFFFFFFFF (-1)
    C170: 0xFFFFFFFE (-2)
    C178: 0xFFFFFFFD (-3)
    C180: 0x0 (0)
    C188: 0x0 (0)
    C190: 0x0 (0)
    C198: 0x0 (0)
    C1A0: 0x0 (0)
    C1A8: 0x0 (0)
    C1B0: 0x2 (2)
    C1B8: 0xC80 (3200)
    C1C0: 0x20000 (131072)
    C1C8: 0x20000 (131072)
    C1D0: 0xFF060177 (-16383625)
    C1D8: 0xFF060177 (-16383625)
    C1E0: 0x60070 (393328)
    C1E8: 0x60070 (393328)
    C1F0: 0x0 (0)
    C1F8: 0x0 (0)
    C200: 0x0 (0)
    C208: 0x0 (0)
    C210: 0xC0CCC (789708)
    C218: 0xC0CCC (789708)
    C220: 0x30333 (197427)
    C228: 0x30333 (197427)
    C230: 0x30333 (197427)
    C238: 0x30333 (197427)
    C240: 0x30333 (197427)
    C248: 0x30333 (197427)
    C250: 0xEDEED (974573)
    C258: 0xDEDDE (912862)
    C260: 0xB7BB7 (752567)
    C268: 0x7B77B (505723)
    C270: 0x5 (5)
    C278: 0x90DD90 (9493904)
    C280: 0x5 (5)
    C288: 0x90DD90 (9493904)
    C290: 0x5 (5)
    C298: 0x90DD90 (9493904)
    C2A0: 0x5 (5)
    C2A8: 0x90DD90 (9493904)
    C2B0: 0x24 (36)
    C2B8: 0x1A (26)
    C2C0: 0x50 (80)
    C2C8: 0x20 (32)
    C2D0: 0x2800280 (41943680)
    C2D8: 0x90909090 (-1869574000)
    C2E0: 0x0 (0)
    C2E8: 0xC000C0 (12583104)
    C2F0: 0x0 (0)
    C2F8: 0x0 (0)
    C300: 0x0 (0)
    C308: 0x0 (0)
    C310: 0x2010201 (33620481)
    C318: 0x0 (0)
    C320: 0x0 (0)
    C328: 0x0 (0)
    C330: 0x1050106 (17105158)
    C338: 0x5F4 (1524)
    C340: 0x0 (0)
    C348: 0x0 (0)
    C350: 0x2020202 (33686018)
    C358: 0x2020202 (33686018)
    C360: 0x2020202 (33686018)
    C368: 0x2020202 (33686018)
    C370: 0x0 (0)
    C378: 0x0 (0)
    C380: 0x0 (0)
    C388: 0x0 (0)
    C390: 0x0 (0)
    C398: 0x0 (0)
    C3A0: 0x0 (0)
    C3A8: 0x0 (0)
    C3B0: 0x0 (0)
    C3B8: 0x0 (0)
    C3C0: 0x0 (0)
    C3C8: 0x0 (0)
    C3D0: 0x0 (0)
    C3D8: 0x0 (0)
    C3E0: 0x0 (0)
    C3E8: 0x0 (0)
    C3F0: 0x57575757 (1465341783)
    C3F8: 0x57575757 (1465341783)
    C400: 0x57575757 (1465341783)
    C408: 0x57575757 (1465341783)
    C410: 0x57575757 (1465341783)
    C418: 0x57575757 (1465341783)
    C420: 0x57575757 (1465341783)
    C428: 0x57575757 (1465341783)
    C430: 0x57575757 (1465341783)
    C438: 0x57575757 (1465341783)
    C440: 0x57575757 (1465341783)
    C448: 0x57575757 (1465341783)
    C450: 0x57575757 (1465341783)
    C458: 0x57575757 (1465341783)
    C460: 0x57575757 (1465341783)
    C468: 0x57575757 (1465341783)
    C470: 0x0 (0)
    C478: 0x2020202 (33686018)
    C480: 0x2020202 (33686018)
    C488: 0x2020202 (33686018)
    C490: 0x2020202 (33686018)
    C498: 0x0 (0)
    C4A0: 0x0 (0)
    C4A8: 0x0 (0)
    C4B0: 0x0 (0)
    C4B8: 0x0 (0)
    C4C0: 0x0 (0)
    C4C8: 0x0 (0)
    C4D0: 0x0 (0)
    C4D8: 0x0 (0)
    C4E0: 0x0 (0)
    C4E8: 0x0 (0)
    C4F0: 0x0 (0)
    C4F8: 0x0 (0)
    C500: 0x0 (0)
    C508: 0x57575757 (1465341783)
    C510: 0x57575757 (1465341783)
    C518: 0x57575757 (1465341783)
    C520: 0x57575757 (1465341783)
    C528: 0x57575757 (1465341783)
    C530: 0x57575757 (1465341783)
    C538: 0x57575757 (1465341783)
    C540: 0x57575757 (1465341783)
    C548: 0x57575757 (1465341783)
    C550: 0x57575757 (1465341783)
    C558: 0x57575757 (1465341783)
    C560: 0x57575757 (1465341783)
    C568: 0x57575757 (1465341783)
    C570: 0x57575757 (1465341783)
    C578: 0x3 (3)
    C580: 0x1A4 (420)
    C588: 0x0 (0)
    C590: 0x18000 (98304)
    C598: 0x80018000 (-2147385344)
    C5A0: 0x0 (0)
    C5A8: 0x0 (0)
    C5B0: 0x0 (0)
    C5B8: 0x0 (0)
    C5C0: 0x0 (0)
    C5C8: 0x0 (0)
    C5D0: 0x0 (0)
    C5D8: 0x0 (0)
    C5E0: 0x550055 (5570645)
    C5E8: 0x64 (100)
    C5F0: 0x5 (5)
    C5F8: 0x1 (1)
    C600: 0x2 (2)
    C608: 0x5 (5)
    C610: 0x0 (0)
    C618: 0x0 (0)
    C620: 0x0 (0)
    C628: 0x0 (0)
    C630: 0x0 (0)
    C638: 0x0 (0)
Checkpoint 4F
Checkpoint 60
Checkpoint 61
Checkpoint 9A
Checkpoint 90
Checkpoint 91
Checkpoint 92
Checkpoint 94
Checkpoint 94
Checkpoint 95
Checkpoint 96
Checkpoint 94
Checkpoint 94
Checkpoint 95
Checkpoint 96
Checkpoint 94
Checkpoint 94
Checkpoint 94
Checkpoint 94
Checkpoint 94
Checkpoint 95
Checkpoint 96
Checkpoint 94
Checkpoint 94
Checkpoint 94
Checkpoint 94
Checkpoint 94
Checkpoint 95
Checkpoint 96
Checkpoint 94
Checkpoint 94
Checkpoint 94
Checkpoint 94
Checkpoint 95
Checkpoint 96
Checkpoint 94
Checkpoint 94
Checkpoint 94
Checkpoint 95
Checkpoint 96
Checkpoint 94
Checkpoint 94
Checkpoint 94
Checkpoint 95
Checkpoint 96
Checkpoint 94
Checkpoint 94
Checkpoint 94
Checkpoint 94
Checkpoint 95
Checkpoint 96
Checkpoint 94
Checkpoint 94
Checkpoint 94
Checkpoint 94
Checkpoint 95
Checkpoint 96
Checkpoint 94
Checkpoint 94
Checkpoint 94
Checkpoint 94
Checkpoint 94
Checkpoint 95
Checkpoint 96
Checkpoint 94
Checkpoint 94
Checkpoint 94
Checkpoint 94
Checkpoint 94
Checkpoint 95
Checkpoint 96
Checkpoint 92
Checkpoint 92
Checkpoint 92
Checkpoint 92
Checkpoint 92
Checkpoint 92
Checkpoint 92
Checkpoint 92
Checkpoint 92
Checkpoint 92
Checkpoint 91
Checkpoint 92
Checkpoint 92
Checkpoint 92
Checkpoint 92
Checkpoint 92
Checkpoint 92
Checkpoint 92
Checkpoint 92
Checkpoint 92
Checkpoint 92
Checkpoint 92
Checkpoint 97
Checkpoint 98
[2J[1;1H[1;1HCheckpoint 92
Checkpoint 92
Checkpoint 92
Checkpoint 92
Checkpoint 92
Checkpoint A0
Checkpoint 92
Checkpoint 92
Checkpoint 92
Checkpoint 92
Checkpoint 92
Checkpoint 92
[0;37;40m[2J[1;1H[1;1H[1;1HVersion 2.21.1280. Copyright (C) 2021 AMI                                       [2;1HBIOS Date: 2021/04/26 16:42:14 Ver: 0ACOI 1.5.20210426                          [3;1H                                                                                [4;1H                                                                                [5;1H                                                                                [6;1H                                                                                [7;1H                                                                                [8;1H                                                                                [9;1H                                                                                [10;1H                                                                                [11;1H                                                                                [12;1H                                                                                [13;1H                                                                                [14;1H                                                                                [15;1H                                                                                [16;1H                                                                                [17;1H                                                                                [18;1H                                                                                [19;1H                                                                                [20;1H                                                                                [21;1H                                                                                [22;1H                                                                                [23;1H                                                                                [24;1H                                                                                [25;1H                                                                               [3;1H[3;1HEVALUATION COPY.[4;1H[4;1HPress <DEL> or <ESC> to enter setup.Checkpoint AD
[0;30;40m[2J[1;1H[0;37;40m[21;7HUse the  and  keys to change the selection.                       
      Press 'e' to edit the selected item, or 'c' for a command prompt.   [4;80H [0;30;47m[4;1H      CentOS Linux (4.18.0-193.el8.aarch64) 8 (Core)                           [0;37;40m[4;79H[5;1H      CentOS Linux (0-rescue-5d158ea502414daeb19f83caddfbf858) 8 (Core)        [5;79H[6;1H      System setup                                                             [6;79H[7;1H                                                                               [7;79H[8;1H                                                                               [8;79H[9;1H                                                                               [9;79H[10;1H                                                                               [10;79H[11;1H                                                                               [11;79H[12;1H                                                                               [12;79H[13;1H                                                                               [13;79H[14;1H                                                                               [14;79H[15;1H                                                                               [15;79H[16;1H                                                                               [16;79H[17;1H                                                                               [17;79H[18;1H                                                                               [18;79H[19;1H                                                                               [19;79H[19;80H [4;79H[23;1H   The selected entry will be started automatically in 5s.                     [4;79H[23;1H   The selected entry will be started automatically in 4s.                     [4;79H[23;1H   The selected entry will be started automatically in 3s.                     [4;79H[23;1H   The selected entry will be started automatically in 2s.                     [4;79H[23;1H   The selected entry will be started automatically in 1s.                     [4;79H[23;1H   The selected entry will be started automatically in 0s.                     [4;79H[0;30;40m[2J[1;1H[0;37;40m[0;30;40m[2J[1;1H[0;37;40mEFI stub: Booting Linux Kernel...
EFI stub: Using DTB from configuration table
EFI stub: Exiting boot services and installing virtual address map...
[    0.000000] Booting Linux on physical CPU 0x0000120000 [0x413fd0c1]
[    0.000000] Linux version 4.18.0-193.el8.aarch64 (mockbuild@aarch64-01.mbox.centos.org) (gcc version 8.3.1 20191121 (Red Hat 8.3.1-5) (GCC)) #1 SMP Fri May 8 11:05:12 UTC 2020
[    0.000000] efi: Getting EFI parameters from FDT:
[    0.000000] efi: EFI v2.70 by American Megatrends
[    0.000000] efi:  ACPI 2.0=0xbfc40000  SMBIOS 3.0=0xba48ff98  MEMATTR=0xb531e018  ESRT=0xb5327f98  RNG=0xbfccaf18  MEMRESERVE=0xb5325418 
[    0.000000] efi: seeding entropy pool
[    0.000000] esrt: Reserving ESRT space from 0x00000000b5327f98 to 0x00000000b5327fd0.
[    0.000000] Using crashkernel=auto, the size chosen is a best effort estimation.
[    0.000000] crashkernel reserved: 0x0000000092a00000 - 0x00000000aea00000 (448 MB)
[    0.000000] ACPI: Early table checksum verification disabled
[    0.000000] ACPI: RSDP 0x00000000BFC40000 000024 (v02 Ampere)
[    0.000000] ACPI: XSDT 0x00000000BC2D0000 0000D4 (v01 Ampere Altra    00000000 AMI  01000013)
[    0.000000] ACPI: FACP 0x00000000BC1A0000 000114 (v06 Ampere Altra    00000000 INTL 20190509)
[    0.000000] ACPI: DSDT 0x00000000BC0B0000 02EE02 (v02 Ampere Jade     00000001 INTL 20200717)
[    0.000000] ACPI: DBG2 0x00000000BC1B0000 00005C (v00 Ampere Altra    00000000 INTL 20190509)
[    0.000000] ACPI: GTDT 0x00000000BC190000 000110 (v03 Ampere Altra    00000000 INTL 20190509)
[    0.000000] ACPI: SSDT 0x00000000BC180000 00002D (v02 Ampere Altra    00000001 INTL 20190509)
[    0.000000] ACPI: BERT 0x00000000BC170000 000030 (v01 Ampere Altra    00000001 INTL 20200717)
[    0.000000] ACPI: EINJ 0x00000000BC160000 000150 (v01 Ampere Altra    00000001 INTL 20200717)
[    0.000000] ACPI: HEST 0x00000000BC150000 000308 (v01 Ampere Altra    00000001 INTL 20200717)
[    0.000000] ACPI: SDEI 0x00000000BC140000 000024 (v01 Ampere Altra    00000001 INTL 20200717)
[    0.000000] ACPI: SPMI 0x00000000BC130000 000041 (v05 ALASKA A M I    00000000 AMI. 00000000)
[    0.000000] ACPI: SPMI 0x00000000BC120000 000041 (v05 ALASKA A M I    00000000 AMI. 00000000)
[    0.000000] ACPI: SPMI 0x00000000BC110000 000041 (v05 ALASKA A M I    00000000 AMI. 00000000)
[    0.000000] ACPI: FIDT 0x00000000BB660000 00009C (v01 ALASKA A M I    01072009 AMI  00010013)
[    0.000000] ACPI: SPCR 0x00000000B8080000 000050 (v02 A M I  APTIO V  01072009 AMI. 0005000F)
[    0.000000] ACPI: PPTT 0x00000000B4CB0000 006E60 (v02 Ampere Altra    00000000 AMP. 01000013)
[    0.000000] ACPI: SLIT 0x00000000B4CA0000 000030 (v01 Ampere Altra    00000000 AMP. 01000013)
[    0.000000] ACPI: SRAT 0x00000000B4C90000 000CA0 (v03 Ampere Altra    00000000 AMP. 01000013)
[    0.000000] ACPI: MCFG 0x00000000B4C80000 0000DC (v01 Ampere Altra    00000001 AMP. 01000013)
[    0.000000] ACPI: IORT 0x00000000B4C70000 000844 (v00 Ampere Altra    00000000 AMP. 01000013)
[    0.000000] ACPI: APIC 0x00000000B4CC0000 003354 (v05 Ampere Altra    00000003 AMI  01000013)
[    0.000000] ACPI: PCCT 0x00000000B4C60000 000ABC (v02 Ampere Altra    00000003 AMP. 01000013)
[    0.000000] ACPI: WSMT 0x00000000B4C50000 000028 (v01 ALASKA A M I    01072009 AMI  00010013)
[    0.000000] ACPI: FPDT 0x00000000B4E60000 000044 (v01 ALASKA A M I    01072009 AMI  01000013)
[    0.000000] ACPI: SPCR: console: pl011,mmio32,0x100002600000,115200
[    0.000000] ACPI: SRAT: Node 0 PXM 0 [mem 0x88300000-0x883fffff]
[    0.000000] ACPI: SRAT: Node 0 PXM 0 [mem 0x90000000-0xbfffffff]
[    0.000000] ACPI: SRAT: Node 0 PXM 0 [mem 0x80000000000-0x8007fffffff]
[    0.000000] ACPI: SRAT: Node 0 PXM 0 [mem 0x800c0000000-0x83fffffffff]
[    0.000000] NUMA: NODE_DATA [mem 0x83ffdfbe600-0x83ffdfbffff]
[    0.000000] NUMA: Initmem setup node 1 [<memory-less node>]
[    0.000000] NUMA: NODE_DATA [mem 0x83ffdfbcc00-0x83ffdfbe5ff]
[    0.000000] NUMA: NODE_DATA(1) on node 0
[    0.000000] Zone ranges:
[    0.000000]   DMA32    [mem 0x0000000088300000-0x00000000ffffffff]
[    0.000000]   Normal   [mem 0x0000000100000000-0x0000083fffffffff]
[    0.000000] Movable zone start for each node
[    0.000000] Early memory node ranges
[    0.000000]   node   0: [mem 0x0000000088300000-0x00000000883fffff]
[    0.000000]   node   0: [mem 0x0000000090000000-0x0000000091ffffff]
[    0.000000]   node   0: [mem 0x0000000092000000-0x000000009277ffff]
[    0.000000]   node   0: [mem 0x0000000092780000-0x00000000b3a0ffff]
[    0.000000]   node   0: [mem 0x00000000b3a10000-0x00000000b4c4ffff]
[    0.000000]   node   0: [mem 0x00000000b4c50000-0x00000000b55dffff]
[    0.000000]   node   0: [mem 0x00000000b55e0000-0x00000000b660ffff]
[    0.000000]   node   0: [mem 0x00000000b6610000-0x00000000b801ffff]
[    0.000000]   node   0: [mem 0x00000000b8020000-0x00000000b803ffff]
[    0.000000]   node   0: [mem 0x00000000b8040000-0x00000000b804ffff]
[    0.000000]   node   0: [mem 0x00000000b8050000-0x00000000b806ffff]
[    0.000000]   node   0: [mem 0x00000000b8070000-0x00000000b809ffff]
[    0.000000]   node   0: [mem 0x00000000b80a0000-0x00000000b80affff]
[    0.000000]   node   0: [mem 0x00000000b80b0000-0x00000000ba47ffff]
[    0.000000]   node   0: [mem 0x00000000ba480000-0x00000000ba5cffff]
[    0.000000]   node   0: [mem 0x00000000ba5d0000-0x00000000ba61ffff]
[    0.000000]   node   0: [mem 0x00000000ba620000-0x00000000bb62ffff]
[    0.000000]   node   0: [mem 0x00000000bb630000-0x00000000bb89ffff]
[    0.000000]   node   0: [mem 0x00000000bb8a0000-0x00000000bb90ffff]
[    0.000000]   node   0: [mem 0x00000000bb910000-0x00000000bb94ffff]
[    0.000000]   node   0: [mem 0x00000000bb950000-0x00000000bb96ffff]
[    0.000000]   node   0: [mem 0x00000000bb970000-0x00000000bb9dffff]
[    0.000000]   node   0: [mem 0x00000000bb9e0000-0x00000000bbb6ffff]
[    0.000000]   node   0: [mem 0x00000000bbb70000-0x00000000bbbbffff]
[    0.000000]   node   0: [mem 0x00000000bbbc0000-0x00000000bbc5ffff]
[    0.000000]   node   0: [mem 0x00000000bbc60000-0x00000000bbcaffff]
[    0.000000]   node   0: [mem 0x00000000bbcb0000-0x00000000bbd4ffff]
[    0.000000]   node   0: [mem 0x00000000bbd50000-0x00000000bbd9ffff]
[    0.000000]   node   0: [mem 0x00000000bbda0000-0x00000000bbe3ffff]
[    0.000000]   node   0: [mem 0x00000000bbe40000-0x00000000bbe8ffff]
[    0.000000]   node   0: [mem 0x00000000bbe90000-0x00000000bbf2ffff]
[    0.000000]   node   0: [mem 0x00000000bbf30000-0x00000000bbf7ffff]
[    0.000000]   node   0: [mem 0x00000000bbf80000-0x00000000bc01ffff]
[    0.000000]   node   0: [mem 0x00000000bc020000-0x00000000bc0effff]
[    0.000000]   node   0: [mem 0x00000000bc0f0000-0x00000000bc0fffff]
[    0.000000]   node   0: [mem 0x00000000bc100000-0x00000000bc23ffff]
[    0.000000]   node   0: [mem 0x00000000bc240000-0x00000000bc25ffff]
[    0.000000]   node   0: [mem 0x00000000bc260000-0x00000000bc78ffff]
[    0.000000]   node   0: [mem 0x00000000bc790000-0x00000000bc82ffff]
[    0.000000]   node   0: [mem 0x00000000bc830000-0x00000000bc87ffff]
[    0.000000]   node   0: [mem 0x00000000bc880000-0x00000000bc91ffff]
[    0.000000]   node   0: [mem 0x00000000bc920000-0x00000000bc9affff]
[    0.000000]   node   0: [mem 0x00000000bc9b0000-0x00000000bdd6ffff]
[    0.000000]   node   0: [mem 0x00000000bdd70000-0x00000000bdd7ffff]
[    0.000000]   node   0: [mem 0x00000000bdd80000-0x00000000bddbffff]
[    0.000000]   node   0: [mem 0x00000000bddc0000-0x00000000bde1ffff]
[    0.000000]   node   0: [mem 0x00000000bde20000-0x00000000befbffff]
[    0.000000]   node   0: [mem 0x00000000befc0000-0x00000000bf00ffff]
[    0.000000]   node   0: [mem 0x00000000bf010000-0x00000000bf0affff]
[    0.000000]   node   0: [mem 0x00000000bf0b0000-0x00000000bf13ffff]
[    0.000000]   node   0: [mem 0x00000000bf140000-0x00000000bf20ffff]
[    0.000000]   node   0: [mem 0x00000000bf210000-0x00000000bfc2ffff]
[    0.000000]   node   0: [mem 0x00000000bfc30000-0x00000000bfc3ffff]
[    0.000000]   node   0: [mem 0x00000000bfc40000-0x00000000bfc8ffff]
[    0.000000]   node   0: [mem 0x00000000bfc90000-0x00000000bfccffff]
[    0.000000]   node   0: [mem 0x00000000bfcd0000-0x00000000bfffffff]
[    0.000000]   node   0: [mem 0x0000080000000000-0x000008007fffffff]
[    0.000000]   node   0: [mem 0x00000800c0000000-0x0000083fffffffff]
[    0.000000] Zeroed struct page in unavailable ranges: 1571 pages
[    0.000000] Initmem setup node 0 [mem 0x0000000088300000-0x0000083fffffffff]
[    0.000000] Could not find start_pfn for node 1
[    0.000000] Initmem setup node 1 [mem 0x0000000000000000-0x0000000000000000]
[    0.000000] psci: probing for conduit method from ACPI.
[    0.000000] psci: PSCIv1.1 detected in firmware.
[    0.000000] psci: Using standard PSCI v0.2 function IDs
[    0.000000] psci: MIGRATE_INFO_TYPE not supported.
[    0.000000] psci: SMC Calling Convention v1.0
[    0.000000] ACPI: NUMA: SRAT: PXM 0 -> MPIDR 0x0 -> Node 0
[    0.000000] ACPI: NUMA: SRAT: PXM 0 -> MPIDR 0x100 -> Node 0
[    0.000000] ACPI: NUMA: SRAT: PXM 0 -> MPIDR 0x10000 -> Node 0
[    0.000000] ACPI: NUMA: SRAT: PXM 0 -> MPIDR 0x10100 -> Node 0
[    0.000000] ACPI: NUMA: SRAT: PXM 0 -> MPIDR 0x20000 -> Node 0
[    0.000000] ACPI: NUMA: SRAT: PXM 0 -> MPIDR 0x20100 -> Node 0
[    0.000000] ACPI: NUMA: SRAT: PXM 0 -> MPIDR 0x30000 -> Node 0
[    0.000000] ACPI: NUMA: SRAT: PXM 0 -> MPIDR 0x30100 -> Node 0
[    0.000000] ACPI: NUMA: SRAT: PXM 0 -> MPIDR 0x40000 -> Node 0
[    0.000000] ACPI: NUMA: SRAT: PXM 0 -> MPIDR 0x40100 -> Node 0
[    0.000000] ACPI: NUMA: SRAT: PXM 0 -> MPIDR 0x50000 -> Node 0
[    0.000000] ACPI: NUMA: SRAT: PXM 0 -> MPIDR 0x50100 -> Node 0
[    0.000000] ACPI: NUMA: SRAT: PXM 0 -> MPIDR 0x60000 -> Node 0
[    0.000000] ACPI: NUMA: SRAT: PXM 0 -> MPIDR 0x60100 -> Node 0
[    0.000000] ACPI: NUMA: SRAT: PXM 0 -> MPIDR 0x70000 -> Node 0
[    0.000000] ACPI: NUMA: SRAT: PXM 0 -> MPIDR 0x70100 -> Node 0
[    0.000000] ACPI: NUMA: SRAT: PXM 0 -> MPIDR 0x80000 -> Node 0
[    0.000000] ACPI: NUMA: SRAT: PXM 0 -> MPIDR 0x80100 -> Node 0
[    0.000000] ACPI: NUMA: SRAT: PXM 0 -> MPIDR 0x90000 -> Node 0
[    0.000000] ACPI: NUMA: SRAT: PXM 0 -> MPIDR 0x90100 -> Node 0
[    0.000000] ACPI: NUMA: SRAT: PXM 0 -> MPIDR 0xa0000 -> Node 0
[    0.000000] ACPI: NUMA: SRAT: PXM 0 -> MPIDR 0xa0100 -> Node 0
[    0.000000] ACPI: NUMA: SRAT: PXM 0 -> MPIDR 0xb0000 -> Node 0
[    0.000000] ACPI: NUMA: SRAT: PXM 0 -> MPIDR 0xb0100 -> Node 0
[    0.000000] ACPI: NUMA: SRAT: PXM 0 -> MPIDR 0xc0000 -> Node 0
[    0.000000] ACPI: NUMA: SRAT: PXM 0 -> MPIDR 0xc0100 -> Node 0
[    0.000000] ACPI: NUMA: SRAT: PXM 0 -> MPIDR 0xd0000 -> Node 0
[    0.000000] ACPI: NUMA: SRAT: PXM 0 -> MPIDR 0xd0100 -> Node 0
[    0.000000] ACPI: NUMA: SRAT: PXM 0 -> MPIDR 0xe0000 -> Node 0
[    0.000000] ACPI: NUMA: SRAT: PXM 0 -> MPIDR 0xe0100 -> Node 0
[    0.000000] ACPI: NUMA: SRAT: PXM 0 -> MPIDR 0xf0000 -> Node 0
[    0.000000] ACPI: NUMA: SRAT: PXM 0 -> MPIDR 0xf0100 -> Node 0
[    0.000000] ACPI: NUMA: SRAT: PXM 0 -> MPIDR 0x100000 -> Node 0
[    0.000000] ACPI: NUMA: SRAT: PXM 0 -> MPIDR 0x100100 -> Node 0
[    0.000000] ACPI: NUMA: SRAT: PXM 0 -> MPIDR 0x110000 -> Node 0
[    0.000000] ACPI: NUMA: SRAT: PXM 0 -> MPIDR 0x110100 -> Node 0
[    0.000000] ACPI: NUMA: SRAT: PXM 0 -> MPIDR 0x120000 -> Node 0
[    0.000000] ACPI: NUMA: SRAT: PXM 0 -> MPIDR 0x120100 -> Node 0
[    0.000000] ACPI: NUMA: SRAT: PXM 0 -> MPIDR 0x130000 -> Node 0
[    0.000000] ACPI: NUMA: SRAT: PXM 0 -> MPIDR 0x130100 -> Node 0
[    0.000000] ACPI: NUMA: SRAT: PXM 0 -> MPIDR 0x140000 -> Node 0
[    0.000000] ACPI: NUMA: SRAT: PXM 0 -> MPIDR 0x140100 -> Node 0
[    0.000000] ACPI: NUMA: SRAT: PXM 0 -> MPIDR 0x150000 -> Node 0
[    0.000000] ACPI: NUMA: SRAT: PXM 0 -> MPIDR 0x150100 -> Node 0
[    0.000000] ACPI: NUMA: SRAT: PXM 0 -> MPIDR 0x160000 -> Node 0
[    0.000000] ACPI: NUMA: SRAT: PXM 0 -> MPIDR 0x160100 -> Node 0
[    0.000000] ACPI: NUMA: SRAT: PXM 0 -> MPIDR 0x170000 -> Node 0
[    0.000000] ACPI: NUMA: SRAT: PXM 0 -> MPIDR 0x170100 -> Node 0
[    0.000000] ACPI: NUMA: SRAT: PXM 0 -> MPIDR 0x180000 -> Node 0
[    0.000000] ACPI: NUMA: SRAT: PXM 0 -> MPIDR 0x180100 -> Node 0
[    0.000000] ACPI: NUMA: SRAT: PXM 0 -> MPIDR 0x190000 -> Node 0
[    0.000000] ACPI: NUMA: SRAT: PXM 0 -> MPIDR 0x190100 -> Node 0
[    0.000000] ACPI: NUMA: SRAT: PXM 0 -> MPIDR 0x1a0000 -> Node 0
[    0.000000] ACPI: NUMA: SRAT: PXM 0 -> MPIDR 0x1a0100 -> Node 0
[    0.000000] ACPI: NUMA: SRAT: PXM 0 -> MPIDR 0x1b0000 -> Node 0
[    0.000000] ACPI: NUMA: SRAT: PXM 0 -> MPIDR 0x1b0100 -> Node 0
[    0.000000] ACPI: NUMA: SRAT: PXM 0 -> MPIDR 0x1c0000 -> Node 0
[    0.000000] ACPI: NUMA: SRAT: PXM 0 -> MPIDR 0x1c0100 -> Node 0
[    0.000000] ACPI: NUMA: SRAT: PXM 0 -> MPIDR 0x1d0000 -> Node 0
[    0.000000] ACPI: NUMA: SRAT: PXM 0 -> MPIDR 0x1d0100 -> Node 0
[    0.000000] ACPI: NUMA: SRAT: PXM 0 -> MPIDR 0x1e0000 -> Node 0
[    0.000000] ACPI: NUMA: SRAT: PXM 0 -> MPIDR 0x1e0100 -> Node 0
[    0.000000] ACPI: NUMA: SRAT: PXM 0 -> MPIDR 0x1f0000 -> Node 0
[    0.000000] ACPI: NUMA: SRAT: PXM 0 -> MPIDR 0x1f0100 -> Node 0
[    0.000000] ACPI: NUMA: SRAT: PXM 0 -> MPIDR 0x200000 -> Node 0
[    0.000000] ACPI: NUMA: SRAT: PXM 0 -> MPIDR 0x200100 -> Node 0
[    0.000000] ACPI: NUMA: SRAT: PXM 0 -> MPIDR 0x210000 -> Node 0
[    0.000000] ACPI: NUMA: SRAT: PXM 0 -> MPIDR 0x210100 -> Node 0
[    0.000000] ACPI: NUMA: SRAT: PXM 0 -> MPIDR 0x220000 -> Node 0
[    0.000000] ACPI: NUMA: SRAT: PXM 0 -> MPIDR 0x220100 -> Node 0
[    0.000000] ACPI: NUMA: SRAT: PXM 0 -> MPIDR 0x230000 -> Node 0
[    0.000000] ACPI: NUMA: SRAT: PXM 0 -> MPIDR 0x230100 -> Node 0
[    0.000000] ACPI: NUMA: SRAT: PXM 0 -> MPIDR 0x240000 -> Node 0
[    0.000000] ACPI: NUMA: SRAT: PXM 0 -> MPIDR 0x240100 -> Node 0
[    0.000000] ACPI: NUMA: SRAT: PXM 0 -> MPIDR 0x250000 -> Node 0
[    0.000000] ACPI: NUMA: SRAT: PXM 0 -> MPIDR 0x250100 -> Node 0
[    0.000000] ACPI: NUMA: SRAT: PXM 0 -> MPIDR 0x260000 -> Node 0
[    0.000000] ACPI: NUMA: SRAT: PXM 0 -> MPIDR 0x260100 -> Node 0
[    0.000000] ACPI: NUMA: SRAT: PXM 0 -> MPIDR 0x270000 -> Node 0
[    0.000000] ACPI: NUMA: SRAT: PXM 0 -> MPIDR 0x270100 -> Node 0
[    0.000000] ACPI: NUMA: SRAT: PXM 1 -> MPIDR 0x100000000 -> Node 1
[    0.000000] ACPI: NUMA: SRAT: PXM 1 -> MPIDR 0x100000100 -> Node 1
[    0.000000] ACPI: NUMA: SRAT: PXM 1 -> MPIDR 0x100010000 -> Node 1
[    0.000000] ACPI: NUMA: SRAT: PXM 1 -> MPIDR 0x100010100 -> Node 1
[    0.000000] ACPI: NUMA: SRAT: PXM 1 -> MPIDR 0x100020000 -> Node 1
[    0.000000] ACPI: NUMA: SRAT: PXM 1 -> MPIDR 0x100020100 -> Node 1
[    0.000000] ACPI: NUMA: SRAT: PXM 1 -> MPIDR 0x100030000 -> Node 1
[    0.000000] ACPI: NUMA: SRAT: PXM 1 -> MPIDR 0x100030100 -> Node 1
[    0.000000] ACPI: NUMA: SRAT: PXM 1 -> MPIDR 0x100040000 -> Node 1
[    0.000000] ACPI: NUMA: SRAT: PXM 1 -> MPIDR 0x100040100 -> Node 1
[    0.000000] ACPI: NUMA: SRAT: PXM 1 -> MPIDR 0x100050000 -> Node 1
[    0.000000] ACPI: NUMA: SRAT: PXM 1 -> MPIDR 0x100050100 -> Node 1
[    0.000000] ACPI: NUMA: SRAT: PXM 1 -> MPIDR 0x100060000 -> Node 1
[    0.000000] ACPI: NUMA: SRAT: PXM 1 -> MPIDR 0x100060100 -> Node 1
[    0.000000] ACPI: NUMA: SRAT: PXM 1 -> MPIDR 0x100070000 -> Node 1
[    0.000000] ACPI: NUMA: SRAT: PXM 1 -> MPIDR 0x100070100 -> Node 1
[    0.000000] ACPI: NUMA: SRAT: PXM 1 -> MPIDR 0x100080000 -> Node 1
[    0.000000] ACPI: NUMA: SRAT: PXM 1 -> MPIDR 0x100080100 -> Node 1
[    0.000000] ACPI: NUMA: SRAT: PXM 1 -> MPIDR 0x100090000 -> Node 1
[    0.000000] ACPI: NUMA: SRAT: PXM 1 -> MPIDR 0x100090100 -> Node 1
[    0.000000] ACPI: NUMA: SRAT: PXM 1 -> MPIDR 0x1000a0000 -> Node 1
[    0.000000] ACPI: NUMA: SRAT: PXM 1 -> MPIDR 0x1000a0100 -> Node 1
[    0.000000] ACPI: NUMA: SRAT: PXM 1 -> MPIDR 0x1000b0000 -> Node 1
[    0.000000] ACPI: NUMA: SRAT: PXM 1 -> MPIDR 0x1000b0100 -> Node 1
[    0.000000] ACPI: NUMA: SRAT: PXM 1 -> MPIDR 0x1000c0000 -> Node 1
[    0.000000] ACPI: NUMA: SRAT: PXM 1 -> MPIDR 0x1000c0100 -> Node 1
[    0.000000] ACPI: NUMA: SRAT: PXM 1 -> MPIDR 0x1000d0000 -> Node 1
[    0.000000] ACPI: NUMA: SRAT: PXM 1 -> MPIDR 0x1000d0100 -> Node 1
[    0.000000] ACPI: NUMA: SRAT: PXM 1 -> MPIDR 0x1000e0000 -> Node 1
[    0.000000] ACPI: NUMA: SRAT: PXM 1 -> MPIDR 0x1000e0100 -> Node 1
[    0.000000] ACPI: NUMA: SRAT: PXM 1 -> MPIDR 0x1000f0000 -> Node 1
[    0.000000] ACPI: NUMA: SRAT: PXM 1 -> MPIDR 0x1000f0100 -> Node 1
[    0.000000] ACPI: NUMA: SRAT: PXM 1 -> MPIDR 0x100100000 -> Node 1
[    0.000000] ACPI: NUMA: SRAT: PXM 1 -> MPIDR 0x100100100 -> Node 1
[    0.000000] ACPI: NUMA: SRAT: PXM 1 -> MPIDR 0x100110000 -> Node 1
[    0.000000] ACPI: NUMA: SRAT: PXM 1 -> MPIDR 0x100110100 -> Node 1
[    0.000000] ACPI: NUMA: SRAT: PXM 1 -> MPIDR 0x100120000 -> Node 1
[    0.000000] ACPI: NUMA: SRAT: PXM 1 -> MPIDR 0x100120100 -> Node 1
[    0.000000] ACPI: NUMA: SRAT: PXM 1 -> MPIDR 0x100130000 -> Node 1
[    0.000000] ACPI: NUMA: SRAT: PXM 1 -> MPIDR 0x100130100 -> Node 1
[    0.000000] ACPI: NUMA: SRAT: PXM 1 -> MPIDR 0x100140000 -> Node 1
[    0.000000] ACPI: NUMA: SRAT: PXM 1 -> MPIDR 0x100140100 -> Node 1
[    0.000000] ACPI: NUMA: SRAT: PXM 1 -> MPIDR 0x100150000 -> Node 1
[    0.000000] ACPI: NUMA: SRAT: PXM 1 -> MPIDR 0x100150100 -> Node 1
[    0.000000] ACPI: NUMA: SRAT: PXM 1 -> MPIDR 0x100160000 -> Node 1
[    0.000000] ACPI: NUMA: SRAT: PXM 1 -> MPIDR 0x100160100 -> Node 1
[    0.000000] ACPI: NUMA: SRAT: PXM 1 -> MPIDR 0x100170000 -> Node 1
[    0.000000] ACPI: NUMA: SRAT: PXM 1 -> MPIDR 0x100170100 -> Node 1
[    0.000000] ACPI: NUMA: SRAT: PXM 1 -> MPIDR 0x100180000 -> Node 1
[    0.000000] ACPI: NUMA: SRAT: PXM 1 -> MPIDR 0x100180100 -> Node 1
[    0.000000] ACPI: NUMA: SRAT: PXM 1 -> MPIDR 0x100190000 -> Node 1
[    0.000000] ACPI: NUMA: SRAT: PXM 1 -> MPIDR 0x100190100 -> Node 1
[    0.000000] ACPI: NUMA: SRAT: PXM 1 -> MPIDR 0x1001a0000 -> Node 1
[    0.000000] ACPI: NUMA: SRAT: PXM 1 -> MPIDR 0x1001a0100 -> Node 1
[    0.000000] ACPI: NUMA: SRAT: PXM 1 -> MPIDR 0x1001b0000 -> Node 1
[    0.000000] ACPI: NUMA: SRAT: PXM 1 -> MPIDR 0x1001b0100 -> Node 1
[    0.000000] ACPI: NUMA: SRAT: PXM 1 -> MPIDR 0x1001c0000 -> Node 1
[    0.000000] ACPI: NUMA: SRAT: PXM 1 -> MPIDR 0x1001c0100 -> Node 1
[    0.000000] ACPI: NUMA: SRAT: PXM 1 -> MPIDR 0x1001d0000 -> Node 1
[    0.000000] ACPI: NUMA: SRAT: PXM 1 -> MPIDR 0x1001d0100 -> Node 1
[    0.000000] ACPI: NUMA: SRAT: PXM 1 -> MPIDR 0x1001e0000 -> Node 1
[    0.000000] ACPI: NUMA: SRAT: PXM 1 -> MPIDR 0x1001e0100 -> Node 1
[    0.000000] ACPI: NUMA: SRAT: PXM 1 -> MPIDR 0x1001f0000 -> Node 1
[    0.000000] ACPI: NUMA: SRAT: PXM 1 -> MPIDR 0x1001f0100 -> Node 1
[    0.000000] ACPI: NUMA: SRAT: PXM 1 -> MPIDR 0x100200000 -> Node 1
[    0.000000] ACPI: NUMA: SRAT: PXM 1 -> MPIDR 0x100200100 -> Node 1
[    0.000000] ACPI: NUMA: SRAT: PXM 1 -> MPIDR 0x100210000 -> Node 1
[    0.000000] ACPI: NUMA: SRAT: PXM 1 -> MPIDR 0x100210100 -> Node 1
[    0.000000] ACPI: NUMA: SRAT: PXM 1 -> MPIDR 0x100220000 -> Node 1
[    0.000000] ACPI: NUMA: SRAT: PXM 1 -> MPIDR 0x100220100 -> Node 1
[    0.000000] ACPI: NUMA: SRAT: PXM 1 -> MPIDR 0x100230000 -> Node 1
[    0.000000] ACPI: NUMA: SRAT: PXM 1 -> MPIDR 0x100230100 -> Node 1
[    0.000000] ACPI: NUMA: SRAT: PXM 1 -> MPIDR 0x100240000 -> Node 1
[    0.000000] ACPI: NUMA: SRAT: PXM 1 -> MPIDR 0x100240100 -> Node 1
[    0.000000] ACPI: NUMA: SRAT: PXM 1 -> MPIDR 0x100250000 -> Node 1
[    0.000000] ACPI: NUMA: SRAT: PXM 1 -> MPIDR 0x100250100 -> Node 1
[    0.000000] ACPI: NUMA: SRAT: PXM 1 -> MPIDR 0x100260000 -> Node 1
[    0.000000] ACPI: NUMA: SRAT: PXM 1 -> MPIDR 0x100260100 -> Node 1
[    0.000000] ACPI: NUMA: SRAT: PXM 1 -> MPIDR 0x100270000 -> Node 1
[    0.000000] ACPI: NUMA: SRAT: PXM 1 -> MPIDR 0x100270100 -> Node 1
[    0.000000] percpu: Embedded 10 pages/cpu s583704 r8192 d63464 u655360
[    0.000000] Detected PIPT I-cache on CPU0
[    0.000000] CPU features: detected: Virtualization Host Extensions
[    0.000000] CPU features: kernel page table isolation forced ON by KASLR
[    0.000000] CPU features: detected: Kernel page table isolation (KPTI)
[    0.000000] CPU features: detected: Hardware dirty bit management
[    0.000000] CPU features: detected: Speculative Store Bypassing Safe (SSBS)
[    0.000000] Built 2 zonelists, mobility grouping on.  Total pages: 4186131
[    0.000000] Policy zone: Normal
[    0.000000] Kernel command line: BOOT_IMAGE=(hd0,gpt2)/vmlinuz-4.18.0-193.el8.aarch64 root=/dev/mapper/cl-root ro crashkernel=auto rd.lvm.lv=cl/root rd.lvm.lv=cl/swap
[    0.000000] Specific versions of hardware are certified with Red Hat Enterprise Linux 8. Please see the list of hardware certified with Red Hat Enterprise Linux 8 at https://access.redhat.com/ecosystem.
[    0.000000] printk: log_buf_len individual max cpu contribution: 4096 bytes
[    0.000000] printk: log_buf_len total cpu_extra contributions: 651264 bytes
[    0.000000] printk: log_buf_len min size: 1048576 bytes
[    0.000000] printk: log_buf_len: 2097152 bytes
[    0.000000] printk: early log buf free: 1024380(97%)
[    0.000000] software IO TLB: Cannot allocate buffer
[    0.000000] Memory: 267117760K/268174336K available (9404K kernel code, 3494K rwdata, 6784K rodata, 5056K init, 9143K bss, 1056576K reserved, 0K cma-reserved)
[    0.000000] random: get_random_u64 called from cache_random_seq_create+0x88/0x158 with crng_init=0
[    0.000000] SLUB: HWalign=64, Order=0-3, MinObjects=0, CPUs=160, Nodes=2
[    0.000000] ftrace: allocating 33653 entries in 9 pages
[    0.000000] rcu: Hierarchical RCU implementation.
[    0.000000] rcu: 	RCU restricting CPUs from NR_CPUS=4096 to nr_cpu_ids=160.
[    0.000000] rcu: RCU calculated value of scheduler-enlistment delay is 10 jiffies.
[    0.000000] rcu: Adjusting geometry for rcu_fanout_leaf=16, nr_cpu_ids=160
[    0.000000] NR_IRQS: 64, nr_irqs: 64, preallocated irqs: 0
[    0.000000] GICv3: GIC: Using split EOI/Deactivate mode
[    0.000000] GICv3: Distributor has no Range Selector support
[    0.000000] GICv3: no VLPI support, no direct LPI support
[    0.000000] GICv3: CPU0: found redistributor 120000 region 0:0x00001001005c0000
[    0.000000] SRAT: PXM 0 -> ITS 2 -> Node 0
[    0.000000] SRAT: PXM 0 -> ITS 3 -> Node 0
[    0.000000] SRAT: PXM 0 -> ITS 4 -> Node 0
[    0.000000] SRAT: PXM 0 -> ITS 5 -> Node 0
[    0.000000] SRAT: PXM 0 -> ITS 6 -> Node 0
[    0.000000] SRAT: PXM 0 -> ITS 7 -> Node 0
[    0.000000] SRAT: PXM 1 -> ITS 10 -> Node 1
[    0.000000] SRAT: PXM 1 -> ITS 11 -> Node 1
[    0.000000] SRAT: PXM 1 -> ITS 12 -> Node 1
[    0.000000] SRAT: PXM 1 -> ITS 13 -> Node 1
[    0.000000] SRAT: PXM 1 -> ITS 14 -> Node 1
[    0.000000] SRAT: PXM 1 -> ITS 15 -> Node 1
[    0.000000] ITS [mem 0x100100080000-0x10010009ffff]
[    0.000000] ITS@0x0000100100080000: allocated 8192 Devices @83fc0d30000 (indirect, esz 8, psz 64K, shr 1)
[    0.000000] ITS@0x0000100100080000: allocated 32768 Interrupt Collections @83fc0d40000 (flat, esz 2, psz 64K, shr 1)
[    0.000000] ITS [mem 0x1001000a0000-0x1001000bffff]
[    0.000000] ITS@0x00001001000a0000: allocated 8192 Devices @83fc0d60000 (indirect, esz 8, psz 64K, shr 1)
[    0.000000] ITS@0x00001001000a0000: allocated 32768 Interrupt Collections @83fc0d70000 (flat, esz 2, psz 64K, shr 1)
[    0.000000] ITS [mem 0x1001000c0000-0x1001000dffff]
[    0.000000] ITS@0x00001001000c0000: allocated 8192 Devices @83fc0d90000 (indirect, esz 8, psz 64K, shr 1)
[    0.000000] ITS@0x00001001000c0000: allocated 32768 Interrupt Collections @83fc0da0000 (flat, esz 2, psz 64K, shr 1)
[    0.000000] ITS [mem 0x1001000e0000-0x1001000fffff]
[    0.000000] ITS@0x00001001000e0000: allocated 8192 Devices @83fc0dc0000 (indirect, esz 8, psz 64K, shr 1)
[    0.000000] ITS@0x00001001000e0000: allocated 32768 Interrupt Collections @83fc0dd0000 (flat, esz 2, psz 64K, shr 1)
[    0.000000] ITS [mem 0x100100100000-0x10010011ffff]
[    0.000000] ITS@0x0000100100100000: allocated 8192 Devices @83fc0df0000 (indirect, esz 8, psz 64K, shr 1)
[    0.000000] ITS@0x0000100100100000: allocated 32768 Interrupt Collections @83fc0e00000 (flat, esz 2, psz 64K, shr 1)
[    0.000000] ITS [mem 0x100100120000-0x10010013ffff]
[    0.000000] ITS@0x0000100100120000: allocated 8192 Devices @83fc0e20000 (indirect, esz 8, psz 64K, shr 1)
[    0.000000] ITS@0x0000100100120000: allocated 32768 Interrupt Collections @83fc0e30000 (flat, esz 2, psz 64K, shr 1)
[    0.000000] ITS [mem 0x500100080000-0x50010009ffff]
[    0.000000] ITS@0x0000500100080000: allocated 8192 Devices @83fc0e50000 (indirect, esz 8, psz 64K, shr 1)
[    0.000000] ITS@0x0000500100080000: allocated 32768 Interrupt Collections @83fc0e60000 (flat, esz 2, psz 64K, shr 1)
[    0.000000] ITS [mem 0x5001000a0000-0x5001000bffff]
[    0.000000] ITS@0x00005001000a0000: allocated 8192 Devices @83fc0e80000 (indirect, esz 8, psz 64K, shr 1)
[    0.000000] ITS@0x00005001000a0000: allocated 32768 Interrupt Collections @83fc0e90000 (flat, esz 2, psz 64K, shr 1)
[    0.000000] ITS [mem 0x5001000c0000-0x5001000dffff]
[    0.000000] ITS@0x00005001000c0000: allocated 8192 Devices @83fc0eb0000 (indirect, esz 8, psz 64K, shr 1)
[    0.000000] ITS@0x00005001000c0000: allocated 32768 Interrupt Collections @83fc0ec0000 (flat, esz 2, psz 64K, shr 1)
[    0.000000] ITS [mem 0x5001000e0000-0x5001000fffff]
[    0.000000] ITS@0x00005001000e0000: allocated 8192 Devices @83fc0ee0000 (indirect, esz 8, psz 64K, shr 1)
[    0.000000] ITS@0x00005001000e0000: allocated 32768 Interrupt Collections @83fc0ef0000 (flat, esz 2, psz 64K, shr 1)
[    0.000000] ITS [mem 0x500100100000-0x50010011ffff]
[    0.000000] ITS@0x0000500100100000: allocated 8192 Devices @83fc0f10000 (indirect, esz 8, psz 64K, shr 1)
[    0.000000] ITS@0x0000500100100000: allocated 32768 Interrupt Collections @83fc0f20000 (flat, esz 2, psz 64K, shr 1)
[    0.000000] ITS [mem 0x500100120000-0x50010013ffff]
[    0.000000] ITS@0x0000500100120000: allocated 8192 Devices @83fc0f40000 (indirect, esz 8, psz 64K, shr 1)
[    0.000000] ITS@0x0000500100120000: allocated 32768 Interrupt Collections @83fc0f50000 (flat, esz 2, psz 64K, shr 1)
[    0.000000] GICv3: using LPI property table @0x0000083fc0f60000
[    0.000000] GICv3: CPU0: using allocated LPI pending table @0x0000083fc0f80000
[    0.000000] ACPI GTDT: found 1 memory-mapped timer block(s).
[    0.000000] arch_timer: cp15 and mmio timer(s) running at 25.00MHz (phys/phys).
[    0.000000] clocksource: arch_sys_counter: mask: 0xffffffffffffff max_cycles: 0x5c40939b5, max_idle_ns: 440795202646 ns
[    0.000000] sched_clock: 56 bits at 25MHz, resolution 40ns, wraps every 4398046511100ns
[    0.000118] Console: colour dummy device 80x25
[    0.000208] mempolicy: Enabling automatic NUMA balancing. Configure with numa_balancing= or the kernel.numa_balancing sysctl
[    0.000228] ACPI: Core revision 20190703
[    0.000568] Calibrating delay loop (skipped), value calculated using timer frequency.. 50.00 BogoMIPS (lpj=250000)
[    0.000570] pid_max: default: 163840 minimum: 1280
[    0.000661] Security Framework initialized
[    0.000663] Yama: becoming mindful.
[    0.000666] SELinux:  Initializing.
[    0.004720] Dentry cache hash table entries: 16777216 (order: 11, 134217728 bytes)
[    0.006639] Inode-cache hash table entries: 8388608 (order: 10, 67108864 bytes)
[    0.006719] Mount-cache hash table entries: 262144 (order: 5, 2097152 bytes)
[    0.006779] Mountpoint-cache hash table entries: 262144 (order: 5, 2097152 bytes)
[    0.008507] ASID allocator initialised with 32768 entries
[    0.008519] rcu: Hierarchical SRCU implementation.
[    0.008739] Platform MSI: ITS@0x100100080000 domain created
[    0.008741] Platform MSI: ITS@0x1001000a0000 domain created
[    0.008742] Platform MSI: ITS@0x1001000c0000 domain created
[    0.008744] Platform MSI: ITS@0x1001000e0000 domain created
[    0.008745] Platform MSI: ITS@0x100100100000 domain created
[    0.008746] Platform MSI: ITS@0x100100120000 domain created
[    0.008747] Platform MSI: ITS@0x500100080000 domain created
[    0.008748] Platform MSI: ITS@0x5001000a0000 domain created
[    0.008750] Platform MSI: ITS@0x5001000c0000 domain created
[    0.008751] Platform MSI: ITS@0x5001000e0000 domain created
[    0.008753] Platform MSI: ITS@0x500100100000 domain created
[    0.008754] Platform MSI: ITS@0x500100120000 domain created
[    0.008759] PCI/MSI: ITS@0x100100080000 domain created
[    0.008760] PCI/MSI: ITS@0x1001000a0000 domain created
[    0.008761] PCI/MSI: ITS@0x1001000c0000 domain created
[    0.008763] PCI/MSI: ITS@0x1001000e0000 domain created
[    0.008764] PCI/MSI: ITS@0x100100100000 domain created
[    0.008765] PCI/MSI: ITS@0x100100120000 domain created
[    0.008766] PCI/MSI: ITS@0x500100080000 domain created
[    0.008767] PCI/MSI: ITS@0x5001000a0000 domain created
[    0.008769] PCI/MSI: ITS@0x5001000c0000 domain created
[    0.008770] PCI/MSI: ITS@0x5001000e0000 domain created
[    0.008771] PCI/MSI: ITS@0x500100100000 domain created
[    0.008772] PCI/MSI: ITS@0x500100120000 domain created
[    0.008778] Remapping and enabling EFI services.
[    0.014274] smp: Bringing up secondary CPUs ...
[    0.014511] Detected PIPT I-cache on CPU1
[    0.014527] GICv3: CPU1: found redistributor 1a0000 region 0:0x00001001007c0000
[    0.014536] GICv3: CPU1: using allocated LPI pending table @0x0000083fc0f90000
[    0.014623] CPU1: Booted secondary processor 0x00001a0000 [0x413fd0c1]
[    0.014918] Detected PIPT I-cache on CPU2
[    0.014932] GICv3: CPU2: found redistributor 140000 region 0:0x0000100100640000
[    0.014940] GICv3: CPU2: using allocated LPI pending table @0x0000083fc0fa0000
[    0.015032] CPU2: Booted secondary processor 0x0000140000 [0x413fd0c1]
[    0.015788] Detected PIPT I-cache on CPU3
[    0.015802] GICv3: CPU3: found redistributor 1c0000 region 0:0x0000100100840000
[    0.015811] GICv3: CPU3: using allocated LPI pending table @0x0000083fc0fb0000
[    0.015902] CPU3: Booted secondary processor 0x00001c0000 [0x413fd0c1]
[    0.016611] Detected PIPT I-cache on CPU4
[    0.016623] GICv3: CPU4: found redistributor 100000 region 0:0x0000100100540000
[    0.016632] GICv3: CPU4: using allocated LPI pending table @0x0000083fc0fc0000
[    0.016723] CPU4: Booted secondary processor 0x0000100000 [0x413fd0c1]
[    0.017008] Detected PIPT I-cache on CPU5
[    0.017021] GICv3: CPU5: found redistributor 180000 region 0:0x0000100100740000
[    0.017030] GICv3: CPU5: using allocated LPI pending table @0x0000083fc0fd0000
[    0.017122] CPU5: Booted secondary processor 0x0000180000 [0x413fd0c1]
[    0.018812] Detected PIPT I-cache on CPU6
[    0.018825] GICv3: CPU6: found redistributor 160000 region 0:0x00001001006c0000
[    0.018834] GICv3: CPU6: using allocated LPI pending table @0x0000083fc0fe0000
[    0.018928] CPU6: Booted secondary processor 0x0000160000 [0x413fd0c1]
[    0.019598] Detected PIPT I-cache on CPU7
[    0.019612] GICv3: CPU7: found redistributor 1e0000 region 0:0x00001001008c0000
[    0.019621] GICv3: CPU7: using allocated LPI pending table @0x0000083fc0ff0000
[    0.019715] CPU7: Booted secondary processor 0x00001e0000 [0x413fd0c1]
[    0.019984] Detected PIPT I-cache on CPU8
[    0.019995] GICv3: CPU8: found redistributor a0000 region 0:0x00001001003c0000
[    0.020004] GICv3: CPU8: using allocated LPI pending table @0x0000083fc1000000
[    0.020097] CPU8: Booted secondary processor 0x00000a0000 [0x413fd0c1]
[    0.020812] Detected PIPT I-cache on CPU9
[    0.020826] GICv3: CPU9: found redistributor 220000 region 0:0x00001001009c0000
[    0.020835] GICv3: CPU9: using allocated LPI pending table @0x0000083fc1010000
[    0.020927] CPU9: Booted secondary processor 0x0000220000 [0x413fd0c1]
[    0.021586] Detected PIPT I-cache on CPU10
[    0.021597] GICv3: CPU10: found redistributor c0000 region 0:0x0000100100440000
[    0.021606] GICv3: CPU10: using allocated LPI pending table @0x0000083fc1020000
[    0.021699] CPU10: Booted secondary processor 0x00000c0000 [0x413fd0c1]
[    0.021983] Detected PIPT I-cache on CPU11
[    0.021998] GICv3: CPU11: found redistributor 240000 region 0:0x0000100100a40000
[    0.022007] GICv3: CPU11: using allocated LPI pending table @0x0000083fc1030000
[    0.022099] CPU11: Booted secondary processor 0x0000240000 [0x413fd0c1]
[    0.023181] Detected PIPT I-cache on CPU12
[    0.023191] GICv3: CPU12: found redistributor 80000 region 0:0x0000100100340000
[    0.023201] GICv3: CPU12: using allocated LPI pending table @0x0000083fc1040000
[    0.023295] CPU12: Booted secondary processor 0x0000080000 [0x413fd0c1]
[    0.024211] Detected PIPT I-cache on CPU13
[    0.024225] GICv3: CPU13: found redistributor 200000 region 0:0x0000100100940000
[    0.024235] GICv3: CPU13: using allocated LPI pending table @0x0000083fc1050000
[    0.024327] CPU13: Booted secondary processor 0x0000200000 [0x413fd0c1]
[    0.024590] Detected PIPT I-cache on CPU14
[    0.024602] GICv3: CPU14: found redistributor e0000 region 0:0x00001001004c0000
[    0.024612] GICv3: CPU14: using allocated LPI pending table @0x0000083fc1060000
[    0.024705] CPU14: Booted secondary processor 0x00000e0000 [0x413fd0c1]
[    0.025410] Detected PIPT I-cache on CPU15
[    0.025426] GICv3: CPU15: found redistributor 260000 region 0:0x0000100100ac0000
[    0.025436] GICv3: CPU15: using allocated LPI pending table @0x0000083fc1070000
[    0.025530] CPU15: Booted secondary processor 0x0000260000 [0x413fd0c1]
[    0.026209] Detected PIPT I-cache on CPU16
[    0.026218] GICv3: CPU16: found redistributor 20000 region 0:0x00001001001c0000
[    0.026229] GICv3: CPU16: using allocated LPI pending table @0x0000083fc1080000
[    0.026324] CPU16: Booted secondary processor 0x0000020000 [0x413fd0c1]
[    0.026594] Detected PIPT I-cache on CPU17
[    0.026603] GICv3: CPU17: found redistributor 40000 region 0:0x0000100100240000
[    0.026614] GICv3: CPU17: using allocated LPI pending table @0x0000083fc1090000
[    0.026711] CPU17: Booted secondary processor 0x0000040000 [0x413fd0c1]
[    0.027599] Detected PIPT I-cache on CPU18
[    0.027608] GICv3: CPU18: found redistributor 0 region 0:0x0000100100140000
[    0.027618] GICv3: CPU18: using allocated LPI pending table @0x0000083fc10a0000
[    0.027713] CPU18: Booted secondary processor 0x0000000000 [0x413fd0c1]
[    0.028412] Detected PIPT I-cache on CPU19
[    0.028422] GICv3: CPU19: found redistributor 60000 region 0:0x00001001002c0000
[    0.028433] GICv3: CPU19: using allocated LPI pending table @0x0000083fc10b0000
[    0.028531] CPU19: Booted secondary processor 0x0000060000 [0x413fd0c1]
[    0.028794] Detected PIPT I-cache on CPU20
[    0.028806] GICv3: CPU20: found redistributor 130000 region 0:0x0000100100600000
[    0.028816] GICv3: CPU20: using allocated LPI pending table @0x0000083fc10c0000
[    0.028910] CPU20: Booted secondary processor 0x0000130000 [0x413fd0c1]
[    0.029984] Detected PIPT I-cache on CPU21
[    0.029998] GICv3: CPU21: found redistributor 1b0000 region 0:0x0000100100800000
[    0.030008] GICv3: CPU21: using allocated LPI pending table @0x0000083fc10d0000
[    0.030099] CPU21: Booted secondary processor 0x00001b0000 [0x413fd0c1]
[    0.031003] Detected PIPT I-cache on CPU22
[    0.031016] GICv3: CPU22: found redistributor 150000 region 0:0x0000100100680000
[    0.031026] GICv3: CPU22: using allocated LPI pending table @0x0000083fc10e0000
[    0.031120] CPU22: Booted secondary processor 0x0000150000 [0x413fd0c1]
[    0.031381] Detected PIPT I-cache on CPU23
[    0.031395] GICv3: CPU23: found redistributor 1d0000 region 0:0x0000100100880000
[    0.031406] GICv3: CPU23: using allocated LPI pending table @0x0000083fc10f0000
[    0.031496] CPU23: Booted secondary processor 0x00001d0000 [0x413fd0c1]
[    0.032364] Detected PIPT I-cache on CPU24
[    0.032376] GICv3: CPU24: found redistributor 110000 region 0:0x0000100100580000
[    0.032387] GICv3: CPU24: using allocated LPI pending table @0x0000083fc1100000
[    0.032481] CPU24: Booted secondary processor 0x0000110000 [0x413fd0c1]
[    0.033211] Detected PIPT I-cache on CPU25
[    0.033225] GICv3: CPU25: found redistributor 190000 region 0:0x0000100100780000
[    0.033236] GICv3: CPU25: using allocated LPI pending table @0x0000083fc1110000
[    0.033327] CPU25: Booted secondary processor 0x0000190000 [0x413fd0c1]
[    0.033587] Detected PIPT I-cache on CPU26
[    0.033600] GICv3: CPU26: found redistributor 170000 region 0:0x0000100100700000
[    0.033611] GICv3: CPU26: using allocated LPI pending table @0x0000083fc1120000
[    0.033708] CPU26: Booted secondary processor 0x0000170000 [0x413fd0c1]
[    0.034601] Detected PIPT I-cache on CPU27
[    0.034617] GICv3: CPU27: found redistributor 1f0000 region 0:0x0000100100900000
[    0.034628] GICv3: CPU27: using allocated LPI pending table @0x0000083fc1130000
[    0.034723] CPU27: Booted secondary processor 0x00001f0000 [0x413fd0c1]
[    0.035566] Detected PIPT I-cache on CPU28
[    0.035576] GICv3: CPU28: found redistributor b0000 region 0:0x0000100100400000
[    0.035587] GICv3: CPU28: using allocated LPI pending table @0x0000083fc1140000
[    0.035683] CPU28: Booted secondary processor 0x00000b0000 [0x413fd0c1]
[    0.035989] Detected PIPT I-cache on CPU29
[    0.036004] GICv3: CPU29: found redistributor 230000 region 0:0x0000100100a00000
[    0.036015] GICv3: CPU29: using allocated LPI pending table @0x0000083fc1150000
[    0.036108] CPU29: Booted secondary processor 0x0000230000 [0x413fd0c1]
[    0.037200] Detected PIPT I-cache on CPU30
[    0.037211] GICv3: CPU30: found redistributor d0000 region 0:0x0000100100480000
[    0.037223] GICv3: CPU30: using allocated LPI pending table @0x0000083fc1160000
[    0.037319] CPU30: Booted secondary processor 0x00000d0000 [0x413fd0c1]
[    0.038204] Detected PIPT I-cache on CPU31
[    0.038219] GICv3: CPU31: found redistributor 250000 region 0:0x0000100100a80000
[    0.038231] GICv3: CPU31: using allocated LPI pending table @0x0000083fc1170000
[    0.038325] CPU31: Booted secondary processor 0x0000250000 [0x413fd0c1]
[    0.038581] Detected PIPT I-cache on CPU32
[    0.038592] GICv3: CPU32: found redistributor 90000 region 0:0x0000100100380000
[    0.038603] GICv3: CPU32: using allocated LPI pending table @0x0000083fc1180000
[    0.038699] CPU32: Booted secondary processor 0x0000090000 [0x413fd0c1]
[    0.039752] Detected PIPT I-cache on CPU33
[    0.039767] GICv3: CPU33: found redistributor 210000 region 0:0x0000100100980000
[    0.039778] GICv3: CPU33: using allocated LPI pending table @0x0000083fc1190000
[    0.039873] CPU33: Booted secondary processor 0x0000210000 [0x413fd0c1]
[    0.040801] Detected PIPT I-cache on CPU34
[    0.040813] GICv3: CPU34: found redistributor f0000 region 0:0x0000100100500000
[    0.040825] GICv3: CPU34: using allocated LPI pending table @0x0000083fc11a0000
[    0.040920] CPU34: Booted secondary processor 0x00000f0000 [0x413fd0c1]
[    0.041184] Detected PIPT I-cache on CPU35
[    0.041200] GICv3: CPU35: found redistributor 270000 region 0:0x0000100100b00000
[    0.041212] GICv3: CPU35: using allocated LPI pending table @0x0000083fc11b0000
[    0.041308] CPU35: Booted secondary processor 0x0000270000 [0x413fd0c1]
[    0.042362] Detected PIPT I-cache on CPU36
[    0.042372] GICv3: CPU36: found redistributor 30000 region 0:0x0000100100200000
[    0.042384] GICv3: CPU36: using allocated LPI pending table @0x0000083fc11c0000
[    0.042481] CPU36: Booted secondary processor 0x0000030000 [0x413fd0c1]
[    0.043404] Detected PIPT I-cache on CPU37
[    0.043413] GICv3: CPU37: found redistributor 50000 region 0:0x0000100100280000
[    0.043426] GICv3: CPU37: using allocated LPI pending table @0x0000083fc11d0000
[    0.043524] CPU37: Booted secondary processor 0x0000050000 [0x413fd0c1]
[    0.043787] Detected PIPT I-cache on CPU38
[    0.043796] GICv3: CPU38: found redistributor 10000 region 0:0x0000100100180000
[    0.043809] GICv3: CPU38: using allocated LPI pending table @0x0000083fc11e0000
[    0.043906] CPU38: Booted secondary processor 0x0000010000 [0x413fd0c1]
[    0.044798] Detected PIPT I-cache on CPU39
[    0.044808] GICv3: CPU39: found redistributor 70000 region 0:0x0000100100300000
[    0.044821] GICv3: CPU39: using allocated LPI pending table @0x0000083fc11f0000
[    0.044921] CPU39: Booted secondary processor 0x0000070000 [0x413fd0c1]
[    0.045765] Detected PIPT I-cache on CPU40
[    0.045777] GICv3: CPU40: found redistributor 120100 region 0:0x00001001005e0000
[    0.045789] GICv3: CPU40: using allocated LPI pending table @0x0000083fc1200000
[    0.045884] CPU40: Booted secondary processor 0x0000120100 [0x413fd0c1]
[    0.046189] Detected PIPT I-cache on CPU41
[    0.046203] GICv3: CPU41: found redistributor 1a0100 region 0:0x00001001007e0000
[    0.046215] GICv3: CPU41: using allocated LPI pending table @0x0000083fc1210000
[    0.046310] CPU41: Booted secondary processor 0x00001a0100 [0x413fd0c1]
[    0.047403] Detected PIPT I-cache on CPU42
[    0.047415] GICv3: CPU42: found redistributor 140100 region 0:0x0000100100660000
[    0.047428] GICv3: CPU42: using allocated LPI pending table @0x0000083fc1220000
[    0.047522] CPU42: Booted secondary processor 0x0000140100 [0x413fd0c1]
[    0.048404] Detected PIPT I-cache on CPU43
[    0.048418] GICv3: CPU43: found redistributor 1c0100 region 0:0x0000100100860000
[    0.048431] GICv3: CPU43: using allocated LPI pending table @0x0000083fc1230000
[    0.048524] CPU43: Booted secondary processor 0x00001c0100 [0x413fd0c1]
[    0.048785] Detected PIPT I-cache on CPU44
[    0.048797] GICv3: CPU44: found redistributor 100100 region 0:0x0000100100560000
[    0.048810] GICv3: CPU44: using allocated LPI pending table @0x0000083fc1240000
[    0.048905] CPU44: Booted secondary processor 0x0000100100 [0x413fd0c1]
[    0.050007] Detected PIPT I-cache on CPU45
[    0.050020] GICv3: CPU45: found redistributor 180100 region 0:0x0000100100760000
[    0.050033] GICv3: CPU45: using allocated LPI pending table @0x0000083fc1250000
[    0.050127] CPU45: Booted secondary processor 0x0000180100 [0x413fd0c1]
[    0.051007] Detected PIPT I-cache on CPU46
[    0.051021] GICv3: CPU46: found redistributor 160100 region 0:0x00001001006e0000
[    0.051034] GICv3: CPU46: using allocated LPI pending table @0x0000083fc1260000
[    0.051130] CPU46: Booted secondary processor 0x0000160100 [0x413fd0c1]
[    0.051386] Detected PIPT I-cache on CPU47
[    0.051401] GICv3: CPU47: found redistributor 1e0100 region 0:0x00001001008e0000
[    0.051414] GICv3: CPU47: using allocated LPI pending table @0x0000083fc1270000
[    0.051509] CPU47: Booted secondary processor 0x00001e0100 [0x413fd0c1]
[    0.052608] Detected PIPT I-cache on CPU48
[    0.052619] GICv3: CPU48: found redistributor a0100 region 0:0x00001001003e0000
[    0.052632] GICv3: CPU48: using allocated LPI pending table @0x0000083fc1280000
[    0.052729] CPU48: Booted secondary processor 0x00000a0100 [0x413fd0c1]
[    0.053605] Detected PIPT I-cache on CPU49
[    0.053619] GICv3: CPU49: found redistributor 220100 region 0:0x00001001009e0000
[    0.053632] GICv3: CPU49: using allocated LPI pending table @0x0000083fc1290000
[    0.053726] CPU49: Booted secondary processor 0x0000220100 [0x413fd0c1]
[    0.053987] Detected PIPT I-cache on CPU50
[    0.053998] GICv3: CPU50: found redistributor c0100 region 0:0x0000100100460000
[    0.054012] GICv3: CPU50: using allocated LPI pending table @0x0000083fc12a0000
[    0.054109] CPU50: Booted secondary processor 0x00000c0100 [0x413fd0c1]
[    0.054999] Detected PIPT I-cache on CPU51
[    0.055014] GICv3: CPU51: found redistributor 240100 region 0:0x0000100100a60000
[    0.055028] GICv3: CPU51: using allocated LPI pending table @0x0000083fc12b0000
[    0.055125] CPU51: Booted secondary processor 0x0000240100 [0x413fd0c1]
[    0.056005] Detected PIPT I-cache on CPU52
[    0.056015] GICv3: CPU52: found redistributor 80100 region 0:0x0000100100360000
[    0.056029] GICv3: CPU52: using allocated LPI pending table @0x0000083fc12c0000
[    0.056125] CPU52: Booted secondary processor 0x0000080100 [0x413fd0c1]
[    0.056391] Detected PIPT I-cache on CPU53
[    0.056406] GICv3: CPU53: found redistributor 200100 region 0:0x0000100100960000
[    0.056420] GICv3: CPU53: using allocated LPI pending table @0x0000083fc12d0000
[    0.056513] CPU53: Booted secondary processor 0x0000200100 [0x413fd0c1]
[    0.057393] Detected PIPT I-cache on CPU54
[    0.057405] GICv3: CPU54: found redistributor e0100 region 0:0x00001001004e0000
[    0.057419] GICv3: CPU54: using allocated LPI pending table @0x0000083fc12e0000
[    0.057516] CPU54: Booted secondary processor 0x00000e0100 [0x413fd0c1]
[    0.058405] Detected PIPT I-cache on CPU55
[    0.058422] GICv3: CPU55: found redistributor 260100 region 0:0x0000100100ae0000
[    0.058436] GICv3: CPU55: using allocated LPI pending table @0x0000083fc12f0000
[    0.058532] CPU55: Booted secondary processor 0x0000260100 [0x413fd0c1]
[    0.058786] Detected PIPT I-cache on CPU56
[    0.058794] GICv3: CPU56: found redistributor 20100 region 0:0x00001001001e0000
[    0.058809] GICv3: CPU56: using allocated LPI pending table @0x0000083fc1300000
[    0.058907] CPU56: Booted secondary processor 0x0000020100 [0x413fd0c1]
[    0.060011] Detected PIPT I-cache on CPU57
[    0.060021] GICv3: CPU57: found redistributor 40100 region 0:0x0000100100260000
[    0.060035] GICv3: CPU57: using allocated LPI pending table @0x0000083fc1310000
[    0.060135] CPU57: Booted secondary processor 0x0000040100 [0x413fd0c1]
[    0.061006] Detected PIPT I-cache on CPU58
[    0.061014] GICv3: CPU58: found redistributor 100 region 0:0x0000100100160000
[    0.061029] GICv3: CPU58: using allocated LPI pending table @0x0000083fc1320000
[    0.061128] CPU58: Booted secondary processor 0x0000000100 [0x413fd0c1]
[    0.061390] Detected PIPT I-cache on CPU59
[    0.061400] GICv3: CPU59: found redistributor 60100 region 0:0x00001001002e0000
[    0.061414] GICv3: CPU59: using allocated LPI pending table @0x0000083fc1330000
[    0.061515] CPU59: Booted secondary processor 0x0000060100 [0x413fd0c1]
[    0.062610] Detected PIPT I-cache on CPU60
[    0.062623] GICv3: CPU60: found redistributor 130100 region 0:0x0000100100620000
[    0.062637] GICv3: CPU60: using allocated LPI pending table @0x0000083fc1340000
[    0.062734] CPU60: Booted secondary processor 0x0000130100 [0x413fd0c1]
[    0.063605] Detected PIPT I-cache on CPU61
[    0.063619] GICv3: CPU61: found redistributor 1b0100 region 0:0x0000100100820000
[    0.063633] GICv3: CPU61: using allocated LPI pending table @0x0000083fc1350000
[    0.063728] CPU61: Booted secondary processor 0x00001b0100 [0x413fd0c1]
[    0.063985] Detected PIPT I-cache on CPU62
[    0.063998] GICv3: CPU62: found redistributor 150100 region 0:0x00001001006a0000
[    0.064013] GICv3: CPU62: using allocated LPI pending table @0x0000083fc1360000
[    0.064110] CPU62: Booted secondary processor 0x0000150100 [0x413fd0c1]
[    0.065203] Detected PIPT I-cache on CPU63
[    0.065217] GICv3: CPU63: found redistributor 1d0100 region 0:0x00001001008a0000
[    0.065232] GICv3: CPU63: using allocated LPI pending table @0x0000083fc1370000
[    0.065329] CPU63: Booted secondary processor 0x00001d0100 [0x413fd0c1]
[    0.066207] Detected PIPT I-cache on CPU64
[    0.066220] GICv3: CPU64: found redistributor 110100 region 0:0x00001001005a0000
[    0.066235] GICv3: CPU64: using allocated LPI pending table @0x0000083fc1380000
[    0.066331] CPU64: Booted secondary processor 0x0000110100 [0x413fd0c1]
[    0.066592] Detected PIPT I-cache on CPU65
[    0.066606] GICv3: CPU65: found redistributor 190100 region 0:0x00001001007a0000
[    0.066621] GICv3: CPU65: using allocated LPI pending table @0x0000083fc1390000
[    0.066718] CPU65: Booted secondary processor 0x0000190100 [0x413fd0c1]
[    0.067805] Detected PIPT I-cache on CPU66
[    0.067819] GICv3: CPU66: found redistributor 170100 region 0:0x0000100100720000
[    0.067834] GICv3: CPU66: using allocated LPI pending table @0x0000083fc13a0000
[    0.067932] CPU66: Booted secondary processor 0x0000170100 [0x413fd0c1]
[    0.068804] Detected PIPT I-cache on CPU67
[    0.068820] GICv3: CPU67: found redistributor 1f0100 region 0:0x0000100100920000
[    0.068835] GICv3: CPU67: using allocated LPI pending table @0x0000083fc13b0000
[    0.068933] CPU67: Booted secondary processor 0x00001f0100 [0x413fd0c1]
[    0.069192] Detected PIPT I-cache on CPU68
[    0.069203] GICv3: CPU68: found redistributor b0100 region 0:0x0000100100420000
[    0.069218] GICv3: CPU68: using allocated LPI pending table @0x0000083fc13c0000
[    0.069317] CPU68: Booted secondary processor 0x00000b0100 [0x413fd0c1]
[    0.069603] Detected PIPT I-cache on CPU69
[    0.069618] GICv3: CPU69: found redistributor 230100 region 0:0x0000100100a20000
[    0.069633] GICv3: CPU69: using allocated LPI pending table @0x0000083fc13d0000
[    0.069728] CPU69: Booted secondary processor 0x0000230100 [0x413fd0c1]
[    0.070784] Detected PIPT I-cache on CPU70
[    0.070796] GICv3: CPU70: found redistributor d0100 region 0:0x00001001004a0000
[    0.070812] GICv3: CPU70: using allocated LPI pending table @0x0000083fc13e0000
[    0.070911] CPU70: Booted secondary processor 0x00000d0100 [0x413fd0c1]
[    0.071813] Detected PIPT I-cache on CPU71
[    0.071828] GICv3: CPU71: found redistributor 250100 region 0:0x0000100100aa0000
[    0.071844] GICv3: CPU71: using allocated LPI pending table @0x0000083fc13f0000
[    0.071937] CPU71: Booted secondary processor 0x0000250100 [0x413fd0c1]
[    0.072192] Detected PIPT I-cache on CPU72
[    0.072202] GICv3: CPU72: found redistributor 90100 region 0:0x00001001003a0000
[    0.072218] GICv3: CPU72: using allocated LPI pending table @0x0000083fc1400000
[    0.072316] CPU72: Booted secondary processor 0x0000090100 [0x413fd0c1]
[    0.073404] Detected PIPT I-cache on CPU73
[    0.073419] GICv3: CPU73: found redistributor 210100 region 0:0x00001001009a0000
[    0.073435] GICv3: CPU73: using allocated LPI pending table @0x0000083fc1410000
[    0.073533] CPU73: Booted secondary processor 0x0000210100 [0x413fd0c1]
[    0.074407] Detected PIPT I-cache on CPU74
[    0.074420] GICv3: CPU74: found redistributor f0100 region 0:0x0000100100520000
[    0.074436] GICv3: CPU74: using allocated LPI pending table @0x0000083fc1420000
[    0.074534] CPU74: Booted secondary processor 0x00000f0100 [0x413fd0c1]
[    0.074794] Detected PIPT I-cache on CPU75
[    0.074811] GICv3: CPU75: found redistributor 270100 region 0:0x0000100100b20000
[    0.074827] GICv3: CPU75: using allocated LPI pending table @0x0000083fc1430000
[    0.074923] CPU75: Booted secondary processor 0x0000270100 [0x413fd0c1]
[    0.076010] Detected PIPT I-cache on CPU76
[    0.076019] GICv3: CPU76: found redistributor 30100 region 0:0x0000100100220000
[    0.076036] GICv3: CPU76: using allocated LPI pending table @0x0000083fc1440000
[    0.076136] CPU76: Booted secondary processor 0x0000030100 [0x413fd0c1]
[    0.077009] Detected PIPT I-cache on CPU77
[    0.077019] GICv3: CPU77: found redistributor 50100 region 0:0x00001001002a0000
[    0.077036] GICv3: CPU77: using allocated LPI pending table @0x0000083fc1450000
[    0.077136] CPU77: Booted secondary processor 0x0000050100 [0x413fd0c1]
[    0.077392] Detected PIPT I-cache on CPU78
[    0.077401] GICv3: CPU78: found redistributor 10100 region 0:0x00001001001a0000
[    0.077417] GICv3: CPU78: using allocated LPI pending table @0x0000083fc1460000
[    0.077518] CPU78: Booted secondary processor 0x0000010100 [0x413fd0c1]
[    0.078569] Detected PIPT I-cache on CPU79
[    0.078580] GICv3: CPU79: found redistributor 70100 region 0:0x0000100100320000
[    0.078597] GICv3: CPU79: using allocated LPI pending table @0x0000083fc1470000
[    0.078697] CPU79: Booted secondary processor 0x0000070100 [0x413fd0c1]
[    0.079747] Detected PIPT I-cache on CPU80
[    0.079874] GICv3: CPU80: found redistributor 100120000 region 1:0x00005001005c0000
[    0.079993] GICv3: CPU80: using allocated LPI pending table @0x0000083fc1480000
[    0.080145] CPU80: Booted secondary processor 0x0100120000 [0x413fd0c1]
[    0.081867] Detected PIPT I-cache on CPU81
[    0.082002] GICv3: CPU81: found redistributor 1001a0000 region 1:0x00005001007c0000
[    0.082124] GICv3: CPU81: using allocated LPI pending table @0x0000083fc1490000
[    0.082302] CPU81: Booted secondary processor 0x01001a0000 [0x413fd0c1]
[    0.083784] Detected PIPT I-cache on CPU82
[    0.083914] GICv3: CPU82: found redistributor 100140000 region 1:0x0000500100640000
[    0.084039] GICv3: CPU82: using allocated LPI pending table @0x0000083fc14a0000
[    0.084212] CPU82: Booted secondary processor 0x0100140000 [0x413fd0c1]
[    0.085744] Detected PIPT I-cache on CPU83
[    0.085880] GICv3: CPU83: found redistributor 1001c0000 region 1:0x0000500100840000
[    0.086005] GICv3: CPU83: using allocated LPI pending table @0x0000083fc14b0000
[    0.086187] CPU83: Booted secondary processor 0x01001c0000 [0x413fd0c1]
[    0.087666] Detected PIPT I-cache on CPU84
[    0.087794] GICv3: CPU84: found redistributor 100100000 region 1:0x0000500100540000
[    0.087923] GICv3: CPU84: using allocated LPI pending table @0x0000083fc14c0000
[    0.088091] CPU84: Booted secondary processor 0x0100100000 [0x413fd0c1]
[    0.089563] Detected PIPT I-cache on CPU85
[    0.089693] GICv3: CPU85: found redistributor 100180000 region 1:0x0000500100740000
[    0.089822] GICv3: CPU85: using allocated LPI pending table @0x0000083fc14d0000
[    0.090003] CPU85: Booted secondary processor 0x0100180000 [0x413fd0c1]
[    0.091547] Detected PIPT I-cache on CPU86
[    0.091675] GICv3: CPU86: found redistributor 100160000 region 1:0x00005001006c0000
[    0.091805] GICv3: CPU86: using allocated LPI pending table @0x0000083fc14e0000
[    0.091982] CPU86: Booted secondary processor 0x0100160000 [0x413fd0c1]
[    0.093476] Detected PIPT I-cache on CPU87
[    0.093611] GICv3: CPU87: found redistributor 1001e0000 region 1:0x00005001008c0000
[    0.093742] GICv3: CPU87: using allocated LPI pending table @0x0000083fc14f0000
[    0.093927] CPU87: Booted secondary processor 0x01001e0000 [0x413fd0c1]
[    0.095389] Detected PIPT I-cache on CPU88
[    0.095510] GICv3: CPU88: found redistributor 1000a0000 region 1:0x00005001003c0000
[    0.095640] GICv3: CPU88: using allocated LPI pending table @0x0000083fc1500000
[    0.095808] CPU88: Booted secondary processor 0x01000a0000 [0x413fd0c1]
[    0.097276] Detected PIPT I-cache on CPU89
[    0.097412] GICv3: CPU89: found redistributor 100220000 region 1:0x00005001009c0000
[    0.097547] GICv3: CPU89: using allocated LPI pending table @0x0000083fc1510000
[    0.097732] CPU89: Booted secondary processor 0x0100220000 [0x413fd0c1]
[    0.099272] Detected PIPT I-cache on CPU90
[    0.099395] GICv3: CPU90: found redistributor 1000c0000 region 1:0x0000500100440000
[    0.099531] GICv3: CPU90: using allocated LPI pending table @0x0000083fc1520000
[    0.099712] CPU90: Booted secondary processor 0x01000c0000 [0x413fd0c1]
[    0.101186] Detected PIPT I-cache on CPU91
[    0.101318] GICv3: CPU91: found redistributor 100240000 region 1:0x0000500100a40000
[    0.101457] GICv3: CPU91: using allocated LPI pending table @0x0000083fc1530000
[    0.101647] CPU91: Booted secondary processor 0x0100240000 [0x413fd0c1]
[    0.103125] Detected PIPT I-cache on CPU92
[    0.103249] GICv3: CPU92: found redistributor 100080000 region 1:0x0000500100340000
[    0.103385] GICv3: CPU92: using allocated LPI pending table @0x0000083fc1540000
[    0.103557] CPU92: Booted secondary processor 0x0100080000 [0x413fd0c1]
[    0.105074] Detected PIPT I-cache on CPU93
[    0.105206] GICv3: CPU93: found redistributor 100200000 region 1:0x0000500100940000
[    0.105348] GICv3: CPU93: using allocated LPI pending table @0x0000083fc1550000
[    0.105536] CPU93: Booted secondary processor 0x0100200000 [0x413fd0c1]
[    0.107067] Detected PIPT I-cache on CPU94
[    0.107192] GICv3: CPU94: found redistributor 1000e0000 region 1:0x00005001004c0000
[    0.107335] GICv3: CPU94: using allocated LPI pending table @0x0000083fc1560000
[    0.107521] CPU94: Booted secondary processor 0x01000e0000 [0x413fd0c1]
[    0.109065] Detected PIPT I-cache on CPU95
[    0.109202] GICv3: CPU95: found redistributor 100260000 region 1:0x0000500100ac0000
[    0.109347] GICv3: CPU95: using allocated LPI pending table @0x0000083fc1570000
[    0.109536] CPU95: Booted secondary processor 0x0100260000 [0x413fd0c1]
[    0.111140] Detected PIPT I-cache on CPU96
[    0.111256] GICv3: CPU96: found redistributor 100020000 region 1:0x00005001001c0000
[    0.111401] GICv3: CPU96: using allocated LPI pending table @0x0000083fc1580000
[    0.111573] CPU96: Booted secondary processor 0x0100020000 [0x413fd0c1]
[    0.113080] Detected PIPT I-cache on CPU97
[    0.113199] GICv3: CPU97: found redistributor 100040000 region 1:0x0000500100240000
[    0.113342] GICv3: CPU97: using allocated LPI pending table @0x0000083fc1590000
[    0.113532] CPU97: Booted secondary processor 0x0100040000 [0x413fd0c1]
[    0.114986] Detected PIPT I-cache on CPU98
[    0.115105] GICv3: CPU98: found redistributor 100000000 region 1:0x0000500100140000
[    0.115247] GICv3: CPU98: using allocated LPI pending table @0x0000083fc15a0000
[    0.115426] CPU98: Booted secondary processor 0x0100000000 [0x413fd0c1]
[    0.117076] Detected PIPT I-cache on CPU99
[    0.117196] GICv3: CPU99: found redistributor 100060000 region 1:0x00005001002c0000
[    0.117342] GICv3: CPU99: using allocated LPI pending table @0x0000083fc15b0000
[    0.117534] CPU99: Booted secondary processor 0x0100060000 [0x413fd0c1]
[    0.119079] Detected PIPT I-cache on CPU100
[    0.119206] GICv3: CPU100: found redistributor 100130000 region 1:0x0000500100600000
[    0.119357] GICv3: CPU100: using allocated LPI pending table @0x0000083fc15c0000
[    0.119538] CPU100: Booted secondary processor 0x0100130000 [0x413fd0c1]
[    0.121087] Detected PIPT I-cache on CPU101
[    0.121217] GICv3: CPU101: found redistributor 1001b0000 region 1:0x0000500100800000
[    0.121370] GICv3: CPU101: using allocated LPI pending table @0x0000083fc15d0000
[    0.121565] CPU101: Booted secondary processor 0x01001b0000 [0x413fd0c1]
[    0.123080] Detected PIPT I-cache on CPU102
[    0.123208] GICv3: CPU102: found redistributor 100150000 region 1:0x0000500100680000
[    0.123363] GICv3: CPU102: using allocated LPI pending table @0x0000083fc15e0000
[    0.123552] CPU102: Booted secondary processor 0x0100150000 [0x413fd0c1]
[    0.125087] Detected PIPT I-cache on CPU103
[    0.125219] GICv3: CPU103: found redistributor 1001d0000 region 1:0x0000500100880000
[    0.125375] GICv3: CPU103: using allocated LPI pending table @0x0000083fc15f0000
[    0.125573] CPU103: Booted secondary processor 0x01001d0000 [0x413fd0c1]
[    0.127146] Detected PIPT I-cache on CPU104
[    0.127275] GICv3: CPU104: found redistributor 100110000 region 1:0x0000500100580000
[    0.127431] GICv3: CPU104: using allocated LPI pending table @0x0000083fc1600000
[    0.127615] CPU104: Booted secondary processor 0x0100110000 [0x413fd0c1]
[    0.129155] Detected PIPT I-cache on CPU105
[    0.129284] GICv3: CPU105: found redistributor 100190000 region 1:0x0000500100780000
[    0.129500] GICv3: CPU105: using allocated LPI pending table @0x0000083fc1610000
[    0.129697] CPU105: Booted secondary processor 0x0100190000 [0x413fd0c1]
[    0.131331] Detected PIPT I-cache on CPU106
[    0.131459] GICv3: CPU106: found redistributor 100170000 region 1:0x0000500100700000
[    0.131618] GICv3: CPU106: using allocated LPI pending table @0x0000083fc1620000
[    0.131810] CPU106: Booted secondary processor 0x0100170000 [0x413fd0c1]
[    0.133359] Detected PIPT I-cache on CPU107
[    0.133492] GICv3: CPU107: found redistributor 1001f0000 region 1:0x0000500100900000
[    0.133656] GICv3: CPU107: using allocated LPI pending table @0x0000083fc1630000
[    0.133857] CPU107: Booted secondary processor 0x01001f0000 [0x413fd0c1]
[    0.135354] Detected PIPT I-cache on CPU108
[    0.135476] GICv3: CPU108: found redistributor 1000b0000 region 1:0x0000500100400000
[    0.135638] GICv3: CPU108: using allocated LPI pending table @0x0000083fc1640000
[    0.135820] CPU108: Booted secondary processor 0x01000b0000 [0x413fd0c1]
[    0.137358] Detected PIPT I-cache on CPU109
[    0.137495] GICv3: CPU109: found redistributor 100230000 region 1:0x0000500100a00000
[    0.137661] GICv3: CPU109: using allocated LPI pending table @0x0000083fc1650000
[    0.137862] CPU109: Booted secondary processor 0x0100230000 [0x413fd0c1]
[    0.139356] Detected PIPT I-cache on CPU110
[    0.139482] GICv3: CPU110: found redistributor 1000d0000 region 1:0x0000500100480000
[    0.139646] GICv3: CPU110: using allocated LPI pending table @0x0000083fc1660000
[    0.139836] CPU110: Booted secondary processor 0x01000d0000 [0x413fd0c1]
[    0.141355] Detected PIPT I-cache on CPU111
[    0.141494] GICv3: CPU111: found redistributor 100250000 region 1:0x0000500100a80000
[    0.141660] GICv3: CPU111: using allocated LPI pending table @0x0000083fc1670000
[    0.141859] CPU111: Booted secondary processor 0x0100250000 [0x413fd0c1]
[    0.143357] Detected PIPT I-cache on CPU112
[    0.143479] GICv3: CPU112: found redistributor 100090000 region 1:0x0000500100380000
[    0.143644] GICv3: CPU112: using allocated LPI pending table @0x0000083fc1680000
[    0.143829] CPU112: Booted secondary processor 0x0100090000 [0x413fd0c1]
[    0.145350] Detected PIPT I-cache on CPU113
[    0.145484] GICv3: CPU113: found redistributor 100210000 region 1:0x0000500100980000
[    0.145652] GICv3: CPU113: using allocated LPI pending table @0x0000083fc1690000
[    0.145851] CPU113: Booted secondary processor 0x0100210000 [0x413fd0c1]
[    0.147349] Detected PIPT I-cache on CPU114
[    0.147477] GICv3: CPU114: found redistributor 1000f0000 region 1:0x0000500100500000
[    0.147646] GICv3: CPU114: using allocated LPI pending table @0x0000083fc16a0000
[    0.147838] CPU114: Booted secondary processor 0x01000f0000 [0x413fd0c1]
[    0.149360] Detected PIPT I-cache on CPU115
[    0.149496] GICv3: CPU115: found redistributor 100270000 region 1:0x0000500100b00000
[    0.149669] GICv3: CPU115: using allocated LPI pending table @0x0000083fc16b0000
[    0.149881] CPU115: Booted secondary processor 0x0100270000 [0x413fd0c1]
[    0.151389] Detected PIPT I-cache on CPU116
[    0.151510] GICv3: CPU116: found redistributor 100030000 region 1:0x0000500100200000
[    0.151678] GICv3: CPU116: using allocated LPI pending table @0x0000083fc16c0000
[    0.151865] CPU116: Booted secondary processor 0x0100030000 [0x413fd0c1]
[    0.153345] Detected PIPT I-cache on CPU117
[    0.153466] GICv3: CPU117: found redistributor 100050000 region 1:0x0000500100280000
[    0.153635] GICv3: CPU117: using allocated LPI pending table @0x0000083fc16d0000
[    0.153843] CPU117: Booted secondary processor 0x0100050000 [0x413fd0c1]
[    0.155345] Detected PIPT I-cache on CPU118
[    0.155462] GICv3: CPU118: found redistributor 100010000 region 1:0x0000500100180000
[    0.155632] GICv3: CPU118: using allocated LPI pending table @0x0000083fc16e0000
[    0.155829] CPU118: Booted secondary processor 0x0100010000 [0x413fd0c1]
[    0.157353] Detected PIPT I-cache on CPU119
[    0.157472] GICv3: CPU119: found redistributor 100070000 region 1:0x0000500100300000
[    0.157649] GICv3: CPU119: using allocated LPI pending table @0x0000083fc16f0000
[    0.157855] CPU119: Booted secondary processor 0x0100070000 [0x413fd0c1]
[    0.159313] Detected PIPT I-cache on CPU120
[    0.159413] GICv3: CPU120: found redistributor 100120100 region 1:0x00005001005e0000
[    0.159494] GICv3: CPU120: using allocated LPI pending table @0x0000083fc1700000
[    0.159655] CPU120: Booted secondary processor 0x0100120100 [0x413fd0c1]
[    0.161117] Detected PIPT I-cache on CPU121
[    0.161215] GICv3: CPU121: found redistributor 1001a0100 region 1:0x00005001007e0000
[    0.161298] GICv3: CPU121: using allocated LPI pending table @0x0000083fc1710000
[    0.161472] CPU121: Booted secondary processor 0x01001a0100 [0x413fd0c1]
[    0.162910] Detected PIPT I-cache on CPU122
[    0.163009] GICv3: CPU122: found redistributor 100140100 region 1:0x0000500100660000
[    0.163092] GICv3: CPU122: using allocated LPI pending table @0x0000083fc1720000
[    0.163254] CPU122: Booted secondary processor 0x0100140100 [0x413fd0c1]
[    0.164651] Detected PIPT I-cache on CPU123
[    0.164749] GICv3: CPU123: found redistributor 1001c0100 region 1:0x0000500100860000
[    0.164830] GICv3: CPU123: using allocated LPI pending table @0x0000083fc1730000
[    0.165009] CPU123: Booted secondary processor 0x01001c0100 [0x413fd0c1]
[    0.166499] Detected PIPT I-cache on CPU124
[    0.166599] GICv3: CPU124: found redistributor 100100100 region 1:0x0000500100560000
[    0.166680] GICv3: CPU124: using allocated LPI pending table @0x0000083fc1740000
[    0.166844] CPU124: Booted secondary processor 0x0100100100 [0x413fd0c1]
[    0.168323] Detected PIPT I-cache on CPU125
[    0.168423] GICv3: CPU125: found redistributor 100180100 region 1:0x0000500100760000
[    0.168507] GICv3: CPU125: using allocated LPI pending table @0x0000083fc1750000
[    0.168683] CPU125: Booted secondary processor 0x0100180100 [0x413fd0c1]
[    0.170120] Detected PIPT I-cache on CPU126
[    0.170225] GICv3: CPU126: found redistributor 100160100 region 1:0x00005001006e0000
[    0.170309] GICv3: CPU126: using allocated LPI pending table @0x0000083fc1760000
[    0.170473] CPU126: Booted secondary processor 0x0100160100 [0x413fd0c1]
[    0.171922] Detected PIPT I-cache on CPU127
[    0.172025] GICv3: CPU127: found redistributor 1001e0100 region 1:0x00005001008e0000
[    0.172107] GICv3: CPU127: using allocated LPI pending table @0x0000083fc1770000
[    0.172289] CPU127: Booted secondary processor 0x01001e0100 [0x413fd0c1]
[    0.173707] Detected PIPT I-cache on CPU128
[    0.173804] GICv3: CPU128: found redistributor 1000a0100 region 1:0x00005001003e0000
[    0.173887] GICv3: CPU128: using allocated LPI pending table @0x0000083fc1780000
[    0.174052] CPU128: Booted secondary processor 0x01000a0100 [0x413fd0c1]
[    0.175520] Detected PIPT I-cache on CPU129
[    0.175621] GICv3: CPU129: found redistributor 100220100 region 1:0x00005001009e0000
[    0.175706] GICv3: CPU129: using allocated LPI pending table @0x0000083fc1790000
[    0.175891] CPU129: Booted secondary processor 0x0100220100 [0x413fd0c1]
[    0.177312] Detected PIPT I-cache on CPU130
[    0.177410] GICv3: CPU130: found redistributor 1000c0100 region 1:0x0000500100460000
[    0.177494] GICv3: CPU130: using allocated LPI pending table @0x0000083fc17a0000
[    0.177666] CPU130: Booted secondary processor 0x01000c0100 [0x413fd0c1]
[    0.179119] Detected PIPT I-cache on CPU131
[    0.179224] GICv3: CPU131: found redistributor 100240100 region 1:0x0000500100a60000
[    0.179308] GICv3: CPU131: using allocated LPI pending table @0x0000083fc17b0000
[    0.179490] CPU131: Booted secondary processor 0x0100240100 [0x413fd0c1]
[    0.180847] Detected PIPT I-cache on CPU132
[    0.180942] GICv3: CPU132: found redistributor 100080100 region 1:0x0000500100360000
[    0.181026] GICv3: CPU132: using allocated LPI pending table @0x0000083fc17c0000
[    0.181193] CPU132: Booted secondary processor 0x0100080100 [0x413fd0c1]
[    0.182547] Detected PIPT I-cache on CPU133
[    0.182649] GICv3: CPU133: found redistributor 100200100 region 1:0x0000500100960000
[    0.182733] GICv3: CPU133: using allocated LPI pending table @0x0000083fc17d0000
[    0.182917] CPU133: Booted secondary processor 0x0100200100 [0x413fd0c1]
[    0.184315] Detected PIPT I-cache on CPU134
[    0.184414] GICv3: CPU134: found redistributor 1000e0100 region 1:0x00005001004e0000
[    0.184499] GICv3: CPU134: using allocated LPI pending table @0x0000083fc17e0000
[    0.184673] CPU134: Booted secondary processor 0x01000e0100 [0x413fd0c1]
[    0.186119] Detected PIPT I-cache on CPU135
[    0.186222] GICv3: CPU135: found redistributor 100260100 region 1:0x0000500100ae0000
[    0.186308] GICv3: CPU135: using allocated LPI pending table @0x0000083fc17f0000
[    0.186497] CPU135: Booted secondary processor 0x0100260100 [0x413fd0c1]
[    0.187856] Detected PIPT I-cache on CPU136
[    0.187949] GICv3: CPU136: found redistributor 100020100 region 1:0x00005001001e0000
[    0.188034] GICv3: CPU136: using allocated LPI pending table @0x0000083fc1800000
[    0.188207] CPU136: Booted secondary processor 0x0100020100 [0x413fd0c1]
[    0.189694] Detected PIPT I-cache on CPU137
[    0.189790] GICv3: CPU137: found redistributor 100040100 region 1:0x0000500100260000
[    0.189872] GICv3: CPU137: using allocated LPI pending table @0x0000083fc1810000
[    0.190054] CPU137: Booted secondary processor 0x0100040100 [0x413fd0c1]
[    0.191512] Detected PIPT I-cache on CPU138
[    0.191606] GICv3: CPU138: found redistributor 100000100 region 1:0x0000500100160000
[    0.191692] GICv3: CPU138: using allocated LPI pending table @0x0000083fc1820000
[    0.191867] CPU138: Booted secondary processor 0x0100000100 [0x413fd0c1]
[    0.193314] Detected PIPT I-cache on CPU139
[    0.193411] GICv3: CPU139: found redistributor 100060100 region 1:0x00005001002e0000
[    0.193498] GICv3: CPU139: using allocated LPI pending table @0x0000083fc1830000
[    0.193682] CPU139: Booted secondary processor 0x0100060100 [0x413fd0c1]
[    0.195109] Detected PIPT I-cache on CPU140
[    0.195207] GICv3: CPU140: found redistributor 100130100 region 1:0x0000500100620000
[    0.195292] GICv3: CPU140: using allocated LPI pending table @0x0000083fc1840000
[    0.195466] CPU140: Booted secondary processor 0x0100130100 [0x413fd0c1]
[    0.197115] Detected PIPT I-cache on CPU141
[    0.197218] GICv3: CPU141: found redistributor 1001b0100 region 1:0x0000500100820000
[    0.197306] GICv3: CPU141: using allocated LPI pending table @0x0000083fc1850000
[    0.197491] CPU141: Booted secondary processor 0x01001b0100 [0x413fd0c1]
[    0.198910] Detected PIPT I-cache on CPU142
[    0.199011] GICv3: CPU142: found redistributor 100150100 region 1:0x00005001006a0000
[    0.199099] GICv3: CPU142: using allocated LPI pending table @0x0000083fc1860000
[    0.199283] CPU142: Booted secondary processor 0x0100150100 [0x413fd0c1]
[    0.200731] Detected PIPT I-cache on CPU143
[    0.200832] GICv3: CPU143: found redistributor 1001d0100 region 1:0x00005001008a0000
[    0.200919] GICv3: CPU143: using allocated LPI pending table @0x0000083fc1870000
[    0.201108] CPU143: Booted secondary processor 0x01001d0100 [0x413fd0c1]
[    0.202517] Detected PIPT I-cache on CPU144
[    0.202615] GICv3: CPU144: found redistributor 100110100 region 1:0x00005001005a0000
[    0.202705] GICv3: CPU144: using allocated LPI pending table @0x0000083fc1880000
[    0.202879] CPU144: Booted secondary processor 0x0100110100 [0x413fd0c1]
[    0.204315] Detected PIPT I-cache on CPU145
[    0.204414] GICv3: CPU145: found redistributor 100190100 region 1:0x00005001007a0000
[    0.204506] GICv3: CPU145: using allocated LPI pending table @0x0000083fc1890000
[    0.204702] CPU145: Booted secondary processor 0x0100190100 [0x413fd0c1]
[    0.206117] Detected PIPT I-cache on CPU146
[    0.206219] GICv3: CPU146: found redistributor 100170100 region 1:0x0000500100720000
[    0.206307] GICv3: CPU146: using allocated LPI pending table @0x0000083fc18a0000
[    0.206495] CPU146: Booted secondary processor 0x0100170100 [0x413fd0c1]
[    0.207885] Detected PIPT I-cache on CPU147
[    0.207989] GICv3: CPU147: found redistributor 1001f0100 region 1:0x0000500100920000
[    0.208078] GICv3: CPU147: using allocated LPI pending table @0x0000083fc18b0000
[    0.208273] CPU147: Booted secondary processor 0x01001f0100 [0x413fd0c1]
[    0.209716] Detected PIPT I-cache on CPU148
[    0.209814] GICv3: CPU148: found redistributor 1000b0100 region 1:0x0000500100420000
[    0.209902] GICv3: CPU148: using allocated LPI pending table @0x0000083fc18c0000
[    0.210083] CPU148: Booted secondary processor 0x01000b0100 [0x413fd0c1]
[    0.211529] Detected PIPT I-cache on CPU149
[    0.211631] GICv3: CPU149: found redistributor 100230100 region 1:0x0000500100a20000
[    0.211725] GICv3: CPU149: using allocated LPI pending table @0x0000083fc18d0000
[    0.211919] CPU149: Booted secondary processor 0x0100230100 [0x413fd0c1]
[    0.213314] Detected PIPT I-cache on CPU150
[    0.213412] GICv3: CPU150: found redistributor 1000d0100 region 1:0x00005001004a0000
[    0.213501] GICv3: CPU150: using allocated LPI pending table @0x0000083fc18e0000
[    0.213687] CPU150: Booted secondary processor 0x01000d0100 [0x413fd0c1]
[    0.215123] Detected PIPT I-cache on CPU151
[    0.215225] GICv3: CPU151: found redistributor 100250100 region 1:0x0000500100aa0000
[    0.215316] GICv3: CPU151: using allocated LPI pending table @0x0000083fc18f0000
[    0.215516] CPU151: Booted secondary processor 0x0100250100 [0x413fd0c1]
[    0.217110] Detected PIPT I-cache on CPU152
[    0.217207] GICv3: CPU152: found redistributor 100090100 region 1:0x00005001003a0000
[    0.217295] GICv3: CPU152: using allocated LPI pending table @0x0000083fc1900000
[    0.217469] CPU152: Booted secondary processor 0x0100090100 [0x413fd0c1]
[    0.218926] Detected PIPT I-cache on CPU153
[    0.219031] GICv3: CPU153: found redistributor 100210100 region 1:0x00005001009a0000
[    0.219121] GICv3: CPU153: using allocated LPI pending table @0x0000083fc1910000
[    0.219308] CPU153: Booted secondary processor 0x0100210100 [0x413fd0c1]
[    0.220719] Detected PIPT I-cache on CPU154
[    0.220818] GICv3: CPU154: found redistributor 1000f0100 region 1:0x0000500100520000
[    0.220905] GICv3: CPU154: using allocated LPI pending table @0x0000083fc1920000
[    0.221095] CPU154: Booted secondary processor 0x01000f0100 [0x413fd0c1]
[    0.222517] Detected PIPT I-cache on CPU155
[    0.222623] GICv3: CPU155: found redistributor 100270100 region 1:0x0000500100b20000
[    0.222714] GICv3: CPU155: using allocated LPI pending table @0x0000083fc1930000
[    0.222915] CPU155: Booted secondary processor 0x0100270100 [0x413fd0c1]
[    0.224316] Detected PIPT I-cache on CPU156
[    0.224413] GICv3: CPU156: found redistributor 100030100 region 1:0x0000500100220000
[    0.224504] GICv3: CPU156: using allocated LPI pending table @0x0000083fc1940000
[    0.224685] CPU156: Booted secondary processor 0x0100030100 [0x413fd0c1]
[    0.226114] Detected PIPT I-cache on CPU157
[    0.226211] GICv3: CPU157: found redistributor 100050100 region 1:0x00005001002a0000
[    0.226304] GICv3: CPU157: using allocated LPI pending table @0x0000083fc1950000
[    0.226502] CPU157: Booted secondary processor 0x0100050100 [0x413fd0c1]
[    0.227909] Detected PIPT I-cache on CPU158
[    0.228004] GICv3: CPU158: found redistributor 100010100 region 1:0x00005001001a0000
[    0.228093] GICv3: CPU158: using allocated LPI pending table @0x0000083fc1960000
[    0.228289] CPU158: Booted secondary processor 0x0100010100 [0x413fd0c1]
[    0.229715] Detected PIPT I-cache on CPU159
[    0.229814] GICv3: CPU159: found redistributor 100070100 region 1:0x0000500100320000
[    0.229904] GICv3: CPU159: using allocated LPI pending table @0x0000083fc1970000
[    0.230099] CPU159: Booted secondary processor 0x0100070100 [0x413fd0c1]
[    0.230479] smp: Brought up 2 nodes, 160 CPUs
[    0.230641] SMP: Total of 160 processors activated.
