[769 : 873 INFO]BOOTFW VERSION: 1.05.20210426

[36468.290000] I2C0: Resetting the controller
PDK LPC Reset is invoked
[36752.530000] Configuring the Host SPI Clock to HCLK/16 
[36752.610000] Creating 1 MTD partitions on "MX25L25635F":
[36752.610000] 0x000000000000-0x000002000000 : "Host SPI Flash"
[36752.630000] Configuring the Host SPI Clock to HCLK/16 
[36753.450000] Configuring the Host SPI Clock to HCLK/16 
[36753.510000] Creating 1 MTD partitions on "MX25L25635F":
[36753.520000] 0x000000000000-0x000002000000 : "Host SPI Flash"
[36753.540000] Configuring the Host SPI Clock to HCLK/16 
[36754.620000] Configuring the Host SPI Clock to HCLK/16 
[36754.700000] Creating 1 MTD partitions on "MX25L25635F":
[36754.710000] 0x000000000000-0x000002000000 : "Host SPI Flash"
[36754.740000] Configuring the Host SPI Clock to HCLK/16 
[36756.240000] Configuring the Host SPI Clock to HCLK/16 
[36756.360000] Creating 1 MTD partitions on "MX25L25635F":
[36756.370000] 0x000000000000-0x000002000000 : "Host SPI Flash"
[36756.390000] Configuring the Host SPI Clock to HCLK/16 
[36757.630000] Configuring the Host SPI Clock to HCLK/16 
[36757.700000] Creating 1 MTD partitions on "MX25L25635F":
[36757.710000] 0x000000000000-0x000002000000 : "Host SPI Flash"
[36757.730000] Configuring the Host SPI Clock to HCLK/16 
[36758.920000] Configuring the Host SPI Clock to HCLK/16 
[36759.010000] Creating 1 MTD partitions on "MX25L25635F":
[36759.010000] 0x000000000000-0x000002000000 : "Host SPI Flash"
[36759.040000] Configuring the Host SPI Clock to HCLK/16 
[36760.530000] Configuring the Host SPI Clock to HCLK/16 
[36760.660000] Creating 1 MTD partitions on "MX25L25635F":
[36760.660000] 0x000000000000-0x000002000000 : "Host SPI Flash"
[36760.710000] Configuring the Host SPI Clock to HCLK/16 
[36761.840000] Configuring the Host SPI Clock to HCLK/16 
[36761.870000] Creating 1 MTD partitions on "MX25L25635F":
[36761.880000] 0x000000000000-0x000002000000 : "Host SPI Flash"
[36761.900000] Configuring the Host SPI Clock to HCLK/16 
[36762.840000] Configuring the Host SPI Clock to HCLK/16 
[36762.870000] Creating 1 MTD partitions on "MX25L25635F":
[36762.880000] 0x000000000000-0x000002000000 : "Host SPI Flash"
[36762.900000] Configuring the Host SPI Clock to HCLK/16 
[36763.760000] Configuring the Host SPI Clock to HCLK/16 
[36763.810000] Creating 1 MTD partitions on "MX25L25635F":
[36763.810000] 0x000000000000-0x000002000000 : "Host SPI Flash"
[36763.830000] Configuring the Host SPI Clock to HCLK/16 
[36764.670000] Configuring the Host SPI Clock to HCLK/16 
[36764.760000] Creating 1 MTD partitions on "MX25L25635F":
[36764.770000] 0x000000000000-0x000002000000 : "Host SPI Flash"
[36764.820000] Configuring the Host SPI Clock to HCLK/16 
[36766.340000] Configuring the Host SPI Clock to HCLK/16 
[36766.410000] Creating 1 MTD partitions on "MX25L25635F":
[36766.420000] 0x000000000000-0x000002000000 : "Host SPI Flash"
[36766.480000] Configuring the Host SPI Clock to HCLK/16 
[36767.620000] Configuring the Host SPI Clock to HCLK/16 
[36767.700000] Creating 1 MTD partitions on "MX25L25635F":
[36767.700000] 0x000000000000-0x000002000000 : "Host SPI Flash"
[36767.730000] Configuring the Host SPI Clock to HCLK/16 
[36768.780000] Configuring the Host SPI Clock to HCLK/16 
[36768.840000] Creating 1 MTD partitions on "MX25L25635F":
[36768.850000] 0x000000000000-0x000002000000 : "Host SPI Flash"
[36768.880000] Configuring the Host SPI Clock to HCLK/16 
[36770.470000] Configuring the Host SPI Clock to HCLK/16 
[36770.680000] Creating 1 MTD partitions on "MX25L25635F":
[36770.690000] 0x000000000000-0x000002000000 : "Host SPI Flash"
[36770.720000] Configuring the Host SPI Clock to HCLK/16 
[36772.070000] Configuring the Host SPI Clock to HCLK/16 
[36772.140000] Creating 1 MTD partitions on "MX25L25635F":
[36772.140000] 0x000000000000-0x000002000000 : "Host SPI Flash"
[36772.160000] Configuring the Host SPI Clock to HCLK/16 
[36773.080000] Configuring the Host SPI Clock to HCLK/16 
[36773.120000] Creating 1 MTD partitions on "MX25L25635F":
[36773.130000] 0x000000000000-0x000002000000 : "Host SPI Flash"
[36773.140000] Configuring the Host SPI Clock to HCLK/16 
[36774.020000] Configuring the Host SPI Clock to HCLK/16 
[36774.060000] Creating 1 MTD partitions on "MX25L25635F":
[36774.060000] 0x000000000000-0x000002000000 : "Host SPI Flash"
[36774.100000] Configuring the Host SPI Clock to HCLK/16 
[36775.270000] Configuring the Host SPI Clock to HCLK/16 
[36775.360000] Creating 1 MTD partitions on "MX25L25635F":
[36775.360000] 0x000000000000-0x000002000000 : "Host SPI Flash"
[36775.390000] Configuring the Host SPI Clock to HCLK/16 
[769 : 879 INFO]Signal Sent Successfully to UART Logging application

[3052 : 3052 INFO]INFO: Received Signal 14 from IPMI Stack 

[3052 : 3052 INFO]START mirroring/logging...

[3052 : 3052 INFO]INFO: Setting the Attributes for the UART...

[3052 : 16986 INFO]Send Thread: Starting the thread to mirror data from /dev/ttyS3 to /dev/ttyS3

[3052 : 16987 INFO]Recv Thread: Starting the thread to mirror data from /dev/ttyS3 to /dev/ttyS3

