NOTICE:  DRAM FW version 210212
CP: 0ff00900
MEMC param:
  mcu_enable_mask = 00000001 [default: 000000ff]
  bg_scrub = 00015180 [default: 000005a0]
DRAM populated DIMMs:
  SK0 MC0 S0: RDIMM[2c:80] 16GB 2666 ECC 2R x8 RCD[b3:04] 18ASF2G72PDZ-2G6E1  
  SK0 MC0 S1: RDIMM[2c:80] 16GB 2666 ECC 2R x8 RCD[b3:04] 18ASF2G72PDZ-2G6E1  
CP: 3ff00100
CP: 3ff00200
CP: 00f01902
CP: 0ff00a00
CP: 0ff00b01
CP: 00f01901
CP: 00f01904
CP: 00f02901
CP: 00f01905
CP: 00f02902
CP: 00f02903
CP: 00f02904
CP: 00f01907
CP: 00f01906
CP: 00f01908
CP: 00f01909
CP: 0ff00b02
CP: 0ff00c00
CP: 3ff00300
CP: 00001a02
CP: 00001a03
CP: 00001a04
CP: 00101a02
CP: 00101a03
CP: 00101a04
CP: 00201a02
CP: 00201a03
CP: 00201a04
CP: 00301a02
CP: 00301a03
CP: 00301a04
CP: 00001a05
CP: 00101a05
CP: 00201a05
CP: 00301a05
CP: 00f01a07
CP: 00001a09
CP: 00101a09
CP: 00201a09
CP: 00301a09
CP: 00001a0a
CP: 00201a0a
CP: 00001a0b
CP: 00001a0c
CP: 00001a0c
CP: 00101a0b
CP: 00101a0c
CP: 00101a0c
CP: 00201a0b
CP: 00201a0c
CP: 00201a0c
CP: 00301a0b
CP: 00301a0c
CP: 00301a0c
CP: 3ff00400
CP: 0ff01000
CP: 0ff01101
DRAM ECC Initialization: [3] [ =>                   ]DRAM ECC Initialization: [6] [ ==>                  ]DRAM ECC Initialization: [9] [ ==>                  ]DRAM ECC Initialization: [12] [ ===>                 ]DRAM ECC Initialization: [15] [ ====>                ]DRAM ECC Initialization: [18] [ ====>                ]DRAM ECC Initialization: [21] [ =====>               ]DRAM ECC Initialization: [25] [ ======>              ]DRAM ECC Initialization: [28] [ ======>              ]DRAM ECC Initialization: [31] [ =======>             ]DRAM ECC Initialization: [34] [ =======>             ]DRAM ECC Initialization: [37] [ ========>            ]DRAM ECC Initialization: [40] [ =========>           ]DRAM ECC Initialization: [43] [ =========>           ]DRAM ECC Initialization: [46] [ ==========>          ]DRAM ECC Initialization: [50] [ ===========>         ]DRAM ECC Initialization: [53] [ ===========>         ]DRAM ECC Initialization: [56] [ ============>        ]DRAM ECC Initialization: [59] [ ============>        ]DRAM ECC Initialization: [62] [ =============>       ]DRAM ECC Initialization: [65] [ ==============>      ]DRAM ECC Initialization: [68] [ ==============>      ]DRAM ECC Initialization: [71] [ ===============>     ]DRAM ECC Initialization: [75] [ ================>    ]DRAM ECC Initialization: [78] [ ================>    ]DRAM ECC Initialization: [81] [ =================>   ]DRAM ECC Initialization: [84] [ =================>   ]DRAM ECC Initialization: [87] [ ==================>  ]DRAM ECC Initialization: [90] [ ===================> ]DRAM ECC Initialization: [93] [ ===================> ]DRAM ECC Initialization: [96] [ ==================== ]DRAM ECC Initialization: [100] [ ==================== ]
CP: 0ff01200
CP: 3ff00800
DRAM memory regions:
  Node[0] Region[0]: 0x000080000000 - 0x0000bfffffff 
  Node[0] Region[1]: 0x080000000000 - 0x08007fffffff 
  Node[0] Region[2]: 0x0800c0000000 - 0x0807ffffffff 
DRAM: 32GB DDR4 2666 SECDED ECC
Checkpoint 2F
Checkpoint 2E
Checkpoint 31
Checkpoint 32
UEFI RC version: Master
SCP FW version    : 1.4
SCP FW build date : 20210326
Failsafe status                 : 0
Reset status                    : 3
CPU info
    CPU ID                      : 413FD0C1
    CPU Clock                   : 2800 MHz
    Number of active sockets    : 2
    Number of active cores      : 160
    Inter Socket Connection 0   : Width: x16 / Speed 16 GT/s
    Inter Socket Connection 1   : Width: x16 / Speed 16 GT/s
    Socket[0]: Core voltage     : 975
    Socket[0]: SCU ProductID    : A10001
    Socket[0]: Max cores        : 80
    Socket[0]: Warranty         : 0
    Socket[0]: Subnuma          : 0
    Socket[0]: RC disable mask  : 3
    Socket[0]: AVS enabled      : 1
    Socket[0]: AVS voltage      : 1015
    Socket[1]: Core voltage     : 980
    Socket[1]: SCU ProductID    : A10001
    Socket[1]: Max cores        : 80
    Socket[1]: Warranty         : 0
    Socket[1]: Subnuma          : 0
    Socket[1]: RC disable mask  : 3
    Socket[1]: AVS enabled      : 1
    Socket[1]: AVS voltage      : 1020
SOC info
    DDR Frequency               : 2666 MHz
    Socket[0]: Soc voltage      : 750
    Socket[0]: DIMM1 voltage    : 1140
    Socket[0]: DIMM2 voltage    : 1140
    Socket[1]: Soc voltage      : 750
    Socket[1]: DIMM1 voltage    : 1140
    Socket[1]: DIMM2 voltage    : 1140
    PCP Clock                   : 1550 MHz
    SOC Clock                   : 2000 MHz
    SYS Clock                   : 400 MHz
    AHB Clock                   : 200 MHz
Manufacturer Configuration Setting:
    4000: 0xFFFFFFC4 (-60)
    4008: 0x0 (0)
    4100: 0x0 (0)
    4130: 0x6 (6)
    4138: 0x1 (1)
    4140: 0xFFFFFFB0 (-80)
    4148: 0x50 (80)
    4150: 0x4 (4)
    4158: 0xFFFFFFE8 (-24)
    4160: 0x18 (24)
    4168: 0x2 (2)
User Configuration Setting:
    8020: 0x5 (5)
    8028: 0x1 (1)
    8038: 0x0 (0)
    8040: 0x5A0 (1440)
    8048: 0x1 (1)
    8070: 0x3 (3)
    8080: 0x0 (0)
    8088: 0x0 (0)
    80B0: 0x0 (0)
    80B8: 0x1 (1)
    80C8: 0x1 (1)
    80E0: 0x1 (1)
    8118: 0x2 (2)
    8120: 0x12C (300)
    8130: 0x1 (1)
    8148: 0x1 (1)
    81B0: 0x0 (0)
    81B8: 0x0 (0)
    81C0: 0x0 (0)
    81C8: 0x0 (0)
    81D0: 0x0 (0)
Board Configuration Setting:
    C000: 0xCD3A (52538)
    C008: 0x0 (0)
    C010: 0x0 (0)
    C018: 0x0 (0)
    C020: 0x3 (3)
    C028: 0x3 (3)
    C030: 0x80E8 (33000)
    C038: 0x80E8 (33000)
    C040: 0x2710 (10000)
    C048: 0x2710 (10000)
    C050: 0x0 (0)
    C058: 0x190 (400)
    C060: 0x190 (400)
    C068: 0x190 (400)
    C070: 0x190 (400)
    C078: 0x190 (400)
    C080: 0xFFFFFF01 (-255)
    C088: 0x0 (0)
    C090: 0x0 (0)
    C098: 0x4 (4)
    C0A0: 0x4 (4)
    C0A8: 0x20002 (131074)
    C0B0: 0x20002 (131074)
    C0B8: 0x20002 (131074)
    C0C0: 0x20002 (131074)
    C0C8: 0x20002 (131074)
    C0D0: 0x3 (3)
    C0D8: 0x3 (3)
    C0E0: 0x20002 (131074)
    C0E8: 0x0 (0)
    C0F0: 0x0 (0)
    C0F8: 0x2020202 (33686018)
    C100: 0x30003 (196611)
    C108: 0x3 (3)
    C110: 0x20002 (131074)
    C118: 0x20002 (131074)
    C120: 0x3 (3)
    C128: 0x20002 (131074)
    C130: 0x20002 (131074)
    C138: 0x20002 (131074)
    C140: 0x20002 (131074)
    C148: 0x1 (1)
    C150: 0x2 (2)
    C158: 0x3 (3)
    C160: 0x4 (4)
    C168: 0xFFFFFFFF (-1)
    C170: 0xFFFFFFFE (-2)
    C178: 0xFFFFFFFD (-3)
    C180: 0x0 (0)
    C188: 0x0 (0)
    C190: 0x0 (0)
    C198: 0x0 (0)
    C1A0: 0x0 (0)
    C1A8: 0x0 (0)
    C1B0: 0x2 (2)
    C1B8: 0xC80 (3200)
    C1C0: 0x20000 (131072)
    C1C8: 0x20000 (131072)
    C1D0: 0xFF060177 (-16383625)
    C1D8: 0xFF060177 (-16383625)
    C1E0: 0x60070 (393328)
    C1E8: 0x60070 (393328)
    C1F0: 0x0 (0)
    C1F8: 0x0 (0)
    C200: 0x0 (0)
    C208: 0x0 (0)
    C210: 0xC0CCC (789708)
    C218: 0xC0CCC (789708)
    C220: 0x30333 (197427)
    C228: 0x30333 (197427)
    C230: 0x30333 (197427)
    C238: 0x30333 (197427)
    C240: 0x30333 (197427)
    C248: 0x30333 (197427)
    C250: 0xEDEED (974573)
    C258: 0xDEDDE (912862)
    C260: 0xB7BB7 (752567)
    C268: 0x7B77B (505723)
    C270: 0x5 (5)
    C278: 0x90DD90 (9493904)
    C280: 0x5 (5)
    C288: 0x90DD90 (9493904)
    C290: 0x5 (5)
    C298: 0x90DD90 (9493904)
    C2A0: 0x5 (5)
    C2A8: 0x90DD90 (9493904)
    C2B0: 0x24 (36)
    C2B8: 0x1A (26)
    C2C0: 0x50 (80)
    C2C8: 0x20 (32)
    C2D0: 0x2800280 (41943680)
    C2D8: 0x90909090 (-1869574000)
    C2E0: 0x0 (0)
    C2E8: 0xC000C0 (12583104)
    C2F0: 0x0 (0)
    C2F8: 0x0 (0)
    C300: 0x0 (0)
    C308: 0x0 (0)
    C310: 0x2010201 (33620481)
    C318: 0x0 (0)
    C320: 0x0 (0)
    C328: 0x0 (0)
    C330: 0x1050106 (17105158)
    C338: 0x5F4 (1524)
    C340: 0x0 (0)
    C348: 0x0 (0)
    C350: 0x2020202 (33686018)
    C358: 0x2020202 (33686018)
    C360: 0x2020202 (33686018)
    C368: 0x2020003 (33685507)
    C370: 0x0 (0)
    C378: 0x0 (0)
    C380: 0x0 (0)
    C388: 0x0 (0)
    C390: 0x0 (0)
    C398: 0x0 (0)
    C3A0: 0x0 (0)
    C3A8: 0x0 (0)
    C3B0: 0x0 (0)
    C3B8: 0x0 (0)
    C3C0: 0x0 (0)
    C3C8: 0x0 (0)
    C3D0: 0x0 (0)
    C3D8: 0x0 (0)
    C3E0: 0x0 (0)
    C3E8: 0x0 (0)
    C3F0: 0x57575757 (1465341783)
    C3F8: 0x57575757 (1465341783)
    C400: 0x57575757 (1465341783)
    C408: 0x57575757 (1465341783)
    C410: 0x57575757 (1465341783)
    C418: 0x57575757 (1465341783)
    C420: 0x57575757 (1465341783)
    C428: 0x57575757 (1465341783)
    C430: 0x57575757 (1465341783)
    C438: 0x57575757 (1465341783)
    C440: 0x57575757 (1465341783)
    C448: 0x57575757 (1465341783)
    C450: 0x57575757 (1465341783)
    C458: 0x57575757 (1465341783)
    C460: 0x57575757 (1465341783)
    C468: 0x57575757 (1465341783)
    C470: 0x0 (0)
    C478: 0x2020202 (33686018)
    C480: 0x2020202 (33686018)
    C488: 0x2020202 (33686018)
    C490: 0x2020003 (33685507)
    C498: 0x0 (0)
    C4A0: 0x0 (0)
    C4A8: 0x0 (0)
    C4B0: 0x0 (0)
    C4B8: 0x0 (0)
    C4C0: 0x0 (0)
    C4C8: 0x0 (0)
    C4D0: 0x0 (0)
    C4D8: 0x0 (0)
    C4E0: 0x0 (0)
    C4E8: 0x0 (0)
    C4F0: 0x0 (0)
    C4F8: 0x0 (0)
    C500: 0x0 (0)
    C508: 0x57575757 (1465341783)
    C510: 0x57575757 (1465341783)
    C518: 0x57575757 (1465341783)
    C520: 0x57575757 (1465341783)
    C528: 0x57575757 (1465341783)
    C530: 0x57575757 (1465341783)
    C538: 0x57575757 (1465341783)
    C540: 0x57575757 (1465341783)
    C548: 0x57575757 (1465341783)
    C550: 0x57575757 (1465341783)
    C558: 0x57575757 (1465341783)
    C560: 0x57575757 (1465341783)
    C568: 0x57575757 (1465341783)
    C570: 0x57575757 (1465341783)
    C578: 0x3 (3)
    C580: 0x1A4 (420)
    C588: 0x0 (0)
    C590: 0x18000 (98304)
    C598: 0x80018000 (-2147385344)
    C5A0: 0x0 (0)
    C5A8: 0x0 (0)
    C5B0: 0x0 (0)
    C5B8: 0x0 (0)
    C5C0: 0x0 (0)
    C5C8: 0x0 (0)
    C5D0: 0x0 (0)
    C5D8: 0x0 (0)
    C5E0: 0x550055 (5570645)
    C5E8: 0x64 (100)
    C5F0: 0x5 (5)
    C5F8: 0x1 (1)
    C600: 0x2 (2)
    C608: 0x5 (5)
    C610: 0x0 (0)
    C618: 0x0 (0)
    C620: 0x0 (0)
    C628: 0x0 (0)
    C630: 0x0 (0)
Checkpoint 4F
Checkpoint 60
Checkpoint 61
Checkpoint 9A
Checkpoint 90
Checkpoint 91
Checkpoint 92
Checkpoint 94
Checkpoint 94
Checkpoint 95
Checkpoint 96
Checkpoint 94
Checkpoint 94
Checkpoint 95
Checkpoint 96
Checkpoint 94
Checkpoint 94
Checkpoint 94
Checkpoint 94
Checkpoint 94
Checkpoint 95
Checkpoint 96
Checkpoint 94
Checkpoint 94
Checkpoint 94
Checkpoint 94
Checkpoint 94
Checkpoint 95
Checkpoint 96
Checkpoint 94
Checkpoint 94
Checkpoint 94
Checkpoint 94
Checkpoint 95
Checkpoint 96
Checkpoint 94
Checkpoint 94
Checkpoint 94
Checkpoint 95
Checkpoint 96
Checkpoint 94
Checkpoint 94
Checkpoint 94
Checkpoint 95
Checkpoint 96
Checkpoint 94
Checkpoint 94
Checkpoint 94
Checkpoint 94
Checkpoint 95
Checkpoint 96
Checkpoint 94
Checkpoint 94
Checkpoint 94
Checkpoint 94
Checkpoint 95
Checkpoint 96
Checkpoint 94
Checkpoint 94
Checkpoint 94
Checkpoint 94
Checkpoint 94
Checkpoint 95
Checkpoint 96
Checkpoint 94
Checkpoint 94
Checkpoint 94
Checkpoint 94
Checkpoint 94
Checkpoint 95
Checkpoint 96
Checkpoint 92
Checkpoint 92
Checkpoint 92
Checkpoint 92
Checkpoint 92
Checkpoint 92
Checkpoint 92
Checkpoint 92
Checkpoint 92
Checkpoint 92
Checkpoint 91
Checkpoint 92
Checkpoint 92
Checkpoint 92
Checkpoint 92
Checkpoint 92
Checkpoint 92
Checkpoint 92
Checkpoint 92
Checkpoint 92
Checkpoint 92
Checkpoint 92
Checkpoint 97
[2J[1;1H[1;1H[25;78H98[1;1HCheckpoint 98
[25;78H92[1;1HCheckpoint 92
[25;78H92[1;1HCheckpoint 92
[25;78H92[1;1HCheckpoint 92
[25;78H92[1;1HCheckpoint 92
[25;78H92[1;1HCheckpoint 92
[25;78HA0[1;1HCheckpoint A0
[25;78H92[1;1HCheckpoint 92
[25;78H92[1;1HCheckpoint 92
[25;78H92[1;1HCheckpoint 92
[25;78H92[1;1HCheckpoint 92
[25;78H92[1;1HCheckpoint 92
[25;78H92[1;1HCheckpoint 92
[0;37;40m[2J[1;1H[1;1H[1;1HVersion 2.21.1280. Copyright (C) 2021 AMI                                       [2;1HBIOS Date: 2021/04/22 12:37:25 Ver: 0ACOI 1.4.100                               [3;1H                                                                                [4;1H                                                                                [5;1H                                                                                [6;1H                                                                                [7;1H                                                                                [8;1H                                                                                [9;1H                                                                                [10;1H                                                                                [11;1H                                                                                [12;1H                                                                                [13;1H                                                                                [14;1H                                                                                [15;1H                                                                                [16;1H                                                                                [17;1H                                                                                [18;1H                                                                                [19;1H                                                                                [20;1H                                                                                [21;1H                                                                                [22;1H                                                                                [23;1H                                                                                [24;1H                                                                                [25;1H                                                                               [3;1H[3;1HPress <DEL> or <ESC> to enter setup.Checkpoint AD
[0;30;40m[2J[1;1H[0;37;40m[21;7HUse the  and  keys to change the selection.                       
      Press 'e' to edit the selected item, or 'c' for a command prompt.   [4;80H [0;30;47m[4;1H      CentOS Linux (4.18.0-193.el8.aarch64) 8 (Core)                           [0;37;40m[4;79H[5;1H      CentOS Linux (0-rescue-5d158ea502414daeb19f83caddfbf858) 8 (Core)        [5;79H[6;1H      System setup                                                             [6;79H[7;1H                                                                               [7;79H[8;1H                                                                               [8;79H[9;1H                                                                               [9;79H[10;1H                                                                               [10;79H[11;1H                                                                               [11;79H[12;1H                                                                               [12;79H[13;1H                                                                               [13;79H[14;1H                                                                               [14;79H[15;1H                                                                               [15;79H[16;1H                                                                               [16;79H[17;1H                                                                               [17;79H[18;1H                                                                               [18;79H[19;1H                                                                               [19;79H[19;80H [4;79H[23;1H   The selected entry will be started automatically in 5s.                     [4;79H[23;1H   The selected entry will be started automatically in 4s.                     [4;79H[23;1H   The selected entry will be started automatically in 3s.                     [4;79H[23;1H   The selected entry will be started automatically in 2s.                     [4;79H[23;1H   The selected entry will be started automatically in 1s.                     [4;79H[23;1H   The selected entry will be started automatically in 0s.                     [4;79H[0;30;40m[2J[1;1H[0;37;40m[0;30;40m[2J[1;1H[0;37;40mEFI stub: Booting Linux Kernel...
EFI stub: Using DTB from configuration table
EFI stub: Exiting boot services and installing virtual address map...
[    0.000000] Booting Linux on physical CPU 0x0000120000 [0x413fd0c1]
[    0.000000] Linux version 4.18.0-193.el8.aarch64 (mockbuild@aarch64-01.mbox.centos.org) (gcc version 8.3.1 20191121 (Red Hat 8.3.1-5) (GCC)) #1 SMP Fri May 8 11:05:12 UTC 2020
[    0.000000] efi: Getting EFI parameters from FDT:
[    0.000000] efi: EFI v2.70 by American Megatrends
[    0.000000] efi:  ACPI 2.0=0xb0570000  SMBIOS 3.0=0xb3f7ff98  MEMATTR=0xaaadd018  ESRT=0xaeb47a98  RNG=0xb79caf18  MEMRESERVE=0xaaae3f18 
[    0.000000] efi: seeding entropy pool
[    0.000000] esrt: Reserving ESRT space from 0x00000000aeb47a98 to 0x00000000aeb47ad0.
[    0.000000] Using crashkernel=auto, the size chosen is a best effort estimation.
[    0.000000] cannot allocate crashkernel (size:0x1c000000)
[    0.000000] ACPI: Early table checksum verification disabled
[    0.000000] ACPI: RSDP 0x00000000B0570000 000024 (v02 Ampere)
[    0.000000] ACPI: XSDT 0x00000000B0560000 0000D4 (v01 Ampere Altra    00000000 AMI  01000013)
[    0.000000] ACPI: FACP 0x00000000B0540000 000114 (v06 Ampere Altra    00000000 INTL 20190509)
[    0.000000] ACPI: DSDT 0x00000000B04B0000 02EE02 (v02 Ampere Jade     00000001 INTL 20200717)
[    0.000000] ACPI: DBG2 0x00000000B0550000 00005C (v00 Ampere Altra    00000000 INTL 20190509)
[    0.000000] ACPI: GTDT 0x00000000B0530000 000110 (v03 Ampere Altra    00000000 INTL 20190509)
[    0.000000] ACPI: SSDT 0x00000000B0520000 00002D (v02 Ampere Altra    00000001 INTL 20190509)
[    0.000000] ACPI: EINJ 0x00000000B0500000 000150 (v01 Ampere Altra    00000001 INTL 20200717)
[    0.000000] ACPI: HEST 0x00000000B04F0000 000308 (v01 Ampere Altra    00000001 INTL 20200717)
[    0.000000] ACPI: SDEI 0x00000000B04E0000 000024 (v01 Ampere Altra    00000001 INTL 20200717)
[    0.000000] ACPI: SPMI 0x00000000B04A0000 000041 (v05 ALASKA A M I    00000000 AMI. 00000000)
[    0.000000] ACPI: SPMI 0x00000000B0490000 000041 (v05 ALASKA A M I    00000000 AMI. 00000000)
[    0.000000] ACPI: SPMI 0x00000000B0480000 000041 (v05 ALASKA A M I    00000000 AMI. 00000000)
[    0.000000] ACPI: FIDT 0x00000000B0470000 00009C (v01 ALASKA A M I    01072009 AMI  00010013)
[    0.000000] ACPI: SPCR 0x00000000B0460000 000050 (v02 A M I  APTIO V  01072009 AMI. 0005000F)
[    0.000000] ACPI: PPTT 0x00000000B0440000 008260 (v02 Ampere Altra    00000000 AMP. 01000013)
[    0.000000] ACPI: SLIT 0x00000000B0430000 000030 (v01 Ampere Altra    00000000 AMP. 01000013)
[    0.000000] ACPI: SRAT 0x00000000B0420000 000CA0 (v03 Ampere Altra    00000000 AMP. 01000013)
[    0.000000] ACPI: BERT 0x00000000B0510000 000030 (v01 Ampere Altra    00000001 INTL 20200717)
[    0.000000] ACPI: MCFG 0x00000000B0410000 0000DC (v01 Ampere Altra    00000001 AMP. 01000013)
[    0.000000] ACPI: IORT 0x00000000B0400000 000844 (v00 Ampere Altra    00000000 AMP. 01000013)
[    0.000000] ACPI: APIC 0x00000000B0450000 003354 (v05 Ampere Altra    00000003 AMI  01000013)
[    0.000000] ACPI: PCCT 0x00000000B03F0000 000ABC (v02 Ampere Altra    00000003 AMP. 01000013)
[    0.000000] ACPI: WSMT 0x00000000B03E0000 000028 (v01 ALASKA A M I    01072009 AMI  00010013)
[    0.000000] ACPI: FPDT 0x00000000B03D0000 000044 (v01 ALASKA A M I    01072009 AMI  01000013)
[    0.000000] ACPI: SPCR: console: pl011,mmio32,0x100002600000,115200
[    0.000000] ACPI: SRAT: Node 0 PXM 0 [mem 0x88300000-0x883fffff]
[    0.000000] ACPI: SRAT: Node 0 PXM 0 [mem 0x90000000-0xbfffffff]
[    0.000000] ACPI: SRAT: Node 0 PXM 0 [mem 0x80000000000-0x8007fffffff]
[    0.000000] ACPI: SRAT: Node 0 PXM 0 [mem 0x800c0000000-0x807ffffffff]
[    0.000000] NUMA: NODE_DATA [mem 0x807ffbbe600-0x807ffbbffff]
[    0.000000] NUMA: Initmem setup node 1 [<memory-less node>]
[    0.000000] NUMA: NODE_DATA [mem 0x807ffbbcc00-0x807ffbbe5ff]
[    0.000000] NUMA: NODE_DATA(1) on node 0
[    0.000000] Zone ranges:
[    0.000000]   DMA32    [mem 0x0000000088300000-0x00000000ffffffff]
[    0.000000]   Normal   [mem 0x0000000100000000-0x00000807ffffffff]
[    0.000000] Movable zone start for each node
[    0.000000] Early memory node ranges
[    0.000000]   node   0: [mem 0x0000000088300000-0x00000000883fffff]
[    0.000000]   node   0: [mem 0x0000000090000000-0x0000000091ffffff]
[    0.000000]   node   0: [mem 0x0000000092000000-0x000000009277ffff]
[    0.000000]   node   0: [mem 0x0000000092780000-0x00000000b033ffff]
[    0.000000]   node   0: [mem 0x00000000b0340000-0x00000000b034ffff]
[    0.000000]   node   0: [mem 0x00000000b0350000-0x00000000b05bffff]
[    0.000000]   node   0: [mem 0x00000000b05c0000-0x00000000b05dffff]
[    0.000000]   node   0: [mem 0x00000000b05e0000-0x00000000b1e5ffff]
[    0.000000]   node   0: [mem 0x00000000b1e60000-0x00000000b79cffff]
[    0.000000]   node   0: [mem 0x00000000b79d0000-0x00000000b7afffff]
[    0.000000]   node   0: [mem 0x00000000b7b00000-0x00000000b7fdffff]
[    0.000000]   node   0: [mem 0x00000000b7fe0000-0x00000000b811ffff]
[    0.000000]   node   0: [mem 0x00000000b8120000-0x00000000b82dffff]
[    0.000000]   node   0: [mem 0x00000000b82e0000-0x00000000b971ffff]
[    0.000000]   node   0: [mem 0x00000000b9720000-0x00000000b972ffff]
[    0.000000]   node   0: [mem 0x00000000b9730000-0x00000000bfffffff]
[    0.000000]   node   0: [mem 0x0000080000000000-0x000008007fffffff]
[    0.000000]   node   0: [mem 0x00000800c0000000-0x00000807ffffffff]
[    0.000000] Zeroed struct page in unavailable ranges: 1573 pages
[    0.000000] Initmem setup node 0 [mem 0x0000000088300000-0x00000807ffffffff]
[    0.000000] Could not find start_pfn for node 1
[    0.000000] Initmem setup node 1 [mem 0x0000000000000000-0x0000000000000000]
[    0.000000] psci: probing for conduit method from ACPI.
[    0.000000] psci: PSCIv1.1 detected in firmware.
[    0.000000] psci: Using standard PSCI v0.2 function IDs
[    0.000000] psci: MIGRATE_INFO_TYPE not supported.
[    0.000000] psci: SMC Calling Convention v1.0
[    0.000000] ACPI: NUMA: SRAT: PXM 0 -> MPIDR 0x0 -> Node 0
[    0.000000] ACPI: NUMA: SRAT: PXM 0 -> MPIDR 0x100 -> Node 0
[    0.000000] ACPI: NUMA: SRAT: PXM 0 -> MPIDR 0x10000 -> Node 0
[    0.000000] ACPI: NUMA: SRAT: PXM 0 -> MPIDR 0x10100 -> Node 0
[    0.000000] ACPI: NUMA: SRAT: PXM 0 -> MPIDR 0x20000 -> Node 0
[    0.000000] ACPI: NUMA: SRAT: PXM 0 -> MPIDR 0x20100 -> Node 0
[    0.000000] ACPI: NUMA: SRAT: PXM 0 -> MPIDR 0x30000 -> Node 0
[    0.000000] ACPI: NUMA: SRAT: PXM 0 -> MPIDR 0x30100 -> Node 0
[    0.000000] ACPI: NUMA: SRAT: PXM 0 -> MPIDR 0x40000 -> Node 0
[    0.000000] ACPI: NUMA: SRAT: PXM 0 -> MPIDR 0x40100 -> Node 0
[    0.000000] ACPI: NUMA: SRAT: PXM 0 -> MPIDR 0x50000 -> Node 0
[    0.000000] ACPI: NUMA: SRAT: PXM 0 -> MPIDR 0x50100 -> Node 0
[    0.000000] ACPI: NUMA: SRAT: PXM 0 -> MPIDR 0x60000 -> Node 0
[    0.000000] ACPI: NUMA: SRAT: PXM 0 -> MPIDR 0x60100 -> Node 0
[    0.000000] ACPI: NUMA: SRAT: PXM 0 -> MPIDR 0x70000 -> Node 0
[    0.000000] ACPI: NUMA: SRAT: PXM 0 -> MPIDR 0x70100 -> Node 0
[    0.000000] ACPI: NUMA: SRAT: PXM 0 -> MPIDR 0x80000 -> Node 0
[    0.000000] ACPI: NUMA: SRAT: PXM 0 -> MPIDR 0x80100 -> Node 0
[    0.000000] ACPI: NUMA: SRAT: PXM 0 -> MPIDR 0x90000 -> Node 0
[    0.000000] ACPI: NUMA: SRAT: PXM 0 -> MPIDR 0x90100 -> Node 0
[    0.000000] ACPI: NUMA: SRAT: PXM 0 -> MPIDR 0xa0000 -> Node 0
[    0.000000] ACPI: NUMA: SRAT: PXM 0 -> MPIDR 0xa0100 -> Node 0
[    0.000000] ACPI: NUMA: SRAT: PXM 0 -> MPIDR 0xb0000 -> Node 0
[    0.000000] ACPI: NUMA: SRAT: PXM 0 -> MPIDR 0xb0100 -> Node 0
[    0.000000] ACPI: NUMA: SRAT: PXM 0 -> MPIDR 0xc0000 -> Node 0
[    0.000000] ACPI: NUMA: SRAT: PXM 0 -> MPIDR 0xc0100 -> Node 0
[    0.000000] ACPI: NUMA: SRAT: PXM 0 -> MPIDR 0xd0000 -> Node 0
[    0.000000] ACPI: NUMA: SRAT: PXM 0 -> MPIDR 0xd0100 -> Node 0
[    0.000000] ACPI: NUMA: SRAT: PXM 0 -> MPIDR 0xe0000 -> Node 0
[    0.000000] ACPI: NUMA: SRAT: PXM 0 -> MPIDR 0xe0100 -> Node 0
[    0.000000] ACPI: NUMA: SRAT: PXM 0 -> MPIDR 0xf0000 -> Node 0
[    0.000000] ACPI: NUMA: SRAT: PXM 0 -> MPIDR 0xf0100 -> Node 0
[    0.000000] ACPI: NUMA: SRAT: PXM 0 -> MPIDR 0x100000 -> Node 0
[    0.000000] ACPI: NUMA: SRAT: PXM 0 -> MPIDR 0x100100 -> Node 0
[    0.000000] ACPI: NUMA: SRAT: PXM 0 -> MPIDR 0x110000 -> Node 0
[    0.000000] ACPI: NUMA: SRAT: PXM 0 -> MPIDR 0x110100 -> Node 0
[    0.000000] ACPI: NUMA: SRAT: PXM 0 -> MPIDR 0x120000 -> Node 0
[    0.000000] ACPI: NUMA: SRAT: PXM 0 -> MPIDR 0x120100 -> Node 0
[    0.000000] ACPI: NUMA: SRAT: PXM 0 -> MPIDR 0x130000 -> Node 0
[    0.000000] ACPI: NUMA: SRAT: PXM 0 -> MPIDR 0x130100 -> Node 0
[    0.000000] ACPI: NUMA: SRAT: PXM 0 -> MPIDR 0x140000 -> Node 0
[    0.000000] ACPI: NUMA: SRAT: PXM 0 -> MPIDR 0x140100 -> Node 0
[    0.000000] ACPI: NUMA: SRAT: PXM 0 -> MPIDR 0x150000 -> Node 0
[    0.000000] ACPI: NUMA: SRAT: PXM 0 -> MPIDR 0x150100 -> Node 0
[    0.000000] ACPI: NUMA: SRAT: PXM 0 -> MPIDR 0x160000 -> Node 0
[    0.000000] ACPI: NUMA: SRAT: PXM 0 -> MPIDR 0x160100 -> Node 0
[    0.000000] ACPI: NUMA: SRAT: PXM 0 -> MPIDR 0x170000 -> Node 0
[    0.000000] ACPI: NUMA: SRAT: PXM 0 -> MPIDR 0x170100 -> Node 0
[    0.000000] ACPI: NUMA: SRAT: PXM 0 -> MPIDR 0x180000 -> Node 0
[    0.000000] ACPI: NUMA: SRAT: PXM 0 -> MPIDR 0x180100 -> Node 0
[    0.000000] ACPI: NUMA: SRAT: PXM 0 -> MPIDR 0x190000 -> Node 0
[    0.000000] ACPI: NUMA: SRAT: PXM 0 -> MPIDR 0x190100 -> Node 0
[    0.000000] ACPI: NUMA: SRAT: PXM 0 -> MPIDR 0x1a0000 -> Node 0
[    0.000000] ACPI: NUMA: SRAT: PXM 0 -> MPIDR 0x1a0100 -> Node 0
[    0.000000] ACPI: NUMA: SRAT: PXM 0 -> MPIDR 0x1b0000 -> Node 0
[    0.000000] ACPI: NUMA: SRAT: PXM 0 -> MPIDR 0x1b0100 -> Node 0
[    0.000000] ACPI: NUMA: SRAT: PXM 0 -> MPIDR 0x1c0000 -> Node 0
[    0.000000] ACPI: NUMA: SRAT: PXM 0 -> MPIDR 0x1c0100 -> Node 0
[    0.000000] ACPI: NUMA: SRAT: PXM 0 -> MPIDR 0x1d0000 -> Node 0
[    0.000000] ACPI: NUMA: SRAT: PXM 0 -> MPIDR 0x1d0100 -> Node 0
[    0.000000] ACPI: NUMA: SRAT: PXM 0 -> MPIDR 0x1e0000 -> Node 0
[    0.000000] ACPI: NUMA: SRAT: PXM 0 -> MPIDR 0x1e0100 -> Node 0
[    0.000000] ACPI: NUMA: SRAT: PXM 0 -> MPIDR 0x1f0000 -> Node 0
[    0.000000] ACPI: NUMA: SRAT: PXM 0 -> MPIDR 0x1f0100 -> Node 0
[    0.000000] ACPI: NUMA: SRAT: PXM 0 -> MPIDR 0x200000 -> Node 0
[    0.000000] ACPI: NUMA: SRAT: PXM 0 -> MPIDR 0x200100 -> Node 0
[    0.000000] ACPI: NUMA: SRAT: PXM 0 -> MPIDR 0x210000 -> Node 0
[    0.000000] ACPI: NUMA: SRAT: PXM 0 -> MPIDR 0x210100 -> Node 0
[    0.000000] ACPI: NUMA: SRAT: PXM 0 -> MPIDR 0x220000 -> Node 0
[    0.000000] ACPI: NUMA: SRAT: PXM 0 -> MPIDR 0x220100 -> Node 0
[    0.000000] ACPI: NUMA: SRAT: PXM 0 -> MPIDR 0x230000 -> Node 0
[    0.000000] ACPI: NUMA: SRAT: PXM 0 -> MPIDR 0x230100 -> Node 0
[    0.000000] ACPI: NUMA: SRAT: PXM 0 -> MPIDR 0x240000 -> Node 0
[    0.000000] ACPI: NUMA: SRAT: PXM 0 -> MPIDR 0x240100 -> Node 0
[    0.000000] ACPI: NUMA: SRAT: PXM 0 -> MPIDR 0x250000 -> Node 0
[    0.000000] ACPI: NUMA: SRAT: PXM 0 -> MPIDR 0x250100 -> Node 0
[    0.000000] ACPI: NUMA: SRAT: PXM 0 -> MPIDR 0x260000 -> Node 0
[    0.000000] ACPI: NUMA: SRAT: PXM 0 -> MPIDR 0x260100 -> Node 0
[    0.000000] ACPI: NUMA: SRAT: PXM 0 -> MPIDR 0x270000 -> Node 0
[    0.000000] ACPI: NUMA: SRAT: PXM 0 -> MPIDR 0x270100 -> Node 0
[    0.000000] ACPI: NUMA: SRAT: PXM 1 -> MPIDR 0x100000000 -> Node 1
[    0.000000] ACPI: NUMA: SRAT: PXM 1 -> MPIDR 0x100000100 -> Node 1
[    0.000000] ACPI: NUMA: SRAT: PXM 1 -> MPIDR 0x100010000 -> Node 1
[    0.000000] ACPI: NUMA: SRAT: PXM 1 -> MPIDR 0x100010100 -> Node 1
[    0.000000] ACPI: NUMA: SRAT: PXM 1 -> MPIDR 0x100020000 -> Node 1
[    0.000000] ACPI: NUMA: SRAT: PXM 1 -> MPIDR 0x100020100 -> Node 1
[    0.000000] ACPI: NUMA: SRAT: PXM 1 -> MPIDR 0x100030000 -> Node 1
[    0.000000] ACPI: NUMA: SRAT: PXM 1 -> MPIDR 0x100030100 -> Node 1
[    0.000000] ACPI: NUMA: SRAT: PXM 1 -> MPIDR 0x100040000 -> Node 1
[    0.000000] ACPI: NUMA: SRAT: PXM 1 -> MPIDR 0x100040100 -> Node 1
[    0.000000] ACPI: NUMA: SRAT: PXM 1 -> MPIDR 0x100050000 -> Node 1
[    0.000000] ACPI: NUMA: SRAT: PXM 1 -> MPIDR 0x100050100 -> Node 1
[    0.000000] ACPI: NUMA: SRAT: PXM 1 -> MPIDR 0x100060000 -> Node 1
[    0.000000] ACPI: NUMA: SRAT: PXM 1 -> MPIDR 0x100060100 -> Node 1
[    0.000000] ACPI: NUMA: SRAT: PXM 1 -> MPIDR 0x100070000 -> Node 1
[    0.000000] ACPI: NUMA: SRAT: PXM 1 -> MPIDR 0x100070100 -> Node 1
[    0.000000] ACPI: NUMA: SRAT: PXM 1 -> MPIDR 0x100080000 -> Node 1
[    0.000000] ACPI: NUMA: SRAT: PXM 1 -> MPIDR 0x100080100 -> Node 1
[    0.000000] ACPI: NUMA: SRAT: PXM 1 -> MPIDR 0x100090000 -> Node 1
[    0.000000] ACPI: NUMA: SRAT: PXM 1 -> MPIDR 0x100090100 -> Node 1
[    0.000000] ACPI: NUMA: SRAT: PXM 1 -> MPIDR 0x1000a0000 -> Node 1
[    0.000000] ACPI: NUMA: SRAT: PXM 1 -> MPIDR 0x1000a0100 -> Node 1
[    0.000000] ACPI: NUMA: SRAT: PXM 1 -> MPIDR 0x1000b0000 -> Node 1
[    0.000000] ACPI: NUMA: SRAT: PXM 1 -> MPIDR 0x1000b0100 -> Node 1
[    0.000000] ACPI: NUMA: SRAT: PXM 1 -> MPIDR 0x1000c0000 -> Node 1
[    0.000000] ACPI: NUMA: SRAT: PXM 1 -> MPIDR 0x1000c0100 -> Node 1
[    0.000000] ACPI: NUMA: SRAT: PXM 1 -> MPIDR 0x1000d0000 -> Node 1
[    0.000000] ACPI: NUMA: SRAT: PXM 1 -> MPIDR 0x1000d0100 -> Node 1
[    0.000000] ACPI: NUMA: SRAT: PXM 1 -> MPIDR 0x1000e0000 -> Node 1
[    0.000000] ACPI: NUMA: SRAT: PXM 1 -> MPIDR 0x1000e0100 -> Node 1
[    0.000000] ACPI: NUMA: SRAT: PXM 1 -> MPIDR 0x1000f0000 -> Node 1
[    0.000000] ACPI: NUMA: SRAT: PXM 1 -> MPIDR 0x1000f0100 -> Node 1
[    0.000000] ACPI: NUMA: SRAT: PXM 1 -> MPIDR 0x100100000 -> Node 1
[    0.000000] ACPI: NUMA: SRAT: PXM 1 -> MPIDR 0x100100100 -> Node 1
[    0.000000] ACPI: NUMA: SRAT: PXM 1 -> MPIDR 0x100110000 -> Node 1
[    0.000000] ACPI: NUMA: SRAT: PXM 1 -> MPIDR 0x100110100 -> Node 1
[    0.000000] ACPI: NUMA: SRAT: PXM 1 -> MPIDR 0x100120000 -> Node 1
[    0.000000] ACPI: NUMA: SRAT: PXM 1 -> MPIDR 0x100120100 -> Node 1
[    0.000000] ACPI: NUMA: SRAT: PXM 1 -> MPIDR 0x100130000 -> Node 1
[    0.000000] ACPI: NUMA: SRAT: PXM 1 -> MPIDR 0x100130100 -> Node 1
[    0.000000] ACPI: NUMA: SRAT: PXM 1 -> MPIDR 0x100140000 -> Node 1
[    0.000000] ACPI: NUMA: SRAT: PXM 1 -> MPIDR 0x100140100 -> Node 1
[    0.000000] ACPI: NUMA: SRAT: PXM 1 -> MPIDR 0x100150000 -> Node 1
[    0.000000] ACPI: NUMA: SRAT: PXM 1 -> MPIDR 0x100150100 -> Node 1
[    0.000000] ACPI: NUMA: SRAT: PXM 1 -> MPIDR 0x100160000 -> Node 1
[    0.000000] ACPI: NUMA: SRAT: PXM 1 -> MPIDR 0x100160100 -> Node 1
[    0.000000] ACPI: NUMA: SRAT: PXM 1 -> MPIDR 0x100170000 -> Node 1
[    0.000000] ACPI: NUMA: SRAT: PXM 1 -> MPIDR 0x100170100 -> Node 1
[    0.000000] ACPI: NUMA: SRAT: PXM 1 -> MPIDR 0x100180000 -> Node 1
[    0.000000] ACPI: NUMA: SRAT: PXM 1 -> MPIDR 0x100180100 -> Node 1
[    0.000000] ACPI: NUMA: SRAT: PXM 1 -> MPIDR 0x100190000 -> Node 1
[    0.000000] ACPI: NUMA: SRAT: PXM 1 -> MPIDR 0x100190100 -> Node 1
[    0.000000] ACPI: NUMA: SRAT: PXM 1 -> MPIDR 0x1001a0000 -> Node 1
[    0.000000] ACPI: NUMA: SRAT: PXM 1 -> MPIDR 0x1001a0100 -> Node 1
[    0.000000] ACPI: NUMA: SRAT: PXM 1 -> MPIDR 0x1001b0000 -> Node 1
[    0.000000] ACPI: NUMA: SRAT: PXM 1 -> MPIDR 0x1001b0100 -> Node 1
[    0.000000] ACPI: NUMA: SRAT: PXM 1 -> MPIDR 0x1001c0000 -> Node 1
[    0.000000] ACPI: NUMA: SRAT: PXM 1 -> MPIDR 0x1001c0100 -> Node 1
[    0.000000] ACPI: NUMA: SRAT: PXM 1 -> MPIDR 0x1001d0000 -> Node 1
[    0.000000] ACPI: NUMA: SRAT: PXM 1 -> MPIDR 0x1001d0100 -> Node 1
[    0.000000] ACPI: NUMA: SRAT: PXM 1 -> MPIDR 0x1001e0000 -> Node 1
[    0.000000] ACPI: NUMA: SRAT: PXM 1 -> MPIDR 0x1001e0100 -> Node 1
[    0.000000] ACPI: NUMA: SRAT: PXM 1 -> MPIDR 0x1001f0000 -> Node 1
[    0.000000] ACPI: NUMA: SRAT: PXM 1 -> MPIDR 0x1001f0100 -> Node 1
[    0.000000] ACPI: NUMA: SRAT: PXM 1 -> MPIDR 0x100200000 -> Node 1
[    0.000000] ACPI: NUMA: SRAT: PXM 1 -> MPIDR 0x100200100 -> Node 1
[    0.000000] ACPI: NUMA: SRAT: PXM 1 -> MPIDR 0x100210000 -> Node 1
[    0.000000] ACPI: NUMA: SRAT: PXM 1 -> MPIDR 0x100210100 -> Node 1
[    0.000000] ACPI: NUMA: SRAT: PXM 1 -> MPIDR 0x100220000 -> Node 1
[    0.000000] ACPI: NUMA: SRAT: PXM 1 -> MPIDR 0x100220100 -> Node 1
[    0.000000] ACPI: NUMA: SRAT: PXM 1 -> MPIDR 0x100230000 -> Node 1
[    0.000000] ACPI: NUMA: SRAT: PXM 1 -> MPIDR 0x100230100 -> Node 1
[    0.000000] ACPI: NUMA: SRAT: PXM 1 -> MPIDR 0x100240000 -> Node 1
[    0.000000] ACPI: NUMA: SRAT: PXM 1 -> MPIDR 0x100240100 -> Node 1
[    0.000000] ACPI: NUMA: SRAT: PXM 1 -> MPIDR 0x100250000 -> Node 1
[    0.000000] ACPI: NUMA: SRAT: PXM 1 -> MPIDR 0x100250100 -> Node 1
[    0.000000] ACPI: NUMA: SRAT: PXM 1 -> MPIDR 0x100260000 -> Node 1
[    0.000000] ACPI: NUMA: SRAT: PXM 1 -> MPIDR 0x100260100 -> Node 1
[    0.000000] ACPI: NUMA: SRAT: PXM 1 -> MPIDR 0x100270000 -> Node 1
[    0.000000] ACPI: NUMA: SRAT: PXM 1 -> MPIDR 0x100270100 -> Node 1
[    0.000000] percpu: Embedded 10 pages/cpu s583704 r8192 d63464 u655360
[    0.000000] Detected PIPT I-cache on CPU0
[    0.000000] CPU features: detected: Virtualization Host Extensions
[    0.000000] CPU features: kernel page table isolation forced ON by KASLR
[    0.000000] CPU features: detected: Kernel page table isolation (KPTI)
[    0.000000] CPU features: detected: Hardware dirty bit management
[    0.000000] CPU features: detected: Speculative Store Bypassing Safe (SSBS)
[    0.000000] Built 2 zonelists, mobility grouping on.  Total pages: 519699
[    0.000000] Policy zone: Normal
[    0.000000] Kernel command line: BOOT_IMAGE=(hd0,gpt2)/vmlinuz-4.18.0-193.el8.aarch64 root=/dev/mapper/cl-root ro crashkernel=auto rd.lvm.lv=cl/root rd.lvm.lv=cl/swap
[    0.000000] Specific versions of hardware are certified with Red Hat Enterprise Linux 8. Please see the list of hardware certified with Red Hat Enterprise Linux 8 at https://access.redhat.com/ecosystem.
[    0.000000] printk: log_buf_len individual max cpu contribution: 4096 bytes
[    0.000000] printk: log_buf_len total cpu_extra contributions: 651264 bytes
[    0.000000] printk: log_buf_len min size: 1048576 bytes
[    0.000000] printk: log_buf_len: 2097152 bytes
[    0.000000] printk: early log buf free: 1027292(97%)
[    0.000000] software IO TLB: mapped [mem 0xbbff0000-0xbfff0000] (64MB)
[    0.000000] Memory: 32887552K/33293312K available (9404K kernel code, 3494K rwdata, 6784K rodata, 5056K init, 9143K bss, 405760K reserved, 0K cma-reserved)
[    0.000000] random: get_random_u64 called from cache_random_seq_create+0x88/0x158 with crng_init=0
[    0.000000] SLUB: HWalign=64, Order=0-3, MinObjects=0, CPUs=160, Nodes=2
[    0.000000] ftrace: allocating 33653 entries in 9 pages
[    0.000000] rcu: Hierarchical RCU implementation.
[    0.000000] rcu: 	RCU restricting CPUs from NR_CPUS=4096 to nr_cpu_ids=160.
[    0.000000] rcu: RCU calculated value of scheduler-enlistment delay is 10 jiffies.
[    0.000000] rcu: Adjusting geometry for rcu_fanout_leaf=16, nr_cpu_ids=160
[    0.000000] NR_IRQS: 64, nr_irqs: 64, preallocated irqs: 0
[    0.000000] GICv3: GIC: Using split EOI/Deactivate mode
[    0.000000] GICv3: Distributor has no Range Selector support
[    0.000000] GICv3: no VLPI support, no direct LPI support
[    0.000000] GICv3: CPU0: found redistributor 120000 region 0:0x00001001005c0000
[    0.000000] SRAT: PXM 0 -> ITS 2 -> Node 0
[    0.000000] SRAT: PXM 0 -> ITS 3 -> Node 0
[    0.000000] SRAT: PXM 0 -> ITS 4 -> Node 0
[    0.000000] SRAT: PXM 0 -> ITS 5 -> Node 0
[    0.000000] SRAT: PXM 0 -> ITS 6 -> Node 0
[    0.000000] SRAT: PXM 0 -> ITS 7 -> Node 0
[    0.000000] SRAT: PXM 1 -> ITS 10 -> Node 1
[    0.000000] SRAT: PXM 1 -> ITS 11 -> Node 1
[    0.000000] SRAT: PXM 1 -> ITS 12 -> Node 1
[    0.000000] SRAT: PXM 1 -> ITS 13 -> Node 1
[    0.000000] SRAT: PXM 1 -> ITS 14 -> Node 1
[    0.000000] SRAT: PXM 1 -> ITS 15 -> Node 1
[    0.000000] ITS [mem 0x100100080000-0x10010009ffff]
[    0.000000] ITS@0x0000100100080000: allocated 8192 Devices @807c0d30000 (indirect, esz 8, psz 64K, shr 1)
[    0.000000] ITS@0x0000100100080000: allocated 32768 Interrupt Collections @807c0d40000 (flat, esz 2, psz 64K, shr 1)
[    0.000000] ITS [mem 0x1001000a0000-0x1001000bffff]
[    0.000000] ITS@0x00001001000a0000: allocated 8192 Devices @807c0d60000 (indirect, esz 8, psz 64K, shr 1)
[    0.000000] ITS@0x00001001000a0000: allocated 32768 Interrupt Collections @807c0d70000 (flat, esz 2, psz 64K, shr 1)
[    0.000000] ITS [mem 0x1001000c0000-0x1001000dffff]
[    0.000000] ITS@0x00001001000c0000: allocated 8192 Devices @807c0d90000 (indirect, esz 8, psz 64K, shr 1)
[    0.000000] ITS@0x00001001000c0000: allocated 32768 Interrupt Collections @807c0da0000 (flat, esz 2, psz 64K, shr 1)
[    0.000000] ITS [mem 0x1001000e0000-0x1001000fffff]
[    0.000000] ITS@0x00001001000e0000: allocated 8192 Devices @807c0dc0000 (indirect, esz 8, psz 64K, shr 1)
[    0.000000] ITS@0x00001001000e0000: allocated 32768 Interrupt Collections @807c0dd0000 (flat, esz 2, psz 64K, shr 1)
[    0.000000] ITS [mem 0x100100100000-0x10010011ffff]
[    0.000000] ITS@0x0000100100100000: allocated 8192 Devices @807c0df0000 (indirect, esz 8, psz 64K, shr 1)
[    0.000000] ITS@0x0000100100100000: allocated 32768 Interrupt Collections @807c0e00000 (flat, esz 2, psz 64K, shr 1)
[    0.000000] ITS [mem 0x100100120000-0x10010013ffff]
[    0.000000] ITS@0x0000100100120000: allocated 8192 Devices @807c0e20000 (indirect, esz 8, psz 64K, shr 1)
[    0.000000] ITS@0x0000100100120000: allocated 32768 Interrupt Collections @807c0e30000 (flat, esz 2, psz 64K, shr 1)
[    0.000000] ITS [mem 0x500100080000-0x50010009ffff]
[    0.000000] ITS@0x0000500100080000: allocated 8192 Devices @807c0e50000 (indirect, esz 8, psz 64K, shr 1)
[    0.000000] ITS@0x0000500100080000: allocated 32768 Interrupt Collections @807c0e60000 (flat, esz 2, psz 64K, shr 1)
[    0.000000] ITS [mem 0x5001000a0000-0x5001000bffff]
[    0.000000] ITS@0x00005001000a0000: allocated 8192 Devices @807c0e80000 (indirect, esz 8, psz 64K, shr 1)
[    0.000000] ITS@0x00005001000a0000: allocated 32768 Interrupt Collections @807c0e90000 (flat, esz 2, psz 64K, shr 1)
[    0.000000] ITS [mem 0x5001000c0000-0x5001000dffff]
[    0.000000] ITS@0x00005001000c0000: allocated 8192 Devices @807c0eb0000 (indirect, esz 8, psz 64K, shr 1)
[    0.000000] ITS@0x00005001000c0000: allocated 32768 Interrupt Collections @807c0ec0000 (flat, esz 2, psz 64K, shr 1)
[    0.000000] ITS [mem 0x5001000e0000-0x5001000fffff]
[    0.000000] ITS@0x00005001000e0000: allocated 8192 Devices @807c0ee0000 (indirect, esz 8, psz 64K, shr 1)
[    0.000000] ITS@0x00005001000e0000: allocated 32768 Interrupt Collections @807c0ef0000 (flat, esz 2, psz 64K, shr 1)
[    0.000000] ITS [mem 0x500100100000-0x50010011ffff]
[    0.000000] ITS@0x0000500100100000: allocated 8192 Devices @807c0f10000 (indirect, esz 8, psz 64K, shr 1)
[    0.000000] ITS@0x0000500100100000: allocated 32768 Interrupt Collections @807c0f20000 (flat, esz 2, psz 64K, shr 1)
[    0.000000] ITS [mem 0x500100120000-0x50010013ffff]
[    0.000000] ITS@0x0000500100120000: allocated 8192 Devices @807c0f40000 (indirect, esz 8, psz 64K, shr 1)
[    0.000000] ITS@0x0000500100120000: allocated 32768 Interrupt Collections @807c0f50000 (flat, esz 2, psz 64K, shr 1)
[    0.000000] GICv3: using LPI property table @0x00000807c0f60000
[    0.000000] GICv3: CPU0: using allocated LPI pending table @0x00000807c0f80000
[    0.000000] ACPI GTDT: found 1 memory-mapped timer block(s).
[    0.000000] arch_timer: cp15 and mmio timer(s) running at 25.00MHz (phys/phys).
[    0.000000] clocksource: arch_sys_counter: mask: 0xffffffffffffff max_cycles: 0x5c40939b5, max_idle_ns: 440795202646 ns
[    0.000000] sched_clock: 56 bits at 25MHz, resolution 40ns, wraps every 4398046511100ns
[    0.000136] Console: colour dummy device 80x25
[    0.000230] mempolicy: Enabling automatic NUMA balancing. Configure with numa_balancing= or the kernel.numa_balancing sysctl
[    0.000250] ACPI: Core revision 20190703
[    0.000593] Calibrating delay loop (skipped), value calculated using timer frequency.. 50.00 BogoMIPS (lpj=250000)
[    0.000595] pid_max: default: 163840 minimum: 1280
[    0.000688] Security Framework initialized
[    0.000690] Yama: becoming mindful.
[    0.000693] SELinux:  Initializing.
[    0.002932] Dentry cache hash table entries: 4194304 (order: 9, 33554432 bytes)
[    0.004011] Inode-cache hash table entries: 2097152 (order: 8, 16777216 bytes)
[    0.004062] Mount-cache hash table entries: 65536 (order: 3, 524288 bytes)
[    0.004096] Mountpoint-cache hash table entries: 65536 (order: 3, 524288 bytes)
[    0.006040] ASID allocator initialised with 32768 entries
[    0.006056] rcu: Hierarchical SRCU implementation.
[    0.006287] Platform MSI: ITS@0x100100080000 domain created
[    0.006289] Platform MSI: ITS@0x1001000a0000 domain created
[    0.006291] Platform MSI: ITS@0x1001000c0000 domain created
[    0.006292] Platform MSI: ITS@0x1001000e0000 domain created
[    0.006293] Platform MSI: ITS@0x100100100000 domain created
[    0.006295] Platform MSI: ITS@0x100100120000 domain created
[    0.006296] Platform MSI: ITS@0x500100080000 domain created
[    0.006297] Platform MSI: ITS@0x5001000a0000 domain created
[    0.006298] Platform MSI: ITS@0x5001000c0000 domain created
[    0.006300] Platform MSI: ITS@0x5001000e0000 domain created
[    0.006301] Platform MSI: ITS@0x500100100000 domain created
[    0.006303] Platform MSI: ITS@0x500100120000 domain created
[    0.006307] PCI/MSI: ITS@0x100100080000 domain created
[    0.006308] PCI/MSI: ITS@0x1001000a0000 domain created
[    0.006309] PCI/MSI: ITS@0x1001000c0000 domain created
[    0.006311] PCI/MSI: ITS@0x1001000e0000 domain created
[    0.006312] PCI/MSI: ITS@0x100100100000 domain created
[    0.006313] PCI/MSI: ITS@0x100100120000 domain created
[    0.006314] PCI/MSI: ITS@0x500100080000 domain created
[    0.006315] PCI/MSI: ITS@0x5001000a0000 domain created
[    0.006316] PCI/MSI: ITS@0x5001000c0000 domain created
[    0.006318] PCI/MSI: ITS@0x5001000e0000 domain created
[    0.006319] PCI/MSI: ITS@0x500100100000 domain created
[    0.006320] PCI/MSI: ITS@0x500100120000 domain created
[    0.006325] Remapping and enabling EFI services.
[    0.012033] smp: Bringing up secondary CPUs ...
[    0.012254] Detected PIPT I-cache on CPU1
[    0.012270] GICv3: CPU1: found redistributor 1a0000 region 0:0x00001001007c0000
[    0.012279] GICv3: CPU1: using allocated LPI pending table @0x00000807c0f90000
[    0.012366] CPU1: Booted secondary processor 0x00001a0000 [0x413fd0c1]
[    0.012659] Detected PIPT I-cache on CPU2
[    0.012673] GICv3: CPU2: found redistributor 140000 region 0:0x0000100100640000
[    0.012680] GICv3: CPU2: using allocated LPI pending table @0x00000807c0fa0000
[    0.012770] CPU2: Booted secondary processor 0x0000140000 [0x413fd0c1]
[    0.013039] Detected PIPT I-cache on CPU3
[    0.013054] GICv3: CPU3: found redistributor 1c0000 region 0:0x0000100100840000
[    0.013061] GICv3: CPU3: using allocated LPI pending table @0x00000807c0fb0000
[    0.013151] CPU3: Booted secondary processor 0x00001c0000 [0x413fd0c1]
[    0.013366] Detected PIPT I-cache on CPU4
[    0.013378] GICv3: CPU4: found redistributor 100000 region 0:0x0000100100540000
[    0.013386] GICv3: CPU4: using allocated LPI pending table @0x00000807c0fc0000
[    0.013477] CPU4: Booted secondary processor 0x0000100000 [0x413fd0c1]
[    0.013708] Detected PIPT I-cache on CPU5
[    0.013722] GICv3: CPU5: found redistributor 180000 region 0:0x0000100100740000
[    0.013730] GICv3: CPU5: using allocated LPI pending table @0x00000807c0fd0000
[    0.013821] CPU5: Booted secondary processor 0x0000180000 [0x413fd0c1]
[    0.014121] Detected PIPT I-cache on CPU6
[    0.014135] GICv3: CPU6: found redistributor 160000 region 0:0x00001001006c0000
[    0.014143] GICv3: CPU6: using allocated LPI pending table @0x00000807c0fe0000
[    0.014235] CPU6: Booted secondary processor 0x0000160000 [0x413fd0c1]
[    0.014514] Detected PIPT I-cache on CPU7
[    0.014529] GICv3: CPU7: found redistributor 1e0000 region 0:0x00001001008c0000
[    0.014537] GICv3: CPU7: using allocated LPI pending table @0x00000807c0ff0000
[    0.014629] CPU7: Booted secondary processor 0x00001e0000 [0x413fd0c1]
[    0.014911] Detected PIPT I-cache on CPU8
[    0.014921] GICv3: CPU8: found redistributor a0000 region 0:0x00001001003c0000
[    0.014930] GICv3: CPU8: using allocated LPI pending table @0x00000807c1000000
[    0.015023] CPU8: Booted secondary processor 0x00000a0000 [0x413fd0c1]
[    0.015315] Detected PIPT I-cache on CPU9
[    0.015330] GICv3: CPU9: found redistributor 220000 region 0:0x00001001009c0000
[    0.015338] GICv3: CPU9: using allocated LPI pending table @0x00000807c1010000
[    0.015428] CPU9: Booted secondary processor 0x0000220000 [0x413fd0c1]
[    0.015716] Detected PIPT I-cache on CPU10
[    0.015727] GICv3: CPU10: found redistributor c0000 region 0:0x0000100100440000
[    0.015735] GICv3: CPU10: using allocated LPI pending table @0x00000807c1020000
[    0.015827] CPU10: Booted secondary processor 0x00000c0000 [0x413fd0c1]
[    0.016107] Detected PIPT I-cache on CPU11
[    0.016122] GICv3: CPU11: found redistributor 240000 region 0:0x0000100100a40000
[    0.016131] GICv3: CPU11: using allocated LPI pending table @0x00000807c1030000
[    0.016219] CPU11: Booted secondary processor 0x0000240000 [0x413fd0c1]
[    0.016506] Detected PIPT I-cache on CPU12
[    0.016516] GICv3: CPU12: found redistributor 80000 region 0:0x0000100100340000
[    0.016526] GICv3: CPU12: using allocated LPI pending table @0x00000807c1040000
[    0.016618] CPU12: Booted secondary processor 0x0000080000 [0x413fd0c1]
[    0.016907] Detected PIPT I-cache on CPU13
[    0.016922] GICv3: CPU13: found redistributor 200000 region 0:0x0000100100940000
[    0.016931] GICv3: CPU13: using allocated LPI pending table @0x00000807c1050000
[    0.017020] CPU13: Booted secondary processor 0x0000200000 [0x413fd0c1]
[    0.017307] Detected PIPT I-cache on CPU14
[    0.017319] GICv3: CPU14: found redistributor e0000 region 0:0x00001001004c0000
[    0.017328] GICv3: CPU14: using allocated LPI pending table @0x00000807c1060000
[    0.017421] CPU14: Booted secondary processor 0x00000e0000 [0x413fd0c1]
[    0.017773] Detected PIPT I-cache on CPU15
[    0.017789] GICv3: CPU15: found redistributor 260000 region 0:0x0000100100ac0000
[    0.017798] GICv3: CPU15: using allocated LPI pending table @0x00000807c1070000
[    0.017892] CPU15: Booted secondary processor 0x0000260000 [0x413fd0c1]
[    0.018119] Detected PIPT I-cache on CPU16
[    0.018128] GICv3: CPU16: found redistributor 20000 region 0:0x00001001001c0000
[    0.018138] GICv3: CPU16: using allocated LPI pending table @0x00000807c1080000
[    0.018232] CPU16: Booted secondary processor 0x0000020000 [0x413fd0c1]
[    0.018514] Detected PIPT I-cache on CPU17
[    0.018523] GICv3: CPU17: found redistributor 40000 region 0:0x0000100100240000
[    0.018533] GICv3: CPU17: using allocated LPI pending table @0x00000807c1090000
[    0.018629] CPU17: Booted secondary processor 0x0000040000 [0x413fd0c1]
[    0.018940] Detected PIPT I-cache on CPU18
[    0.018949] GICv3: CPU18: found redistributor 0 region 0:0x0000100100140000
[    0.018959] GICv3: CPU18: using allocated LPI pending table @0x00000807c10a0000
[    0.019054] CPU18: Booted secondary processor 0x0000000000 [0x413fd0c1]
[    0.019334] Detected PIPT I-cache on CPU19
[    0.019344] GICv3: CPU19: found redistributor 60000 region 0:0x00001001002c0000
[    0.019355] GICv3: CPU19: using allocated LPI pending table @0x00000807c10b0000
[    0.019452] CPU19: Booted secondary processor 0x0000060000 [0x413fd0c1]
[    0.019729] Detected PIPT I-cache on CPU20
[    0.019741] GICv3: CPU20: found redistributor 130000 region 0:0x0000100100600000
[    0.019750] GICv3: CPU20: using allocated LPI pending table @0x00000807c10c0000
[    0.019841] CPU20: Booted secondary processor 0x0000130000 [0x413fd0c1]
[    0.020112] Detected PIPT I-cache on CPU21
[    0.020125] GICv3: CPU21: found redistributor 1b0000 region 0:0x0000100100800000
[    0.020135] GICv3: CPU21: using allocated LPI pending table @0x00000807c10d0000
[    0.020225] CPU21: Booted secondary processor 0x00001b0000 [0x413fd0c1]
[    0.020516] Detected PIPT I-cache on CPU22
[    0.020529] GICv3: CPU22: found redistributor 150000 region 0:0x0000100100680000
[    0.020539] GICv3: CPU22: using allocated LPI pending table @0x00000807c10e0000
[    0.020631] CPU22: Booted secondary processor 0x0000150000 [0x413fd0c1]
[    0.020918] Detected PIPT I-cache on CPU23
[    0.020932] GICv3: CPU23: found redistributor 1d0000 region 0:0x0000100100880000
[    0.020941] GICv3: CPU23: using allocated LPI pending table @0x00000807c10f0000
[    0.021032] CPU23: Booted secondary processor 0x00001d0000 [0x413fd0c1]
[    0.021308] Detected PIPT I-cache on CPU24
[    0.021319] GICv3: CPU24: found redistributor 110000 region 0:0x0000100100580000
[    0.021330] GICv3: CPU24: using allocated LPI pending table @0x00000807c1100000
[    0.021421] CPU24: Booted secondary processor 0x0000110000 [0x413fd0c1]
[    0.021714] Detected PIPT I-cache on CPU25
[    0.021728] GICv3: CPU25: found redistributor 190000 region 0:0x0000100100780000
[    0.021738] GICv3: CPU25: using allocated LPI pending table @0x00000807c1110000
[    0.021829] CPU25: Booted secondary processor 0x0000190000 [0x413fd0c1]
[    0.022114] Detected PIPT I-cache on CPU26
[    0.022128] GICv3: CPU26: found redistributor 170000 region 0:0x0000100100700000
[    0.022138] GICv3: CPU26: using allocated LPI pending table @0x00000807c1120000
[    0.022232] CPU26: Booted secondary processor 0x0000170000 [0x413fd0c1]
[    0.022515] Detected PIPT I-cache on CPU27
[    0.022530] GICv3: CPU27: found redistributor 1f0000 region 0:0x0000100100900000
[    0.022540] GICv3: CPU27: using allocated LPI pending table @0x00000807c1130000
[    0.022634] CPU27: Booted secondary processor 0x00001f0000 [0x413fd0c1]
[    0.022911] Detected PIPT I-cache on CPU28
[    0.022922] GICv3: CPU28: found redistributor b0000 region 0:0x0000100100400000
[    0.022932] GICv3: CPU28: using allocated LPI pending table @0x00000807c1140000
[    0.023027] CPU28: Booted secondary processor 0x00000b0000 [0x413fd0c1]
[    0.023318] Detected PIPT I-cache on CPU29
[    0.023333] GICv3: CPU29: found redistributor 230000 region 0:0x0000100100a00000
[    0.023343] GICv3: CPU29: using allocated LPI pending table @0x00000807c1150000
[    0.023435] CPU29: Booted secondary processor 0x0000230000 [0x413fd0c1]
[    0.023704] Detected PIPT I-cache on CPU30
[    0.023715] GICv3: CPU30: found redistributor d0000 region 0:0x0000100100480000
[    0.023726] GICv3: CPU30: using allocated LPI pending table @0x00000807c1160000
[    0.023820] CPU30: Booted secondary processor 0x00000d0000 [0x413fd0c1]
[    0.024109] Detected PIPT I-cache on CPU31
[    0.024124] GICv3: CPU31: found redistributor 250000 region 0:0x0000100100a80000
[    0.024135] GICv3: CPU31: using allocated LPI pending table @0x00000807c1170000
[    0.024228] CPU31: Booted secondary processor 0x0000250000 [0x413fd0c1]
[    0.024509] Detected PIPT I-cache on CPU32
[    0.024520] GICv3: CPU32: found redistributor 90000 region 0:0x0000100100380000
[    0.024531] GICv3: CPU32: using allocated LPI pending table @0x00000807c1180000
[    0.024625] CPU32: Booted secondary processor 0x0000090000 [0x413fd0c1]
[    0.024916] Detected PIPT I-cache on CPU33
[    0.024931] GICv3: CPU33: found redistributor 210000 region 0:0x0000100100980000
[    0.024942] GICv3: CPU33: using allocated LPI pending table @0x00000807c1190000
[    0.025034] CPU33: Booted secondary processor 0x0000210000 [0x413fd0c1]
[    0.025317] Detected PIPT I-cache on CPU34
[    0.025329] GICv3: CPU34: found redistributor f0000 region 0:0x0000100100500000
[    0.025340] GICv3: CPU34: using allocated LPI pending table @0x00000807c11a0000
[    0.025434] CPU34: Booted secondary processor 0x00000f0000 [0x413fd0c1]
[    0.025715] Detected PIPT I-cache on CPU35
[    0.025731] GICv3: CPU35: found redistributor 270000 region 0:0x0000100100b00000
[    0.025742] GICv3: CPU35: using allocated LPI pending table @0x00000807c11b0000
[    0.025836] CPU35: Booted secondary processor 0x0000270000 [0x413fd0c1]
[    0.026110] Detected PIPT I-cache on CPU36
[    0.026120] GICv3: CPU36: found redistributor 30000 region 0:0x0000100100200000
[    0.026131] GICv3: CPU36: using allocated LPI pending table @0x00000807c11c0000
[    0.026228] CPU36: Booted secondary processor 0x0000030000 [0x413fd0c1]
[    0.026512] Detected PIPT I-cache on CPU37
[    0.026522] GICv3: CPU37: found redistributor 50000 region 0:0x0000100100280000
[    0.026534] GICv3: CPU37: using allocated LPI pending table @0x00000807c11d0000
[    0.026632] CPU37: Booted secondary processor 0x0000050000 [0x413fd0c1]
[    0.026914] Detected PIPT I-cache on CPU38
[    0.026923] GICv3: CPU38: found redistributor 10000 region 0:0x0000100100180000
[    0.026935] GICv3: CPU38: using allocated LPI pending table @0x00000807c11e0000
[    0.027030] CPU38: Booted secondary processor 0x0000010000 [0x413fd0c1]
[    0.027309] Detected PIPT I-cache on CPU39
[    0.027319] GICv3: CPU39: found redistributor 70000 region 0:0x0000100100300000
[    0.027331] GICv3: CPU39: using allocated LPI pending table @0x00000807c11f0000
[    0.027429] CPU39: Booted secondary processor 0x0000070000 [0x413fd0c1]
[    0.027765] Detected PIPT I-cache on CPU40
[    0.027777] GICv3: CPU40: found redistributor 120100 region 0:0x00001001005e0000
[    0.027788] GICv3: CPU40: using allocated LPI pending table @0x00000807c1200000
[    0.027883] CPU40: Booted secondary processor 0x0000120100 [0x413fd0c1]
[    0.028105] Detected PIPT I-cache on CPU41
[    0.028119] GICv3: CPU41: found redistributor 1a0100 region 0:0x00001001007e0000
[    0.028130] GICv3: CPU41: using allocated LPI pending table @0x00000807c1210000
[    0.028222] CPU41: Booted secondary processor 0x00001a0100 [0x413fd0c1]
[    0.028511] Detected PIPT I-cache on CPU42
[    0.028524] GICv3: CPU42: found redistributor 140100 region 0:0x0000100100660000
[    0.028536] GICv3: CPU42: using allocated LPI pending table @0x00000807c1220000
[    0.028630] CPU42: Booted secondary processor 0x0000140100 [0x413fd0c1]
[    0.028914] Detected PIPT I-cache on CPU43
[    0.028928] GICv3: CPU43: found redistributor 1c0100 region 0:0x0000100100860000
[    0.028939] GICv3: CPU43: using allocated LPI pending table @0x00000807c1230000
[    0.029030] CPU43: Booted secondary processor 0x00001c0100 [0x413fd0c1]
[    0.029314] Detected PIPT I-cache on CPU44
[    0.029326] GICv3: CPU44: found redistributor 100100 region 0:0x0000100100560000
[    0.029338] GICv3: CPU44: using allocated LPI pending table @0x00000807c1240000
[    0.029431] CPU44: Booted secondary processor 0x0000100100 [0x413fd0c1]
[    0.029706] Detected PIPT I-cache on CPU45
[    0.029720] GICv3: CPU45: found redistributor 180100 region 0:0x0000100100760000
[    0.029732] GICv3: CPU45: using allocated LPI pending table @0x00000807c1250000
[    0.029825] CPU45: Booted secondary processor 0x0000180100 [0x413fd0c1]
[    0.030114] Detected PIPT I-cache on CPU46
[    0.030127] GICv3: CPU46: found redistributor 160100 region 0:0x00001001006e0000
[    0.030139] GICv3: CPU46: using allocated LPI pending table @0x00000807c1260000
[    0.030234] CPU46: Booted secondary processor 0x0000160100 [0x413fd0c1]
[    0.030517] Detected PIPT I-cache on CPU47
[    0.030533] GICv3: CPU47: found redistributor 1e0100 region 0:0x00001001008e0000
[    0.030545] GICv3: CPU47: using allocated LPI pending table @0x00000807c1270000
[    0.030641] CPU47: Booted secondary processor 0x00001e0100 [0x413fd0c1]
[    0.030904] Detected PIPT I-cache on CPU48
[    0.030915] GICv3: CPU48: found redistributor a0100 region 0:0x00001001003e0000
[    0.030927] GICv3: CPU48: using allocated LPI pending table @0x00000807c1280000
[    0.031022] CPU48: Booted secondary processor 0x00000a0100 [0x413fd0c1]
[    0.031314] Detected PIPT I-cache on CPU49
[    0.031328] GICv3: CPU49: found redistributor 220100 region 0:0x00001001009e0000
[    0.031341] GICv3: CPU49: using allocated LPI pending table @0x00000807c1290000
[    0.031434] CPU49: Booted secondary processor 0x0000220100 [0x413fd0c1]
[    0.031716] Detected PIPT I-cache on CPU50
[    0.031728] GICv3: CPU50: found redistributor c0100 region 0:0x0000100100460000
[    0.031740] GICv3: CPU50: using allocated LPI pending table @0x00000807c12a0000
[    0.031837] CPU50: Booted secondary processor 0x00000c0100 [0x413fd0c1]
[    0.032112] Detected PIPT I-cache on CPU51
[    0.032127] GICv3: CPU51: found redistributor 240100 region 0:0x0000100100a60000
[    0.032139] GICv3: CPU51: using allocated LPI pending table @0x00000807c12b0000
[    0.032234] CPU51: Booted secondary processor 0x0000240100 [0x413fd0c1]
[    0.032507] Detected PIPT I-cache on CPU52
[    0.032517] GICv3: CPU52: found redistributor 80100 region 0:0x0000100100360000
[    0.032530] GICv3: CPU52: using allocated LPI pending table @0x00000807c12c0000
[    0.032626] CPU52: Booted secondary processor 0x0000080100 [0x413fd0c1]
[    0.032914] Detected PIPT I-cache on CPU53
[    0.032929] GICv3: CPU53: found redistributor 200100 region 0:0x0000100100960000
[    0.032942] GICv3: CPU53: using allocated LPI pending table @0x00000807c12d0000
[    0.033035] CPU53: Booted secondary processor 0x0000200100 [0x413fd0c1]
[    0.033317] Detected PIPT I-cache on CPU54
[    0.033329] GICv3: CPU54: found redistributor e0100 region 0:0x00001001004e0000
[    0.033343] GICv3: CPU54: using allocated LPI pending table @0x00000807c12e0000
[    0.033438] CPU54: Booted secondary processor 0x00000e0100 [0x413fd0c1]
[    0.033714] Detected PIPT I-cache on CPU55
[    0.033731] GICv3: CPU55: found redistributor 260100 region 0:0x0000100100ae0000
[    0.033744] GICv3: CPU55: using allocated LPI pending table @0x00000807c12f0000
[    0.033837] CPU55: Booted secondary processor 0x0000260100 [0x413fd0c1]
[    0.034115] Detected PIPT I-cache on CPU56
[    0.034124] GICv3: CPU56: found redistributor 20100 region 0:0x00001001001e0000
[    0.034138] GICv3: CPU56: using allocated LPI pending table @0x00000807c1300000
[    0.034235] CPU56: Booted secondary processor 0x0000020100 [0x413fd0c1]
[    0.034504] Detected PIPT I-cache on CPU57
[    0.034514] GICv3: CPU57: found redistributor 40100 region 0:0x0000100100260000
[    0.034528] GICv3: CPU57: using allocated LPI pending table @0x00000807c1310000
[    0.034626] CPU57: Booted secondary processor 0x0000040100 [0x413fd0c1]
[    0.034911] Detected PIPT I-cache on CPU58
[    0.034920] GICv3: CPU58: found redistributor 100 region 0:0x0000100100160000
[    0.034934] GICv3: CPU58: using allocated LPI pending table @0x00000807c1320000
[    0.035031] CPU58: Booted secondary processor 0x0000000100 [0x413fd0c1]
[    0.035317] Detected PIPT I-cache on CPU59
[    0.035327] GICv3: CPU59: found redistributor 60100 region 0:0x00001001002e0000
[    0.035341] GICv3: CPU59: using allocated LPI pending table @0x00000807c1330000
[    0.035441] CPU59: Booted secondary processor 0x0000060100 [0x413fd0c1]
[    0.035711] Detected PIPT I-cache on CPU60
[    0.035724] GICv3: CPU60: found redistributor 130100 region 0:0x0000100100620000
[    0.035737] GICv3: CPU60: using allocated LPI pending table @0x00000807c1340000
[    0.035832] CPU60: Booted secondary processor 0x0000130100 [0x413fd0c1]
[    0.036116] Detected PIPT I-cache on CPU61
[    0.036130] GICv3: CPU61: found redistributor 1b0100 region 0:0x0000100100820000
[    0.036143] GICv3: CPU61: using allocated LPI pending table @0x00000807c1350000
[    0.036238] CPU61: Booted secondary processor 0x00001b0100 [0x413fd0c1]
[    0.036520] Detected PIPT I-cache on CPU62
[    0.036533] GICv3: CPU62: found redistributor 150100 region 0:0x00001001006a0000
[    0.036547] GICv3: CPU62: using allocated LPI pending table @0x00000807c1360000
[    0.036642] CPU62: Booted secondary processor 0x0000150100 [0x413fd0c1]
[    0.036917] Detected PIPT I-cache on CPU63
[    0.036931] GICv3: CPU63: found redistributor 1d0100 region 0:0x00001001008a0000
[    0.036945] GICv3: CPU63: using allocated LPI pending table @0x00000807c1370000
[    0.037041] CPU63: Booted secondary processor 0x00001d0100 [0x413fd0c1]
[    0.037315] Detected PIPT I-cache on CPU64
[    0.037327] GICv3: CPU64: found redistributor 110100 region 0:0x00001001005a0000
[    0.037341] GICv3: CPU64: using allocated LPI pending table @0x00000807c1380000
[    0.037436] CPU64: Booted secondary processor 0x0000110100 [0x413fd0c1]
[    0.037895] Detected PIPT I-cache on CPU65
[    0.037909] GICv3: CPU65: found redistributor 190100 region 0:0x00001001007a0000
[    0.037923] GICv3: CPU65: using allocated LPI pending table @0x00000807c1390000
[    0.038017] CPU65: Booted secondary processor 0x0000190100 [0x413fd0c1]
[    0.038313] Detected PIPT I-cache on CPU66
[    0.038327] GICv3: CPU66: found redistributor 170100 region 0:0x0000100100720000
[    0.038341] GICv3: CPU66: using allocated LPI pending table @0x00000807c13a0000
[    0.038437] CPU66: Booted secondary processor 0x0000170100 [0x413fd0c1]
[    0.038720] Detected PIPT I-cache on CPU67
[    0.038735] GICv3: CPU67: found redistributor 1f0100 region 0:0x0000100100920000
[    0.038750] GICv3: CPU67: using allocated LPI pending table @0x00000807c13b0000
[    0.038844] CPU67: Booted secondary processor 0x00001f0100 [0x413fd0c1]
[    0.039115] Detected PIPT I-cache on CPU68
[    0.039126] GICv3: CPU68: found redistributor b0100 region 0:0x0000100100420000
[    0.039140] GICv3: CPU68: using allocated LPI pending table @0x00000807c13c0000
[    0.039237] CPU68: Booted secondary processor 0x00000b0100 [0x413fd0c1]
[    0.039520] Detected PIPT I-cache on CPU69
[    0.039535] GICv3: CPU69: found redistributor 230100 region 0:0x0000100100a20000
[    0.039550] GICv3: CPU69: using allocated LPI pending table @0x00000807c13d0000
[    0.039644] CPU69: Booted secondary processor 0x0000230100 [0x413fd0c1]
[    0.039913] Detected PIPT I-cache on CPU70
[    0.039924] GICv3: CPU70: found redistributor d0100 region 0:0x00001001004a0000
[    0.039939] GICv3: CPU70: using allocated LPI pending table @0x00000807c13e0000
[    0.040036] CPU70: Booted secondary processor 0x00000d0100 [0x413fd0c1]
[    0.040318] Detected PIPT I-cache on CPU71
[    0.040334] GICv3: CPU71: found redistributor 250100 region 0:0x0000100100aa0000
[    0.040348] GICv3: CPU71: using allocated LPI pending table @0x00000807c13f0000
[    0.040442] CPU71: Booted secondary processor 0x0000250100 [0x413fd0c1]
[    0.040708] Detected PIPT I-cache on CPU72
[    0.040719] GICv3: CPU72: found redistributor 90100 region 0:0x00001001003a0000
[    0.040734] GICv3: CPU72: using allocated LPI pending table @0x00000807c1400000
[    0.040831] CPU72: Booted secondary processor 0x0000090100 [0x413fd0c1]
[    0.041120] Detected PIPT I-cache on CPU73
[    0.041135] GICv3: CPU73: found redistributor 210100 region 0:0x00001001009a0000
[    0.041150] GICv3: CPU73: using allocated LPI pending table @0x00000807c1410000
[    0.041246] CPU73: Booted secondary processor 0x0000210100 [0x413fd0c1]
[    0.041523] Detected PIPT I-cache on CPU74
[    0.041535] GICv3: CPU74: found redistributor f0100 region 0:0x0000100100520000
[    0.041551] GICv3: CPU74: using allocated LPI pending table @0x00000807c1420000
[    0.041648] CPU74: Booted secondary processor 0x00000f0100 [0x413fd0c1]
[    0.041921] Detected PIPT I-cache on CPU75
[    0.041937] GICv3: CPU75: found redistributor 270100 region 0:0x0000100100b20000
[    0.041952] GICv3: CPU75: using allocated LPI pending table @0x00000807c1430000
[    0.042049] CPU75: Booted secondary processor 0x0000270100 [0x413fd0c1]
[    0.042318] Detected PIPT I-cache on CPU76
[    0.042327] GICv3: CPU76: found redistributor 30100 region 0:0x0000100100220000
[    0.042343] GICv3: CPU76: using allocated LPI pending table @0x00000807c1440000
[    0.042441] CPU76: Booted secondary processor 0x0000030100 [0x413fd0c1]
[    0.042714] Detected PIPT I-cache on CPU77
[    0.042724] GICv3: CPU77: found redistributor 50100 region 0:0x00001001002a0000
[    0.042740] GICv3: CPU77: using allocated LPI pending table @0x00000807c1450000
[    0.042838] CPU77: Booted secondary processor 0x0000050100 [0x413fd0c1]
[    0.043115] Detected PIPT I-cache on CPU78
[    0.043124] GICv3: CPU78: found redistributor 10100 region 0:0x00001001001a0000
[    0.043140] GICv3: CPU78: using allocated LPI pending table @0x00000807c1460000
[    0.043239] CPU78: Booted secondary processor 0x0000010100 [0x413fd0c1]
[    0.043513] Detected PIPT I-cache on CPU79
[    0.043523] GICv3: CPU79: found redistributor 70100 region 0:0x0000100100320000
[    0.043539] GICv3: CPU79: using allocated LPI pending table @0x00000807c1470000
[    0.043638] CPU79: Booted secondary processor 0x0000070100 [0x413fd0c1]
[    0.044673] Detected PIPT I-cache on CPU80
[    0.044799] GICv3: CPU80: found redistributor 100120000 region 1:0x00005001005c0000
[    0.044916] GICv3: CPU80: using allocated LPI pending table @0x00000807c1480000
[    0.045066] CPU80: Booted secondary processor 0x0100120000 [0x413fd0c1]
[    0.046699] Detected PIPT I-cache on CPU81
[    0.046831] GICv3: CPU81: found redistributor 1001a0000 region 1:0x00005001007c0000
[    0.046952] GICv3: CPU81: using allocated LPI pending table @0x00000807c1490000
[    0.047128] CPU81: Booted secondary processor 0x01001a0000 [0x413fd0c1]
[    0.048608] Detected PIPT I-cache on CPU82
[    0.048733] GICv3: CPU82: found redistributor 100140000 region 1:0x0000500100640000
[    0.048854] GICv3: CPU82: using allocated LPI pending table @0x00000807c14a0000
[    0.049024] CPU82: Booted secondary processor 0x0100140000 [0x413fd0c1]
[    0.050504] Detected PIPT I-cache on CPU83
[    0.050637] GICv3: CPU83: found redistributor 1001c0000 region 1:0x0000500100840000
[    0.050762] GICv3: CPU83: using allocated LPI pending table @0x00000807c14b0000
[    0.050944] CPU83: Booted secondary processor 0x01001c0000 [0x413fd0c1]
[    0.052411] Detected PIPT I-cache on CPU84
[    0.052535] GICv3: CPU84: found redistributor 100100000 region 1:0x0000500100540000
[    0.052660] GICv3: CPU84: using allocated LPI pending table @0x00000807c14c0000
[    0.052829] CPU84: Booted secondary processor 0x0100100000 [0x413fd0c1]
[    0.054296] Detected PIPT I-cache on CPU85
[    0.054424] GICv3: CPU85: found redistributor 100180000 region 1:0x0000500100740000
[    0.054550] GICv3: CPU85: using allocated LPI pending table @0x00000807c14d0000
[    0.054731] CPU85: Booted secondary processor 0x0100180000 [0x413fd0c1]
[    0.056212] Detected PIPT I-cache on CPU86
[    0.056342] GICv3: CPU86: found redistributor 100160000 region 1:0x00005001006c0000
[    0.056468] GICv3: CPU86: using allocated LPI pending table @0x00000807c14e0000
[    0.056642] CPU86: Booted secondary processor 0x0100160000 [0x413fd0c1]
[    0.058105] Detected PIPT I-cache on CPU87
[    0.058236] GICv3: CPU87: found redistributor 1001e0000 region 1:0x00005001008c0000
[    0.058368] GICv3: CPU87: using allocated LPI pending table @0x00000807c14f0000
[    0.058552] CPU87: Booted secondary processor 0x01001e0000 [0x413fd0c1]
[    0.060069] Detected PIPT I-cache on CPU88
[    0.060193] GICv3: CPU88: found redistributor 1000a0000 region 1:0x00005001003c0000
[    0.060320] GICv3: CPU88: using allocated LPI pending table @0x00000807c1500000
[    0.060487] CPU88: Booted secondary processor 0x01000a0000 [0x413fd0c1]
[    0.062003] Detected PIPT I-cache on CPU89
[    0.062138] GICv3: CPU89: found redistributor 100220000 region 1:0x00005001009c0000
[    0.062271] GICv3: CPU89: using allocated LPI pending table @0x00000807c1510000
[    0.062457] CPU89: Booted secondary processor 0x0100220000 [0x413fd0c1]
[    0.063919] Detected PIPT I-cache on CPU90
[    0.064043] GICv3: CPU90: found redistributor 1000c0000 region 1:0x0000500100440000
[    0.064175] GICv3: CPU90: using allocated LPI pending table @0x00000807c1520000
[    0.064350] CPU90: Booted secondary processor 0x01000c0000 [0x413fd0c1]
[    0.065808] Detected PIPT I-cache on CPU91
[    0.065938] GICv3: CPU91: found redistributor 100240000 region 1:0x0000500100a40000
[    0.066075] GICv3: CPU91: using allocated LPI pending table @0x00000807c1530000
[    0.066262] CPU91: Booted secondary processor 0x0100240000 [0x413fd0c1]
[    0.067731] Detected PIPT I-cache on CPU92
[    0.067850] GICv3: CPU92: found redistributor 100080000 region 1:0x0000500100340000
[    0.067986] GICv3: CPU92: using allocated LPI pending table @0x00000807c1540000
[    0.068157] CPU92: Booted secondary processor 0x0100080000 [0x413fd0c1]
[    0.069675] Detected PIPT I-cache on CPU93
[    0.069809] GICv3: CPU93: found redistributor 100200000 region 1:0x0000500100940000
[    0.069945] GICv3: CPU93: using allocated LPI pending table @0x00000807c1550000
[    0.070134] CPU93: Booted secondary processor 0x0100200000 [0x413fd0c1]
[    0.071609] Detected PIPT I-cache on CPU94
[    0.071734] GICv3: CPU94: found redistributor 1000e0000 region 1:0x00005001004c0000
[    0.071870] GICv3: CPU94: using allocated LPI pending table @0x00000807c1560000
[    0.072050] CPU94: Booted secondary processor 0x01000e0000 [0x413fd0c1]
[    0.073511] Detected PIPT I-cache on CPU95
[    0.073651] GICv3: CPU95: found redistributor 100260000 region 1:0x0000500100ac0000
[    0.073792] GICv3: CPU95: using allocated LPI pending table @0x00000807c1570000
[    0.073983] CPU95: Booted secondary processor 0x0100260000 [0x413fd0c1]
[    0.075470] Detected PIPT I-cache on CPU96
[    0.075592] GICv3: CPU96: found redistributor 100020000 region 1:0x00005001001c0000
[    0.075730] GICv3: CPU96: using allocated LPI pending table @0x00000807c1580000
[    0.075901] CPU96: Booted secondary processor 0x0100020000 [0x413fd0c1]
[    0.077405] Detected PIPT I-cache on CPU97
[    0.077525] GICv3: CPU97: found redistributor 100040000 region 1:0x0000500100240000
[    0.077670] GICv3: CPU97: using allocated LPI pending table @0x00000807c1590000
[    0.077862] CPU97: Booted secondary processor 0x0100040000 [0x413fd0c1]
[    0.079319] Detected PIPT I-cache on CPU98
[    0.079436] GICv3: CPU98: found redistributor 100000000 region 1:0x0000500100140000
[    0.079579] GICv3: CPU98: using allocated LPI pending table @0x00000807c15a0000
[    0.079760] CPU98: Booted secondary processor 0x0100000000 [0x413fd0c1]
[    0.081273] Detected PIPT I-cache on CPU99
[    0.081396] GICv3: CPU99: found redistributor 100060000 region 1:0x00005001002c0000
[    0.081540] GICv3: CPU99: using allocated LPI pending table @0x00000807c15b0000
[    0.081732] CPU99: Booted secondary processor 0x0100060000 [0x413fd0c1]
[    0.083211] Detected PIPT I-cache on CPU100
[    0.083339] GICv3: CPU100: found redistributor 100130000 region 1:0x0000500100600000
[    0.083486] GICv3: CPU100: using allocated LPI pending table @0x00000807c15c0000
[    0.083660] CPU100: Booted secondary processor 0x0100130000 [0x413fd0c1]
[    0.085135] Detected PIPT I-cache on CPU101
[    0.085264] GICv3: CPU101: found redistributor 1001b0000 region 1:0x0000500100800000
[    0.085411] GICv3: CPU101: using allocated LPI pending table @0x00000807c15d0000
[    0.085605] CPU101: Booted secondary processor 0x01001b0000 [0x413fd0c1]
[    0.087078] Detected PIPT I-cache on CPU102
[    0.087205] GICv3: CPU102: found redistributor 100150000 region 1:0x0000500100680000
[    0.087354] GICv3: CPU102: using allocated LPI pending table @0x00000807c15e0000
[    0.087540] CPU102: Booted secondary processor 0x0100150000 [0x413fd0c1]
[    0.089081] Detected PIPT I-cache on CPU103
[    0.089214] GICv3: CPU103: found redistributor 1001d0000 region 1:0x0000500100880000
[    0.089368] GICv3: CPU103: using allocated LPI pending table @0x00000807c15f0000
[    0.089562] CPU103: Booted secondary processor 0x01001d0000 [0x413fd0c1]
[    0.091079] Detected PIPT I-cache on CPU104
[    0.091206] GICv3: CPU104: found redistributor 100110000 region 1:0x0000500100580000
[    0.091364] GICv3: CPU104: using allocated LPI pending table @0x00000807c1600000
[    0.091538] CPU104: Booted secondary processor 0x0100110000 [0x413fd0c1]
[    0.093078] Detected PIPT I-cache on CPU105
[    0.093209] GICv3: CPU105: found redistributor 100190000 region 1:0x0000500100780000
[    0.093362] GICv3: CPU105: using allocated LPI pending table @0x00000807c1610000
[    0.093561] CPU105: Booted secondary processor 0x0100190000 [0x413fd0c1]
[    0.095139] Detected PIPT I-cache on CPU106
[    0.095267] GICv3: CPU106: found redistributor 100170000 region 1:0x0000500100700000
[    0.095425] GICv3: CPU106: using allocated LPI pending table @0x00000807c1620000
[    0.095616] CPU106: Booted secondary processor 0x0100170000 [0x413fd0c1]
[    0.097093] Detected PIPT I-cache on CPU107
[    0.097227] GICv3: CPU107: found redistributor 1001f0000 region 1:0x0000500100900000
[    0.097384] GICv3: CPU107: using allocated LPI pending table @0x00000807c1630000
[    0.097582] CPU107: Booted secondary processor 0x01001f0000 [0x413fd0c1]
[    0.099072] Detected PIPT I-cache on CPU108
[    0.099196] GICv3: CPU108: found redistributor 1000b0000 region 1:0x0000500100400000
[    0.099356] GICv3: CPU108: using allocated LPI pending table @0x00000807c1640000
[    0.099537] CPU108: Booted secondary processor 0x01000b0000 [0x413fd0c1]
[    0.101087] Detected PIPT I-cache on CPU109
[    0.101222] GICv3: CPU109: found redistributor 100230000 region 1:0x0000500100a00000
[    0.101382] GICv3: CPU109: using allocated LPI pending table @0x00000807c1650000
[    0.101579] CPU109: Booted secondary processor 0x0100230000 [0x413fd0c1]
[    0.103072] Detected PIPT I-cache on CPU110
[    0.103193] GICv3: CPU110: found redistributor 1000d0000 region 1:0x0000500100480000
[    0.103355] GICv3: CPU110: using allocated LPI pending table @0x00000807c1660000
[    0.103544] CPU110: Booted secondary processor 0x01000d0000 [0x413fd0c1]
[    0.105091] Detected PIPT I-cache on CPU111
[    0.105227] GICv3: CPU111: found redistributor 100250000 region 1:0x0000500100a80000
[    0.105398] GICv3: CPU111: using allocated LPI pending table @0x00000807c1670000
[    0.105599] CPU111: Booted secondary processor 0x0100250000 [0x413fd0c1]
[    0.107079] Detected PIPT I-cache on CPU112
[    0.107201] GICv3: CPU112: found redistributor 100090000 region 1:0x0000500100380000
[    0.107366] GICv3: CPU112: using allocated LPI pending table @0x00000807c1680000
[    0.107552] CPU112: Booted secondary processor 0x0100090000 [0x413fd0c1]
[    0.109019] Detected PIPT I-cache on CPU113
[    0.109151] GICv3: CPU113: found redistributor 100210000 region 1:0x0000500100980000
[    0.109322] GICv3: CPU113: using allocated LPI pending table @0x00000807c1690000
[    0.109525] CPU113: Booted secondary processor 0x0100210000 [0x413fd0c1]
[    0.111068] Detected PIPT I-cache on CPU114
[    0.111193] GICv3: CPU114: found redistributor 1000f0000 region 1:0x0000500100500000
[    0.111358] GICv3: CPU114: using allocated LPI pending table @0x00000807c16a0000
[    0.111547] CPU114: Booted secondary processor 0x01000f0000 [0x413fd0c1]
[    0.113087] Detected PIPT I-cache on CPU115
[    0.113226] GICv3: CPU115: found redistributor 100270000 region 1:0x0000500100b00000
[    0.113394] GICv3: CPU115: using allocated LPI pending table @0x00000807c16b0000
[    0.113601] CPU115: Booted secondary processor 0x0100270000 [0x413fd0c1]
[    0.115121] Detected PIPT I-cache on CPU116
[    0.115239] GICv3: CPU116: found redistributor 100030000 region 1:0x0000500100200000
[    0.115404] GICv3: CPU116: using allocated LPI pending table @0x00000807c16c0000
[    0.115593] CPU116: Booted secondary processor 0x0100030000 [0x413fd0c1]
[    0.117061] Detected PIPT I-cache on CPU117
[    0.117183] GICv3: CPU117: found redistributor 100050000 region 1:0x0000500100280000
[    0.117346] GICv3: CPU117: using allocated LPI pending table @0x00000807c16d0000
[    0.117551] CPU117: Booted secondary processor 0x0100050000 [0x413fd0c1]
[    0.119067] Detected PIPT I-cache on CPU118
[    0.119183] GICv3: CPU118: found redistributor 100010000 region 1:0x0000500100180000
[    0.119349] GICv3: CPU118: using allocated LPI pending table @0x00000807c16e0000
[    0.119544] CPU118: Booted secondary processor 0x0100010000 [0x413fd0c1]
[    0.121075] Detected PIPT I-cache on CPU119
[    0.121197] GICv3: CPU119: found redistributor 100070000 region 1:0x0000500100300000
[    0.121366] GICv3: CPU119: using allocated LPI pending table @0x00000807c16f0000
[    0.121575] CPU119: Booted secondary processor 0x0100070000 [0x413fd0c1]
[    0.123036] Detected PIPT I-cache on CPU120
[    0.123135] GICv3: CPU120: found redistributor 100120100 region 1:0x00005001005e0000
[    0.123214] GICv3: CPU120: using allocated LPI pending table @0x00000807c1700000
[    0.123369] CPU120: Booted secondary processor 0x0100120100 [0x413fd0c1]
[    0.124708] Detected PIPT I-cache on CPU121
[    0.124806] GICv3: CPU121: found redistributor 1001a0100 region 1:0x00005001007e0000
[    0.124884] GICv3: CPU121: using allocated LPI pending table @0x00000807c1710000
[    0.125055] CPU121: Booted secondary processor 0x01001a0100 [0x413fd0c1]
[    0.126438] Detected PIPT I-cache on CPU122
[    0.126538] GICv3: CPU122: found redistributor 100140100 region 1:0x0000500100660000
[    0.126616] GICv3: CPU122: using allocated LPI pending table @0x00000807c1720000
[    0.126781] CPU122: Booted secondary processor 0x0100140100 [0x413fd0c1]
[    0.128245] Detected PIPT I-cache on CPU123
[    0.128346] GICv3: CPU123: found redistributor 1001c0100 region 1:0x0000500100860000
[    0.128426] GICv3: CPU123: using allocated LPI pending table @0x00000807c1730000
[    0.128599] CPU123: Booted secondary processor 0x01001c0100 [0x413fd0c1]
[    0.130044] Detected PIPT I-cache on CPU124
[    0.130143] GICv3: CPU124: found redistributor 100100100 region 1:0x0000500100560000
[    0.130222] GICv3: CPU124: using allocated LPI pending table @0x00000807c1740000
[    0.130382] CPU124: Booted secondary processor 0x0100100100 [0x413fd0c1]
[    0.131847] Detected PIPT I-cache on CPU125
[    0.131946] GICv3: CPU125: found redistributor 100180100 region 1:0x0000500100760000
[    0.132027] GICv3: CPU125: using allocated LPI pending table @0x00000807c1750000
[    0.132201] CPU125: Booted secondary processor 0x0100180100 [0x413fd0c1]
[    0.133632] Detected PIPT I-cache on CPU126
[    0.133731] GICv3: CPU126: found redistributor 100160100 region 1:0x00005001006e0000
[    0.133809] GICv3: CPU126: using allocated LPI pending table @0x00000807c1760000
[    0.133976] CPU126: Booted secondary processor 0x0100160100 [0x413fd0c1]
[    0.135438] Detected PIPT I-cache on CPU127
[    0.135539] GICv3: CPU127: found redistributor 1001e0100 region 1:0x00005001008e0000
[    0.135672] GICv3: CPU127: using allocated LPI pending table @0x00000807c1770000
[    0.135850] CPU127: Booted secondary processor 0x01001e0100 [0x413fd0c1]
[    0.137245] Detected PIPT I-cache on CPU128
[    0.137340] GICv3: CPU128: found redistributor 1000a0100 region 1:0x00005001003e0000
[    0.137419] GICv3: CPU128: using allocated LPI pending table @0x00000807c1780000
[    0.137583] CPU128: Booted secondary processor 0x01000a0100 [0x413fd0c1]
[    0.139041] Detected PIPT I-cache on CPU129
[    0.139143] GICv3: CPU129: found redistributor 100220100 region 1:0x00005001009e0000
[    0.139226] GICv3: CPU129: using allocated LPI pending table @0x00000807c1790000
[    0.139402] CPU129: Booted secondary processor 0x0100220100 [0x413fd0c1]
[    0.140842] Detected PIPT I-cache on CPU130
[    0.140939] GICv3: CPU130: found redistributor 1000c0100 region 1:0x0000500100460000
[    0.141018] GICv3: CPU130: using allocated LPI pending table @0x00000807c17a0000
[    0.141196] CPU130: Booted secondary processor 0x01000c0100 [0x413fd0c1]
[    0.142651] Detected PIPT I-cache on CPU131
[    0.142753] GICv3: CPU131: found redistributor 100240100 region 1:0x0000500100a60000
[    0.142835] GICv3: CPU131: using allocated LPI pending table @0x00000807c17b0000
[    0.143021] CPU131: Booted secondary processor 0x0100240100 [0x413fd0c1]
[    0.144441] Detected PIPT I-cache on CPU132
[    0.144538] GICv3: CPU132: found redistributor 100080100 region 1:0x0000500100360000
[    0.144620] GICv3: CPU132: using allocated LPI pending table @0x00000807c17c0000
[    0.144797] CPU132: Booted secondary processor 0x0100080100 [0x413fd0c1]
[    0.146249] Detected PIPT I-cache on CPU133
[    0.146349] GICv3: CPU133: found redistributor 100200100 region 1:0x0000500100960000
[    0.146431] GICv3: CPU133: using allocated LPI pending table @0x00000807c17d0000
[    0.146614] CPU133: Booted secondary processor 0x0100200100 [0x413fd0c1]
[    0.148040] Detected PIPT I-cache on CPU134
[    0.148138] GICv3: CPU134: found redistributor 1000e0100 region 1:0x00005001004e0000
[    0.148222] GICv3: CPU134: using allocated LPI pending table @0x00000807c17e0000
[    0.148407] CPU134: Booted secondary processor 0x01000e0100 [0x413fd0c1]
[    0.149846] Detected PIPT I-cache on CPU135
[    0.149950] GICv3: CPU135: found redistributor 100260100 region 1:0x0000500100ae0000
[    0.150033] GICv3: CPU135: using allocated LPI pending table @0x00000807c17f0000
[    0.150216] CPU135: Booted secondary processor 0x0100260100 [0x413fd0c1]
[    0.151638] Detected PIPT I-cache on CPU136
[    0.151733] GICv3: CPU136: found redistributor 100020100 region 1:0x00005001001e0000
[    0.151814] GICv3: CPU136: using allocated LPI pending table @0x00000807c1800000
[    0.151990] CPU136: Booted secondary processor 0x0100020100 [0x413fd0c1]
[    0.153435] Detected PIPT I-cache on CPU137
[    0.153531] GICv3: CPU137: found redistributor 100040100 region 1:0x0000500100260000
[    0.153614] GICv3: CPU137: using allocated LPI pending table @0x00000807c1810000
[    0.153799] CPU137: Booted secondary processor 0x0100040100 [0x413fd0c1]
[    0.155236] Detected PIPT I-cache on CPU138
[    0.155329] GICv3: CPU138: found redistributor 100000100 region 1:0x0000500100160000
[    0.155413] GICv3: CPU138: using allocated LPI pending table @0x00000807c1820000
[    0.155592] CPU138: Booted secondary processor 0x0100000100 [0x413fd0c1]
[    0.156975] Detected PIPT I-cache on CPU139
[    0.157068] GICv3: CPU139: found redistributor 100060100 region 1:0x00005001002e0000
[    0.157152] GICv3: CPU139: using allocated LPI pending table @0x00000807c1830000
[    0.157340] CPU139: Booted secondary processor 0x0100060100 [0x413fd0c1]
[    0.158678] Detected PIPT I-cache on CPU140
[    0.158777] GICv3: CPU140: found redistributor 100130100 region 1:0x0000500100620000
[    0.158862] GICv3: CPU140: using allocated LPI pending table @0x00000807c1840000
[    0.159037] CPU140: Booted secondary processor 0x0100130100 [0x413fd0c1]
[    0.160449] Detected PIPT I-cache on CPU141
[    0.160550] GICv3: CPU141: found redistributor 1001b0100 region 1:0x0000500100820000
[    0.160633] GICv3: CPU141: using allocated LPI pending table @0x00000807c1850000
[    0.160823] CPU141: Booted secondary processor 0x01001b0100 [0x413fd0c1]
[    0.162248] Detected PIPT I-cache on CPU142
[    0.162347] GICv3: CPU142: found redistributor 100150100 region 1:0x00005001006a0000
[    0.162432] GICv3: CPU142: using allocated LPI pending table @0x00000807c1860000
[    0.162612] CPU142: Booted secondary processor 0x0100150100 [0x413fd0c1]
[    0.164057] Detected PIPT I-cache on CPU143
[    0.164158] GICv3: CPU143: found redistributor 1001d0100 region 1:0x00005001008a0000
[    0.164243] GICv3: CPU143: using allocated LPI pending table @0x00000807c1870000
[    0.164432] CPU143: Booted secondary processor 0x01001d0100 [0x413fd0c1]
[    0.165844] Detected PIPT I-cache on CPU144
[    0.165943] GICv3: CPU144: found redistributor 100110100 region 1:0x00005001005a0000
[    0.166027] GICv3: CPU144: using allocated LPI pending table @0x00000807c1880000
[    0.166202] CPU144: Booted secondary processor 0x0100110100 [0x413fd0c1]
[    0.167649] Detected PIPT I-cache on CPU145
[    0.167748] GICv3: CPU145: found redistributor 100190100 region 1:0x00005001007a0000
[    0.167832] GICv3: CPU145: using allocated LPI pending table @0x00000807c1890000
[    0.168023] CPU145: Booted secondary processor 0x0100190100 [0x413fd0c1]
[    0.169434] Detected PIPT I-cache on CPU146
[    0.169535] GICv3: CPU146: found redistributor 100170100 region 1:0x0000500100720000
[    0.169622] GICv3: CPU146: using allocated LPI pending table @0x00000807c18a0000
[    0.169807] CPU146: Booted secondary processor 0x0100170100 [0x413fd0c1]
[    0.171247] Detected PIPT I-cache on CPU147
[    0.171351] GICv3: CPU147: found redistributor 1001f0100 region 1:0x0000500100920000
[    0.171436] GICv3: CPU147: using allocated LPI pending table @0x00000807c18b0000
[    0.171633] CPU147: Booted secondary processor 0x01001f0100 [0x413fd0c1]
[    0.173044] Detected PIPT I-cache on CPU148
[    0.173142] GICv3: CPU148: found redistributor 1000b0100 region 1:0x0000500100420000
[    0.173226] GICv3: CPU148: using allocated LPI pending table @0x00000807c18c0000
[    0.173403] CPU148: Booted secondary processor 0x01000b0100 [0x413fd0c1]
[    0.174851] Detected PIPT I-cache on CPU149
[    0.174952] GICv3: CPU149: found redistributor 100230100 region 1:0x0000500100a20000
[    0.175039] GICv3: CPU149: using allocated LPI pending table @0x00000807c18d0000
[    0.175235] CPU149: Booted secondary processor 0x0100230100 [0x413fd0c1]
[    0.176645] Detected PIPT I-cache on CPU150
[    0.176742] GICv3: CPU150: found redistributor 1000d0100 region 1:0x00005001004a0000
[    0.176828] GICv3: CPU150: using allocated LPI pending table @0x00000807c18e0000
[    0.177014] CPU150: Booted secondary processor 0x01000d0100 [0x413fd0c1]
[    0.178457] Detected PIPT I-cache on CPU151
[    0.178558] GICv3: CPU151: found redistributor 100250100 region 1:0x0000500100aa0000
[    0.178650] GICv3: CPU151: using allocated LPI pending table @0x00000807c18f0000
[    0.178842] CPU151: Booted secondary processor 0x0100250100 [0x413fd0c1]
[    0.180237] Detected PIPT I-cache on CPU152
[    0.180333] GICv3: CPU152: found redistributor 100090100 region 1:0x00005001003a0000
[    0.180419] GICv3: CPU152: using allocated LPI pending table @0x00000807c1900000
[    0.180601] CPU152: Booted secondary processor 0x0100090100 [0x413fd0c1]
[    0.182044] Detected PIPT I-cache on CPU153
[    0.182146] GICv3: CPU153: found redistributor 100210100 region 1:0x00005001009a0000
[    0.182291] GICv3: CPU153: using allocated LPI pending table @0x00000807c1910000
[    0.182486] CPU153: Booted secondary processor 0x0100210100 [0x413fd0c1]
[    0.183846] Detected PIPT I-cache on CPU154
[    0.183944] GICv3: CPU154: found redistributor 1000f0100 region 1:0x0000500100520000
[    0.184030] GICv3: CPU154: using allocated LPI pending table @0x00000807c1920000
[    0.184218] CPU154: Booted secondary processor 0x01000f0100 [0x413fd0c1]
[    0.185644] Detected PIPT I-cache on CPU155
[    0.185750] GICv3: CPU155: found redistributor 100270100 region 1:0x0000500100b20000
[    0.185896] GICv3: CPU155: using allocated LPI pending table @0x00000807c1930000
[    0.186085] CPU155: Booted secondary processor 0x0100270100 [0x413fd0c1]
[    0.187447] Detected PIPT I-cache on CPU156
[    0.187543] GICv3: CPU156: found redistributor 100030100 region 1:0x0000500100220000
[    0.187630] GICv3: CPU156: using allocated LPI pending table @0x00000807c1940000
[    0.187810] CPU156: Booted secondary processor 0x0100030100 [0x413fd0c1]
[    0.189245] Detected PIPT I-cache on CPU157
[    0.189341] GICv3: CPU157: found redistributor 100050100 region 1:0x00005001002a0000
[    0.189428] GICv3: CPU157: using allocated LPI pending table @0x00000807c1950000
[    0.189624] CPU157: Booted secondary processor 0x0100050100 [0x413fd0c1]
[    0.191047] Detected PIPT I-cache on CPU158
[    0.191140] GICv3: CPU158: found redistributor 100010100 region 1:0x00005001001a0000
[    0.191226] GICv3: CPU158: using allocated LPI pending table @0x00000807c1960000
[    0.191410] CPU158: Booted secondary processor 0x0100010100 [0x413fd0c1]
[    0.192831] Detected PIPT I-cache on CPU159
[    0.192926] GICv3: CPU159: found redistributor 100070100 region 1:0x0000500100320000
[    0.193014] GICv3: CPU159: using allocated LPI pending table @0x00000807c1970000
[    0.193210] CPU159: Booted secondary processor 0x0100070100 [0x413fd0c1]
[    0.193585] smp: Brought up 2 nodes, 160 CPUs
[    0.193745] SMP: Total of 160 processors activated.
[    0.193748] CPU features: detected: GIC system register CPU interface
[    0.193750] CPU features: detected: Privileged Access Never
[    0.193751] CPU features: detected: LSE atomic instructions
[    0.193752] CPU features: detected: User Access Override
[    0.193753] CPU features: detected: 32-bit EL0 Support
[    0.193753] CPU features: detected: Data cache clean to Point of Persistence
[    0.193754] CPU features: detected: RAS Extension Support
[    0.193755] CPU features: detected: Data cache clean to the PoU not required for I/D coherence
[    0.193756] CPU features: detected: CRC32 instructions
[    0.193756] CPU features: detected: Common not Private translations
[    0.219145] CPU: All CPU(s) started at EL2
[    0.220853] alternatives: patching kernel code
[    0.251251] devtmpfs: initialized
[    0.252082] clocksource: jiffies: mask: 0xffffffff max_cycles: 0xffffffff, max_idle_ns: 19112604462750000 ns
[    0.252372] futex hash table entries: 65536 (order: 6, 4194304 bytes)
[    0.253651] pinctrl core: initialized pinctrl subsystem
[    0.253773] SMBIOS 3.3.0 present.
[    0.253777] DMI: WIWYNN Mt.Jade Server System B81.03001.0005/Mt.Jade Motherboard, BIOS 1.4.100 2021/04/22
[    0.254292] NET: Registered protocol family 16
[    0.256030] audit: initializing netlink subsys (disabled)
[    0.256151] audit: type=2000 audit(0.250:1): state=initialized audit_enabled=0 res=1
[    0.256343] cpuidle: using governor menu
[    0.256616] Detected 30 PCC Subspaces
[    0.256635] Registering PCC driver as Mailbox controller
[    0.256774] hw-breakpoint: found 6 breakpoint and 4 watchpoint registers.
[    0.258562] DMA: preallocated 256 KiB pool for atomic allocations
[    0.258573] ACPI: bus type PCI registered
[    0.258575] acpiphp: ACPI Hot Plug PCI Controller Driver version: 0.5
[    0.258638] Serial: AMBA PL011 UART driver
[    0.262240] HugeTLB registered 2.00 MiB page size, pre-allocated 0 pages
[    0.262241] HugeTLB registered 512 MiB page size, pre-allocated 0 pages
[    0.264409] cryptd: max_cpu_qlen set to 1000
[    0.266126] ACPI: Added _OSI(Module Device)
[    0.266127] ACPI: Added _OSI(Processor Device)
[    0.266128] ACPI: Added _OSI(3.0 _SCP Extensions)
[    0.266129] ACPI: Added _OSI(Processor Aggregator Device)
[    0.266130] ACPI: Added _OSI(Linux-Dell-Video)
[    0.266131] ACPI: Added _OSI(Linux-Lenovo-NV-HDMI-Audio)
[    0.266132] ACPI: Added _OSI(Linux-HPI-Hybrid-Graphics)
[    0.276460] ACPI: 2 ACPI AML tables successfully acquired and loaded
[    0.278884] ACPI: Interpreter enabled
[    0.278886] ACPI: Using GIC for interrupt routing
[    0.278894] ACPI: MCFG table detected, 11 entries
[    0.279047] HEST: Table parsing has been initialized.
[    0.291923] ARMH0011:00: ttyAMA0 at MMIO 0x100002600000 (irq = 43, base_baud = 0) is a SBSA
[    6.928165] printk: console [ttyAMA0] enabled
[    6.932655] ARMH0011:01: ttyAMA1 at MMIO 0x100002620000 (irq = 44, base_baud = 0) is a SBSA
[    6.941084] ACPI: PCI Root Bridge [PCI2] (domain 0001 [bus 00-ff])
[    6.947255] acpi PNP0A08:02: _OSC: OS supports [ExtendedConfig ASPM ClockPM Segments MSI HPX-Type3]
[    6.956352] acpi PNP0A08:02: _OSC: platform does not support [PCIeHotplug PME LTR]
[    6.963953] acpi PNP0A08:02: _OSC: OS now controls [AER PCIeCapability]
[    6.971120] acpi PNP0A08:02: ECAM area [mem 0x3bfff0000000-0x3bffffffffff] reserved by PNP0C02:00
[    6.979997] acpi PNP0A08:02: ECAM at [mem 0x3bfff0000000-0x3bffffffffff] for [bus 00-ff]
[    6.988130] PCI host bridge to bus 0001:00
[    6.992213] pci_bus 0001:00: root bus resource [mem 0x30000000-0x37ffffff window]
[    6.999688] pci_bus 0001:00: root bus resource [mem 0x380000000000-0x3bffdfffffff window]
[    7.007851] pci_bus 0001:00: root bus resource [bus 00-ff]
[    7.013347] pci 0001:00:00.0: [1def:e100] type 00 class 0x060000
[    7.019378] pci 0001:00:01.0: [1def:e101] type 01 class 0x060400
[    7.025398] pci 0001:00:01.0: enabling Extended Tags
[    7.030371] pci 0001:00:01.0: supports D1 D2
[    7.034628] pci 0001:00:01.0: PME# supported from D0 D1 D3hot
[    7.041467] pci 0001:00:01.0: bridge window [io  0x1000-0x0fff] to [bus 01] add_size 1000
[    7.049631] pci 0001:00:01.0: bridge window [mem 0x00100000-0x000fffff 64bit pref] to [bus 01] add_size 200000 add_align 100000
[    7.061102] pci 0001:00:01.0: bridge window [mem 0x00100000-0x000fffff] to [bus 01] add_size 200000 add_align 100000
[    7.071611] pci 0001:00:01.0: BAR 14: assigned [mem 0x30000000-0x301fffff]
[    7.078472] pci 0001:00:01.0: BAR 15: assigned [mem 0x380000000000-0x3800001fffff 64bit pref]
[    7.086992] pci 0001:00:01.0: BAR 13: no space for [io  size 0x1000]
[    7.093332] pci 0001:00:01.0: BAR 13: failed to assign [io  size 0x1000]
[    7.100026] pci 0001:00:01.0: BAR 13: no space for [io  size 0x1000]
[    7.106367] pci 0001:00:01.0: BAR 13: failed to assign [io  size 0x1000]
[    7.113063] pci 0001:00:01.0: PCI bridge to [bus 01]
[    7.118015] pci 0001:00:01.0:   bridge window [mem 0x30000000-0x301fffff]
[    7.124799] pci 0001:00:01.0:   bridge window [mem 0x380000000000-0x3800001fffff 64bit pref]
[    7.133223] pci_bus 0001:00: resource 4 [mem 0x30000000-0x37ffffff window]
[    7.140093] pci_bus 0001:00: resource 5 [mem 0x380000000000-0x3bffdfffffff window]
[    7.147648] pci_bus 0001:01: resource 1 [mem 0x30000000-0x301fffff]
[    7.153903] pci_bus 0001:01: resource 2 [mem 0x380000000000-0x3800001fffff 64bit pref]
[    7.161819] ACPI: PCI Root Bridge [PCI3] (domain 0000 [bus 00-ff])
[    7.167998] acpi PNP0A08:03: _OSC: OS supports [ExtendedConfig ASPM ClockPM Segments MSI HPX-Type3]
[    7.177080] acpi PNP0A08:03: _OSC: platform does not support [PCIeHotplug PME LTR]
[    7.184688] acpi PNP0A08:03: _OSC: OS now controls [AER PCIeCapability]
[    7.191833] acpi PNP0A08:03: ECAM area [mem 0x3ffff0000000-0x3fffffffffff] reserved by PNP0C02:00
[    7.200724] acpi PNP0A08:03: ECAM at [mem 0x3ffff0000000-0x3fffffffffff] for [bus 00-ff]
[    7.208839] PCI host bridge to bus 0000:00
[    7.212923] pci_bus 0000:00: root bus resource [mem 0x38000000-0x3fffffff window]
[    7.220391] pci_bus 0000:00: root bus resource [mem 0x3c0000000000-0x3fffdfffffff window]
[    7.228563] pci_bus 0000:00: root bus resource [bus 00-ff]
[    7.234047] pci 0000:00:00.0: [1def:e100] type 00 class 0x060000
[    7.240069] pci 0000:00:01.0: [1def:e101] type 01 class 0x060400
[    7.246079] pci 0000:00:01.0: enabling Extended Tags
[    7.251063] pci 0000:00:01.0: supports D1 D2
[    7.255319] pci 0000:00:01.0: PME# supported from D0 D1 D3hot
[    7.262166] pci 0000:00:01.0: bridge window [io  0x1000-0x0fff] to [bus 01] add_size 1000
[    7.270329] pci 0000:00:01.0: bridge window [mem 0x00100000-0x000fffff 64bit pref] to [bus 01] add_size 200000 add_align 100000
[    7.281801] pci 0000:00:01.0: bridge window [mem 0x00100000-0x000fffff] to [bus 01] add_size 200000 add_align 100000
[    7.292309] pci 0000:00:01.0: BAR 14: assigned [mem 0x38000000-0x381fffff]
[    7.299170] pci 0000:00:01.0: BAR 15: assigned [mem 0x3c0000000000-0x3c00001fffff 64bit pref]
[    7.307689] pci 0000:00:01.0: BAR 13: no space for [io  size 0x1000]
[    7.314029] pci 0000:00:01.0: BAR 13: failed to assign [io  size 0x1000]
[    7.320724] pci 0000:00:01.0: BAR 13: no space for [io  size 0x1000]
[    7.327063] pci 0000:00:01.0: BAR 13: failed to assign [io  size 0x1000]
[    7.333759] pci 0000:00:01.0: PCI bridge to [bus 01]
[    7.338711] pci 0000:00:01.0:   bridge window [mem 0x38000000-0x381fffff]
[    7.345495] pci 0000:00:01.0:   bridge window [mem 0x3c0000000000-0x3c00001fffff 64bit pref]
[    7.353919] pci_bus 0000:00: resource 4 [mem 0x38000000-0x3fffffff window]
