Closing Serial SOL Port
[769 : 875 INFO]Signal Sent Successfully to UART Logging application

[3052 : 3052 INFO]INFO: Received Signal 14 from IPMI Stack 

[3052 : 3052 INFO]START mirroring/logging...

[3052 : 3052 INFO]INFO: Setting the Attributes for the UART...

Closing Serial SOL Port
[769 : 848 WARNING][LANIfc.c:1892]LANIfc: ProcessBridgeMsg - No Session with the LAN

[769 : 848 WARNING][LANIfc.c:1892]LANIfc: ProcessBridgeMsg - No Session with the LAN

[769 : 879 INFO]Signal USR1 Sent Successfully to UART Logging application

[3052 : 3052 INFO]INFO: Received Signal 10 from IPMI Stack 

[3052 : 3052 INFO]STOP mirroring/logging...

[769 : 885 INFO]Signal USR1 Sent Successfully to UART Logging application

[3052 : 3052 INFO]INFO: Received Signal 10 from IPMI Stack 

[3052 : 3052 INFO]STOP mirroring/logging...

[769 : 882 INFO]Signal USR1 Sent Successfully to UART Logging application

[3052 : 3052 INFO]INFO: Received Signal 10 from IPMI Stack 

[3052 : 3052 INFO]STOP mirroring/logging...

[769 : 875 INFO]Signal USR1 Sent Successfully to UART Logging application

[3052 : 3052 INFO]INFO: Received Signal 10 from IPMI Stack 

[3052 : 3052 INFO]STOP mirroring/logging...

Starting to Read Current PostCode buffer...
No Post Codes ...
Init telemetry success
[769 : 873 INFO]BOOTFW VERSION: 1.05.20210426

[37627.840000] I2C0: Resetting the controller
Init telemetry success
PDK LPC Reset is invoked
[37916.150000] Configuring the Host SPI Clock to HCLK/16 
[37916.230000] Creating 1 MTD partitions on "MX25L25635F":
[37916.230000] 0x000000000000-0x000002000000 : "Host SPI Flash"
[37916.300000] Configuring the Host SPI Clock to HCLK/16 
[37918.180000] Configuring the Host SPI Clock to HCLK/16 
[37918.360000] Creating 1 MTD partitions on "MX25L25635F":
[37918.370000] 0x000000000000-0x000002000000 : "Host SPI Flash"
[37918.410000] Configuring the Host SPI Clock to HCLK/16 
[37919.930000] Configuring the Host SPI Clock to HCLK/16 
[37920.020000] Creating 1 MTD partitions on "MX25L25635F":
[37920.020000] 0x000000000000-0x000002000000 : "Host SPI Flash"
[37920.060000] Configuring the Host SPI Clock to HCLK/16 
[37921.600000] Configuring the Host SPI Clock to HCLK/16 
[37921.670000] Creating 1 MTD partitions on "MX25L25635F":
[37921.680000] 0x000000000000-0x000002000000 : "Host SPI Flash"
[37921.720000] Configuring the Host SPI Clock to HCLK/16 
[37922.800000] Configuring the Host SPI Clock to HCLK/16 
[37922.850000] Creating 1 MTD partitions on "MX25L25635F":
[37922.860000] 0x000000000000-0x000002000000 : "Host SPI Flash"
[37922.870000] Configuring the Host SPI Clock to HCLK/16 
[37923.990000] Configuring the Host SPI Clock to HCLK/16 
[37924.060000] Creating 1 MTD partitions on "MX25L25635F":
[37924.070000] 0x000000000000-0x000002000000 : "Host SPI Flash"
[37924.110000] Configuring the Host SPI Clock to HCLK/16 
[37925.160000] Configuring the Host SPI Clock to HCLK/16 
[37925.190000] Creating 1 MTD partitions on "MX25L25635F":
[37925.200000] 0x000000000000-0x000002000000 : "Host SPI Flash"
[37925.220000] Configuring the Host SPI Clock to HCLK/16 
[37926.450000] Configuring the Host SPI Clock to HCLK/16 
[37926.510000] Creating 1 MTD partitions on "MX25L25635F":
[37926.520000] 0x000000000000-0x000002000000 : "Host SPI Flash"
[37926.550000] Configuring the Host SPI Clock to HCLK/16 
[37927.430000] Configuring the Host SPI Clock to HCLK/16 
[37927.480000] Creating 1 MTD partitions on "MX25L25635F":
[37927.480000] 0x000000000000-0x000002000000 : "Host SPI Flash"
[37927.510000] Configuring the Host SPI Clock to HCLK/16 
[37928.730000] Configuring the Host SPI Clock to HCLK/16 
[37928.820000] Creating 1 MTD partitions on "MX25L25635F":
[37928.820000] 0x000000000000-0x000002000000 : "Host SPI Flash"
[37928.860000] Configuring the Host SPI Clock to HCLK/16 
[37929.770000] Configuring the Host SPI Clock to HCLK/16 
[37929.800000] Creating 1 MTD partitions on "MX25L25635F":
[37929.800000] 0x000000000000-0x000002000000 : "Host SPI Flash"
[37929.820000] Configuring the Host SPI Clock to HCLK/16 
[37930.850000] Configuring the Host SPI Clock to HCLK/16 
[37930.940000] Creating 1 MTD partitions on "MX25L25635F":
[37930.950000] 0x000000000000-0x000002000000 : "Host SPI Flash"
[37930.960000] Configuring the Host SPI Clock to HCLK/16 
[37932.270000] Configuring the Host SPI Clock to HCLK/16 
[37932.490000] Creating 1 MTD partitions on "MX25L25635F":
[37932.490000] 0x000000000000-0x000002000000 : "Host SPI Flash"
[37932.550000] Configuring the Host SPI Clock to HCLK/16 
[37933.870000] Configuring the Host SPI Clock to HCLK/16 
[37933.930000] Creating 1 MTD partitions on "MX25L25635F":
[37933.930000] 0x000000000000-0x000002000000 : "Host SPI Flash"
[37933.980000] Configuring the Host SPI Clock to HCLK/16 
[37935.200000] Configuring the Host SPI Clock to HCLK/16 
[37935.250000] Creating 1 MTD partitions on "MX25L25635F":
[37935.260000] 0x000000000000-0x000002000000 : "Host SPI Flash"
[37935.280000] Configuring the Host SPI Clock to HCLK/16 
[37936.150000] Configuring the Host SPI Clock to HCLK/16 
[37936.180000] Creating 1 MTD partitions on "MX25L25635F":
[37936.190000] 0x000000000000-0x000002000000 : "Host SPI Flash"
[37936.200000] Configuring the Host SPI Clock to HCLK/16 
[37937.410000] Configuring the Host SPI Clock to HCLK/16 
[37937.470000] Creating 1 MTD partitions on "MX25L25635F":
[37937.480000] 0x000000000000-0x000002000000 : "Host SPI Flash"
[37937.520000] Configuring the Host SPI Clock to HCLK/16 
[37938.360000] Configuring the Host SPI Clock to HCLK/16 
[37938.390000] Creating 1 MTD partitions on "MX25L25635F":
[37938.390000] 0x000000000000-0x000002000000 : "Host SPI Flash"
[37938.410000] Configuring the Host SPI Clock to HCLK/16 
[37939.280000] Configuring the Host SPI Clock to HCLK/16 
[37939.370000] Creating 1 MTD partitions on "MX25L25635F":
[37939.380000] 0x000000000000-0x000002000000 : "Host SPI Flash"
[37939.430000] Configuring the Host SPI Clock to HCLK/16 
