Closing Serial SOL Port
[769 : 878 INFO]Signal USR1 Sent Successfully to UART Logging application

[3316 : 3316 INFO]INFO: Received Signal 10 from IPMI Stack 

[3316 : 3316 INFO]STOP mirroring/logging...

[769 : 886 INFO]Signal USR1 Sent Successfully to UART Logging application

[3316 : 3316 INFO]INFO: Received Signal 10 from IPMI Stack 

[3316 : 3316 INFO]STOP mirroring/logging...

[769 : 883 INFO]Signal USR1 Sent Successfully to UART Logging application

[3316 : 3316 INFO]INFO: Received Signal 10 from IPMI Stack 

[3316 : 3316 INFO]STOP mirroring/logging...

[769 : 875 INFO]Signal USR1 Sent Successfully to UART Logging application

[3316 : 3316 INFO]INFO: Received Signal 10 from IPMI Stack 

[3316 : 3316 INFO]STOP mirroring/logging...

Starting to Read Current PostCode buffer...
No Post Codes ...
[769 : 873 INFO]BOOTFW VERSION: 1.05.20210422

[ 3118.600000] I2C0: Resetting the controller
PDK LPC Reset is invoked
[ 3361.830000] Configuring the Host SPI Clock to HCLK/16 
[ 3361.870000] Creating 1 MTD partitions on "MX25L25635F":
[ 3361.880000] 0x000000000000-0x000002000000 : "Host SPI Flash"
[ 3361.900000] Configuring the Host SPI Clock to HCLK/16 
[ 3362.900000] Configuring the Host SPI Clock to HCLK/16 
[ 3363.040000] Creating 1 MTD partitions on "MX25L25635F":
[ 3363.040000] 0x000000000000-0x000002000000 : "Host SPI Flash"
[ 3363.090000] Configuring the Host SPI Clock to HCLK/16 
[ 3364.230000] Configuring the Host SPI Clock to HCLK/16 
[ 3364.270000] Creating 1 MTD partitions on "MX25L25635F":
[ 3364.280000] 0x000000000000-0x000002000000 : "Host SPI Flash"
[ 3364.290000] Configuring the Host SPI Clock to HCLK/16 
[ 3365.500000] Configuring the Host SPI Clock to HCLK/16 
[ 3365.590000] Creating 1 MTD partitions on "MX25L25635F":
[ 3365.600000] 0x000000000000-0x000002000000 : "Host SPI Flash"
[ 3365.630000] Configuring the Host SPI Clock to HCLK/16 
[ 3366.860000] Configuring the Host SPI Clock to HCLK/16 
[ 3366.990000] Creating 1 MTD partitions on "MX25L25635F":
[ 3366.990000] 0x000000000000-0x000002000000 : "Host SPI Flash"
[ 3367.040000] Configuring the Host SPI Clock to HCLK/16 
[ 3368.500000] Configuring the Host SPI Clock to HCLK/16 
[ 3368.620000] Creating 1 MTD partitions on "MX25L25635F":
[ 3368.620000] 0x000000000000-0x000002000000 : "Host SPI Flash"
[ 3368.660000] Configuring the Host SPI Clock to HCLK/16 
[ 3369.970000] Configuring the Host SPI Clock to HCLK/16 
[ 3370.050000] Creating 1 MTD partitions on "MX25L25635F":
[ 3370.050000] 0x000000000000-0x000002000000 : "Host SPI Flash"
[ 3370.080000] Configuring the Host SPI Clock to HCLK/16 
[ 3371.130000] Configuring the Host SPI Clock to HCLK/16 
[ 3371.160000] Creating 1 MTD partitions on "MX25L25635F":
[ 3371.170000] 0x000000000000-0x000002000000 : "Host SPI Flash"
[ 3371.190000] Configuring the Host SPI Clock to HCLK/16 
[ 3372.170000] Configuring the Host SPI Clock to HCLK/16 
[ 3372.240000] Creating 1 MTD partitions on "MX25L25635F":
[ 3372.250000] 0x000000000000-0x000002000000 : "Host SPI Flash"
[ 3372.270000] Configuring the Host SPI Clock to HCLK/16 
[ 3373.440000] Configuring the Host SPI Clock to HCLK/16 
[ 3373.490000] Creating 1 MTD partitions on "MX25L25635F":
[ 3373.500000] 0x000000000000-0x000002000000 : "Host SPI Flash"
[ 3373.530000] Configuring the Host SPI Clock to HCLK/16 
[ 3374.560000] Configuring the Host SPI Clock to HCLK/16 
[ 3374.580000] Creating 1 MTD partitions on "MX25L25635F":
[ 3374.590000] 0x000000000000-0x000002000000 : "Host SPI Flash"
[ 3374.600000] Configuring the Host SPI Clock to HCLK/16 
[ 3375.820000] Configuring the Host SPI Clock to HCLK/16 
[ 3375.880000] Creating 1 MTD partitions on "MX25L25635F":
[ 3375.890000] 0x000000000000-0x000002000000 : "Host SPI Flash"
[ 3375.910000] Configuring the Host SPI Clock to HCLK/16 
[ 3377.020000] Configuring the Host SPI Clock to HCLK/16 
[ 3377.070000] Creating 1 MTD partitions on "MX25L25635F":
[ 3377.080000] 0x000000000000-0x000002000000 : "Host SPI Flash"
[ 3377.120000] Configuring the Host SPI Clock to HCLK/16 
[ 3378.340000] Configuring the Host SPI Clock to HCLK/16 
[ 3378.420000] Creating 1 MTD partitions on "MX25L25635F":
[ 3378.420000] 0x000000000000-0x000002000000 : "Host SPI Flash"
[ 3378.460000] Configuring the Host SPI Clock to HCLK/16 
[ 3379.630000] Configuring the Host SPI Clock to HCLK/16 
[ 3379.690000] Creating 1 MTD partitions on "MX25L25635F":
[ 3379.690000] 0x000000000000-0x000002000000 : "Host SPI Flash"
[ 3379.710000] Configuring the Host SPI Clock to HCLK/16 
[ 3380.930000] Configuring the Host SPI Clock to HCLK/16 
[ 3381.050000] Creating 1 MTD partitions on "MX25L25635F":
[ 3381.050000] 0x000000000000-0x000002000000 : "Host SPI Flash"
[ 3381.080000] Configuring the Host SPI Clock to HCLK/16 
[ 3381.920000] Configuring the Host SPI Clock to HCLK/16 
[ 3382.010000] Creating 1 MTD partitions on "MX25L25635F":
[ 3382.010000] 0x000000000000-0x000002000000 : "Host SPI Flash"
[ 3382.060000] Configuring the Host SPI Clock to HCLK/16 
[ 3383.500000] Configuring the Host SPI Clock to HCLK/16 
[ 3383.660000] Creating 1 MTD partitions on "MX25L25635F":
[ 3383.660000] 0x000000000000-0x000002000000 : "Host SPI Flash"
[ 3383.700000] Configuring the Host SPI Clock to HCLK/16 
[ 3384.810000] Configuring the Host SPI Clock to HCLK/16 
[ 3384.840000] Creating 1 MTD partitions on "MX25L25635F":
[ 3384.840000] 0x000000000000-0x000002000000 : "Host SPI Flash"
[ 3384.850000] Configuring the Host SPI Clock to HCLK/16 
[769 : 878 INFO]Signal Sent Successfully to UART Logging application

[3316 : 3316 INFO]INFO: Received Signal 14 from IPMI Stack 

[3316 : 3316 INFO]START mirroring/logging...

[3316 : 3316 INFO]INFO: Setting the Attributes for the UART...

[3316 : 16177 INFO]Send Thread: Starting the thread to mirror data from /dev/ttyS3 to /dev/ttyS3

[3316 : 16178 INFO]Recv Thread: Starting the thread to mirror data from /dev/ttyS3 to /dev/ttyS3

