[769 : 873 INFO]BOOTFW VERSION: 1.05.20210422

[ 2783.560000] I2C0: Resetting the controller
PDK LPC Reset is invoked
[ 3069.680000] Configuring the Host SPI Clock to HCLK/16 
[ 3069.820000] Creating 1 MTD partitions on "MX25L25635F":
[ 3069.830000] 0x000000000000-0x000002000000 : "Host SPI Flash"
[ 3069.860000] Configuring the Host SPI Clock to HCLK/16 
[ 3070.930000] Configuring the Host SPI Clock to HCLK/16 
[ 3071.000000] Creating 1 MTD partitions on "MX25L25635F":
[ 3071.000000] 0x000000000000-0x000002000000 : "Host SPI Flash"
[ 3071.040000] Configuring the Host SPI Clock to HCLK/16 
[ 3072.240000] Configuring the Host SPI Clock to HCLK/16 
[ 3072.300000] Creating 1 MTD partitions on "MX25L25635F":
[ 3072.310000] 0x000000000000-0x000002000000 : "Host SPI Flash"
[ 3072.340000] Configuring the Host SPI Clock to HCLK/16 
[ 3073.890000] Configuring the Host SPI Clock to HCLK/16 
[ 3073.990000] Creating 1 MTD partitions on "MX25L25635F":
[ 3073.990000] 0x000000000000-0x000002000000 : "Host SPI Flash"
[ 3074.050000] Configuring the Host SPI Clock to HCLK/16 
[ 3075.270000] Configuring the Host SPI Clock to HCLK/16 
[ 3075.320000] Creating 1 MTD partitions on "MX25L25635F":
[ 3075.330000] 0x000000000000-0x000002000000 : "Host SPI Flash"
[ 3075.360000] Configuring the Host SPI Clock to HCLK/16 
[ 3076.420000] Configuring the Host SPI Clock to HCLK/16 
[ 3076.470000] Creating 1 MTD partitions on "MX25L25635F":
[ 3076.480000] 0x000000000000-0x000002000000 : "Host SPI Flash"
[ 3076.490000] Configuring the Host SPI Clock to HCLK/16 
[ 3077.390000] Configuring the Host SPI Clock to HCLK/16 
[ 3077.420000] Creating 1 MTD partitions on "MX25L25635F":
[ 3077.420000] 0x000000000000-0x000002000000 : "Host SPI Flash"
[ 3077.440000] Configuring the Host SPI Clock to HCLK/16 
[ 3078.640000] Configuring the Host SPI Clock to HCLK/16 
[ 3078.720000] Creating 1 MTD partitions on "MX25L25635F":
[ 3078.720000] 0x000000000000-0x000002000000 : "Host SPI Flash"
[ 3078.770000] Configuring the Host SPI Clock to HCLK/16 
[ 3080.130000] Configuring the Host SPI Clock to HCLK/16 
[ 3080.230000] Creating 1 MTD partitions on "MX25L25635F":
[ 3080.240000] 0x000000000000-0x000002000000 : "Host SPI Flash"
[ 3080.280000] Configuring the Host SPI Clock to HCLK/16 
[ 3081.440000] Configuring the Host SPI Clock to HCLK/16 
[ 3081.540000] Creating 1 MTD partitions on "MX25L25635F":
[ 3081.550000] 0x000000000000-0x000002000000 : "Host SPI Flash"
[ 3081.560000] Configuring the Host SPI Clock to HCLK/16 
[ 3082.760000] Configuring the Host SPI Clock to HCLK/16 
[ 3082.840000] Creating 1 MTD partitions on "MX25L25635F":
[ 3082.850000] 0x000000000000-0x000002000000 : "Host SPI Flash"
[ 3082.900000] Configuring the Host SPI Clock to HCLK/16 
[ 3084.260000] Configuring the Host SPI Clock to HCLK/16 
[ 3084.330000] Creating 1 MTD partitions on "MX25L25635F":
[ 3084.330000] 0x000000000000-0x000002000000 : "Host SPI Flash"
[ 3084.350000] Configuring the Host SPI Clock to HCLK/16 
[ 3085.600000] Configuring the Host SPI Clock to HCLK/16 
[ 3085.630000] Creating 1 MTD partitions on "MX25L25635F":
[ 3085.640000] 0x000000000000-0x000002000000 : "Host SPI Flash"
[ 3085.660000] Configuring the Host SPI Clock to HCLK/16 
[ 3086.540000] Configuring the Host SPI Clock to HCLK/16 
[ 3086.620000] Creating 1 MTD partitions on "MX25L25635F":
[ 3086.630000] 0x000000000000-0x000002000000 : "Host SPI Flash"
[ 3086.660000] Configuring the Host SPI Clock to HCLK/16 
[ 3088.170000] Configuring the Host SPI Clock to HCLK/16 
[ 3088.260000] Creating 1 MTD partitions on "MX25L25635F":
[ 3088.270000] 0x000000000000-0x000002000000 : "Host SPI Flash"
[ 3088.310000] Configuring the Host SPI Clock to HCLK/16 
[ 3089.270000] Configuring the Host SPI Clock to HCLK/16 
[ 3089.320000] Creating 1 MTD partitions on "MX25L25635F":
[ 3089.330000] 0x000000000000-0x000002000000 : "Host SPI Flash"
[ 3089.340000] Configuring the Host SPI Clock to HCLK/16 
[ 3090.630000] Configuring the Host SPI Clock to HCLK/16 
[ 3090.690000] Creating 1 MTD partitions on "MX25L25635F":
[ 3090.700000] 0x000000000000-0x000002000000 : "Host SPI Flash"
[ 3090.720000] Configuring the Host SPI Clock to HCLK/16 
[ 3091.900000] Configuring the Host SPI Clock to HCLK/16 
[ 3091.980000] Creating 1 MTD partitions on "MX25L25635F":
[ 3091.980000] 0x000000000000-0x000002000000 : "Host SPI Flash"
[ 3092.070000] Configuring the Host SPI Clock to HCLK/16 
[ 3093.610000] Configuring the Host SPI Clock to HCLK/16 
[ 3093.740000] Creating 1 MTD partitions on "MX25L25635F":
[ 3093.740000] 0x000000000000-0x000002000000 : "Host SPI Flash"
[ 3093.800000] Configuring the Host SPI Clock to HCLK/16 
[769 : 878 INFO]Signal Sent Successfully to UART Logging application

[3316 : 3316 INFO]INFO: Received Signal 14 from IPMI Stack 

[3316 : 3316 INFO]START mirroring/logging...

[3316 : 3316 INFO]INFO: Setting the Attributes for the UART...

[3316 : 12847 INFO]Send Thread: Starting the thread to mirror data from /dev/ttyS3 to /dev/ttyS3

[3316 : 12848 INFO]Recv Thread: Starting the thread to mirror data from /dev/ttyS3 to /dev/ttyS3

