search_board_type Mt.Jade
logs/73/Mt.Jade_73_210429_161655/Mt.Jade_73_linux_script.cfg_at_2_210429_165230s0cli.log
--------------------------------------------
NOTICE:  Booting Trusted Firmware
search_board_type Mt.Jade
NOTICE:  BL1: v2.1(release):2.02 Build 20210401
logs/73/Mt.Jade_73_210429_161655/Mt.Jade_73_linux_script.cfg_at_2_210429_165230s1cli.log
NOTICE:  BL1: Built : 23:25:42, Apr  1 2021
--------------------------------------------

search_board_type Mt.Jade
logs/73/Mt.Jade_73_210429_161655/Mt.Jade_73_linux_script.cfg_at_2_210429_165230uefi.log
--------------------------------------------
NOTICE:  DRAM FW versionSMpro Runtime Firmware v2.2 - build 20210401
Load PMpro

Pub key verify fail: 84:0xF1000009

Calculated pub key hash: 85: len: 32
D5C2B1C0485574B1077A8389A6A6B98E
97691612D8A7C36935C17A16392AFF71


Actual pub key hash: 86: len: 32
A454B70A9F78317DAC0C7BA3CA51FD57
DBEA5EA33C5B2FA47CB8B6A65D32209D


CommonCertVerify fail: 267:0xF1000006

CommonCertVerify fail: 345:0xF1000006
ERR: Authenticate PMpro
Master: Ready
Board: config 0
Available CPM: 0xFFFFFFFFFFFFFFFF
S1: Sync
Boot PMpro
Probe I2C10 DIMM0
Probe I2C10 DIMM1
Probe I2C10 DIMM2
Probe I2C10 DIMM3
Probe I2C10 DIMM4
Probe I2C10 DIMM5
Probe I2C10 DIMM6
Probe I2C10 DIMM7
Probe I2C2 DIMM0
Probe I2C2 DIMM1
Probe I2C2 DIMM2
Probe I2C2 DIMM3
Probe I2C2 DIMM4
Probe I2C2 DIMM5
Probe I2C2 DIMM6
Probe I2C2 DIMM7
DDR: Operational     DIMM: 0x0000FCFC
DDR: Failure         DIMM: 0x00000000
DDR: Non-Operational DIMM: 0x00000000
128KB OCM protection active
PCP initialized
vTPM: SCP Measurement Completes.
SMpro ready
S1-cli> 
PMpro output start
PMpro Runtime Firmware v2.2 - build 20210401
2P mode: 0x00000003
2P Cfg: 0xFFFFFF01
RCA0 Link Up
RCA1 Link Up
2PLINK0 (RC): 0x00000010 0x0000000F
2PLINK1 (RC): 0x00000010 0x0000000F
2PLINK0 (RC): 0x00000010 0x0000000F
2PLINK0: EP: Link Up
2PLINK1 (RC): 0x00000010 0x0000000F
2PLINK1: EP: Link Up
PMpro output complete

cli> mdw -l 0x50002d14

0x41020703
S1-cli> 
cli> mdw -l 0x50002d18

0x03323118
S1-cli> ZQCS period(msec): 200
ERROR:   Failed to populate ROTPK error -16512
ERROR:   Failed to populate rotpk key der
NOTICE:  ROTPK is not deployed on platform. Skipping ROTPK verification.
NOTICE:  BL1: Booting BL2
NOTICE:  BL2: v2.1(release):2.02 Build 20210401
NOTICE:  BL2: Built : 23:25:42, Apr  1 2021
ERROR:   Failed to populate ROTPK error -16512
ERROR:   Failed to populate rotpk key der
NOTICE:  ROTPK is not deployed on platform. Skipping ROTPK verification.
NOTICE:  BL1: Booting BL31
NOTICE:  BL31: v2.1(release):2.02 Build 20210401
NOTICE:  BL31: Built : 23:25:42, Apr  1 2021
NOTICE:  BL31: Image v2.02 - Build 20210401
NOTICE:  Booting Ampere TPM
NOTICE:  Built : 23:25:45, Apr  1 2021
NOTICE:  v2.1(emag2,release):565bd73
NOTICE:  Running at S-EL0
NOTICE:  Secure Partition memory layout:
NOTICE:    Image regions
NOTICE:      Text region            : 0x90000000 - 0x90034000
NOTICE:      Read-only data region  : 0x90034000 - 0x9003d000
NOTICE:      Data region            : 0x9003d000 - 0x9003e000
NOTICE:      BSS region             : 0x9003e000 - 0x90042000
NOTICE:      Total image memory     : 0x90000000 - 0x90400000
NOTICE:    SPM regions
NOTICE:      SPM <-> SP buffer      : 0x90400000 - 0x90410000
NOTICE:      NS <-> SP buffer       : 0x88500000 - 0x88600000
NOTICE:  TPM: Slave is configured at SPI1_CS0
NOTICE:  TPM: Discovery completes
NOTICE:  Booting Ampere Hotplug SP
NOTICE:  Built : 23:25:47, Apr  1 2021
NOTICE:  v2.1(emag2,release):565bd73
NOTICE:  Running at S-EL0
NOTICE:  Secure Partition memory layout:
NOTICE:    Image regions
NOTICE:      Text region            : 0x90000000 - 0x90006000
NOTICE:      Read-only data region  : 0x90006000 - 0x90007000
NOTICE:      Data region            : 0x90007000 - 0x90008000
NOTICE:      BSS region             : 0x90008000 - 0x9000b000
NOTICE:      Total image memory     : 0x90000000 - 0x90400000
NOTICE:    SPM regions
NOTICE:      SPM <-> SP buffer      : 0x90400000 - 0x90410000
NOTICE:      NS <-> SP buffer       : 0x88400000 - 0x88500000
NOTICE:  HP: Ready
UpdatePeCoffPermissions: Mapping section 1 of image at 0x91B05000 with RW-XN permissions and size 0x1000
Loading MM driver at 0x00091B01000 EntryPoint=0x00091B03980 StandaloneMmCpu.efi
MmInstallProtocolInterface: 26EEB3DE-B689-492E-80F0-BE8BD7DA4BA7 91B05050
UpdatePeCoffPermissions: Mapping section 1 of image at 0x91AF9000 with RW-XN permissions and size 0x1000
Loading MM driver at 0x00091AF5000 EntryPoint=0x00091AF79A4 SpiNorProxyMm.efi
UpdatePeCoffPermissions: Mapping section 1 of image at 0x91AF2000 with RW-XN permissions and size 0x1000
Loading MM driver at 0x00091AEE000 EntryPoint=0x00091AF0444 FwUpgradeMm.efi
UpdatePeCoffPermissions: Mapping section 1 of image at 0x91AEA000 with RW-XN permissions and size 0x1000
Loading MM driver at 0x00091AE6000 EntryPoint=0x00091AE876C SecVarMm.efi
UpdatePeCoffPermissions: Mapping section 1 of image at 0x91AE3000 with RW-XN permissions and size 0x1000
Loading MM driver at 0x00091ADF000 EntryPoint=0x00091AE1FBC NvparamProxyMm.efi
 210212
CP: 0ff00900
CP: 1ff00900
MEMC param:
  mcu_enable_mask = 000000ee [default: 000000ff]
DRAM populated DIMMs:
  SK0 MC0 S0: RDIMM[ad:80] 16GB 3200 ECC 1R x4 RCD[b3:80] HMA82GR7CJR4N-XN    
  SK0 MC0 S1: RDIMM[ad:80] 16GB 3200 ECC 1R x4 RCD[b3:80] HMA82GR7CJR4N-XN    
  SK0 MC1 S0: RDIMM[ad:80] 16GB 3200 ECC 1R x4 RCD[b3:80] HMA82GR7CJR4N-XN    
  SK0 MC1 S1: RDIMM[ad:80] 16GB 3200 ECC 1R x4 RCD[b3:80] HMA82GR7CJR4N-XN    
  SK0 MC2 S0: RDIMM[ad:80] 16GB 3200 ECC 1R x4 RCD[b3:80] HMA82GR7CJR4N-XN    
  SK0 MC2 S1: RDIMM[ad:80] 16GB 3200 ECC 1R x4 RCD[b3:80] HMA82GR7CJR4N-XN    
  SK0 MC3 S0: RDIMM[ad:80] 16GB 3200 ECC 1R x4 RCD[b3:80] HMA82GR7CJR4N-XN    
  SK0 MC3 S1: RDIMM[ad:80] 16GB 3200 ECC 1R x4 RCD[b3:80] HMA82GR7CJR4N-XN    
  SK0 MC4 S0: RDIMM[ad:80] 16GB 3200 ECC 1R x4 RCD[b3:80] HMA82GR7CJR4N-XN    
  SK0 MC4 S1: RDIMM[ad:80] 16GB 3200 ECC 1R x4 RCD[b3:80] HMA82GR7CJR4N-XN    
  SK0 MC5 S0: RDIMM[ad:80] 16GB 3200 ECC 1R x4 RCD[b3:80] HMA82GR7CJR4N-XN    
  SK0 MC5 S1: RDIMM[ad:80] 16GB 3200 ECC 1R x4 RCD[b3:80] HMA82GR7CJR4N-XN    
  SK0 MC6 S0: RDIMM[ad:80] 16GB 3200 ECC 1R x4 RCD[b3:80] HMA82GR7CJR4N-XN    
  SK0 MC6 S1: RDIMM[ad:80] 16GB 3200 ECC 1R x4 RCD[b3:80] HMA82GR7CJR4N-XN    
  SK0 MC7 S0: RDIMM[ad:80] 16GB 3200 ECC 1R x4 RCD[b3:80] HMA82GR7CJR4N-XN    
  SK0 MC7 S1: RDIMM[ad:80] 16GB 3200 ECC 1R x4 RCD[b3:80] HMA82GR7CJR4N-XN    
  SK1 MC1 S0: RDIMM[ad:80] 16GB 3200 ECC 1R x4 RCD[32:86] HMA82GR7CJR4N-XN    
  SK1 MC1 S1: RDIMM[ad:80] 16GB 3200 ECC 1R x4 RCD[32:86] HMA82GR7CJR4N-XN    
  SK1 MC2 S0: RDIMM[ad:80] 16GB 3200 ECC 1R x4 RCD[32:86] HMA82GR7CJR4N-XN    
  SK1 MC2 S1: RDIMM[ad:80] 16GB 3200 ECC 1R x4 RCD[32:86] HMA82GR7CJR4N-XN    
  SK1 MC3 S0: RDIMM[ad:80] 16GB 3200 ECC 1R x4 RCD[32:86] HMA82GR7CJR4N-XN    
  SK1 MC3 S1: RDIMM[ad:80] 16GB 3200 ECC 1R x4 RCD[32:86] HMA82GR7CJR4N-XN    
  SK1 MC5 S0: RDIMM[ad:80] 16GB 3200 ECC 1R x4 RCD[32:86] HMA82GR7CJR4N-XN    
  SK1 MC5 S1: RDIMM[ad:80] 16GB 3200 ECC 1R x4 RCD[32:86] HMA82GR7CJR4N-XN    
  SK1 MC6 S0: RDIMM[ad:80] 16GB 3200 ECC 1R x4 RCD[32:86] HMA82GR7CJR4N-XN    
  SK1 MC6 S1: RDIMM[ad:80] 16GB 3200 ECC 1R x4 RCD[32:86] HMA82GR7CJR4N-XN    
  SK1 MC7 S0: RDIMM[ad:80] 16GB 3200 ECC 1R x4 RCD[32:86] HMA82GR7CJR4N-XN    
  SK1 MC7 S1: RDIMM[ad:80] 16GB 3200 ECC 1R x4 RCD[32:86] HMA82GR7CJR4N-XN    
CP: 3ff00100
CP: 3ff00200
CP: 00f01902
CP: 01f01902
CP: 02f01902
CP: 03f01902
CP: 04f01902
CP: 05f01902
CP: 06f01902
CP: 07f01902
CP: 11f01902
CP: 12f01902
CP: 13f01902
CP: 15f01902
CP: 16f01902
CP: 17f01902
CP: 0ff00a00
CP: 0ff00b01
CP: 00f01901
CP: 01f01901
CP: 02f01901
CP: 03f01901
CP: 04f01901
CP: 05f01901
CP: 06f01901
CP: 07f01901
CP: 00f01904
CP: 01f01904
CP: 02f01904
CP: 03f01904
CP: 04f01904
CP: 05f01904
CP: 06f01904
CP: 07f01904
CP: 00f02901
CP: 00f01905
CP: 00f02902
CP: 00f02903
CP: 00f02904
CP: 01f02901
CP: 01f01905
CP: 01f02902
CP: 01f02903
CP: 01f02904
CP: 02f02901
CP: 02f01905
CP: 02f02902
CP: 02f02903
CP: 02f02904
CP: 03f02901
CP: 03f01905
CP: 03f02902
CP: 03f02903
CP: 03f02904
CP: 04f02901
CP: 04f01905
CP: 04f02902
CP: 04f02903
CP: 04f02904
CP: 05f02901
CP: 05f01905
CP: 05f02902
CP: 05f02903
CP: 05f02904
CP: 06f02901
CP: 06f01905
CP: 06f02902
CP: 06f02903
CP: 06f02904
CP: 07f02901
CP: 07f01905
CP: 07f02902
CP: 07f02903
CP: 07f02904
CP: 00f01907
CP: 00f01906
CP: 00f01908
CP: 00f01909
CP: 01f01907
CP: 01f01906
CP: 01f01908
CP: 01f01909
CP: 02f01907
CP: 02f01906
CP: 02f01908
CP: 02f01909
CP: 03f01907
CP: 03f01906
CP: 03f01908
CP: 03f01909
CP: 04f01907
CP: 04f01906
CP: 04f01908
CP: 04f01909
CP: 05f01907
CP: 05f01906
CP: 05f01908
CP: 05f01909
CP: 06f01907
CP: 06f01906
CP: 06f01908
CP: 06f01909
CP: 07f01907
CP: 07f01906
CP: 07f01908
CP: 07f01909
CP: 0ff00b02
CP: 0ff00c00
CP: 1ff00a00
CP: 1ff00b01
CP: 11f01901
CP: 12f01901
CP: 13f01901
CP: 15f01901
CP: 16f01901
CP: 17f01901
CP: 11f01904
CP: 12f01904
CP: 13f01904
CP: 15f01904
CP: 16f01904
CP: 17f01904
CP: 11f02901
CP: 11f01905
CP: 11f02902
CP: 11f02903
CP: 11f02904
CP: 12f02901
CP: 12f01905
CP: 12f02902
CP: 12f02903
CP: 12f02904
CP: 13f02901
CP: 13f01905
CP: 13f02902
CP: 13f02903
CP: 13f02904
CP: 15f02901
CP: 15f01905
CP: 15f02902
CP: 15f02903
CP: 15f02904
CP: 16f02901
CP: 16f01905
CP: 16f02902
CP: 16f02903
CP: 16f02904
CP: 17f02901
CP: 17f01905
CP: 17f02902
CP: 17f02903
CP: 17f02904
CP: 11f01907
CP: 11f01906
CP: 11f01908
CP: 11f01909
CP: 12f01907
CP: 12f01906
CP: 12f01908
CP: 12f01909
CP: 13f01907
CP: 13f01906
CP: 13f01908
CP: 13f01909
CP: 15f01907
CP: 15f01906
CP: 15f01908
CP: 15f01909
CP: 16f01907
CP: 16f01906
CP: 16f01908
CP: 16f01909
CP: 17f01907
CP: 17f01906
CP: 17f01908
CP: 17f01909
CP: 1ff00b02
CP: 1ff00c00
CP: 3ff00300
CP::P0 06a02a
2
CP: 07001a02
CP: P4000001a
C: 
6P: a0301a03
3:C1:P303010aa0: 0600  34 00a:0 P:00144
: 2:2060CPa2C
 002012: a:0
a001a:2
2P1 0620Pa03 4 ::0 
21403
CP02061a0a0
P
 0C201a 001C04 
PP6:a100
:CPCP040050C
C
C1a06a
01
0

CP: 11201a05
CP: 12201a05
CP: 13201a05
CP: 17201a05
CP: 15201a05
CP: 16201a05
CP: 00201a05
CP: 06201a05
CP: 02201a05
CP: 07201a05
CP: 01201a05
CP: 03201a05
CP: 05201a05
CP: 04201a05
CP: 12f01a07
CP: 12001a09
CP: 13f01a07
CP: 13001a09
CP: 11f01a07
CP: 17f01a07
CP: 11001a09
CP: 15f01a07
CP: 17001a09
CP: 16f01a07
CP: 15001a09
CP: 16001a09
CP: 00f01a07
CP: 00001a09
CP: 06f01a07
CP: 06001a09
CP: 02f01a07
CP: 07f01a07
CP: 02001a09
CP: 07001a09
CP: 01f01a07
CP: 03f01a07
CP: 05f01a07
CP: 01001a09
CP: 04f01a07
CP: 03001a09
CP: 05001a09
CP: 04001a09
CP: 11201a09
CP: 15201a09
CP: 12201a09
CP: 16201a09
CP: 17201a09
CP: 13201a09
CP: 01201a09
CP: 05201a09
CP: 06201a09
CP: 02201a09
CP: 00201a09
CP: 04201a09
CP: 07201a09
CP: 03201a09
CP: 11001a0a
CP: 15001a0a
CP: 12001a0a
CP: 16001a0a
CP: 17001a0a
CP: 13001a0a
CP: 01001a0a
CP: 05001a0a
CP: 06001a0a
CP: 02001a0a
CP: 00001a0a
CP: 04001a0a
CP: 07001a0a
CP: 03001a0a
CP: 11201a0a
CP: 15201a0a
CP: 12201a0a
CP: 16201a0a
CP: 13201a0a
CP: 17201a0a
CP: 01201a0a
CP: 05201a0a
CP: 06201a0a
CP: 00201a0a
CP: 02201a0a
CP: 04201a0a
CP: 03201a0a
CP: 07201a0a
CP: 15001a0b
CP: 11001a0b
CP: 15001a0c
CP: 11001a0c
CP: 15001a0c
CP: 11001a0c
CP: 15201a0b
CP: 11201a0b
CP: 15201a0c
CP: 11201a0c
CP: 15201a0c
CP: 11201a0c
CP: 16001a0b
CP: 12001a0b
CP: 16001a0c
CP: 12001a0c
CP: 16001a0c
CP: 12001a0c
CP: 16201a0b
CP: 12201a0b
CP: 16201a0c
CP: 12201a0c
CP: 13001a0b
CP: 16201a0c
CP: 12201a0c
CP: 13001a0c
CP: 17001a0b
CP: 13001a0c
CP: 17001a0c
CP: 13201a0b
CP: 17001a0c
CP: 13201a0c
CP: 17201a0b
CP: 17201a0c
CP: 13201a0c
CP: 17201a0c
CP: 01001a0b
CP: 05001a0b
CP: 01001a0c
CP: 05001a0c
CP: 01001a0c
CP: 05001a0c
CP: 01201a0b
CP: 05201a0b
CP: 05201a0c
CP: 01201a0c
CP: 05201a0c
CP: 01201a0c
CP: 06001a0b
CP: 06001a0c
CP: 06001a0c
CP: 06201a0b
CP: 06201a0c
CP: 02001a0b
CP: 06201a0c
CP: 02001a0c
CP: 00001a0b
CP: 04001a0b
CP: 00001a0c
CP: 02001a0c
CP: 04001a0c
CP: 02201a0b
CP: 03001a0b
CP: 00001a0c
CP: 04001a0c
CP: 02201a0c
CP: 07001a0b
CP: 00201a0b
CP: 03001a0c
CP: 04201a0b
CP: 07001a0c
CP: 00201a0c
CP: 02201a0c
CP: 03001a0c
CP: 04201a0c
CP: 07001a0c
CP: 03201a0b
CP: 00201a0c
CP: 07201a0b
CP: 04201a0c
CP: 03201a0c
CP: 07201a0c
CP: 03201a0c
CP: 07201a0c
CP: 3ff00400
CP: 0ff01000
CP: 1ff01000
CP: 0ff01101
CP: 1ff01101
DRAM ECC Initialization: [3] [ =>                   ]DRAM ECC Initialization: [6] [ ==>                  ]DRAM ECC Initialization: [9] [ ==>                  ]DRAM ECC Initialization: [12] [ ===>                 ]DRAM ECC Initialization: [15] [ ====>                ]DRAM ECC Initialization: [18] [ ====>                ]DRAM ECC Initialization: [21] [ =====>               ]DRAM ECC Initialization: [25] [ ======>              ]DRAM ECC Initialization: [28] [ ======>              ]DRAM ECC Initialization: [31] [ =======>             ]DRAM ECC Initialization: [34] [ =======>             ]DRAM ECC Initialization: [37] [ ========>            ]DRAM ECC Initialization: [40] [ =========>           ]DRAM ECC Initialization: [43] [ =========>           ]DRAM ECC Initialization: [46] [ ==========>          ]DRAM ECC Initialization: [50] [ ===========>         ]DRAM ECC Initialization: [53] [ ===========>         ]DRAM ECC Initialization: [56] [ ============>        ]DRAM ECC Initialization: [59] [ ============>        ]DRAM ECC Initialization: [62] [ =============>       ]DRAM ECC Initialization: [65] [ ==============>      ]DRAM ECC Initialization: [68] [ ==============>      ]DRAM ECC Initialization: [71] [ ===============>     ]DRAM ECC Initialization: [75] [ ================>    ]DRAM ECC Initialization: [78] [ ================>    ]DRAM ECC Initialization: [81] [ =================>   ]DRAM ECC Initialization: [84] [ =================>   ]DRAM ECC Initialization: [87] [ ==================>  ]DRAM ECC Initialization: [90] [ ===================> ]DRAM ECC Initialization: [93] [ ===================> ]DRAM ECC Initialization: [96] [ ==================== ]DRAM ECC Initialization: [100] [ ==================== ]
CP: 0ff01200
CP: 1ff01200
CP: 3ff00800
DRAM memory regions:
  Node[0] Region[0]: 0x000080000000 - 0x0000bfffffff 
  Node[0] Region[1]: 0x080000000000 - 0x08007fffffff 
  Node[0] Region[2]: 0x0800c0000000 - 0x083fffffffff 
  Node[1] Region[3]: 0x0000c0000000 - 0x0000ffffffff 
  Node[1] Region[4]: 0x400000000000 - 0x4000bfffffff 
  Node[1] Region[5]: 0x400100000000 - 0x402fffffffff 
DRAM: 448GB DDR4 3200 SECDED ECC
CheckpointNOTICE:  HP: Unhandled Service type 0xa
NOTICE:  HP: Unhandled Service type 0xa
NOTICE:  HP: Unhandled Service type 0xa
MmInstallProtocolInterface: 24E70042-D5C5-4260-8C39-0AD3AA32E93D 0
MmInstallProtocolInterface: 7CE88FB3-4BD7-4679-87A8-A8D8DEE50D2B 0
NOTICE:  Auth Storage: Enabling Authentication.
MmInstallProtocolInterface: 27ABF055-B1B8-4C26-8048-748F37BAA2DF 0
 2F
Checkpoint 2E
Checkpoint 31
Checkpoint 32
UEFI RC version: Master
SCP FW version    : 2.2
SCP FW build date : 20210401
Failsafe status                 : 0
Reset status                    : 3
CPU info
    CPU ID                      : 413FD0C1
    CPU Clock                   : 2800 MHz
    Number of active sockets    : 2
    Number of active cores      : 256
    Inter Socket Connection 0   : Width: x16 / Speed 25 GT/s
    Inter Socket Connection 1   : Width: x16 / Speed 25 GT/s
    Socket[0]: Core voltage     : 985
    Socket[0]: SCU ProductID    : A10002
    Socket[0]: Max cores        : 128
    Socket[0]: Warranty         : 0
    Socket[0]: Subnuma          : 0
    Socket[0]: RC disable mask  : 3
    Socket[0]: AVS enabled      : 1
    Socket[0]: AVS voltage      : 986
    Socket[1]: Core voltage     : 950
    Socket[1]: SCU ProductID    : A10002
    Socket[1]: Max cores        : 128
    Socket[1]: Warranty         : 0
    Socket[1]: Subnuma          : 0
    Socket[1]: RC disable mask  : 3
    Socket[1]: AVS enabled      : 1
    Socket[1]: AVS voltage      : 954
SOC info
    DDR Frequency               : 3200 MHz
    Socket[0]: Soc voltage      : 750
    Socket[0]: DIMM1 voltage    : 1200
    Socket[0]: DIMM2 voltage    : 1200
    Socket[1]: Soc voltage      : 750
    Socket[1]: DIMM1 voltage    : 1200
    Socket[1]: DIMM2 voltage    : 1200
    PCP Clock                   : 1900 MHz
    SOC Clock                   : 2000 MHz
    SYS Clock                   : 400 MHz
    AHB Clock                   : 200 MHz
Board Configuration Setting:
    C000: 0xCD3A (52538)
    C008: 0x0 (0)
    C010: 0x0 (0)
    C018: 0x0 (0)
    C020: 0xFFFF (65535)
    C028: 0xFCFC (64764)
    C030: 0x80E8 (33000)
    C038: 0x80E8 (33000)
    C040: 0x2710 (10000)
    C048: 0x2710 (10000)
    C050: 0x0 (0)
    C058: 0x190 (400)
    C060: 0x190 (400)
    C068: 0x190 (400)
    C070: 0x190 (400)
    C078: 0x190 (400)
    C080: 0xFFFFFF01 (-255)
    C088: 0x0 (0)
    C090: 0x0 (0)
    C098: 0x4 (4)
    C0A0: 0x4 (4)
    C0A8: 0x20002 (131074)
    C0B0: 0x20002 (131074)
    C0B8: 0x20002 (131074)
    C0C0: 0x20002 (131074)
    C0C8: 0x20002 (131074)
    C0D0: 0x3 (3)
    C0D8: 0x3 (3)
    C0E0: 0x20002 (131074)
    C0E8: 0x0 (0)
    C0F0: 0x0 (0)
    C0F8: 0x2020202 (33686018)
    C100: 0x30003 (196611)
    C108: 0x3 (3)
    C110: 0x20002 (131074)
    C118: 0x20002 (131074)
    C120: 0x3 (3)
    C128: 0x20002 (131074)
    C130: 0x20002 (131074)
    C138: 0x20002 (131074)
    C140: 0x20002 (131074)
    C148: 0x1 (1)
    C150: 0x2 (2)
    C158: 0x3 (3)
    C160: 0x4 (4)
    C168: 0xFFFFFFFF (-1)
    C170: 0xFFFFFFFE (-2)
    C178: 0xFFFFFFFD (-3)
    C180: 0x0 (0)
    C188: 0x0 (0)
    C190: 0x0 (0)
    C198: 0x0 (0)
    C1A0: 0x0 (0)
    C1A8: 0x0 (0)
    C1B0: 0x2 (2)
    C1B8: 0xC80 (3200)
    C1C0: 0x20000 (131072)
    C1C8: 0x20000 (131072)
    C1D0: 0xFF060177 (-16383625)
    C1D8: 0xFF060177 (-16383625)
    C1E0: 0x60070 (393328)
    C1E8: 0x60070 (393328)
    C1F0: 0x0 (0)
    C1F8: 0x0 (0)
    C200: 0x0 (0)
    C208: 0x0 (0)
    C210: 0xC0CCC (789708)
    C218: 0xC0CCC (789708)
    C220: 0x30333 (197427)
    C228: 0x30333 (197427)
    C230: 0x30333 (197427)
    C238: 0x30333 (197427)
    C240: 0x30333 (197427)
    C248: 0x30333 (197427)
    C250: 0xEDEED (974573)
    C258: 0xDEDDE (912862)
    C260: 0xB7BB7 (752567)
    C268: 0x7B77B (505723)
    C270: 0x5 (5)
    C278: 0x90DD90 (9493904)
    C280: 0x5 (5)
    C288: 0x90DD90 (9493904)
    C290: 0x5 (5)
    C298: 0x90DD90 (9493904)
    C2A0: 0x5 (5)
    C2A8: 0x90DD90 (9493904)
    C2B0: 0x24 (36)
    C2B8: 0x1A (26)
    C2C0: 0x50 (80)
    C2C8: 0x20 (32)
    C2D0: 0x2800280 (41943680)
    C2D8: 0x90909090 (-1869574000)
    C2E0: 0x0 (0)
    C2E8: 0xC000C0 (12583104)
    C2F0: 0x0 (0)
    C2F8: 0x0 (0)
    C300: 0x0 (0)
    C308: 0x0 (0)
    C310: 0x2010201 (33620481)
    C318: 0x0 (0)
    C320: 0x0 (0)
    C328: 0x0 (0)
    C330: 0x1050106 (17105158)
    C338: 0x5F4 (1524)
    C340: 0x0 (0)
    C348: 0x0 (0)
    C350: 0x2020202 (33686018)
    C358: 0x2020202 (33686018)
    C360: 0x2020202 (33686018)
    C368: 0x2020202 (33686018)
    C370: 0x0 (0)
    C378: 0x0 (0)
    C380: 0x0 (0)
    C388: 0x0 (0)
    C390: 0x0 (0)
    C398: 0x0 (0)
    C3A0: 0x0 (0)
    C3A8: 0x0 (0)
    C3B0: 0x0 (0)
    C3B8: 0x0 (0)
    C3C0: 0x0 (0)
    C3C8: 0x0 (0)
    C3D0: 0x0 (0)
    C3D8: 0x0 (0)
    C3E0: 0x0 (0)
    C3E8: 0x0 (0)
    C3F0: 0x57575757 (1465341783)
    C3F8: 0x57575757 (1465341783)
    C400: 0x57575757 (1465341783)
    C408: 0x57575757 (1465341783)
    C410: 0x57575757 (1465341783)
    C418: 0x57575757 (1465341783)
    C420: 0x57575757 (1465341783)
    C428: 0x57575757 (1465341783)
    C430: 0x57575757 (1465341783)
    C438: 0x57575757 (1465341783)
    C440: 0x57575757 (1465341783)
    C448: 0x57575757 (1465341783)
    C450: 0x57575757 (1465341783)
    C458: 0x57575757 (1465341783)
    C460: 0x57575757 (1465341783)
    C468: 0x57575757 (1465341783)
    C470: 0x0 (0)
    C478: 0x30003 (196611)
    C480: 0x2020202 (33686018)
    C488: 0x2020202 (33686018)
    C490: 0x2020202 (33686018)
    C498: 0x0 (0)
    C4A0: 0x0 (0)
    C4A8: 0x0 (0)
    C4B0: 0x0 (0)
    C4B8: 0x0 (0)
    C4C0: 0x0 (0)
    C4C8: 0x0 (0)
    C4D0: 0x0 (0)
    C4D8: 0x0 (0)
    C4E0: 0x0 (0)
    C4E8: 0x0 (0)
    C4F0: 0x0 (0)
    C4F8: 0x0 (0)
    C500: 0x0 (0)
    C508: 0x57575757 (1465341783)
    C510: 0x57575757 (1465341783)
    C518: 0x57575757 (1465341783)
    C520: 0x57575757 (1465341783)
    C528: 0x57575757 (1465341783)
    C530: 0x57575757 (1465341783)
    C538: 0x57575757 (1465341783)
    C540: 0x57575757 (1465341783)
    C548: 0x57575757 (1465341783)
    C550: 0x57575757 (1465341783)
    C558: 0x57575757 (1465341783)
    C560: 0x57575757 (1465341783)
    C568: 0x57575757 (1465341783)
    C570: 0x57575757 (1465341783)
    C578: 0x3 (3)
    C580: 0x1A4 (420)
    C588: 0x0 (0)
    C590: 0x18000 (98304)
    C598: 0x80018000 (-2147385344)
    C5A0: 0x0 (0)
    C5A8: 0x0 (0)
    C5B0: 0x0 (0)
    C5B8: 0x0 (0)
    C5C0: 0x0 (0)
    C5C8: 0x0 (0)
    C5D0: 0x0 (0)
    C5D8: 0x0 (0)
    C5E0: 0x550055 (5570645)
    C5E8: 0x64 (100)
    C5F0: 0x5 (5)
    C5F8: 0x1 (1)
    C600: 0x2 (2)
    C608: 0x5 (5)
    C610: 0x0 (0)
    C618: 0x0 (0)
    C620: 0x0 (0)
    C628: 0xAA (170)
    C630: 0xAA (170)
Checkpoint 4F
Checkpoint 60
Checkpoint 61
Checkpoint 9A
Checkpoint 90
Checkpoint 91
Checkpoint 92
Checkpoint 94
Checkpoint 94
Checkpoint 95
Checkpoint 96
Checkpoint 94
Checkpoint 94
Checkpoint 95
Checkpoint 96
Checkpoint 94
Checkpoint 94
Checkpoint 94
Checkpoint 94
Checkpoint 94
Checkpoint 95
Checkpoint 96
Checkpoint 94
Checkpoint 94
Checkpoint 94
Checkpoint 94
Checkpoint 94
Checkpoint 95
Checkpoint 96
Checkpoint 94
Checkpoint 94
Checkpoint 94
Checkpoint 94
Checkpoint 94
Checkpoint 94
Checkpoint 95
Checkpoint 96
Checkpoint 94
Checkpoint 94
Checkpoint 94
Checkpoint 94
Checkpoint 94
Checkpoint 95
Checkpoint 96
Checkpoint 94
Checkpoint 94
Checkpoint 94
Checkpoint 94
Checkpoint 94
Checkpoint 95
Checkpoint 96
Checkpoint 94
Checkpoint 94
Checkpoint 94
Checkpoint 95
Checkpoint 96
Checkpoint 94
Checkpoint 94
Checkpoint 94
Checkpoint 94
Checkpoint 94
Checkpoint 95
Checkpoint 96
Checkpoint 94
Checkpoint 94
Checkpoint 94
Checkpoint 94
Checkpoint 94
Checkpoint 95
Checkpoint 96
Checkpoint 94
Checkpoint 94
Checkpoint 94
Checkpoint 94
Checkpoint 94
Checkpoint 95
Checkpoint 96
Checkpoint 92
Checkpoint 92
Checkpoint 92
Checkpoint 92
Checkpoint 92
Checkpoint 92
Checkpoint 92
Checkpoint 92
Checkpoint 92
Checkpoint 92
Checkpoint 9D
Checkpoint 9A
Checkpoint 9C
Checkpoint 91
Checkpoint B4
Checkpoint B4
Checkpoint B4
Checkpoint B4
Checkpoint B4
Checkpoint B4
Checkpoint 98
Checkpoint B4
Checkpoint 92
Checkpoint 92
Checkpoint 92
Checkpoint 92
Checkpoint 92
Checkpoint 92
Checkpoint 92
Checkpoint 92
Checkpoint 92
Checkpoint 92
Checkpoint 92
Checkpoint 97
[2J[1;1H[2J[1;1H[1;1HCheckpoint 98
Checkpoint 92
Checkpoint 92
Checkpoint 92
Checkpoint 92
Checkpoint 92
Checkpoint A0
Checkpoint 92
Checkpoint 92
Checkpoint 92
Checkpoint 92
Checkpoint 92
Checkpoint 92
Checkpoint AD
[0;37;40m[0;30;40m[2J[1;1H[0;37;40m[21;7HUse the  and  keys to change the selection.                       
      Press 'e' to edit the selected item, or 'c' for a command prompt.   [4;80H [4;1H      CentOS Linux (5.4.55) 8 (Core)                                           [4;79H[5;1H      CentOS Linux (4.18.0vdc+) 8 (Core)                                       [5;79H[6;1H      CentOS Linux (4.18.0test+) 8 (Core)                                      [6;79H[7;1H      CentOS Linux (4.18.0-193.19.1.el8_2.aarch64) 8 (Core)                    [7;79H[0;30;47m[8;1H      CentOS Linux (4.18.0-80.11.2.el8.20201201+amp.aarch64) 8 (Core)          [0;37;40m[8;79H[9;1H      CentOS Linux (4.18.0-80.11.2.el8.20201030+amp.aarch64) 8 (Core)          [9;79H[10;1H      CentOS Linux (0-rescue-875bf321f278429a9bfebfb692d5fe55) 8 (Core)        [10;79H[11;1H      System setup                                                             [11;79H[12;1H                                                                               [12;79H[13;1H                                                                               [13;79H[14;1H                                                                               [14;79H[15;1H                                                                               [15;79H[16;1H                                                                               [16;79H[17;1H                                                                               [17;79H[18;1H                                                                               [18;79H[19;1H                                                                               [19;79H[19;80H [8;79H[23;1H   The selected entry will be started automatically in 5s.                     [8;79H[23;1H   The selected entry will be started automatically in 4s.                     [8;79H[23;1H   The selected entry will be started automatically in 3s.                     [8;79H[23;1H   The selected entry will be started automatically in 2s.                     [8;79H[23;1H   The selected entry will be started automatically in 1s.                     [8;79H[23;1H   The selected entry will be started automatically in 0s.                     [8;79H[0;30;40m[2J[1;1H[0;37;40m[0;30;40m[2J[1;1H[0;37;40mEFI stub: Booting Linux Kernel...
EFI stub: Using DTB from configuration table
EFI stub: Exiting boot services and installing virtual address map...
[    0.000000] Booting Linux on physical CPU 0x0000120000 [0x413fd0c1]
[    0.000000] Linux version 4.18.0-80.11.2.el8.20201201+amp.aarch64 (buildsw@eng01sys-r242.scc-lab.amperecomputing.com) (gcc version 8.3.0 (Ampere Computing 8.3.0-20191025-dynamic-nosysroot)) #1 SMP Tue Dec 1 20:22:18 PST 2020
[    0.000000] efi: Getting EFI parameters from FDT:
[    0.000000] efi: EFI v2.70 by American Megatrends
[    0.000000] efi:  ACPI 2.0=0xb0610000  SMBIOS 3.0=0xb516f998  MEMATTR=0xaa35d018  ESRT=0xaa386f98  RNG=0xb7a1af18  MEMRESERVE=0xaa362e18 
[    0.000000] efi: seeding entropy pool
[    0.000000] esrt: Reserving ESRT space from 0x00000000aa386f98 to 0x00000000aa386fd0.
[    0.000000] Using crashkernel=auto, the size chosen is a best effort estimation.
[    0.000000] cannot allocate crashkernel (size:0x20000000)
[    0.000000] ACPI: Early table checksum verification disabled
[    0.000000] ACPI: RSDP 0x00000000B0610000 000024 (v02 Ampere)
[    0.000000] ACPI: XSDT 0x00000000B0600000 0000E4 (v01 Ampere Altra    00000000 AMI  01000013)
[    0.000000] ACPI: FACP 0x00000000B05E0000 000114 (v06 Ampere Altra    00000000 INTL 20190509)
[    0.000000] ACPI: DSDT 0x00000000B0550000 02DCC8 (v02 Ampere Jade     00000001 INTL 20200717)
[    0.000000] ACPI: DBG2 0x00000000B05F0000 00005C (v00 Ampere Altra    00000000 INTL 20190509)
[    0.000000] ACPI: GTDT 0x00000000B05D0000 000110 (v03 Ampere Altra    00000000 INTL 20190509)
[    0.000000] ACPI: SSDT 0x00000000B05C0000 00002D (v02 Ampere Altra    00000001 INTL 20190509)
[    0.000000] ACPI: EINJ 0x00000000B05A0000 000150 (v01 Ampere Altra    00000001 INTL 20200717)
[    0.000000] ACPI: HEST 0x00000000B0590000 000308 (v01 Ampere Altra    00000001 INTL 20200717)
[    0.000000] ACPI: SDEI 0x00000000B0580000 000024 (v01 Ampere Altra    00000001 INTL 20200717)
[    0.000000] ACPI: SPMI 0x00000000B0540000 000041 (v05 ALASKA A M I    00000000 AMI. 00000000)
[    0.000000] ACPI: SPMI 0x00000000B0530000 000041 (v05 ALASKA A M I    00000000 AMI. 00000000)
[    0.000000] ACPI: SPMI 0x00000000B0520000 000041 (v05 ALASKA A M I    00000000 AMI. 00000000)
[    0.000000] ACPI: FIDT 0x00000000B0510000 00009C (v01 ALASKA A M I    01072009 AMI  00010013)
[    0.000000] ACPI: SPCR 0x00000000B0500000 000050 (v02 A M I  APTIO V  01072009 AMI. 0005000F)
[    0.000000] ACPI: BGRT 0x00000000B04F0000 000038 (v01 ALASKA A M I    01072009 AMI  00010013)
[    0.000000] ACPI: TPM2 0x00000000B04E0000 000064 (v04 ALASKA A M I    00000001 AMI  00000000)
[    0.000000] ACPI: PPTT 0x00000000B04C0000 008260 (v02 Ampere Altra    00000000 AMP. 01000013)
[    0.000000] ACPI: SLIT 0x00000000B04B0000 000030 (v01 Ampere Altra    00000000 AMP. 01000013)
[    0.000000] ACPI: SRAT 0x00000000B04A0000 0013B0 (v03 Ampere Altra    00000000 AMP. 01000013)
[    0.000000] ACPI: BERT 0x00000000B05B0000 000030 (v01 Ampere Altra    00000001 INTL 20200717)
[    0.000000] ACPI: MCFG 0x00000000B0490000 0000DC (v01 Ampere Altra    00000001 AMP. 01000013)
[    0.000000] ACPI: IORT 0x00000000B0480000 000844 (v00 Ampere Altra    00000000 AMP. 01000013)
[    0.000000] ACPI: APIC 0x00000000B04D0000 005154 (v05 Ampere Altra    00000003 AMI  01000013)
[    0.000000] ACPI: PCCT 0x00000000B0470000 000ABC (v02 Ampere Altra    00000003 AMP. 01000013)
[    0.000000] ACPI: WSMT 0x00000000B0460000 000028 (v01 ALASKA A M I    01072009 AMI  00010013)
[    0.000000] ACPI: FPDT 0x00000000B0450000 000044 (v01 ALASKA A M I    01072009 AMI  01000013)
[    0.000000] ACPI: SPCR: console: pl011,mmio32,0x100002600000,115200
[    0.000000] ACPI: NUMA: SRAT: PXM 0 -> MPIDR 0x0 -> Node 0
[    0.000000] ACPI: NUMA: SRAT: PXM 0 -> MPIDR 0x100 -> Node 0
[    0.000000] ACPI: NUMA: SRAT: PXM 0 -> MPIDR 0x10000 -> Node 0
[    0.000000] ACPI: NUMA: SRAT: PXM 0 -> MPIDR 0x10100 -> Node 0
[    0.000000] ACPI: NUMA: SRAT: PXM 0 -> MPIDR 0x20000 -> Node 0
[    0.000000] ACPI: NUMA: SRAT: PXM 0 -> MPIDR 0x20100 -> Node 0
[    0.000000] ACPI: NUMA: SRAT: PXM 0 -> MPIDR 0x30000 -> Node 0
[    0.000000] ACPI: NUMA: SRAT: PXM 0 -> MPIDR 0x30100 -> Node 0
[    0.000000] ACPI: NUMA: SRAT: PXM 0 -> MPIDR 0x40000 -> Node 0
[    0.000000] ACPI: NUMA: SRAT: PXM 0 -> MPIDR 0x40100 -> Node 0
[    0.000000] ACPI: NUMA: SRAT: PXM 0 -> MPIDR 0x50000 -> Node 0
[    0.000000] ACPI: NUMA: SRAT: PXM 0 -> MPIDR 0x50100 -> Node 0
[    0.000000] ACPI: NUMA: SRAT: PXM 0 -> MPIDR 0x60000 -> Node 0
[    0.000000] ACPI: NUMA: SRAT: PXM 0 -> MPIDR 0x60100 -> Node 0
[    0.000000] ACPI: NUMA: SRAT: PXM 0 -> MPIDR 0x70000 -> Node 0
[    0.000000] ACPI: NUMA: SRAT: PXM 0 -> MPIDR 0x70100 -> Node 0
[    0.000000] ACPI: NUMA: SRAT: PXM 0 -> MPIDR 0x80000 -> Node 0
[    0.000000] ACPI: NUMA: SRAT: PXM 0 -> MPIDR 0x80100 -> Node 0
[    0.000000] ACPI: NUMA: SRAT: PXM 0 -> MPIDR 0x90000 -> Node 0
[    0.000000] ACPI: NUMA: SRAT: PXM 0 -> MPIDR 0x90100 -> Node 0
[    0.000000] ACPI: NUMA: SRAT: PXM 0 -> MPIDR 0xa0000 -> Node 0
[    0.000000] ACPI: NUMA: SRAT: PXM 0 -> MPIDR 0xa0100 -> Node 0
[    0.000000] ACPI: NUMA: SRAT: PXM 0 -> MPIDR 0xb0000 -> Node 0
[    0.000000] ACPI: NUMA: SRAT: PXM 0 -> MPIDR 0xb0100 -> Node 0
[    0.000000] ACPI: NUMA: SRAT: PXM 0 -> MPIDR 0xc0000 -> Node 0
[    0.000000] ACPI: NUMA: SRAT: PXM 0 -> MPIDR 0xc0100 -> Node 0
[    0.000000] ACPI: NUMA: SRAT: PXM 0 -> MPIDR 0xd0000 -> Node 0
[    0.000000] ACPI: NUMA: SRAT: PXM 0 -> MPIDR 0xd0100 -> Node 0
[    0.000000] ACPI: NUMA: SRAT: PXM 0 -> MPIDR 0xe0000 -> Node 0
[    0.000000] ACPI: NUMA: SRAT: PXM 0 -> MPIDR 0xe0100 -> Node 0
[    0.000000] ACPI: NUMA: SRAT: PXM 0 -> MPIDR 0xf0000 -> Node 0
[    0.000000] ACPI: NUMA: SRAT: PXM 0 -> MPIDR 0xf0100 -> Node 0
[    0.000000] ACPI: NUMA: SRAT: PXM 0 -> MPIDR 0x100000 -> Node 0
[    0.000000] ACPI: NUMA: SRAT: PXM 0 -> MPIDR 0x100100 -> Node 0
[    0.000000] ACPI: NUMA: SRAT: PXM 0 -> MPIDR 0x110000 -> Node 0
[    0.000000] ACPI: NUMA: SRAT: PXM 0 -> MPIDR 0x110100 -> Node 0
[    0.000000] ACPI: NUMA: SRAT: PXM 0 -> MPIDR 0x120000 -> Node 0
[    0.000000] ACPI: NUMA: SRAT: PXM 0 -> MPIDR 0x120100 -> Node 0
[    0.000000] ACPI: NUMA: SRAT: PXM 0 -> MPIDR 0x130000 -> Node 0
[    0.000000] ACPI: NUMA: SRAT: PXM 0 -> MPIDR 0x130100 -> Node 0
[    0.000000] ACPI: NUMA: SRAT: PXM 0 -> MPIDR 0x140000 -> Node 0
[    0.000000] ACPI: NUMA: SRAT: PXM 0 -> MPIDR 0x140100 -> Node 0
[    0.000000] ACPI: NUMA: SRAT: PXM 0 -> MPIDR 0x150000 -> Node 0
[    0.000000] ACPI: NUMA: SRAT: PXM 0 -> MPIDR 0x150100 -> Node 0
[    0.000000] ACPI: NUMA: SRAT: PXM 0 -> MPIDR 0x160000 -> Node 0
[    0.000000] ACPI: NUMA: SRAT: PXM 0 -> MPIDR 0x160100 -> Node 0
[    0.000000] ACPI: NUMA: SRAT: PXM 0 -> MPIDR 0x170000 -> Node 0
[    0.000000] ACPI: NUMA: SRAT: PXM 0 -> MPIDR 0x170100 -> Node 0
[    0.000000] ACPI: NUMA: SRAT: PXM 0 -> MPIDR 0x180000 -> Node 0
[    0.000000] ACPI: NUMA: SRAT: PXM 0 -> MPIDR 0x180100 -> Node 0
[    0.000000] ACPI: NUMA: SRAT: PXM 0 -> MPIDR 0x190000 -> Node 0
[    0.000000] ACPI: NUMA: SRAT: PXM 0 -> MPIDR 0x190100 -> Node 0
[    0.000000] ACPI: NUMA: SRAT: PXM 0 -> MPIDR 0x1a0000 -> Node 0
[    0.000000] ACPI: NUMA: SRAT: PXM 0 -> MPIDR 0x1a0100 -> Node 0
[    0.000000] ACPI: NUMA: SRAT: PXM 0 -> MPIDR 0x1b0000 -> Node 0
[    0.000000] ACPI: NUMA: SRAT: PXM 0 -> MPIDR 0x1b0100 -> Node 0
[    0.000000] ACPI: NUMA: SRAT: PXM 0 -> MPIDR 0x1c0000 -> Node 0
[    0.000000] ACPI: NUMA: SRAT: PXM 0 -> MPIDR 0x1c0100 -> Node 0
[    0.000000] ACPI: NUMA: SRAT: PXM 0 -> MPIDR 0x1d0000 -> Node 0
[    0.000000] ACPI: NUMA: SRAT: PXM 0 -> MPIDR 0x1d0100 -> Node 0
[    0.000000] ACPI: NUMA: SRAT: PXM 0 -> MPIDR 0x1e0000 -> Node 0
[    0.000000] ACPI: NUMA: SRAT: PXM 0 -> MPIDR 0x1e0100 -> Node 0
[    0.000000] ACPI: NUMA: SRAT: PXM 0 -> MPIDR 0x1f0000 -> Node 0
[    0.000000] ACPI: NUMA: SRAT: PXM 0 -> MPIDR 0x1f0100 -> Node 0
[    0.000000] ACPI: NUMA: SRAT: PXM 0 -> MPIDR 0x200000 -> Node 0
[    0.000000] ACPI: NUMA: SRAT: PXM 0 -> MPIDR 0x200100 -> Node 0
[    0.000000] ACPI: NUMA: SRAT: PXM 0 -> MPIDR 0x210000 -> Node 0
[    0.000000] ACPI: NUMA: SRAT: PXM 0 -> MPIDR 0x210100 -> Node 0
[    0.000000] ACPI: NUMA: SRAT: PXM 0 -> MPIDR 0x220000 -> Node 0
[    0.000000] ACPI: NUMA: SRAT: PXM 0 -> MPIDR 0x220100 -> Node 0
[    0.000000] ACPI: NUMA: SRAT: PXM 0 -> MPIDR 0x230000 -> Node 0
[    0.000000] ACPI: NUMA: SRAT: PXM 0 -> MPIDR 0x230100 -> Node 0
[    0.000000] ACPI: NUMA: SRAT: PXM 0 -> MPIDR 0x240000 -> Node 0
[    0.000000] ACPI: NUMA: SRAT: PXM 0 -> MPIDR 0x240100 -> Node 0
[    0.000000] ACPI: NUMA: SRAT: PXM 0 -> MPIDR 0x250000 -> Node 0
[    0.000000] ACPI: NUMA: SRAT: PXM 0 -> MPIDR 0x250100 -> Node 0
[    0.000000] ACPI: NUMA: SRAT: PXM 0 -> MPIDR 0x260000 -> Node 0
[    0.000000] ACPI: NUMA: SRAT: PXM 0 -> MPIDR 0x260100 -> Node 0
[    0.000000] ACPI: NUMA: SRAT: PXM 0 -> MPIDR 0x270000 -> Node 0
[    0.000000] ACPI: NUMA: SRAT: PXM 0 -> MPIDR 0x270100 -> Node 0
[    0.000000] ACPI: NUMA: SRAT: PXM 0 -> MPIDR 0x280000 -> Node 0
[    0.000000] ACPI: NUMA: SRAT: PXM 0 -> MPIDR 0x280100 -> Node 0
[    0.000000] ACPI: NUMA: SRAT: PXM 0 -> MPIDR 0x290000 -> Node 0
[    0.000000] ACPI: NUMA: SRAT: PXM 0 -> MPIDR 0x290100 -> Node 0
[    0.000000] ACPI: NUMA: SRAT: PXM 0 -> MPIDR 0x2a0000 -> Node 0
[    0.000000] ACPI: NUMA: SRAT: PXM 0 -> MPIDR 0x2a0100 -> Node 0
[    0.000000] ACPI: NUMA: SRAT: PXM 0 -> MPIDR 0x2b0000 -> Node 0
[    0.000000] ACPI: NUMA: SRAT: PXM 0 -> MPIDR 0x2b0100 -> Node 0
[    0.000000] ACPI: NUMA: SRAT: PXM 0 -> MPIDR 0x2c0000 -> Node 0
[    0.000000] ACPI: NUMA: SRAT: PXM 0 -> MPIDR 0x2c0100 -> Node 0
[    0.000000] ACPI: NUMA: SRAT: PXM 0 -> MPIDR 0x2d0000 -> Node 0
[    0.000000] ACPI: NUMA: SRAT: PXM 0 -> MPIDR 0x2d0100 -> Node 0
[    0.000000] ACPI: NUMA: SRAT: PXM 0 -> MPIDR 0x2e0000 -> Node 0
[    0.000000] ACPI: NUMA: SRAT: PXM 0 -> MPIDR 0x2e0100 -> Node 0
[    0.000000] ACPI: NUMA: SRAT: PXM 0 -> MPIDR 0x2f0000 -> Node 0
[    0.000000] ACPI: NUMA: SRAT: PXM 0 -> MPIDR 0x2f0100 -> Node 0
[    0.000000] ACPI: NUMA: SRAT: PXM 0 -> MPIDR 0x300000 -> Node 0
[    0.000000] ACPI: NUMA: SRAT: PXM 0 -> MPIDR 0x300100 -> Node 0
[    0.000000] ACPI: NUMA: SRAT: PXM 0 -> MPIDR 0x310000 -> Node 0
[    0.000000] ACPI: NUMA: SRAT: PXM 0 -> MPIDR 0x310100 -> Node 0
[    0.000000] ACPI: NUMA: SRAT: PXM 0 -> MPIDR 0x320000 -> Node 0
[    0.000000] ACPI: NUMA: SRAT: PXM 0 -> MPIDR 0x320100 -> Node 0
[    0.000000] ACPI: NUMA: SRAT: PXM 0 -> MPIDR 0x330000 -> Node 0
[    0.000000] ACPI: NUMA: SRAT: PXM 0 -> MPIDR 0x330100 -> Node 0
[    0.000000] ACPI: NUMA: SRAT: PXM 0 -> MPIDR 0x340000 -> Node 0
[    0.000000] ACPI: NUMA: SRAT: PXM 0 -> MPIDR 0x340100 -> Node 0
[    0.000000] ACPI: NUMA: SRAT: PXM 0 -> MPIDR 0x350000 -> Node 0
[    0.000000] ACPI: NUMA: SRAT: PXM 0 -> MPIDR 0x350100 -> Node 0
[    0.000000] ACPI: NUMA: SRAT: PXM 0 -> MPIDR 0x360000 -> Node 0
[    0.000000] ACPI: NUMA: SRAT: PXM 0 -> MPIDR 0x360100 -> Node 0
[    0.000000] ACPI: NUMA: SRAT: PXM 0 -> MPIDR 0x370000 -> Node 0
[    0.000000] ACPI: NUMA: SRAT: PXM 0 -> MPIDR 0x370100 -> Node 0
[    0.000000] ACPI: NUMA: SRAT: PXM 0 -> MPIDR 0x380000 -> Node 0
[    0.000000] ACPI: NUMA: SRAT: PXM 0 -> MPIDR 0x380100 -> Node 0
[    0.000000] ACPI: NUMA: SRAT: PXM 0 -> MPIDR 0x390000 -> Node 0
[    0.000000] ACPI: NUMA: SRAT: PXM 0 -> MPIDR 0x390100 -> Node 0
[    0.000000] ACPI: NUMA: SRAT: PXM 0 -> MPIDR 0x3a0000 -> Node 0
[    0.000000] ACPI: NUMA: SRAT: PXM 0 -> MPIDR 0x3a0100 -> Node 0
[    0.000000] ACPI: NUMA: SRAT: PXM 0 -> MPIDR 0x3b0000 -> Node 0
[    0.000000] ACPI: NUMA: SRAT: PXM 0 -> MPIDR 0x3b0100 -> Node 0
[    0.000000] ACPI: NUMA: SRAT: PXM 0 -> MPIDR 0x3c0000 -> Node 0
[    0.000000] ACPI: NUMA: SRAT: PXM 0 -> MPIDR 0x3c0100 -> Node 0
[    0.000000] ACPI: NUMA: SRAT: PXM 0 -> MPIDR 0x3d0000 -> Node 0
[    0.000000] ACPI: NUMA: SRAT: PXM 0 -> MPIDR 0x3d0100 -> Node 0
[    0.000000] ACPI: NUMA: SRAT: PXM 0 -> MPIDR 0x3e0000 -> Node 0
[    0.000000] ACPI: NUMA: SRAT: PXM 0 -> MPIDR 0x3e0100 -> Node 0
[    0.000000] ACPI: NUMA: SRAT: PXM 0 -> MPIDR 0x3f0000 -> Node 0
[    0.000000] ACPI: NUMA: SRAT: PXM 0 -> MPIDR 0x3f0100 -> Node 0
[    0.000000] ACPI: NUMA: SRAT: PXM 1 -> MPIDR 0x100000000 -> Node 1
[    0.000000] ACPI: NUMA: SRAT: PXM 1 -> MPIDR 0x100000100 -> Node 1
[    0.000000] ACPI: NUMA: SRAT: PXM 1 -> MPIDR 0x100010000 -> Node 1
[    0.000000] ACPI: NUMA: SRAT: PXM 1 -> MPIDR 0x100010100 -> Node 1
[    0.000000] ACPI: NUMA: SRAT: PXM 1 -> MPIDR 0x100020000 -> Node 1
[    0.000000] ACPI: NUMA: SRAT: PXM 1 -> MPIDR 0x100020100 -> Node 1
[    0.000000] ACPI: NUMA: SRAT: PXM 1 -> MPIDR 0x100030000 -> Node 1
[    0.000000] ACPI: NUMA: SRAT: PXM 1 -> MPIDR 0x100030100 -> Node 1
[    0.000000] ACPI: NUMA: SRAT: PXM 1 -> MPIDR 0x100040000 -> Node 1
[    0.000000] ACPI: NUMA: SRAT: PXM 1 -> MPIDR 0x100040100 -> Node 1
[    0.000000] ACPI: NUMA: SRAT: PXM 1 -> MPIDR 0x100050000 -> Node 1
[    0.000000] ACPI: NUMA: SRAT: PXM 1 -> MPIDR 0x100050100 -> Node 1
[    0.000000] ACPI: NUMA: SRAT: PXM 1 -> MPIDR 0x100060000 -> Node 1
[    0.000000] ACPI: NUMA: SRAT: PXM 1 -> MPIDR 0x100060100 -> Node 1
[    0.000000] ACPI: NUMA: SRAT: PXM 1 -> MPIDR 0x100070000 -> Node 1
[    0.000000] ACPI: NUMA: SRAT: PXM 1 -> MPIDR 0x100070100 -> Node 1
[    0.000000] ACPI: NUMA: SRAT: PXM 1 -> MPIDR 0x100080000 -> Node 1
[    0.000000] ACPI: NUMA: SRAT: PXM 1 -> MPIDR 0x100080100 -> Node 1
[    0.000000] ACPI: NUMA: SRAT: PXM 1 -> MPIDR 0x100090000 -> Node 1
[    0.000000] ACPI: NUMA: SRAT: PXM 1 -> MPIDR 0x100090100 -> Node 1
[    0.000000] ACPI: NUMA: SRAT: PXM 1 -> MPIDR 0x1000a0000 -> Node 1
[    0.000000] ACPI: NUMA: SRAT: PXM 1 -> MPIDR 0x1000a0100 -> Node 1
[    0.000000] ACPI: NUMA: SRAT: PXM 1 -> MPIDR 0x1000b0000 -> Node 1
[    0.000000] ACPI: NUMA: SRAT: PXM 1 -> MPIDR 0x1000b0100 -> Node 1
[    0.000000] ACPI: NUMA: SRAT: PXM 1 -> MPIDR 0x1000c0000 -> Node 1
[    0.000000] ACPI: NUMA: SRAT: PXM 1 -> MPIDR 0x1000c0100 -> Node 1
[    0.000000] ACPI: NUMA: SRAT: PXM 1 -> MPIDR 0x1000d0000 -> Node 1
[    0.000000] ACPI: NUMA: SRAT: PXM 1 -> MPIDR 0x1000d0100 -> Node 1
[    0.000000] ACPI: NUMA: SRAT: PXM 1 -> MPIDR 0x1000e0000 -> Node 1
[    0.000000] ACPI: NUMA: SRAT: PXM 1 -> MPIDR 0x1000e0100 -> Node 1
[    0.000000] ACPI: NUMA: SRAT: PXM 1 -> MPIDR 0x1000f0000 -> Node 1
[    0.000000] ACPI: NUMA: SRAT: PXM 1 -> MPIDR 0x1000f0100 -> Node 1
[    0.000000] ACPI: NUMA: SRAT: PXM 1 -> MPIDR 0x100100000 -> Node 1
[    0.000000] ACPI: NUMA: SRAT: PXM 1 -> MPIDR 0x100100100 -> Node 1
[    0.000000] ACPI: NUMA: SRAT: PXM 1 -> MPIDR 0x100110000 -> Node 1
[    0.000000] ACPI: NUMA: SRAT: PXM 1 -> MPIDR 0x100110100 -> Node 1
[    0.000000] ACPI: NUMA: SRAT: PXM 1 -> MPIDR 0x100120000 -> Node 1
[    0.000000] ACPI: NUMA: SRAT: PXM 1 -> MPIDR 0x100120100 -> Node 1
[    0.000000] ACPI: NUMA: SRAT: PXM 1 -> MPIDR 0x100130000 -> Node 1
[    0.000000] ACPI: NUMA: SRAT: PXM 1 -> MPIDR 0x100130100 -> Node 1
[    0.000000] ACPI: NUMA: SRAT: PXM 1 -> MPIDR 0x100140000 -> Node 1
[    0.000000] ACPI: NUMA: SRAT: PXM 1 -> MPIDR 0x100140100 -> Node 1
[    0.000000] ACPI: NUMA: SRAT: PXM 1 -> MPIDR 0x100150000 -> Node 1
[    0.000000] ACPI: NUMA: SRAT: PXM 1 -> MPIDR 0x100150100 -> Node 1
[    0.000000] ACPI: NUMA: SRAT: PXM 1 -> MPIDR 0x100160000 -> Node 1
[    0.000000] ACPI: NUMA: SRAT: PXM 1 -> MPIDR 0x100160100 -> Node 1
[    0.000000] ACPI: NUMA: SRAT: PXM 1 -> MPIDR 0x100170000 -> Node 1
[    0.000000] ACPI: NUMA: SRAT: PXM 1 -> MPIDR 0x100170100 -> Node 1
[    0.000000] ACPI: NUMA: SRAT: PXM 1 -> MPIDR 0x100180000 -> Node 1
[    0.000000] ACPI: NUMA: SRAT: PXM 1 -> MPIDR 0x100180100 -> Node 1
[    0.000000] ACPI: NUMA: SRAT: PXM 1 -> MPIDR 0x100190000 -> Node 1
[    0.000000] ACPI: NUMA: SRAT: PXM 1 -> MPIDR 0x100190100 -> Node 1
[    0.000000] ACPI: NUMA: SRAT: PXM 1 -> MPIDR 0x1001a0000 -> Node 1
[    0.000000] ACPI: NUMA: SRAT: PXM 1 -> MPIDR 0x1001a0100 -> Node 1
[    0.000000] ACPI: NUMA: SRAT: PXM 1 -> MPIDR 0x1001b0000 -> Node 1
[    0.000000] ACPI: NUMA: SRAT: PXM 1 -> MPIDR 0x1001b0100 -> Node 1
[    0.000000] ACPI: NUMA: SRAT: PXM 1 -> MPIDR 0x1001c0000 -> Node 1
[    0.000000] ACPI: NUMA: SRAT: PXM 1 -> MPIDR 0x1001c0100 -> Node 1
[    0.000000] ACPI: NUMA: SRAT: PXM 1 -> MPIDR 0x1001d0000 -> Node 1
[    0.000000] ACPI: NUMA: SRAT: PXM 1 -> MPIDR 0x1001d0100 -> Node 1
[    0.000000] ACPI: NUMA: SRAT: PXM 1 -> MPIDR 0x1001e0000 -> Node 1
[    0.000000] ACPI: NUMA: SRAT: PXM 1 -> MPIDR 0x1001e0100 -> Node 1
[    0.000000] ACPI: NUMA: SRAT: PXM 1 -> MPIDR 0x1001f0000 -> Node 1
[    0.000000] ACPI: NUMA: SRAT: PXM 1 -> MPIDR 0x1001f0100 -> Node 1
[    0.000000] ACPI: NUMA: SRAT: PXM 1 -> MPIDR 0x100200000 -> Node 1
[    0.000000] ACPI: NUMA: SRAT: PXM 1 -> MPIDR 0x100200100 -> Node 1
[    0.000000] ACPI: NUMA: SRAT: PXM 1 -> MPIDR 0x100210000 -> Node 1
[    0.000000] ACPI: NUMA: SRAT: PXM 1 -> MPIDR 0x100210100 -> Node 1
[    0.000000] ACPI: NUMA: SRAT: PXM 1 -> MPIDR 0x100220000 -> Node 1
[    0.000000] ACPI: NUMA: SRAT: PXM 1 -> MPIDR 0x100220100 -> Node 1
[    0.000000] ACPI: NUMA: SRAT: PXM 1 -> MPIDR 0x100230000 -> Node 1
[    0.000000] ACPI: NUMA: SRAT: PXM 1 -> MPIDR 0x100230100 -> Node 1
[    0.000000] ACPI: NUMA: SRAT: PXM 1 -> MPIDR 0x100240000 -> Node 1
[    0.000000] ACPI: NUMA: SRAT: PXM 1 -> MPIDR 0x100240100 -> Node 1
[    0.000000] ACPI: NUMA: SRAT: PXM 1 -> MPIDR 0x100250000 -> Node 1
[    0.000000] ACPI: NUMA: SRAT: PXM 1 -> MPIDR 0x100250100 -> Node 1
[    0.000000] ACPI: NUMA: SRAT: PXM 1 -> MPIDR 0x100260000 -> Node 1
[    0.000000] ACPI: NUMA: SRAT: PXM 1 -> MPIDR 0x100260100 -> Node 1
[    0.000000] ACPI: NUMA: SRAT: PXM 1 -> MPIDR 0x100270000 -> Node 1
[    0.000000] ACPI: NUMA: SRAT: PXM 1 -> MPIDR 0x100270100 -> Node 1
[    0.000000] ACPI: NUMA: SRAT: PXM 1 -> MPIDR 0x100280000 -> Node 1
[    0.000000] ACPI: NUMA: SRAT: PXM 1 -> MPIDR 0x100280100 -> Node 1
[    0.000000] ACPI: NUMA: SRAT: PXM 1 -> MPIDR 0x100290000 -> Node 1
[    0.000000] ACPI: NUMA: SRAT: PXM 1 -> MPIDR 0x100290100 -> Node 1
[    0.000000] ACPI: NUMA: SRAT: PXM 1 -> MPIDR 0x1002a0000 -> Node 1
[    0.000000] ACPI: NUMA: SRAT: PXM 1 -> MPIDR 0x1002a0100 -> Node 1
[    0.000000] ACPI: NUMA: SRAT: PXM 1 -> MPIDR 0x1002b0000 -> Node 1
[    0.000000] ACPI: NUMA: SRAT: PXM 1 -> MPIDR 0x1002b0100 -> Node 1
[    0.000000] ACPI: NUMA: SRAT: PXM 1 -> MPIDR 0x1002c0000 -> Node 1
[    0.000000] ACPI: NUMA: SRAT: PXM 1 -> MPIDR 0x1002c0100 -> Node 1
[    0.000000] ACPI: NUMA: SRAT: PXM 1 -> MPIDR 0x1002d0000 -> Node 1
[    0.000000] ACPI: NUMA: SRAT: PXM 1 -> MPIDR 0x1002d0100 -> Node 1
[    0.000000] ACPI: NUMA: SRAT: PXM 1 -> MPIDR 0x1002e0000 -> Node 1
[    0.000000] ACPI: NUMA: SRAT: PXM 1 -> MPIDR 0x1002e0100 -> Node 1
[    0.000000] ACPI: NUMA: SRAT: PXM 1 -> MPIDR 0x1002f0000 -> Node 1
[    0.000000] ACPI: NUMA: SRAT: PXM 1 -> MPIDR 0x1002f0100 -> Node 1
[    0.000000] ACPI: NUMA: SRAT: PXM 1 -> MPIDR 0x100300000 -> Node 1
[    0.000000] ACPI: NUMA: SRAT: PXM 1 -> MPIDR 0x100300100 -> Node 1
[    0.000000] ACPI: NUMA: SRAT: PXM 1 -> MPIDR 0x100310000 -> Node 1
[    0.000000] ACPI: NUMA: SRAT: PXM 1 -> MPIDR 0x100310100 -> Node 1
[    0.000000] ACPI: NUMA: SRAT: PXM 1 -> MPIDR 0x100320000 -> Node 1
[    0.000000] ACPI: NUMA: SRAT: PXM 1 -> MPIDR 0x100320100 -> Node 1
[    0.000000] ACPI: NUMA: SRAT: PXM 1 -> MPIDR 0x100330000 -> Node 1
[    0.000000] ACPI: NUMA: SRAT: PXM 1 -> MPIDR 0x100330100 -> Node 1
[    0.000000] ACPI: NUMA: SRAT: PXM 1 -> MPIDR 0x100340000 -> Node 1
[    0.000000] ACPI: NUMA: SRAT: PXM 1 -> MPIDR 0x100340100 -> Node 1
[    0.000000] ACPI: NUMA: SRAT: PXM 1 -> MPIDR 0x100350000 -> Node 1
[    0.000000] ACPI: NUMA: SRAT: PXM 1 -> MPIDR 0x100350100 -> Node 1
[    0.000000] ACPI: NUMA: SRAT: PXM 1 -> MPIDR 0x100360000 -> Node 1
[    0.000000] ACPI: NUMA: SRAT: PXM 1 -> MPIDR 0x100360100 -> Node 1
[    0.000000] ACPI: NUMA: SRAT: PXM 1 -> MPIDR 0x100370000 -> Node 1
[    0.000000] ACPI: NUMA: SRAT: PXM 1 -> MPIDR 0x100370100 -> Node 1
[    0.000000] ACPI: NUMA: SRAT: PXM 1 -> MPIDR 0x100380000 -> Node 1
[    0.000000] ACPI: NUMA: SRAT: PXM 1 -> MPIDR 0x100380100 -> Node 1
[    0.000000] ACPI: NUMA: SRAT: PXM 1 -> MPIDR 0x100390000 -> Node 1
[    0.000000] ACPI: NUMA: SRAT: PXM 1 -> MPIDR 0x100390100 -> Node 1
[    0.000000] ACPI: NUMA: SRAT: PXM 1 -> MPIDR 0x1003a0000 -> Node 1
[    0.000000] ACPI: NUMA: SRAT: PXM 1 -> MPIDR 0x1003a0100 -> Node 1
[    0.000000] ACPI: NUMA: SRAT: PXM 1 -> MPIDR 0x1003b0000 -> Node 1
[    0.000000] ACPI: NUMA: SRAT: PXM 1 -> MPIDR 0x1003b0100 -> Node 1
[    0.000000] ACPI: NUMA: SRAT: PXM 1 -> MPIDR 0x1003c0000 -> Node 1
[    0.000000] ACPI: NUMA: SRAT: PXM 1 -> MPIDR 0x1003c0100 -> Node 1
[    0.000000] ACPI: NUMA: SRAT: PXM 1 -> MPIDR 0x1003d0000 -> Node 1
[    0.000000] ACPI: NUMA: SRAT: PXM 1 -> MPIDR 0x1003d0100 -> Node 1
[    0.000000] ACPI: NUMA: SRAT: PXM 1 -> MPIDR 0x1003e0000 -> Node 1
[    0.000000] ACPI: NUMA: SRAT: PXM 1 -> MPIDR 0x1003e0100 -> Node 1
[    0.000000] ACPI: NUMA: SRAT: PXM 1 -> MPIDR 0x1003f0000 -> Node 1
[    0.000000] ACPI: NUMA: SRAT: PXM 1 -> MPIDR 0x1003f0100 -> Node 1
[    0.000000] ACPI: SRAT: Node 0 PXM 0 [mem 0x88300000-0x883fffff]
[    0.000000] ACPI: SRAT: Node 0 PXM 0 [mem 0x90000000-0xbfffffff]
[    0.000000] ACPI: SRAT: Node 0 PXM 0 [mem 0x80000000000-0x8007fffffff]
[    0.000000] ACPI: SRAT: Node 0 PXM 0 [mem 0x800c0000000-0x83fffffffff]
[    0.000000] ACPI: SRAT: Node 1 PXM 1 [mem 0x400000000000-0x4000bfffffff]
[    0.000000] ACPI: SRAT: Node 1 PXM 1 [mem 0x400100000000-0x402fffffffff]
[    0.000000] NUMA: NODE_DATA [mem 0x83fffffd100-0x83fffffffff]
[    0.000000] NUMA: NODE_DATA [mem 0x402ffc7cd100-0x402ffc7cffff]
[    0.000000] Zone ranges:
[    0.000000]   DMA32    [mem 0x0000000088300000-0x00000000ffffffff]
[    0.000000]   Normal   [mem 0x0000000100000000-0x0000402fffffffff]
[    0.000000] Movable zone start for each node
[    0.000000] Early memory node ranges
[    0.000000]   node   0: [mem 0x0000000088300000-0x00000000883fffff]
[    0.000000]   node   0: [mem 0x0000000090000000-0x0000000091ffffff]
[    0.000000]   node   0: [mem 0x0000000092000000-0x000000009277ffff]
[    0.000000]   node   0: [mem 0x0000000092780000-0x00000000b00fffff]
[    0.000000]   node   0: [mem 0x00000000b0100000-0x00000000b039ffff]
[    0.000000]   node   0: [mem 0x00000000b03a0000-0x00000000b03cffff]
[    0.000000]   node   0: [mem 0x00000000b03d0000-0x00000000b03dffff]
[    0.000000]   node   0: [mem 0x00000000b03e0000-0x00000000b063ffff]
[    0.000000]   node   0: [mem 0x00000000b0640000-0x00000000b068ffff]
[    0.000000]   node   0: [mem 0x00000000b0690000-0x00000000b1daffff]
[    0.000000]   node   0: [mem 0x00000000b1db0000-0x00000000b7a1ffff]
[    0.000000]   node   0: [mem 0x00000000b7a20000-0x00000000b7b4ffff]
[    0.000000]   node   0: [mem 0x00000000b7b50000-0x00000000b7fdffff]
[    0.000000]   node   0: [mem 0x00000000b7fe0000-0x00000000bfc1ffff]
[    0.000000]   node   0: [mem 0x00000000bfc20000-0x00000000bfc2ffff]
[    0.000000]   node   0: [mem 0x00000000bfc30000-0x00000000bfffffff]
[    0.000000]   node   0: [mem 0x0000080000000000-0x000008007fffffff]
[    0.000000]   node   0: [mem 0x00000800c0000000-0x0000083fffffffff]
[    0.000000]   node   1: [mem 0x0000400000000000-0x00004000bfffffff]
[    0.000000]   node   1: [mem 0x0000400100000000-0x0000402fffffffff]
[    0.000000] Zeroed struct page in unavailable ranges: 1601 pages
[    0.000000] Initmem setup node 0 [mem 0x0000000088300000-0x0000083fffffffff]
[    0.000000] Initmem setup node 1 [mem 0x0000400000000000-0x0000402fffffffff]
[    0.000000] psci: probing for conduit method from ACPI.
[    0.000000] psci: PSCIv1.1 detected in firmware.
[    0.000000] psci: Using standard PSCI v0.2 function IDs
[    0.000000] psci: MIGRATE_INFO_TYPE not supported.
[    0.000000] psci: SMC Calling Convention v1.0
[    0.000000] random: get_random_bytes called from start_kernel+0xa0/0x4d8 with crng_init=0
[    0.000000] percpu: Embedded 3 pages/cpu @(____ptrval____) s127448 r8192 d60968 u196608
[    0.000000] Detected PIPT I-cache on CPU0
[    0.000000] CPU features: detected: Virtualization Host Extensions
[    0.000000] CPU features: kernel page table isolation forced ON by KASLR
[    0.000000] CPU features: detected: Kernel page table isolation (KPTI)
[    0.000000] CPU features: detected: Hardware dirty bit management
[    0.000000] CPU features: detected: Speculative Store Bypassing Safe (SSBS)
[    0.000000] Built 2 zonelists, mobility grouping on.  Total pages: 7312403
[    0.000000] Policy zone: Normal
[    0.000000] Kernel command line: BOOT_IMAGE=(hd2,gpt2)/vmlinuz-4.18.0-80.11.2.el8.20201201+amp.aarch64 root=/dev/mapper/cl-root ro crashkernel=auto rd.lvm.lv=cl/root rd.lvm.lv=cl/swap iommu.passthrough=1
[    0.000000] Specific versions of hardware are certified with Red Hat Enterprise Linux 8. Please see the list of hardware certified with Red Hat Enterprise Linux 8 at https://access.redhat.com/ecosystem.
[    0.000000] log_buf_len individual max cpu contribution: 4096 bytes
[    0.000000] log_buf_len total cpu_extra contributions: 1044480 bytes
[    0.000000] log_buf_len min size: 1048576 bytes
[    0.000000] log_buf_len: 2097152 bytes
[    0.000000] early log buf free: 1018488(97%)
[    0.000000] software IO TLB: mapped [mem 0xbbc20000-0xbfc20000] (64MB)
[    0.000000] Memory: 467646336K/468452352K available (9596K kernel code, 1930K rwdata, 5760K rodata, 4416K init, 9290K bss, 806016K reserved, 0K cma-reserved)
[    0.000000] SLUB: HWalign=64, Order=0-3, MinObjects=0, CPUs=256, Nodes=2
[    0.000000] ftrace: allocating 32400 entries in 8 pages
[    0.000000] rcu: Hierarchical RCU implementation.
[    0.000000] rcu: 	RCU restricting CPUs from NR_CPUS=4096 to nr_cpu_ids=256.
[    0.000000] rcu: RCU calculated value of scheduler-enlistment delay is 11 jiffies.
[    0.000000] rcu: Adjusting geometry for rcu_fanout_leaf=16, nr_cpu_ids=256
[    0.000000] NR_IRQS: 64, nr_irqs: 64, preallocated irqs: 0
[    0.000000] GICv3: GIC: Using split EOI/Deactivate mode
[    0.000000] GICv3: Distributor has no Range Selector support
[    0.000000] GICv3: no VLPI support, no direct LPI support
[    0.000000] GICv3: CPU0: found redistributor 120000 region 0:0x00001001005c0000
[    0.000000] SRAT: PXM 0 -> ITS 2 -> Node 0
[    0.000000] SRAT: PXM 0 -> ITS 3 -> Node 0
[    0.000000] SRAT: PXM 0 -> ITS 4 -> Node 0
[    0.000000] SRAT: PXM 0 -> ITS 5 -> Node 0
[    0.000000] SRAT: PXM 0 -> ITS 6 -> Node 0
[    0.000000] SRAT: PXM 0 -> ITS 7 -> Node 0
[    0.000000] SRAT: PXM 1 -> ITS 10 -> Node 1
[    0.000000] SRAT: PXM 1 -> ITS 11 -> Node 1
[    0.000000] SRAT: PXM 1 -> ITS 12 -> Node 1
[    0.000000] SRAT: PXM 1 -> ITS 13 -> Node 1
[    0.000000] SRAT: PXM 1 -> ITS 14 -> Node 1
[    0.000000] SRAT: PXM 1 -> ITS 15 -> Node 1
[    0.000000] ITS [mem 0x100100080000-0x10010009ffff]
[    0.000000] ITS@0x0000100100080000: allocated 8192 Devices @83fc1380000 (indirect, esz 8, psz 64K, shr 1)
[    0.000000] ITS@0x0000100100080000: allocated 32768 Interrupt Collections @83fc1390000 (flat, esz 2, psz 64K, shr 1)
[    0.000000] ITS [mem 0x1001000a0000-0x1001000bffff]
[    0.000000] ITS@0x00001001000a0000: allocated 8192 Devices @83fc13b0000 (indirect, esz 8, psz 64K, shr 1)
[    0.000000] ITS@0x00001001000a0000: allocated 32768 Interrupt Collections @83fc13c0000 (flat, esz 2, psz 64K, shr 1)
[    0.000000] ITS [mem 0x1001000c0000-0x1001000dffff]
[    0.000000] ITS@0x00001001000c0000: allocated 8192 Devices @83fc13e0000 (indirect, esz 8, psz 64K, shr 1)
[    0.000000] ITS@0x00001001000c0000: allocated 32768 Interrupt Collections @83fc13f0000 (flat, esz 2, psz 64K, shr 1)
[    0.000000] ITS [mem 0x1001000e0000-0x1001000fffff]
[    0.000000] ITS@0x00001001000e0000: allocated 8192 Devices @83fc1410000 (indirect, esz 8, psz 64K, shr 1)
[    0.000000] ITS@0x00001001000e0000: allocated 32768 Interrupt Collections @83fc1420000 (flat, esz 2, psz 64K, shr 1)
[    0.000000] ITS [mem 0x100100100000-0x10010011ffff]
[    0.000000] ITS@0x0000100100100000: allocated 8192 Devices @83fc1440000 (indirect, esz 8, psz 64K, shr 1)
[    0.000000] ITS@0x0000100100100000: allocated 32768 Interrupt Collections @83fc1450000 (flat, esz 2, psz 64K, shr 1)
[    0.000000] ITS [mem 0x100100120000-0x10010013ffff]
[    0.000000] ITS@0x0000100100120000: allocated 8192 Devices @83fc1470000 (indirect, esz 8, psz 64K, shr 1)
[    0.000000] ITS@0x0000100100120000: allocated 32768 Interrupt Collections @83fc1480000 (flat, esz 2, psz 64K, shr 1)
[    0.000000] ITS [mem 0x500100080000-0x50010009ffff]
[    0.000000] ITS@0x0000500100080000: allocated 8192 Devices @83fc14a0000 (indirect, esz 8, psz 64K, shr 1)
[    0.000000] ITS@0x0000500100080000: allocated 32768 Interrupt Collections @83fc14b0000 (flat, esz 2, psz 64K, shr 1)
[    0.000000] ITS [mem 0x5001000a0000-0x5001000bffff]
[    0.000000] ITS@0x00005001000a0000: allocated 8192 Devices @83fc14d0000 (indirect, esz 8, psz 64K, shr 1)
[    0.000000] ITS@0x00005001000a0000: allocated 32768 Interrupt Collections @83fc14e0000 (flat, esz 2, psz 64K, shr 1)
[    0.000000] ITS [mem 0x5001000c0000-0x5001000dffff]
[    0.000000] ITS@0x00005001000c0000: allocated 8192 Devices @83fc1500000 (indirect, esz 8, psz 64K, shr 1)
[    0.000000] ITS@0x00005001000c0000: allocated 32768 Interrupt Collections @83fc1510000 (flat, esz 2, psz 64K, shr 1)
[    0.000000] ITS [mem 0x5001000e0000-0x5001000fffff]
[    0.000000] ITS@0x00005001000e0000: allocated 8192 Devices @83fc1530000 (indirect, esz 8, psz 64K, shr 1)
[    0.000000] ITS@0x00005001000e0000: allocated 32768 Interrupt Collections @83fc1540000 (flat, esz 2, psz 64K, shr 1)
[    0.000000] ITS [mem 0x500100100000-0x50010011ffff]
[    0.000000] ITS@0x0000500100100000: allocated 8192 Devices @83fc1560000 (indirect, esz 8, psz 64K, shr 1)
[    0.000000] ITS@0x0000500100100000: allocated 32768 Interrupt Collections @83fc1570000 (flat, esz 2, psz 64K, shr 1)
[    0.000000] ITS [mem 0x500100120000-0x50010013ffff]
[    0.000000] ITS@0x0000500100120000: allocated 8192 Devices @83fc1590000 (indirect, esz 8, psz 64K, shr 1)
[    0.000000] ITS@0x0000500100120000: allocated 32768 Interrupt Collections @83fc15a0000 (flat, esz 2, psz 64K, shr 1)
[    0.000000] GICv3: using LPI property table @0x0000083fc15b0000
[    0.000000] GICv3: CPU0: using allocated LPI pending table @0x0000083fc15d0000
[    0.000000] rcu: 	Offload RCU callbacks from CPUs: (none).
[    0.000000] ACPI GTDT: found 1 memory-mapped timer block(s).
[    0.000000] arch_timer: cp15 and mmio timer(s) running at 25.00MHz (phys/phys).
[    0.000000] clocksource: arch_sys_counter: mask: 0xffffffffffffff max_cycles: 0x5c40939b5, max_idle_ns: 440795202646 ns
[    0.000000] sched_clock: 56 bits at 25MHz, resolution 40ns, wraps every 4398046511100ns
[    0.000307] Console: colour dummy device 80x25
[    0.000503] mempolicy: Enabling automatic NUMA balancing. Configure with numa_balancing= or the kernel.numa_balancing sysctl
[    0.000518] ACPI: Core revision 20180531
[    0.001075] Calibrating delay loop (skipped), value calculated using timer frequency.. 50.00 BogoMIPS (lpj=250000)
[    0.001078] pid_max: default: 262144 minimum: 2048
[    0.001412] Security Framework initialized
[    0.001415] Yama: becoming mindful.
[    0.001418] SELinux:  Initializing.
[    0.010404] Dentry cache hash table entries: 16777216 (order: 11, 134217728 bytes)
[    0.014824] Inode-cache hash table entries: 8388608 (order: 10, 67108864 bytes)
[    0.015033] Mount-cache hash table entries: 262144 (order: 5, 2097152 bytes)
[    0.015172] Mountpoint-cache hash table entries: 262144 (order: 5, 2097152 bytes)
[    0.024118] ASID allocator initialised with 32768 entries
[    0.024132] rcu: Hierarchical SRCU implementation.
[    0.024345] Platform MSI: ITS@0x100100080000 domain created
[    0.024347] Platform MSI: ITS@0x1001000a0000 domain created
[    0.024349] Platform MSI: ITS@0x1001000c0000 domain created
[    0.024350] Platform MSI: ITS@0x1001000e0000 domain created
[    0.024352] Platform MSI: ITS@0x100100100000 domain created
[    0.024353] Platform MSI: ITS@0x100100120000 domain created
[    0.024355] Platform MSI: ITS@0x500100080000 domain created
[    0.024356] Platform MSI: ITS@0x5001000a0000 domain created
[    0.024358] Platform MSI: ITS@0x5001000c0000 domain created
[    0.024360] Platform MSI: ITS@0x5001000e0000 domain created
[    0.024362] Platform MSI: ITS@0x500100100000 domain created
[    0.024363] Platform MSI: ITS@0x500100120000 domain created
[    0.024368] PCI/MSI: ITS@0x100100080000 domain created
[    0.024370] PCI/MSI: ITS@0x1001000a0000 domain created
[    0.024371] PCI/MSI: ITS@0x1001000c0000 domain created
[    0.024373] PCI/MSI: ITS@0x1001000e0000 domain created
[    0.024374] PCI/MSI: ITS@0x100100100000 domain created
[    0.024376] PCI/MSI: ITS@0x100100120000 domain created
[    0.024377] PCI/MSI: ITS@0x500100080000 domain created
[    0.024379] PCI/MSI: ITS@0x5001000a0000 domain created
[    0.024380] PCI/MSI: ITS@0x5001000c0000 domain created
[    0.024382] PCI/MSI: ITS@0x5001000e0000 domain created
[    0.024383] PCI/MSI: ITS@0x500100100000 domain created
[    0.024385] PCI/MSI: ITS@0x500100120000 domain created
[    0.024409] Remapping and enabling EFI services.
[    0.026966] smp: Bringing up secondary CPUs ...
[    0.027263] Detected PIPT I-cache on CPU1
[    0.027281] GICv3: CPU1: found redistributor 140000 region 0:0x0000100100640000
[    0.027288] GICv3: CPU1: using allocated LPI pending table @0x0000083fc15e0000
[    0.027356] CPU1: Booted secondary processor 0x0000140000 [0x413fd0c1]
[    0.027865] Detected PIPT I-cache on CPU2
[    0.027883] GICv3: CPU2: found redistributor 1a0000 region 0:0x00001001007c0000
[    0.027889] GICv3: CPU2: using allocated LPI pending table @0x0000083fc15f0000
[    0.027957] CPU2: Booted secondary processor 0x00001a0000 [0x413fd0c1]
[    0.028456] Detected PIPT I-cache on CPU3
[    0.028472] GICv3: CPU3: found redistributor 1c0000 region 0:0x0000100100840000
[    0.028478] GICv3: CPU3: using allocated LPI pending table @0x0000083fc1600000
[    0.028545] CPU3: Booted secondary processor 0x00001c0000 [0x413fd0c1]
[    0.029111] Detected PIPT I-cache on CPU4
[    0.029124] GICv3: CPU4: found redistributor 100000 region 0:0x0000100100540000
[    0.029130] GICv3: CPU4: using allocated LPI pending table @0x0000083fc1610000
[    0.029197] CPU4: Booted secondary processor 0x0000100000 [0x413fd0c1]
[    0.029764] Detected PIPT I-cache on CPU5
[    0.029779] GICv3: CPU5: found redistributor 160000 region 0:0x00001001006c0000
[    0.029785] GICv3: CPU5: using allocated LPI pending table @0x0000083fc1620000
[    0.029855] CPU5: Booted secondary processor 0x0000160000 [0x413fd0c1]
[    0.030562] Detected PIPT I-cache on CPU6
[    0.030577] GICv3: CPU6: found redistributor 180000 region 0:0x0000100100740000
[    0.030583] GICv3: CPU6: using allocated LPI pending table @0x0000083fc1630000
[    0.030651] CPU6: Booted secondary processor 0x0000180000 [0x413fd0c1]
[    0.031154] Detected PIPT I-cache on CPU7
[    0.031170] GICv3: CPU7: found redistributor 1e0000 region 0:0x00001001008c0000
[    0.031176] GICv3: CPU7: using allocated LPI pending table @0x0000083fc1640000
[    0.031246] CPU7: Booted secondary processor 0x00001e0000 [0x413fd0c1]
[    0.031749] Detected PIPT I-cache on CPU8
[    0.031761] GICv3: CPU8: found redistributor a0000 region 0:0x00001001003c0000
[    0.031768] GICv3: CPU8: using allocated LPI pending table @0x0000083fc1650000
[    0.031836] CPU8: Booted secondary processor 0x00000a0000 [0x413fd0c1]
[    0.032354] Detected PIPT I-cache on CPU9
[    0.032367] GICv3: CPU9: found redistributor c0000 region 0:0x0000100100440000
[    0.032373] GICv3: CPU9: using allocated LPI pending table @0x0000083fc1660000
[    0.032443] CPU9: Booted secondary processor 0x00000c0000 [0x413fd0c1]
[    0.032956] Detected PIPT I-cache on CPU10
[    0.032972] GICv3: CPU10: found redistributor 220000 region 0:0x00001001009c0000
[    0.032978] GICv3: CPU10: using allocated LPI pending table @0x0000083fc1670000
[    0.033047] CPU10: Booted secondary processor 0x0000220000 [0x413fd0c1]
[    0.033556] Detected PIPT I-cache on CPU11
[    0.033573] GICv3: CPU11: found redistributor 240000 region 0:0x0000100100a40000
[    0.033579] GICv3: CPU11: using allocated LPI pending table @0x0000083fc1680000
[    0.033650] CPU11: Booted secondary processor 0x0000240000 [0x413fd0c1]
[    0.034153] Detected PIPT I-cache on CPU12
[    0.034164] GICv3: CPU12: found redistributor 80000 region 0:0x0000100100340000
[    0.034171] GICv3: CPU12: using allocated LPI pending table @0x0000083fc1690000
[    0.034240] CPU12: Booted secondary processor 0x0000080000 [0x413fd0c1]
[    0.034755] Detected PIPT I-cache on CPU13
[    0.034768] GICv3: CPU13: found redistributor e0000 region 0:0x00001001004c0000
[    0.034775] GICv3: CPU13: using allocated LPI pending table @0x0000083fc16a0000
[    0.034846] CPU13: Booted secondary processor 0x00000e0000 [0x413fd0c1]
[    0.035353] Detected PIPT I-cache on CPU14
[    0.035368] GICv3: CPU14: found redistributor 200000 region 0:0x0000100100940000
[    0.035374] GICv3: CPU14: using allocated LPI pending table @0x0000083fc16b0000
[    0.035444] CPU14: Booted secondary processor 0x0000200000 [0x413fd0c1]
[    0.035968] Detected PIPT I-cache on CPU15
[    0.035986] GICv3: CPU15: found redistributor 260000 region 0:0x0000100100ac0000
[    0.035993] GICv3: CPU15: using allocated LPI pending table @0x0000083fc16c0000
[    0.036063] CPU15: Booted secondary processor 0x0000260000 [0x413fd0c1]
[    0.036562] Detected PIPT I-cache on CPU16
[    0.036572] GICv3: CPU16: found redistributor 20000 region 0:0x00001001001c0000
[    0.036579] GICv3: CPU16: using allocated LPI pending table @0x0000083fc16d0000
[    0.036649] CPU16: Booted secondary processor 0x0000020000 [0x413fd0c1]
[    0.037165] Detected PIPT I-cache on CPU17
[    0.037175] GICv3: CPU17: found redistributor 40000 region 0:0x0000100100240000
[    0.037182] GICv3: CPU17: using allocated LPI pending table @0x0000083fc16e0000
[    0.037253] CPU17: Booted secondary processor 0x0000040000 [0x413fd0c1]
[    0.037968] Detected PIPT I-cache on CPU18
[    0.037985] GICv3: CPU18: found redistributor 2a0000 region 0:0x0000100100bc0000
[    0.037991] GICv3: CPU18: using allocated LPI pending table @0x0000083fc16f0000
[    0.038062] CPU18: Booted secondary processor 0x00002a0000 [0x413fd0c1]
[    0.038567] Detected PIPT I-cache on CPU19
[    0.038585] GICv3: CPU19: found redistributor 2c0000 region 0:0x0000100100c40000
[    0.038592] GICv3: CPU19: using allocated LPI pending table @0x0000083fc1700000
[    0.038663] CPU19: Booted secondary processor 0x00002c0000 [0x413fd0c1]
[    0.039859] Detected PIPT I-cache on CPU20
[    0.039868] GICv3: CPU20: found redistributor 0 region 0:0x0000100100140000
[    0.039875] GICv3: CPU20: using allocated LPI pending table @0x0000083fc1710000
[    0.039946] CPU20: Booted secondary processor 0x0000000000 [0x413fd0c1]
[    0.041265] Detected PIPT I-cache on CPU21
[    0.041276] GICv3: CPU21: found redistributor 60000 region 0:0x00001001002c0000
[    0.041284] GICv3: CPU21: using allocated LPI pending table @0x0000083fc1720000
[    0.041356] CPU21: Booted secondary processor 0x0000060000 [0x413fd0c1]
[    0.041868] Detected PIPT I-cache on CPU22
[    0.041885] GICv3: CPU22: found redistributor 280000 region 0:0x0000100100b40000
[    0.041892] GICv3: CPU22: using allocated LPI pending table @0x0000083fc1730000
[    0.041962] CPU22: Booted secondary processor 0x0000280000 [0x413fd0c1]
[    0.042469] Detected PIPT I-cache on CPU23
[    0.042488] GICv3: CPU23: found redistributor 2e0000 region 0:0x0000100100cc0000
[    0.042496] GICv3: CPU23: using allocated LPI pending table @0x0000083fc1740000
[    0.042567] CPU23: Booted secondary processor 0x00002e0000 [0x413fd0c1]
[    0.043071] Detected PIPT I-cache on CPU24
[    0.043088] GICv3: CPU24: found redistributor 320000 region 0:0x0000100100dc0000
[    0.043096] GICv3: CPU24: using allocated LPI pending table @0x0000083fc1750000
[    0.043166] CPU24: Booted secondary processor 0x0000320000 [0x413fd0c1]
[    0.043666] Detected PIPT I-cache on CPU25
[    0.043685] GICv3: CPU25: found redistributor 340000 region 0:0x0000100100e40000
[    0.043693] GICv3: CPU25: using allocated LPI pending table @0x0000083fc1760000
[    0.043767] CPU25: Booted secondary processor 0x0000340000 [0x413fd0c1]
[    0.044267] Detected PIPT I-cache on CPU26
[    0.044285] GICv3: CPU26: found redistributor 300000 region 0:0x0000100100d40000
[    0.044293] GICv3: CPU26: using allocated LPI pending table @0x0000083fc1770000
[    0.044366] CPU26: Booted secondary processor 0x0000300000 [0x413fd0c1]
[    0.044863] Detected PIPT I-cache on CPU27
[    0.044884] GICv3: CPU27: found redistributor 360000 region 0:0x0000100100ec0000
[    0.044892] GICv3: CPU27: using allocated LPI pending table @0x0000083fc1780000
[    0.044966] CPU27: Booted secondary processor 0x0000360000 [0x413fd0c1]
[    0.045464] Detected PIPT I-cache on CPU28
[    0.045484] GICv3: CPU28: found redistributor 3a0000 region 0:0x0000100100fc0000
[    0.045492] GICv3: CPU28: using allocated LPI pending table @0x0000083fc1790000
[    0.045563] CPU28: Booted secondary processor 0x00003a0000 [0x413fd0c1]
[    0.046066] Detected PIPT I-cache on CPU29
[    0.046086] GICv3: CPU29: found redistributor 3c0000 region 0:0x0000100101040000
[    0.046094] GICv3: CPU29: using allocated LPI pending table @0x0000083fc17a0000
[    0.046168] CPU29: Booted secondary processor 0x00003c0000 [0x413fd0c1]
[    0.046661] Detected PIPT I-cache on CPU30
[    0.046680] GICv3: CPU30: found redistributor 380000 region 0:0x0000100100f40000
[    0.046688] GICv3: CPU30: using allocated LPI pending table @0x0000083fc17b0000
[    0.046760] CPU30: Booted secondary processor 0x0000380000 [0x413fd0c1]
[    0.047274] Detected PIPT I-cache on CPU31
[    0.047295] GICv3: CPU31: found redistributor 3e0000 region 0:0x00001001010c0000
[    0.047303] GICv3: CPU31: using allocated LPI pending table @0x0000083fc17c0000
[    0.047378] CPU31: Booted secondary processor 0x00003e0000 [0x413fd0c1]
[    0.048070] Detected PIPT I-cache on CPU32
[    0.048084] GICv3: CPU32: found redistributor 130000 region 0:0x0000100100600000
[    0.048091] GICv3: CPU32: using allocated LPI pending table @0x0000083fc17d0000
[    0.048163] CPU32: Booted secondary processor 0x0000130000 [0x413fd0c1]
[    0.048655] Detected PIPT I-cache on CPU33
[    0.048668] GICv3: CPU33: found redistributor 150000 region 0:0x0000100100680000
[    0.048677] GICv3: CPU33: using allocated LPI pending table @0x0000083fc17e0000
[    0.048751] CPU33: Booted secondary processor 0x0000150000 [0x413fd0c1]
[    0.049360] Detected PIPT I-cache on CPU34
[    0.049375] GICv3: CPU34: found redistributor 1b0000 region 0:0x0000100100800000
[    0.049382] GICv3: CPU34: using allocated LPI pending table @0x0000083fc17f0000
[    0.049454] CPU34: Booted secondary processor 0x00001b0000 [0x413fd0c1]
[    0.049962] Detected PIPT I-cache on CPU35
[    0.049978] GICv3: CPU35: found redistributor 1d0000 region 0:0x0000100100880000
[    0.049986] GICv3: CPU35: using allocated LPI pending table @0x0000083fc1800000
[    0.050058] CPU35: Booted secondary processor 0x00001d0000 [0x413fd0c1]
[    0.050562] Detected PIPT I-cache on CPU36
[    0.050575] GICv3: CPU36: found redistributor 110000 region 0:0x0000100100580000
[    0.050583] GICv3: CPU36: using allocated LPI pending table @0x0000083fc1810000
[    0.050654] CPU36: Booted secondary processor 0x0000110000 [0x413fd0c1]
[    0.051166] Detected PIPT I-cache on CPU37
[    0.051181] GICv3: CPU37: found redistributor 170000 region 0:0x0000100100700000
[    0.051189] GICv3: CPU37: using allocated LPI pending table @0x0000083fc1820000
[    0.051263] CPU37: Booted secondary processor 0x0000170000 [0x413fd0c1]
[    0.051967] Detected PIPT I-cache on CPU38
[    0.051981] GICv3: CPU38: found redistributor 190000 region 0:0x0000100100780000
[    0.051989] GICv3: CPU38: using allocated LPI pending table @0x0000083fc1830000
[    0.052061] CPU38: Booted secondary processor 0x0000190000 [0x413fd0c1]
[    0.052566] Detected PIPT I-cache on CPU39
[    0.052582] GICv3: CPU39: found redistributor 1f0000 region 0:0x0000100100900000
[    0.052592] GICv3: CPU39: using allocated LPI pending table @0x0000083fc1840000
[    0.052666] CPU39: Booted secondary processor 0x00001f0000 [0x413fd0c1]
[    0.053167] Detected PIPT I-cache on CPU40
[    0.053179] GICv3: CPU40: found redistributor b0000 region 0:0x0000100100400000
[    0.053188] GICv3: CPU40: using allocated LPI pending table @0x0000083fc1850000
[    0.053262] CPU40: Booted secondary processor 0x00000b0000 [0x413fd0c1]
[    0.053756] Detected PIPT I-cache on CPU41
[    0.053769] GICv3: CPU41: found redistributor d0000 region 0:0x0000100100480000
[    0.053778] GICv3: CPU41: using allocated LPI pending table @0x0000083fc1860000
[    0.053852] CPU41: Booted secondary processor 0x00000d0000 [0x413fd0c1]
[    0.054361] Detected PIPT I-cache on CPU42
[    0.054377] GICv3: CPU42: found redistributor 230000 region 0:0x0000100100a00000
[    0.054385] GICv3: CPU42: using allocated LPI pending table @0x0000083fc1870000
[    0.054458] CPU42: Booted secondary processor 0x0000230000 [0x413fd0c1]
[    0.054966] Detected PIPT I-cache on CPU43
[    0.054983] GICv3: CPU43: found redistributor 250000 region 0:0x0000100100a80000
[    0.054992] GICv3: CPU43: using allocated LPI pending table @0x0000083fc1880000
[    0.055065] CPU43: Booted secondary processor 0x0000250000 [0x413fd0c1]
[    0.055565] Detected PIPT I-cache on CPU44
[    0.055577] GICv3: CPU44: found redistributor 90000 region 0:0x0000100100380000
[    0.055586] GICv3: CPU44: using allocated LPI pending table @0x0000083fc1890000
[    0.055658] CPU44: Booted secondary processor 0x0000090000 [0x413fd0c1]
[    0.056169] Detected PIPT I-cache on CPU45
[    0.056183] GICv3: CPU45: found redistributor f0000 region 0:0x0000100100500000
[    0.056192] GICv3: CPU45: using allocated LPI pending table @0x0000083fc18a0000
[    0.056267] CPU45: Booted secondary processor 0x00000f0000 [0x413fd0c1]
[    0.056756] Detected PIPT I-cache on CPU46
[    0.056771] GICv3: CPU46: found redistributor 210000 region 0:0x0000100100980000
[    0.056780] GICv3: CPU46: using allocated LPI pending table @0x0000083fc18b0000
[    0.056853] CPU46: Booted secondary processor 0x0000210000 [0x413fd0c1]
[    0.057364] Detected PIPT I-cache on CPU47
[    0.057382] GICv3: CPU47: found redistributor 270000 region 0:0x0000100100b00000
[    0.057391] GICv3: CPU47: using allocated LPI pending table @0x0000083fc18c0000
[    0.057466] CPU47: Booted secondary processor 0x0000270000 [0x413fd0c1]
[    0.057960] Detected PIPT I-cache on CPU48
[    0.057970] GICv3: CPU48: found redistributor 30000 region 0:0x0000100100200000
[    0.057979] GICv3: CPU48: using allocated LPI pending table @0x0000083fc18d0000
[    0.058053] CPU48: Booted secondary processor 0x0000030000 [0x413fd0c1]
[    0.058761] Detected PIPT I-cache on CPU49
[    0.058772] GICv3: CPU49: found redistributor 50000 region 0:0x0000100100280000
[    0.058781] GICv3: CPU49: using allocated LPI pending table @0x0000083fc18e0000
[    0.058857] CPU49: Booted secondary processor 0x0000050000 [0x413fd0c1]
[    0.060074] Detected PIPT I-cache on CPU50
[    0.060092] GICv3: CPU50: found redistributor 2b0000 region 0:0x0000100100c00000
[    0.060100] GICv3: CPU50: using allocated LPI pending table @0x0000083fc18f0000
[    0.060175] CPU50: Booted secondary processor 0x00002b0000 [0x413fd0c1]
[    0.060865] Detected PIPT I-cache on CPU51
[    0.060883] GICv3: CPU51: found redistributor 2d0000 region 0:0x0000100100c80000
[    0.060892] GICv3: CPU51: using allocated LPI pending table @0x0000083fc1900000
[    0.060967] CPU51: Booted secondary processor 0x00002d0000 [0x413fd0c1]
[    0.061869] Detected PIPT I-cache on CPU52
[    0.061879] GICv3: CPU52: found redistributor 10000 region 0:0x0000100100180000
[    0.061888] GICv3: CPU52: using allocated LPI pending table @0x0000083fc1910000
[    0.061962] CPU52: Booted secondary processor 0x0000010000 [0x413fd0c1]
[    0.062671] Detected PIPT I-cache on CPU53
[    0.062683] GICv3: CPU53: found redistributor 70000 region 0:0x0000100100300000
[    0.062693] GICv3: CPU53: using allocated LPI pending table @0x0000083fc1920000
[    0.062770] CPU53: Booted secondary processor 0x0000070000 [0x413fd0c1]
[    0.063259] Detected PIPT I-cache on CPU54
[    0.063276] GICv3: CPU54: found redistributor 290000 region 0:0x0000100100b80000
[    0.063286] GICv3: CPU54: using allocated LPI pending table @0x0000083fc1930000
[    0.063361] CPU54: Booted secondary processor 0x0000290000 [0x413fd0c1]
[    0.063863] Detected PIPT I-cache on CPU55
[    0.063882] GICv3: CPU55: found redistributor 2f0000 region 0:0x0000100100d00000
[    0.063893] GICv3: CPU55: using allocated LPI pending table @0x0000083fc1940000
[    0.063968] CPU55: Booted secondary processor 0x00002f0000 [0x413fd0c1]
[    0.064468] Detected PIPT I-cache on CPU56
[    0.064487] GICv3: CPU56: found redistributor 330000 region 0:0x0000100100e00000
[    0.064497] GICv3: CPU56: using allocated LPI pending table @0x0000083fc1950000
[    0.064572] CPU56: Booted secondary processor 0x0000330000 [0x413fd0c1]
[    0.065070] Detected PIPT I-cache on CPU57
[    0.065089] GICv3: CPU57: found redistributor 350000 region 0:0x0000100100e80000
[    0.065099] GICv3: CPU57: using allocated LPI pending table @0x0000083fc1960000
[    0.065174] CPU57: Booted secondary processor 0x0000350000 [0x413fd0c1]
[    0.065660] Detected PIPT I-cache on CPU58
[    0.065677] GICv3: CPU58: found redistributor 310000 region 0:0x0000100100d80000
[    0.065687] GICv3: CPU58: using allocated LPI pending table @0x0000083fc1970000
[    0.065762] CPU58: Booted secondary processor 0x0000310000 [0x413fd0c1]
[    0.068087] Detected PIPT I-cache on CPU59
[    0.068107] GICv3: CPU59: found redistributor 370000 region 0:0x0000100100f00000
[    0.068117] GICv3: CPU59: using allocated LPI pending table @0x0000083fc1980000
[    0.068195] CPU59: Booted secondary processor 0x0000370000 [0x413fd0c1]
[    0.068665] Detected PIPT I-cache on CPU60
[    0.068684] GICv3: CPU60: found redistributor 3b0000 region 0:0x0000100101000000
[    0.068695] GICv3: CPU60: using allocated LPI pending table @0x0000083fc1990000
[    0.068770] CPU60: Booted secondary processor 0x00003b0000 [0x413fd0c1]
[    0.069369] Detected PIPT I-cache on CPU61
[    0.069389] GICv3: CPU61: found redistributor 3d0000 region 0:0x0000100101080000
[    0.069399] GICv3: CPU61: using allocated LPI pending table @0x0000083fc19a0000
[    0.069477] CPU61: Booted secondary processor 0x00003d0000 [0x413fd0c1]
[    0.071871] Detected PIPT I-cache on CPU62
[    0.071890] GICv3: CPU62: found redistributor 390000 region 0:0x0000100100f80000
[    0.071900] GICv3: CPU62: using allocated LPI pending table @0x0000083fc19b0000
[    0.071978] CPU62: Booted secondary processor 0x0000390000 [0x413fd0c1]
[    0.073303] Detected PIPT I-cache on CPU63
[    0.073324] GICv3: CPU63: found redistributor 3f0000 region 0:0x0000100101100000
[    0.073335] GICv3: CPU63: using allocated LPI pending table @0x0000083fc19c0000
[    0.073414] CPU63: Booted secondary processor 0x00003f0000 [0x413fd0c1]
[    0.073872] Detected PIPT I-cache on CPU64
[    0.073886] GICv3: CPU64: found redistributor 120100 region 0:0x00001001005e0000
[    0.073894] GICv3: CPU64: using allocated LPI pending table @0x0000083fc19d0000
[    0.073971] CPU64: Booted secondary processor 0x0000120100 [0x413fd0c1]
[    0.076478] Detected PIPT I-cache on CPU65
[    0.076494] GICv3: CPU65: found redistributor 140100 region 0:0x0000100100660000
[    0.076503] GICv3: CPU65: using allocated LPI pending table @0x0000083fc19e0000
[    0.076581] CPU65: Booted secondary processor 0x0000140100 [0x413fd0c1]
[    0.078093] Detected PIPT I-cache on CPU66
[    0.078110] GICv3: CPU66: found redistributor 1a0100 region 0:0x00001001007e0000
[    0.078118] GICv3: CPU66: using allocated LPI pending table @0x0000083fc19f0000
[    0.078194] CPU66: Booted secondary processor 0x00001a0100 [0x413fd0c1]
[    0.078667] Detected PIPT I-cache on CPU67
[    0.078685] GICv3: CPU67: found redistributor 1c0100 region 0:0x0000100100860000
[    0.078694] GICv3: CPU67: using allocated LPI pending table @0x0000083fc1a00000
[    0.078772] CPU67: Booted secondary processor 0x00001c0100 [0x413fd0c1]
[    0.079366] Detected PIPT I-cache on CPU68
[    0.079381] GICv3: CPU68: found redistributor 100100 region 0:0x0000100100560000
[    0.079390] GICv3: CPU68: using allocated LPI pending table @0x0000083fc1a10000
[    0.079469] CPU68: Booted secondary processor 0x0000100100 [0x413fd0c1]
[    0.081671] Detected PIPT I-cache on CPU69
[    0.081688] GICv3: CPU69: found redistributor 160100 region 0:0x00001001006e0000
[    0.081697] GICv3: CPU69: using allocated LPI pending table @0x0000083fc1a20000
[    0.081777] CPU69: Booted secondary processor 0x0000160100 [0x413fd0c1]
[    0.083279] Detected PIPT I-cache on CPU70
[    0.083296] GICv3: CPU70: found redistributor 180100 region 0:0x0000100100760000
[    0.083305] GICv3: CPU70: using allocated LPI pending table @0x0000083fc1a30000
[    0.083382] CPU70: Booted secondary processor 0x0000180100 [0x413fd0c1]
[    0.085167] Detected PIPT I-cache on CPU71
[    0.085186] GICv3: CPU71: found redistributor 1e0100 region 0:0x00001001008e0000
[    0.085195] GICv3: CPU71: using allocated LPI pending table @0x0000083fc1a40000
[    0.085275] CPU71: Booted secondary processor 0x00001e0100 [0x413fd0c1]
[    0.087273] Detected PIPT I-cache on CPU72
[    0.087288] GICv3: CPU72: found redistributor a0100 region 0:0x00001001003e0000
[    0.087296] GICv3: CPU72: using allocated LPI pending table @0x0000083fc1a50000
[    0.087376] CPU72: Booted secondary processor 0x00000a0100 [0x413fd0c1]
[    0.088063] Detected PIPT I-cache on CPU73
[    0.088079] GICv3: CPU73: found redistributor c0100 region 0:0x0000100100460000
[    0.088087] GICv3: CPU73: using allocated LPI pending table @0x0000083fc1a60000
[    0.088167] CPU73: Booted secondary processor 0x00000c0100 [0x413fd0c1]
[    0.088669] Detected PIPT I-cache on CPU74
[    0.088687] GICv3: CPU74: found redistributor 220100 region 0:0x00001001009e0000
[    0.088695] GICv3: CPU74: using allocated LPI pending table @0x0000083fc1a70000
[    0.088775] CPU74: Booted secondary processor 0x0000220100 [0x413fd0c1]
[    0.089361] Detected PIPT I-cache on CPU75
[    0.089381] GICv3: CPU75: found redistributor 240100 region 0:0x0000100100a60000
[    0.089390] GICv3: CPU75: using allocated LPI pending table @0x0000083fc1a80000
[    0.089469] CPU75: Booted secondary processor 0x0000240100 [0x413fd0c1]
[    0.090775] Detected PIPT I-cache on CPU76
[    0.090789] GICv3: CPU76: found redistributor 80100 region 0:0x0000100100360000
[    0.090798] GICv3: CPU76: using allocated LPI pending table @0x0000083fc1a90000
[    0.090876] CPU76: Booted secondary processor 0x0000080100 [0x413fd0c1]
[    0.091979] Detected PIPT I-cache on CPU77
[    0.091994] GICv3: CPU77: found redistributor e0100 region 0:0x00001001004e0000
[    0.092003] GICv3: CPU77: using allocated LPI pending table @0x0000083fc1aa0000
[    0.092083] CPU77: Booted secondary processor 0x00000e0100 [0x413fd0c1]
[    0.094069] Detected PIPT I-cache on CPU78
[    0.094087] GICv3: CPU78: found redistributor 200100 region 0:0x0000100100960000
[    0.094096] GICv3: CPU78: using allocated LPI pending table @0x0000083fc1ab0000
[    0.094174] CPU78: Booted secondary processor 0x0000200100 [0x413fd0c1]
[    0.096167] Detected PIPT I-cache on CPU79
[    0.096187] GICv3: CPU79: found redistributor 260100 region 0:0x0000100100ae0000
[    0.096196] GICv3: CPU79: using allocated LPI pending table @0x0000083fc1ac0000
[    0.096276] CPU79: Booted secondary processor 0x0000260100 [0x413fd0c1]
[    0.098070] Detected PIPT I-cache on CPU80
[    0.098083] GICv3: CPU80: found redistributor 20100 region 0:0x00001001001e0000
[    0.098093] GICv3: CPU80: using allocated LPI pending table @0x0000083fc1ad0000
[    0.098172] CPU80: Booted secondary processor 0x0000020100 [0x413fd0c1]
[    0.099359] Detected PIPT I-cache on CPU81
[    0.099372] GICv3: CPU81: found redistributor 40100 region 0:0x0000100100260000
[    0.099382] GICv3: CPU81: using allocated LPI pending table @0x0000083fc1ae0000
[    0.099463] CPU81: Booted secondary processor 0x0000040100 [0x413fd0c1]
[    0.100782] Detected PIPT I-cache on CPU82
[    0.100801] GICv3: CPU82: found redistributor 2a0100 region 0:0x0000100100be0000
[    0.100810] GICv3: CPU82: using allocated LPI pending table @0x0000083fc1af0000
[    0.100890] CPU82: Booted secondary processor 0x00002a0100 [0x413fd0c1]
[    0.101980] Detected PIPT I-cache on CPU83
[    0.102001] GICv3: CPU83: found redistributor 2c0100 region 0:0x0000100100c60000
[    0.102010] GICv3: CPU83: using allocated LPI pending table @0x0000083fc1b00000
[    0.102091] CPU83: Booted secondary processor 0x00002c0100 [0x413fd0c1]
[    0.103870] Detected PIPT I-cache on CPU84
[    0.103882] GICv3: CPU84: found redistributor 100 region 0:0x0000100100160000
[    0.103891] GICv3: CPU84: using allocated LPI pending table @0x0000083fc1b10000
[    0.103972] CPU84: Booted secondary processor 0x0000000100 [0x413fd0c1]
[    0.105763] Detected PIPT I-cache on CPU85
[    0.105776] GICv3: CPU85: found redistributor 60100 region 0:0x00001001002e0000
[    0.105786] GICv3: CPU85: using allocated LPI pending table @0x0000083fc1b20000
[    0.105868] CPU85: Booted secondary processor 0x0000060100 [0x413fd0c1]
[    0.107872] Detected PIPT I-cache on CPU86
[    0.107891] GICv3: CPU86: found redistributor 280100 region 0:0x0000100100b60000
[    0.107901] GICv3: CPU86: using allocated LPI pending table @0x0000083fc1b30000
[    0.107981] CPU86: Booted secondary processor 0x0000280100 [0x413fd0c1]
[    0.108664] Detected PIPT I-cache on CPU87
[    0.108685] GICv3: CPU87: found redistributor 2e0100 region 0:0x0000100100ce0000
[    0.108694] GICv3: CPU87: using allocated LPI pending table @0x0000083fc1b40000
[    0.108777] CPU87: Booted secondary processor 0x00002e0100 [0x413fd0c1]
[    0.109982] Detected PIPT I-cache on CPU88
[    0.110002] GICv3: CPU88: found redistributor 320100 region 0:0x0000100100de0000
[    0.110012] GICv3: CPU88: using allocated LPI pending table @0x0000083fc1b50000
[    0.110093] CPU88: Booted secondary processor 0x0000320100 [0x413fd0c1]
[    0.111878] Detected PIPT I-cache on CPU89
[    0.111899] GICv3: CPU89: found redistributor 340100 region 0:0x0000100100e60000
[    0.111909] GICv3: CPU89: using allocated LPI pending table @0x0000083fc1b60000
[    0.111991] CPU89: Booted secondary processor 0x0000340100 [0x413fd0c1]
[    0.113277] Detected PIPT I-cache on CPU90
[    0.113297] GICv3: CPU90: found redistributor 300100 region 0:0x0000100100d60000
[    0.113307] GICv3: CPU90: using allocated LPI pending table @0x0000083fc1b70000
[    0.113388] CPU90: Booted secondary processor 0x0000300100 [0x413fd0c1]
[    0.115176] Detected PIPT I-cache on CPU91
[    0.115198] GICv3: CPU91: found redistributor 360100 region 0:0x0000100100ee0000
[    0.115208] GICv3: CPU91: using allocated LPI pending table @0x0000083fc1b80000
[    0.115291] CPU91: Booted secondary processor 0x0000360100 [0x413fd0c1]
[    0.117081] Detected PIPT I-cache on CPU92
[    0.117102] GICv3: CPU92: found redistributor 3a0100 region 0:0x0000100100fe0000
[    0.117112] GICv3: CPU92: using allocated LPI pending table @0x0000083fc1b90000
[    0.117193] CPU92: Booted secondary processor 0x00003a0100 [0x413fd0c1]
[    0.118077] Detected PIPT I-cache on CPU93
[    0.118100] GICv3: CPU93: found redistributor 3c0100 region 0:0x0000100101060000
[    0.118110] GICv3: CPU93: using allocated LPI pending table @0x0000083fc1ba0000
[    0.118193] CPU93: Booted secondary processor 0x00003c0100 [0x413fd0c1]
[    0.120668] Detected PIPT I-cache on CPU94
[    0.120689] GICv3: CPU94: found redistributor 380100 region 0:0x0000100100f60000
[    0.120698] GICv3: CPU94: using allocated LPI pending table @0x0000083fc1bb0000
[    0.120781] CPU94: Booted secondary processor 0x0000380100 [0x413fd0c1]
[    0.122575] Detected PIPT I-cache on CPU95
[    0.122598] GICv3: CPU95: found redistributor 3e0100 region 0:0x00001001010e0000
[    0.122608] GICv3: CPU95: using allocated LPI pending table @0x0000083fc1bc0000
[    0.122693] CPU95: Booted secondary processor 0x00003e0100 [0x413fd0c1]
[    0.124470] Detected PIPT I-cache on CPU96
[    0.124486] GICv3: CPU96: found redistributor 130100 region 0:0x0000100100620000
[    0.124496] GICv3: CPU96: using allocated LPI pending table @0x0000083fc1bd0000
[    0.124578] CPU96: Booted secondary processor 0x0000130100 [0x413fd0c1]
[    0.126361] Detected PIPT I-cache on CPU97
[    0.126378] GICv3: CPU97: found redistributor 150100 region 0:0x00001001006a0000
[    0.126388] GICv3: CPU97: using allocated LPI pending table @0x0000083fc1be0000
[    0.126470] CPU97: Booted secondary processor 0x0000150100 [0x413fd0c1]
[    0.128267] Detected PIPT I-cache on CPU98
[    0.128285] GICv3: CPU98: found redistributor 1b0100 region 0:0x0000100100820000
[    0.128294] GICv3: CPU98: using allocated LPI pending table @0x0000083fc1bf0000
[    0.128375] CPU98: Booted secondary processor 0x00001b0100 [0x413fd0c1]
[    0.129368] Detected PIPT I-cache on CPU99
[    0.129386] GICv3: CPU99: found redistributor 1d0100 region 0:0x00001001008a0000
[    0.129397] GICv3: CPU99: using allocated LPI pending table @0x0000083fc1c00000
[    0.129480] CPU99: Booted secondary processor 0x00001d0100 [0x413fd0c1]
[    0.131069] Detected PIPT I-cache on CPU100
[    0.131084] GICv3: CPU100: found redistributor 110100 region 0:0x00001001005a0000
[    0.131094] GICv3: CPU100: using allocated LPI pending table @0x0000083fc1c10000
[    0.131177] CPU100: Booted secondary processor 0x0000110100 [0x413fd0c1]
[    0.132965] Detected PIPT I-cache on CPU101
[    0.132984] GICv3: CPU101: found redistributor 170100 region 0:0x0000100100720000
[    0.132994] GICv3: CPU101: using allocated LPI pending table @0x0000083fc1c20000
[    0.133078] CPU101: Booted secondary processor 0x0000170100 [0x413fd0c1]
[    0.134871] Detected PIPT I-cache on CPU102
[    0.134888] GICv3: CPU102: found redistributor 190100 region 0:0x00001001007a0000
[    0.134899] GICv3: CPU102: using allocated LPI pending table @0x0000083fc1c30000
[    0.134981] CPU102: Booted secondary processor 0x0000190100 [0x413fd0c1]
[    0.136770] Detected PIPT I-cache on CPU103
[    0.136790] GICv3: CPU103: found redistributor 1f0100 region 0:0x0000100100920000
[    0.136800] GICv3: CPU103: using allocated LPI pending table @0x0000083fc1c40000
[    0.136883] CPU103: Booted secondary processor 0x00001f0100 [0x413fd0c1]
[    0.138671] Detected PIPT I-cache on CPU104
[    0.138686] GICv3: CPU104: found redistributor b0100 region 0:0x0000100100420000
[    0.138697] GICv3: CPU104: using allocated LPI pending table @0x0000083fc1c50000
[    0.138780] CPU104: Booted secondary processor 0x00000b0100 [0x413fd0c1]
[    0.140463] Detected PIPT I-cache on CPU105
[    0.140479] GICv3: CPU105: found redistributor d0100 region 0:0x00001001004a0000
[    0.140489] GICv3: CPU105: using allocated LPI pending table @0x0000083fc1c60000
[    0.140572] CPU105: Booted secondary processor 0x00000d0100 [0x413fd0c1]
[    0.142371] Detected PIPT I-cache on CPU106
[    0.142389] GICv3: CPU106: found redistributor 230100 region 0:0x0000100100a20000
[    0.142400] GICv3: CPU106: using allocated LPI pending table @0x0000083fc1c70000
[    0.142481] CPU106: Booted secondary processor 0x0000230100 [0x413fd0c1]
[    0.144267] Detected PIPT I-cache on CPU107
[    0.144287] GICv3: CPU107: found redistributor 250100 region 0:0x0000100100aa0000
[    0.144297] GICv3: CPU107: using allocated LPI pending table @0x0000083fc1c80000
[    0.144380] CPU107: Booted secondary processor 0x0000250100 [0x413fd0c1]
[    0.146175] Detected PIPT I-cache on CPU108
[    0.146190] GICv3: CPU108: found redistributor 90100 region 0:0x00001001003a0000
[    0.146200] GICv3: CPU108: using allocated LPI pending table @0x0000083fc1c90000
[    0.146284] CPU108: Booted secondary processor 0x0000090100 [0x413fd0c1]
[    0.148073] Detected PIPT I-cache on CPU109
[    0.148089] GICv3: CPU109: found redistributor f0100 region 0:0x0000100100520000
[    0.148100] GICv3: CPU109: using allocated LPI pending table @0x0000083fc1ca0000
[    0.148186] CPU109: Booted secondary processor 0x00000f0100 [0x413fd0c1]
[    0.149362] Detected PIPT I-cache on CPU110
[    0.149380] GICv3: CPU110: found redistributor 210100 region 0:0x00001001009a0000
[    0.149390] GICv3: CPU110: using allocated LPI pending table @0x0000083fc1cb0000
[    0.149475] CPU110: Booted secondary processor 0x0000210100 [0x413fd0c1]
[    0.151074] Detected PIPT I-cache on CPU111
[    0.151094] GICv3: CPU111: found redistributor 270100 region 0:0x0000100100b20000
[    0.151105] GICv3: CPU111: using allocated LPI pending table @0x0000083fc1cc0000
[    0.151191] CPU111: Booted secondary processor 0x0000270100 [0x413fd0c1]
[    0.152968] Detected PIPT I-cache on CPU112
[    0.152982] GICv3: CPU112: found redistributor 30100 region 0:0x0000100100220000
[    0.152993] GICv3: CPU112: using allocated LPI pending table @0x0000083fc1cd0000
[    0.153077] CPU112: Booted secondary processor 0x0000030100 [0x413fd0c1]
[    0.154874] Detected PIPT I-cache on CPU113
[    0.154888] GICv3: CPU113: found redistributor 50100 region 0:0x00001001002a0000
[    0.154899] GICv3: CPU113: using allocated LPI pending table @0x0000083fc1ce0000
[    0.154985] CPU113: Booted secondary processor 0x0000050100 [0x413fd0c1]
[    0.156567] Detected PIPT I-cache on CPU114
[    0.156587] GICv3: CPU114: found redistributor 2b0100 region 0:0x0000100100c20000
[    0.156598] GICv3: CPU114: using allocated LPI pending table @0x0000083fc1cf0000
[    0.156682] CPU114: Booted secondary processor 0x00002b0100 [0x413fd0c1]
[    0.158273] Detected PIPT I-cache on CPU115
[    0.158294] GICv3: CPU115: found redistributor 2d0100 region 0:0x0000100100ca0000
[    0.158304] GICv3: CPU115: using allocated LPI pending table @0x0000083fc1d00000
[    0.158390] CPU115: Booted secondary processor 0x00002d0100 [0x413fd0c1]
[    0.159357] Detected PIPT I-cache on CPU116
[    0.159369] GICv3: CPU116: found redistributor 10100 region 0:0x00001001001a0000
[    0.159381] GICv3: CPU116: using allocated LPI pending table @0x0000083fc1d10000
[    0.159465] CPU116: Booted secondary processor 0x0000010100 [0x413fd0c1]
[    0.161069] Detected PIPT I-cache on CPU117
[    0.161083] GICv3: CPU117: found redistributor 70100 region 0:0x0000100100320000
[    0.161094] GICv3: CPU117: using allocated LPI pending table @0x0000083fc1d20000
[    0.161182] CPU117: Booted secondary processor 0x0000070100 [0x413fd0c1]
[    0.162967] Detected PIPT I-cache on CPU118
[    0.162986] GICv3: CPU118: found redistributor 290100 region 0:0x0000100100ba0000
[    0.162997] GICv3: CPU118: using allocated LPI pending table @0x0000083fc1d30000
[    0.163081] CPU118: Booted secondary processor 0x0000290100 [0x413fd0c1]
[    0.164876] Detected PIPT I-cache on CPU119
[    0.164897] GICv3: CPU119: found redistributor 2f0100 region 0:0x0000100100d20000
[    0.164909] GICv3: CPU119: using allocated LPI pending table @0x0000083fc1d40000
[    0.164995] CPU119: Booted secondary processor 0x00002f0100 [0x413fd0c1]
[    0.166570] Detected PIPT I-cache on CPU120
[    0.166590] GICv3: CPU120: found redistributor 330100 region 0:0x0000100100e20000
[    0.166601] GICv3: CPU120: using allocated LPI pending table @0x0000083fc1d50000
[    0.166687] CPU120: Booted secondary processor 0x0000330100 [0x413fd0c1]
[    0.168274] Detected PIPT I-cache on CPU121
[    0.168295] GICv3: CPU121: found redistributor 350100 region 0:0x0000100100ea0000
[    0.168306] GICv3: CPU121: using allocated LPI pending table @0x0000083fc1d60000
[    0.168392] CPU121: Booted secondary processor 0x0000350100 [0x413fd0c1]
[    0.169363] Detected PIPT I-cache on CPU122
[    0.169383] GICv3: CPU122: found redistributor 310100 region 0:0x0000100100da0000
[    0.169394] GICv3: CPU122: using allocated LPI pending table @0x0000083fc1d70000
[    0.169479] CPU122: Booted secondary processor 0x0000310100 [0x413fd0c1]
[    0.170870] Detected PIPT I-cache on CPU123
[    0.170892] GICv3: CPU123: found redistributor 370100 region 0:0x0000100100f20000
[    0.170904] GICv3: CPU123: using allocated LPI pending table @0x0000083fc1d80000
[    0.170992] CPU123: Booted secondary processor 0x0000370100 [0x413fd0c1]
[    0.172577] Detected PIPT I-cache on CPU124
[    0.172598] GICv3: CPU124: found redistributor 3b0100 region 0:0x0000100101020000
[    0.172610] GICv3: CPU124: using allocated LPI pending table @0x0000083fc1d90000
[    0.172695] CPU124: Booted secondary processor 0x00003b0100 [0x413fd0c1]
[    0.174270] Detected PIPT I-cache on CPU125
[    0.174292] GICv3: CPU125: found redistributor 3d0100 region 0:0x00001001010a0000
[    0.174304] GICv3: CPU125: using allocated LPI pending table @0x0000083fc1da0000
[    0.174392] CPU125: Booted secondary processor 0x00003d0100 [0x413fd0c1]
[    0.175987] Detected PIPT I-cache on CPU126
[    0.176009] GICv3: CPU126: found redistributor 390100 region 0:0x0000100100fa0000
[    0.176021] GICv3: CPU126: using allocated LPI pending table @0x0000083fc1db0000
[    0.176108] CPU126: Booted secondary processor 0x0000390100 [0x413fd0c1]
[    0.177681] Detected PIPT I-cache on CPU127
[    0.177705] GICv3: CPU127: found redistributor 3f0100 region 0:0x0000100101120000
[    0.177717] GICv3: CPU127: using allocated LPI pending table @0x0000083fc1dc0000
[    0.177805] CPU127: Booted secondary processor 0x00003f0100 [0x413fd0c1]
[    0.178361] Detected PIPT I-cache on CPU128
[    0.178458] GICv3: CPU128: found redistributor 100120000 region 1:0x00005001005c0000
[    0.178479] GICv3: CPU128: using allocated LPI pending table @0x0000083fc1dd0000
[    0.178582] CPU128: Booted secondary processor 0x0100120000 [0x413fd0c1]
[    0.179344] Detected PIPT I-cache on CPU129
[    0.179439] GICv3: CPU129: found redistributor 100140000 region 1:0x0000500100640000
[    0.179460] GICv3: CPU129: using allocated LPI pending table @0x0000083fc1de0000
[    0.179575] CPU129: Booted secondary processor 0x0100140000 [0x413fd0c1]
[    0.180152] Detected PIPT I-cache on CPU130
[    0.180248] GICv3: CPU130: found redistributor 1001a0000 region 1:0x00005001007c0000
[    0.180268] GICv3: CPU130: using allocated LPI pending table @0x0000083fc1df0000
[    0.180378] CPU130: Booted secondary processor 0x01001a0000 [0x413fd0c1]
[    0.180943] Detected PIPT I-cache on CPU131
[    0.181039] GICv3: CPU131: found redistributor 1001c0000 region 1:0x0000500100840000
[    0.181059] GICv3: CPU131: using allocated LPI pending table @0x0000083fc1e00000
[    0.181174] CPU131: Booted secondary processor 0x01001c0000 [0x413fd0c1]
[    0.181753] Detected PIPT I-cache on CPU132
[    0.181845] GICv3: CPU132: found redistributor 100100000 region 1:0x0000500100540000
[    0.181865] GICv3: CPU132: using allocated LPI pending table @0x0000083fc1e10000
[    0.181973] CPU132: Booted secondary processor 0x0100100000 [0x413fd0c1]
[    0.182550] Detected PIPT I-cache on CPU133
[    0.182644] GICv3: CPU133: found redistributor 100160000 region 1:0x00005001006c0000
[    0.182665] GICv3: CPU133: using allocated LPI pending table @0x0000083fc1e20000
[    0.182780] CPU133: Booted secondary processor 0x0100160000 [0x413fd0c1]
[    0.183352] Detected PIPT I-cache on CPU134
[    0.183445] GICv3: CPU134: found redistributor 100180000 region 1:0x0000500100740000
[    0.183464] GICv3: CPU134: using allocated LPI pending table @0x0000083fc1e30000
[    0.183575] CPU134: Booted secondary processor 0x0100180000 [0x413fd0c1]
[    0.184149] Detected PIPT I-cache on CPU135
[    0.184247] GICv3: CPU135: found redistributor 1001e0000 region 1:0x00005001008c0000
[    0.184267] GICv3: CPU135: using allocated LPI pending table @0x0000083fc1e40000
[    0.184383] CPU135: Booted secondary processor 0x01001e0000 [0x413fd0c1]
[    0.184998] Detected PIPT I-cache on CPU136
[    0.185088] GICv3: CPU136: found redistributor 1000a0000 region 1:0x00005001003c0000
[    0.185108] GICv3: CPU136: using allocated LPI pending table @0x0000083fc1e50000
[    0.185212] CPU136: Booted secondary processor 0x01000a0000 [0x413fd0c1]
[    0.185774] Detected PIPT I-cache on CPU137
[    0.185864] GICv3: CPU137: found redistributor 1000c0000 region 1:0x0000500100440000
[    0.185884] GICv3: CPU137: using allocated LPI pending table @0x0000083fc1e60000
[    0.185996] CPU137: Booted secondary processor 0x01000c0000 [0x413fd0c1]
