 
 
 
<<<<<<<<
TestName-DDR_AVL_Test_Suite, Time-210222_143718, Iteration-1
>>>>>>>> 
 
 
NOTICE:  DRAM FW version 210212
CP: 0ff00900
DRAM populated DIMMs:
  SK0 MC0 S0: RDIMM[2c:80] 16GB 2666 ECC 2R x8 RCD[b3:80] 18ASF2G72PDZ-2G6E1  
  SK0 MC0 S1: RDIMM[2c:80] 16GB 2666 ECC 2R x8 RCD[b3:04] 18ASF2G72PDZ-2G6E1  
  SK0 MC1 S0: RDIMM[2c:80] 16GB 2666 ECC 2R x8 RCD[b3:04] 18ASF2G72PDZ-2G6E1  
  SK0 MC1 S1: RDIMM[2c:80] 16GB 2666 ECC 2R x8 RCD[b3:04] 18ASF2G72PDZ-2G6E1  
  SK0 MC2 S0: RDIMM[2c:80] 16GB 2666 ECC 2R x8 RCD[b3:80] 18ASF2G72PDZ-2G6E1  
  SK0 MC2 S1: RDIMM[2c:80] 16GB 2666 ECC 2R x8 RCD[b3:80] 18ASF2G72PDZ-2G6E1  
  SK0 MC3 S0: RDIMM[2c:80] 16GB 2666 ECC 2R x8 RCD[b3:04] 18ASF2G72PDZ-2G6E1  
  SK0 MC3 S1: RDIMM[2c:80] 16GB 2666 ECC 2R x8 RCD[b3:80] 18ASF2G72PDZ-2G6E1  
  SK0 MC4 S0: RDIMM[2c:80] 16GB 2666 ECC 2R x8 RCD[b3:04] 18ASF2G72PDZ-2G6E1  
  SK0 MC4 S1: RDIMM[2c:80] 16GB 2666 ECC 2R x8 RCD[b3:80] 18ASF2G72PDZ-2G6E1  
  SK0 MC5 S0: RDIMM[2c:80] 16GB 2666 ECC 2R x8 RCD[b3:04] 18ASF2G72PDZ-2G6E1  
  SK0 MC5 S1: RDIMM[2c:80] 16GB 2666 ECC 2R x8 RCD[b3:80] 18ASF2G72PDZ-2G6E1  
  SK0 MC6 S0: RDIMM[2c:80] 16GB 2666 ECC 2R x8 RCD[b3:80] 18ASF2G72PDZ-2G6E1  
  SK0 MC6 S1: RDIMM[2c:80] 16GB 2666 ECC 2R x8 RCD[32:86] 18ASF2G72PDZ-2G6E1  
  SK0 MC7 S0: RDIMM[2c:80] 16GB 2666 ECC 2R x8 RCD[b3:04] 18ASF2G72PDZ-2G6E1  
  SK0 MC7 S1: RDIMM[2c:80] 16GB 2666 ECC 2R x8 RCD[b3:04] 18ASF2G72PDZ-2G6E1  
CP: 3ff00100
CP: 3ff00200
CP: 00f01902
CP: 01f01902
CP: 02f01902
CP: 03f01902
CP: 04f01902
CP: 05f01902
CP: 06f01902
CP: 07f01902
CP: 0ff00a00
CP: 0ff00b01
CP: 00f01901
CP: 01f01901
CP: 02f01901
CP: 03f01901
CP: 04f01901
CP: 05f01901
CP: 06f01901
CP: 07f01901
CP: 00f01904
CP: 01f01904
CP: 02f01904
CP: 03f01904
CP: 04f01904
CP: 05f01904
CP: 06f01904
CP: 07f01904
CP: 00f02901
CP: 00f01905
CP: 00f02902
CP: 00f02903
CP: 00f02904
CP: 01f02901
CP: 01f01905
CP: 01f02902
CP: 01f02903
CP: 01f02904
CP: 02f02901
CP: 02f01905
CP: 02f02902
CP: 02f02903
CP: 02f02904
CP: 03f02901
CP: 03f01905
CP: 03f02902
CP: 03f02903
CP: 03f02904
CP: 04f02901
CP: 04f01905
CP: 04f02902
CP: 04f02903
CP: 04f02904
CP: 05f02901
CP: 05f01905
CP: 05f02902
CP: 05f02903
CP: 05f02904
CP: 06f02901
CP: 06f01905
CP: 06f02902
CP: 06f02903
CP: 06f02904
CP: 07f02901
CP: 07f01905
CP: 07f02902
CP: 07f02903
CP: 07f02904
CP: 00f01907
CP: 00f01906
CP: 00f01908
CP: 00f01909
CP: 01f01907
CP: 01f01906
CP: 01f01908
CP: 01f01909
CP: 02f01907
CP: 02f01906
CP: 02f01908
CP: 02f01909
CP: 03f01907
CP: 03f01906
CP: 03f01908
CP: 03f01909
CP: 04f01907
CP: 04f01906
CP: 04f01908
CP: 04f01909
CP: 05f01907
CP: 05f01906
CP: 05f01908
CP: 05f01909
CP: 06f01907
CP: 06f01906
CP: 06f01908
CP: 06f01909
CP: 07f01907
CP: 07f01906
CP: 07f01908
CP: 07f01909
CP: 0ff00b02
CP: 0ff00c00
CP: 3ff00300
CP: 00001a02
CP: 01001a02
CP: 02001a02
CP: 03001a02
CP: 04001a02
CP: 05001a02
CP: 06001a02
CP: 07001a02
CP: 00001a03
CP: 01001a03
CP: 02001a03
CP: 03001a03
CP: 04001a03
CP: 05001a03
CP: 06001a03
CP: 07001a03
CP: 00001a04
CP: 01001a04
CP: 02001a04
CP: 03001a04
CP: 04001a04
CP: 05001a04
CP: 06001a04
CP: 07001a04
CP: 00101a02
CP: 01101a02
CP: 02101a02
CP: 03101a02
CP: 04101a02
CP: 05101a02
CP: 06101a02
CP: 07101a02
CP: 00101a03
CP: 01101a03
CP: 02101a03
CP: 03101a03
CP: 04101a03
CP: 05101a03
CP: 06101a03
CP: 07101a03
CP: 00101a04
CP: 01101a04
CP: 02101a04
CP: 03101a04
CP: 04101a04
CP: 05101a04
CP: 06101a04
CP: 07101a04
CP: 00201a02
CP: 01201a02
CP: 02201a02
CP: 03201a02
CP: 04201a02
CP: 05201a02
CP: 06201a02
CP: 07201a02
CP: 00201a03
CP: 01201a03
CP: 02201a03
CP: 03201a03
CP: 04201a03
CP: 05201a03
CP: 06201a03
CP: 07201a03
CP: 00201a04
CP: 01201a04
CP: 02201a04
CP: 03201a04
CP: 04201a04
CP: 05201a04
CP: 06201a04
CP: 07201a04
CP: 00301a02
CP: 01301a02
CP: 02301a02
CP: 03301a02
CP: 04301a02
CP: 05301a02
CP: 06301a02
CP: 07301a02
CP: 00301a03
CP: 01301a03
CP: 02301a03
CP: 03301a03
CP: 04301a03
CP: 05301a03
CP: 06301a03
CP: 07301a03
CP: 00301a04
CP: 01301a04
CP: 02301a04
CP: 03301a04
CP: 04301a04
CP: 05301a04
CP: 06301a04
CP: 07301a04
CP: 00001a05
CP: 01001a05
CP: 02001a05
CP: 03001a05
CP: 04001a05
CP: 05001a05
CP: 06001a05
CP: 07001a05
CP: 00101a05
CP: 01101a05
CP: 02101a05
CP: 03101a05
CP: 04101a05
CP: 05101a05
CP: 06101a05
CP: 07101a05
CP: 00201a05
CP: 01201a05
CP: 02201a05
CP: 03201a05
CP: 05201a05
CP: 04201a05
CP: 06201a05
CP: 07201a05
CP: 00301a05
CP: 01301a05
CP: 02301a05
CP: 06301a05
CP: 05301a05
CP: 03301a05
CP: 04301a05
CP: 00f01a07
CP: 07301a05
CP: 00001a09
CP: 01f01a07
CP: 01001a09
CP: 02f01a07
CP: 02001a09
CP: 06f01a07
CP: 06001a09
CP: 05f01a07
CP: 05001a09
CP: 03f01a07
CP: 03001a09
CP: 04f01a07
CP: 07f01a07
CP: 04001a09
CP: 07001a09
CP: 05101a09
CP: 00101a09
CP: 01101a09
CP: 04101a09
CP: 06101a09
CP: 02101a09
CP: 03101a09
CP: 07101a09
CP: 05201a09
CP: 00201a09
CP: 04201a09
CP: 01201a09
CP: 02201a09
CP: 06201a09
CP: 03201a09
CP: 07201a09
CP: 05301a09
CP: 04301a09
CP: 01301a09
CP: 00301a09
CP: 02301a09
CP: 06301a09
CP: 03301a09
CP: 07301a09
CP: 05001a0a
CP: 04001a0a
CP: 06001a0a
CP: 01001a0a
CP: 02001a0a
CP: 00001a0a
CP: 03001a0a
CP: 07001a0a
CP: 05201a0a
CP: 04201a0a
CP: 01201a0a
CP: 00201a0a
CP: 06201a0a
CP: 02201a0a
CP: 03201a0a
CP: 07201a0a
CP: 05001a0b
CP: 05001a0c
CP: 04001a0b
CP: 04001a0c
CP: 05001a0c
CP: 05101a0b
CP: 04001a0c
CP: 05101a0c
CP: 03001a0b
CP: 04101a0b
CP: 03001a0c
CP: 05101a0c
CP: 04101a0c
CP: 01001a0b
CP: 00001a0b
CP: 03001a0c
CP: 05201a0b
CP: 01001a0c
CP: 04101a0c
CP: 00001a0c
CP: 03101a0b
CP: 05201a0c
CP: 07001a0b
CP: 01001a0c
CP: 04201a0b
CP: 03101a0c
CP: 07001a0c
CP: 00001a0c
CP: 01101a0b
CP: 05201a0c
CP: 04201a0c
CP: 03101a0c
CP: 00101a0b
CP: 07001a0c
CP: 01101a0c
CP: 06001a0b
CP: 05301a0b
CP: 02001a0b
CP: 00101a0c
CP: 03201a0b
CP: 06001a0c
CP: 07101a0b
CP: 04201a0c
CP: 05301a0c
CP: 02001a0c
CP: 01101a0c
CP: 07101a0c
CP: 03201a0c
CP: 04301a0b
CP: 00101a0c
CP: 06001a0c
CP: 01201a0b
CP: 02001a0c
CP: 04301a0c
CP: 05301a0c
CP: 07101a0c
CP: 00201a0b
CP: 06101a0b
CP: 03201a0c
CP: 01201a0c
CP: 02101a0b
CP: 07201a0b
CP: 06101a0c
CP: 03301a0b
CP: 00201a0c
CP: 04301a0c
CP: 02101a0c
CP: 07201a0c
CP: 01201a0c
CP: 03301a0c
CP: 06101a0c
CP: 00201a0c
CP: 01301a0b
CP: 02101a0c
CP: 07201a0c
CP: 06201a0b
CP: 00301a0b
CP: 03301a0c
CP: 01301a0c
CP: 02201a0b
CP: 07301a0b
CP: 06201a0c
CP: 00301a0c
CP: 02201a0c
CP: 07301a0c
CP: 01301a0c
CP: 06201a0c
CP: 00301a0c
CP: 07301a0c
CP: 02201a0c
CP: 06301a0b
CP: 02301a0b
CP: 06301a0c
CP: 02301a0c
CP: 06301a0c
CP: 02301a0c
CP: 3ff00400
CP: 0ff01000
CP: 0ff01101
DRAM ECC Initialization: [3] [ =>                   ]DRAM ECC Initialization: [6] [ ==>                  ]DRAM ECC Initialization: [9] [ ==>                  ]DRAM ECC Initialization: [12] [ ===>                 ]DRAM ECC Initialization: [15] [ ====>                ]DRAM ECC Initialization: [18] [ ====>                ]DRAM ECC Initialization: [21] [ =====>               ]DRAM ECC Initialization: [25] [ ======>              ]DRAM ECC Initialization: [28] [ ======>              ]DRAM ECC Initialization: [31] [ =======>             ]DRAM ECC Initialization: [34] [ =======>             ]DRAM ECC Initialization: [37] [ ========>            ]DRAM ECC Initialization: [40] [ =========>           ]DRAM ECC Initialization: [43] [ =========>           ]DRAM ECC Initialization: [46] [ ==========>          ]DRAM ECC Initialization: [50] [ ===========>         ]DRAM ECC Initialization: [53] [ ===========>         ]DRAM ECC Initialization: [56] [ ============>        ]DRAM ECC Initialization: [59] [ ============>        ]DRAM ECC Initialization: [62] [ =============>       ]DRAM ECC Initialization: [65] [ ==============>      ]DRAM ECC Initialization: [68] [ ==============>      ]DRAM ECC Initialization: [71] [ ===============>     ]DRAM ECC Initialization: [75] [ ================>    ]DRAM ECC Initialization: [78] [ ================>    ]DRAM ECC Initialization: [81] [ =================>   ]DRAM ECC Initialization: [84] [ =================>   ]DRAM ECC Initialization: [87] [ ==================>  ]DRAM ECC Initialization: [90] [ ===================> ]DRAM ECC Initialization: [93] [ ===================> ]DRAM ECC Initialization: [96] [ ==================== ]DRAM ECC Initialization: [100] [ ==================== ]
CP: 0ff01200
CP: 3ff00800
DRAM memory regions:
  Node[0] Region[0]: 0x000080000000 - 0x0000bfffffff 
  Node[0] Region[1]: 0x080000000000 - 0x08007fffffff 
  Node[0] Region[2]: 0x0800c0000000 - 0x083fffffffff 
DRAM: 256GB DDR4 2666 SECDED ECC
Checkpoint 2F
Checkpoint 2E
Checkpoint 31
Checkpoint 32
UEFI RC version: Master
SCP FW version    : 1.4
SCP FW build date : 20210217
Failsafe status                 : 0
Reset status                    : 3
CPU info
    CPU ID                      : 413FD0C1
    CPU Clock                   : 2800 MHz
    Number of active sockets    : 1
    Number of active cores      : 80
    Socket[0]: Core voltage     : 960
    Socket[0]: SCU ProductID    : A00001
    Socket[0]: Max cores        : 80
    Socket[0]: Warranty         : 0
    Socket[0]: Subnuma          : 0
    Socket[0]: RC disable mask  : 3
    Socket[0]: AVS enabled      : 1
    Socket[0]: AVS voltage      : 1000
SOC info
    DDR Frequency               : 2666 MHz
    Socket[0]: Soc voltage      : 750
    Socket[0]: DIMM1 voltage    : 1200
    Socket[0]: DIMM2 voltage    : 1200
    PCP Clock                   : 1200 MHz
    SOC Clock                   : 2000 MHz
    SYS Clock                   : 400 MHz
    AHB Clock                   : 200 MHz
Manufacturer Configuration Setting:
    4000: 0x0 (0)
    4070: 0x1 (1)
User Configuration Setting:
    8000: 0xFFFFFFFF (-1)
    8008: 0xFF (255)
    8010: 0x0 (0)
    8018: 0x0 (0)
    8030: 0x0 (0)
    8038: 0xC80 (3200)
Board Configuration Setting:
    C000: 0xCD3A (52538)
    C008: 0x0 (0)
    C010: 0x0 (0)
    C018: 0x0 (0)
    C020: 0xFFFF (65535)
    C028: 0xFFFF (65535)
    C030: 0x80E8 (33000)
    C038: 0x80E8 (33000)
    C040: 0x61A8 (25000)
    C048: 0x61A8 (25000)
    C050: 0x0 (0)
    C058: 0x190 (400)
    C060: 0x190 (400)
    C068: 0x190 (400)
    C070: 0x190 (400)
    C078: 0x190 (400)
    C080: 0xFFFFFF01 (-255)
    C088: 0x0 (0)
    C090: 0x0 (0)
    C098: 0x4 (4)
    C0A0: 0x4 (4)
    C0A8: 0x20002 (131074)
    C0B0: 0x20002 (131074)
    C0B8: 0x20002 (131074)
    C0C0: 0x20002 (131074)
    C0C8: 0x20002 (131074)
    C0D0: 0x3 (3)
    C0D8: 0x3 (3)
    C0E0: 0x20002 (131074)
    C0E8: 0x0 (0)
    C0F0: 0x0 (0)
    C0F8: 0x2020202 (33686018)
    C100: 0x30003 (196611)
    C108: 0x3 (3)
    C110: 0x20002 (131074)
    C118: 0x20002 (131074)
    C120: 0x3 (3)
    C128: 0x20002 (131074)
    C130: 0x20002 (131074)
    C138: 0x20002 (131074)
    C140: 0x20002 (131074)
    C148: 0x1 (1)
    C150: 0x2 (2)
    C158: 0x3 (3)
    C160: 0x4 (4)
    C168: 0xFFFFFFFF (-1)
    C170: 0xFFFFFFFE (-2)
    C178: 0xFFFFFFFD (-3)
    C180: 0x0 (0)
    C188: 0x0 (0)
    C190: 0x0 (0)
    C198: 0x0 (0)
    C1A0: 0x0 (0)
    C1A8: 0x0 (0)
    C1B0: 0x2 (2)
    C1B8: 0xC80 (3200)
    C1C0: 0x20000 (131072)
    C1C8: 0x20000 (131072)
    C1D0: 0xFF060177 (-16383625)
    C1D8: 0xFF060177 (-16383625)
    C1E0: 0x60070 (393328)
    C1E8: 0x60070 (393328)
    C1F0: 0x0 (0)
    C1F8: 0x0 (0)
    C200: 0x0 (0)
    C208: 0x0 (0)
    C210: 0xC0CCC (789708)
    C218: 0xC0CCC (789708)
    C220: 0x30333 (197427)
    C228: 0x30333 (197427)
    C230: 0x30333 (197427)
    C238: 0x30333 (197427)
    C240: 0x30333 (197427)
    C248: 0x30333 (197427)
    C250: 0xEDEED (974573)
    C258: 0xDEDDE (912862)
    C260: 0xB7BB7 (752567)
    C268: 0x7B77B (505723)
    C270: 0x5 (5)
    C278: 0x90DD90 (9493904)
    C280: 0x5 (5)
    C288: 0x90DD90 (9493904)
    C290: 0x5 (5)
    C298: 0x90DD90 (9493904)
    C2A0: 0x5 (5)
    C2A8: 0x90DD90 (9493904)
    C2B0: 0x24 (36)
    C2B8: 0x1A (26)
    C2C0: 0x50 (80)
    C2C8: 0x20 (32)
    C2D0: 0x2800280 (41943680)
    C2D8: 0x90909090 (-1869574000)
    C2E0: 0x0 (0)
    C2E8: 0xC000C0 (12583104)
    C2F0: 0x0 (0)
    C2F8: 0x0 (0)
    C300: 0x0 (0)
    C308: 0x0 (0)
    C310: 0x2010201 (33620481)
    C318: 0x0 (0)
    C320: 0x0 (0)
    C328: 0x0 (0)
    C330: 0x1050106 (17105158)
    C338: 0x5F4 (1524)
    C340: 0x0 (0)
    C348: 0x0 (0)
    C350: 0x2020202 (33686018)
    C358: 0x2020202 (33686018)
    C360: 0x2020202 (33686018)
    C368: 0x2020003 (33685507)
    C370: 0x0 (0)
    C378: 0x0 (0)
    C380: 0x0 (0)
    C388: 0x0 (0)
    C390: 0x0 (0)
    C398: 0x0 (0)
    C3A0: 0x0 (0)
    C3A8: 0x0 (0)
    C3B0: 0x0 (0)
    C3B8: 0x0 (0)
    C3C0: 0x0 (0)
    C3C8: 0x0 (0)
    C3D0: 0x0 (0)
    C3D8: 0x0 (0)
    C3E0: 0x0 (0)
    C3E8: 0x0 (0)
    C3F0: 0x57575757 (1465341783)
    C3F8: 0x57575757 (1465341783)
    C400: 0x57575757 (1465341783)
    C408: 0x57575757 (1465341783)
    C410: 0x57575757 (1465341783)
    C418: 0x57575757 (1465341783)
    C420: 0x57575757 (1465341783)
    C428: 0x57575757 (1465341783)
    C430: 0x57575757 (1465341783)
    C438: 0x57575757 (1465341783)
    C440: 0x57575757 (1465341783)
    C448: 0x57575757 (1465341783)
    C450: 0x57575757 (1465341783)
    C458: 0x57575757 (1465341783)
    C460: 0x57575757 (1465341783)
    C468: 0x57575757 (1465341783)
    C470: 0x0 (0)
    C478: 0x2020202 (33686018)
    C480: 0x2020202 (33686018)
    C488: 0x2020202 (33686018)
    C490: 0x2020003 (33685507)
    C498: 0x0 (0)
    C4A0: 0x0 (0)
    C4A8: 0x0 (0)
    C4B0: 0x0 (0)
    C4B8: 0x0 (0)
    C4C0: 0x0 (0)
    C4C8: 0x0 (0)
    C4D0: 0x0 (0)
    C4D8: 0x0 (0)
    C4E0: 0x0 (0)
    C4E8: 0x0 (0)
    C4F0: 0x0 (0)
    C4F8: 0x0 (0)
    C500: 0x0 (0)
    C508: 0x57575757 (1465341783)
    C510: 0x57575757 (1465341783)
    C518: 0x57575757 (1465341783)
    C520: 0x57575757 (1465341783)
    C528: 0x57575757 (1465341783)
    C530: 0x57575757 (1465341783)
    C538: 0x57575757 (1465341783)
    C540: 0x57575757 (1465341783)
    C548: 0x57575757 (1465341783)
    C550: 0x57575757 (1465341783)
    C558: 0x57575757 (1465341783)
    C560: 0x57575757 (1465341783)
    C568: 0x57575757 (1465341783)
    C570: 0x57575757 (1465341783)
    C578: 0x3 (3)
    C580: 0x1A4 (420)
    C588: 0x0 (0)
    C590: 0x18000 (98304)
    C598: 0x80018000 (-2147385344)
    C5A0: 0x0 (0)
    C5A8: 0x0 (0)
    C5B0: 0x0 (0)
    C5B8: 0x0 (0)
    C5C0: 0x0 (0)
    C5C8: 0x0 (0)
    C5D0: 0x0 (0)
    C5D8: 0x0 (0)
    C5E0: 0x550055 (5570645)
    C5E8: 0x64 (100)
    C5F0: 0x5 (5)
    C5F8: 0x1 (1)
    C600: 0x2 (2)
    C608: 0x5 (5)
    C610: 0x0 (0)
    C618: 0x0 (0)
    C620: 0x0 (0)
Checkpoint 4F
Checkpoint 60
Checkpoint 61
Checkpoint 9A
Checkpoint 90
Checkpoint 91
Checkpoint 92
Checkpoint 94
Checkpoint 94
Checkpoint 95
Checkpoint 96
Checkpoint 94
Checkpoint 94
Checkpoint 95
Checkpoint 96
Checkpoint 94
Checkpoint 94
Checkpoint 94
Checkpoint 94
Checkpoint 94
Checkpoint 95
Checkpoint 96
Checkpoint 94
Checkpoint 94
Checkpoint 94
Checkpoint 94
Checkpoint 94
Checkpoint 95
Checkpoint 96
Checkpoint 94
Checkpoint 94
Checkpoint 94
Checkpoint 94
Checkpoint 94
Checkpoint 95
Checkpoint 96
Checkpoint 94
Checkpoint 94
Checkpoint 94
Checkpoint 94
Checkpoint 95
Checkpoint 96
Checkpoint 92
Checkpoint 92
Checkpoint 92
Checkpoint 92
Checkpoint 92
Checkpoint 9D
Checkpoint 9A
Checkpoint 9C
Checkpoint 91
Checkpoint 92
Checkpoint 92
Checkpoint 92
Checkpoint 92
Checkpoint 92
Checkpoint B4
Checkpoint B4
Checkpoint B4
Checkpoint B4
Checkpoint B4
Checkpoint B4
Checkpoint 98
Checkpoint B4
Checkpoint 92
Checkpoint 97
[2J[1;1H[2J[1;1H[1;1HCheckpoint 98
Checkpoint 92
Checkpoint 92
Checkpoint 92
Checkpoint 92
Checkpoint 92
Checkpoint A0
Checkpoint 92
Checkpoint AD
[0;37;40m[0;30;40m[2J[1;1H[0;37;40m[21;7HUse the  and  keys to change the selection.                       
      Press 'e' to edit the selected item, or 'c' for a command prompt.   [4;80H [0;30;47m[4;1H      CentOS Linux (4.18.0-80.11.2.el8.20200716+amp.aarch64) 8 (Core)          [0;37;40m[4;79H[5;1H      CentOS Linux (4.18.0-80.el8.aarch64) 8 (Core)                            [5;79H[6;1H      CentOS Linux (0-rescue-78bad71372cb47b58e24bf810490c40e) 8 (Core)        [6;79H[7;1H      System setup                                                             [7;79H[8;1H                                                                               [8;79H[9;1H                                                                               [9;79H[10;1H                                                                               [10;79H[11;1H                                                                               [11;79H[12;1H                                                                               [12;79H[13;1H                                                                               [13;79H[14;1H                                                                               [14;79H[15;1H                                                                               [15;79H[16;1H                                                                               [16;79H[17;1H                                                                               [17;79H[18;1H                                                                               [18;79H[19;1H                                                                               [19;79H[19;80H [4;79H[23;1H   The selected entry will be started automatically in 5s.                     [4;79H[23;1H   The selected entry will be started automatically in 4s.                     [4;79H[23;1H   The selected entry will be started automatically in 3s.                     [4;79H[23;1H   The selected entry will be started automatically in 2s.                     [4;79H[23;1H   The selected entry will be started automatically in 1s.                     [4;79H[23;1H   The selected entry will be started automatically in 0s.                     [4;79H[0;30;40m[2J[1;1H[0;37;40m[0;30;40m[2J[1;1H[0;37;40mEFI stub: Booting Linux Kernel...
EFI stub: Using DTB from configuration table
EFI stub: Exiting boot services and installing virtual address map...
[    0.000000] Booting Linux on physical CPU 0x0000120000 [0x413fd0c1]
[    0.000000] Linux version 4.18.0-80.11.2.el8.20200716+amp.aarch64 (buildsw@eng02sys-r242.scc-lab.amperecomputing.com) (gcc version 8.3.0 (Ampere Computing 8.3.0-20191025-dynamic-nosysroot)) #1 SMP Thu Jul 16 16:36:47 PDT 2020
[    0.000000] efi: Getting EFI parameters from FDT:
[    0.000000] efi: EFI v2.70 by American Megatrends
[    0.000000] efi:  ACPI 2.0=0xb97a0000  SMBIOS 3.0=0xbcd8ff18  MEMATTR=0xb34d7298  ESRT=0xb34dab98  RNG=0xbf77b318  MEMRESERVE=0xb34d6f18 
[    0.000000] efi: seeding entropy pool
[    0.000000] esrt: Reserving ESRT space from 0x00000000b34dab98 to 0x00000000b34dabd0.
[    0.000000] Using crashkernel=auto, the size chosen is a best effort estimation.
[    0.000000] cannot allocate crashkernel (size:0x20000000)
[    0.000000] ACPI: Early table checksum verification disabled
[    0.000000] ACPI: RSDP 0x00000000B97A0000 000024 (v02 Ampere)
[    0.000000] ACPI: XSDT 0x00000000B9790000 0000DC (v01 Ampere Altra    00000000 AMI  01000013)
[    0.000000] ACPI: FACP 0x00000000B9770000 000114 (v06 Ampere Altra    00000000 INTL 20190509)
[    0.000000] ACPI: DSDT 0x00000000B96E0000 02E15B (v02 Ampere Jade     00000001 INTL 20200717)
[    0.000000] ACPI: DBG2 0x00000000B9780000 00005C (v00 Ampere Altra    00000000 INTL 20190509)
[    0.000000] ACPI: GTDT 0x00000000B9760000 000110 (v03 Ampere Altra    00000000 INTL 20190509)
[    0.000000] ACPI: SSDT 0x00000000B9750000 00002D (v02 Ampere Altra    00000001 INTL 20190509)
[    0.000000] ACPI: EINJ 0x00000000B9730000 000130 (v01 Ampere Altra    00000001 INTL 20200717)
[    0.000000] ACPI: SDEI 0x00000000B9710000 000024 (v01 Ampere Altra    00000001 INTL 20200717)
[    0.000000] ACPI: SPMI 0x00000000B96D0000 000041 (v05 ALASKA A M I    00000000 AMI. 00000000)
[    0.000000] ACPI: SPMI 0x00000000B96C0000 000041 (v05 ALASKA A M I    00000000 AMI. 00000000)
[    0.000000] ACPI: SPMI 0x00000000B96B0000 000041 (v05 ALASKA A M I    00000000 AMI. 00000000)
[    0.000000] ACPI: FIDT 0x00000000B96A0000 00009C (v01 ALASKA A M I    01072009 AMI  00010013)
[    0.000000] ACPI: SPCR 0x00000000B9690000 000050 (v02 A M I  APTIO V  01072009 AMI. 0005000F)
[    0.000000] ACPI: BGRT 0x00000000B9680000 000038 (v01 ALASKA A M I    01072009 AMI  00010013)
[    0.000000] ACPI: PPTT 0x00000000B9660000 008260 (v02 Ampere Altra    00000000 AMP. 01000013)
[    0.000000] ACPI: SLIT 0x00000000B9650000 00002D (v01 Ampere Altra    00000000 AMP. 01000013)
[    0.000000] ACPI: SRAT 0x00000000B9640000 0006B8 (v03 Ampere Altra    00000000 AMP. 01000013)
[    0.000000] ACPI: BERT 0x00000000B9740000 000030 (v01 Ampere Altra    00000001 INTL 20200717)
[    0.000000] ACPI: MCFG 0x00000000B9630000 00008C (v01 Ampere Altra    00000001 AMP. 01000013)
[    0.000000] ACPI: IORT 0x00000000B9620000 000498 (v00 Ampere Altra    00000000 AMP. 01000013)
[    0.000000] ACPI: APIC 0x00000000B9670000 0019CC (v05 Ampere Altra    00000003 AMI  01000013)
[    0.000000] ACPI: PCCT 0x00000000B9610000 000576 (v02 Ampere Altra    00000003 AMP. 01000013)
[    0.000000] ACPI: WSMT 0x00000000B9600000 000028 (v01 ALASKA A M I    01072009 AMI  00010013)
[    0.000000] ACPI: FPDT 0x00000000B95F0000 000044 (v01 ALASKA A M I    01072009 AMI  01000013)
[    0.000000] ACPI: HEST 0x00000000B9720000 0001F4 (v01 Ampere Altra    00000001 INTL 20200717)
[    0.000000] ACPI: SPCR: console: pl011,mmio32,0x100002600000,115200
[    0.000000] ACPI: NUMA: SRAT: PXM 0 -> MPIDR 0x0 -> Node 0
[    0.000000] ACPI: NUMA: SRAT: PXM 0 -> MPIDR 0x100 -> Node 0
[    0.000000] ACPI: NUMA: SRAT: PXM 0 -> MPIDR 0x10000 -> Node 0
[    0.000000] ACPI: NUMA: SRAT: PXM 0 -> MPIDR 0x10100 -> Node 0
[    0.000000] ACPI: NUMA: SRAT: PXM 0 -> MPIDR 0x20000 -> Node 0
[    0.000000] ACPI: NUMA: SRAT: PXM 0 -> MPIDR 0x20100 -> Node 0
[    0.000000] ACPI: NUMA: SRAT: PXM 0 -> MPIDR 0x30000 -> Node 0
[    0.000000] ACPI: NUMA: SRAT: PXM 0 -> MPIDR 0x30100 -> Node 0
[    0.000000] ACPI: NUMA: SRAT: PXM 0 -> MPIDR 0x40000 -> Node 0
[    0.000000] ACPI: NUMA: SRAT: PXM 0 -> MPIDR 0x40100 -> Node 0
[    0.000000] ACPI: NUMA: SRAT: PXM 0 -> MPIDR 0x50000 -> Node 0
[    0.000000] ACPI: NUMA: SRAT: PXM 0 -> MPIDR 0x50100 -> Node 0
[    0.000000] ACPI: NUMA: SRAT: PXM 0 -> MPIDR 0x60000 -> Node 0
[    0.000000] ACPI: NUMA: SRAT: PXM 0 -> MPIDR 0x60100 -> Node 0
[    0.000000] ACPI: NUMA: SRAT: PXM 0 -> MPIDR 0x70000 -> Node 0
[    0.000000] ACPI: NUMA: SRAT: PXM 0 -> MPIDR 0x70100 -> Node 0
[    0.000000] ACPI: NUMA: SRAT: PXM 0 -> MPIDR 0x80000 -> Node 0
[    0.000000] ACPI: NUMA: SRAT: PXM 0 -> MPIDR 0x80100 -> Node 0
[    0.000000] ACPI: NUMA: SRAT: PXM 0 -> MPIDR 0x90000 -> Node 0
[    0.000000] ACPI: NUMA: SRAT: PXM 0 -> MPIDR 0x90100 -> Node 0
[    0.000000] ACPI: NUMA: SRAT: PXM 0 -> MPIDR 0xa0000 -> Node 0
[    0.000000] ACPI: NUMA: SRAT: PXM 0 -> MPIDR 0xa0100 -> Node 0
[    0.000000] ACPI: NUMA: SRAT: PXM 0 -> MPIDR 0xb0000 -> Node 0
[    0.000000] ACPI: NUMA: SRAT: PXM 0 -> MPIDR 0xb0100 -> Node 0
[    0.000000] ACPI: NUMA: SRAT: PXM 0 -> MPIDR 0xc0000 -> Node 0
[    0.000000] ACPI: NUMA: SRAT: PXM 0 -> MPIDR 0xc0100 -> Node 0
[    0.000000] ACPI: NUMA: SRAT: PXM 0 -> MPIDR 0xd0000 -> Node 0
[    0.000000] ACPI: NUMA: SRAT: PXM 0 -> MPIDR 0xd0100 -> Node 0
[    0.000000] ACPI: NUMA: SRAT: PXM 0 -> MPIDR 0xe0000 -> Node 0
[    0.000000] ACPI: NUMA: SRAT: PXM 0 -> MPIDR 0xe0100 -> Node 0
[    0.000000] ACPI: NUMA: SRAT: PXM 0 -> MPIDR 0xf0000 -> Node 0
[    0.000000] ACPI: NUMA: SRAT: PXM 0 -> MPIDR 0xf0100 -> Node 0
[    0.000000] ACPI: NUMA: SRAT: PXM 0 -> MPIDR 0x100000 -> Node 0
[    0.000000] ACPI: NUMA: SRAT: PXM 0 -> MPIDR 0x100100 -> Node 0
[    0.000000] ACPI: NUMA: SRAT: PXM 0 -> MPIDR 0x110000 -> Node 0
[    0.000000] ACPI: NUMA: SRAT: PXM 0 -> MPIDR 0x110100 -> Node 0
[    0.000000] ACPI: NUMA: SRAT: PXM 0 -> MPIDR 0x120000 -> Node 0
[    0.000000] ACPI: NUMA: SRAT: PXM 0 -> MPIDR 0x120100 -> Node 0
[    0.000000] ACPI: NUMA: SRAT: PXM 0 -> MPIDR 0x130000 -> Node 0
[    0.000000] ACPI: NUMA: SRAT: PXM 0 -> MPIDR 0x130100 -> Node 0
[    0.000000] ACPI: NUMA: SRAT: PXM 0 -> MPIDR 0x140000 -> Node 0
[    0.000000] ACPI: NUMA: SRAT: PXM 0 -> MPIDR 0x140100 -> Node 0
[    0.000000] ACPI: NUMA: SRAT: PXM 0 -> MPIDR 0x150000 -> Node 0
[    0.000000] ACPI: NUMA: SRAT: PXM 0 -> MPIDR 0x150100 -> Node 0
[    0.000000] ACPI: NUMA: SRAT: PXM 0 -> MPIDR 0x160000 -> Node 0
[    0.000000] ACPI: NUMA: SRAT: PXM 0 -> MPIDR 0x160100 -> Node 0
[    0.000000] ACPI: NUMA: SRAT: PXM 0 -> MPIDR 0x170000 -> Node 0
[    0.000000] ACPI: NUMA: SRAT: PXM 0 -> MPIDR 0x170100 -> Node 0
[    0.000000] ACPI: NUMA: SRAT: PXM 0 -> MPIDR 0x180000 -> Node 0
[    0.000000] ACPI: NUMA: SRAT: PXM 0 -> MPIDR 0x180100 -> Node 0
[    0.000000] ACPI: NUMA: SRAT: PXM 0 -> MPIDR 0x190000 -> Node 0
[    0.000000] ACPI: NUMA: SRAT: PXM 0 -> MPIDR 0x190100 -> Node 0
[    0.000000] ACPI: NUMA: SRAT: PXM 0 -> MPIDR 0x1a0000 -> Node 0
[    0.000000] ACPI: NUMA: SRAT: PXM 0 -> MPIDR 0x1a0100 -> Node 0
[    0.000000] ACPI: NUMA: SRAT: PXM 0 -> MPIDR 0x1b0000 -> Node 0
[    0.000000] ACPI: NUMA: SRAT: PXM 0 -> MPIDR 0x1b0100 -> Node 0
[    0.000000] ACPI: NUMA: SRAT: PXM 0 -> MPIDR 0x1c0000 -> Node 0
[    0.000000] ACPI: NUMA: SRAT: PXM 0 -> MPIDR 0x1c0100 -> Node 0
[    0.000000] ACPI: NUMA: SRAT: PXM 0 -> MPIDR 0x1d0000 -> Node 0
[    0.000000] ACPI: NUMA: SRAT: PXM 0 -> MPIDR 0x1d0100 -> Node 0
[    0.000000] ACPI: NUMA: SRAT: PXM 0 -> MPIDR 0x1e0000 -> Node 0
[    0.000000] ACPI: NUMA: SRAT: PXM 0 -> MPIDR 0x1e0100 -> Node 0
[    0.000000] ACPI: NUMA: SRAT: PXM 0 -> MPIDR 0x1f0000 -> Node 0
[    0.000000] ACPI: NUMA: SRAT: PXM 0 -> MPIDR 0x1f0100 -> Node 0
[    0.000000] ACPI: NUMA: SRAT: PXM 0 -> MPIDR 0x200000 -> Node 0
[    0.000000] ACPI: NUMA: SRAT: PXM 0 -> MPIDR 0x200100 -> Node 0
[    0.000000] ACPI: NUMA: SRAT: PXM 0 -> MPIDR 0x210000 -> Node 0
[    0.000000] ACPI: NUMA: SRAT: PXM 0 -> MPIDR 0x210100 -> Node 0
[    0.000000] ACPI: NUMA: SRAT: PXM 0 -> MPIDR 0x220000 -> Node 0
[    0.000000] ACPI: NUMA: SRAT: PXM 0 -> MPIDR 0x220100 -> Node 0
[    0.000000] ACPI: NUMA: SRAT: PXM 0 -> MPIDR 0x230000 -> Node 0
[    0.000000] ACPI: NUMA: SRAT: PXM 0 -> MPIDR 0x230100 -> Node 0
[    0.000000] ACPI: NUMA: SRAT: PXM 0 -> MPIDR 0x240000 -> Node 0
[    0.000000] ACPI: NUMA: SRAT: PXM 0 -> MPIDR 0x240100 -> Node 0
[    0.000000] ACPI: NUMA: SRAT: PXM 0 -> MPIDR 0x250000 -> Node 0
[    0.000000] ACPI: NUMA: SRAT: PXM 0 -> MPIDR 0x250100 -> Node 0
[    0.000000] ACPI: NUMA: SRAT: PXM 0 -> MPIDR 0x260000 -> Node 0
[    0.000000] ACPI: NUMA: SRAT: PXM 0 -> MPIDR 0x260100 -> Node 0
[    0.000000] ACPI: NUMA: SRAT: PXM 0 -> MPIDR 0x270000 -> Node 0
[    0.000000] ACPI: NUMA: SRAT: PXM 0 -> MPIDR 0x270100 -> Node 0
[    0.000000] ACPI: SRAT: Node 0 PXM 0 [mem 0x88300000-0x883fffff]
[    0.000000] ACPI: SRAT: Node 0 PXM 0 [mem 0x90000000-0xbfffffff]
[    0.000000] ACPI: SRAT: Node 0 PXM 0 [mem 0x80000000000-0x8007fffffff]
[    0.000000] ACPI: SRAT: Node 0 PXM 0 [mem 0x800c0000000-0x83fffffffff]
[    0.000000] NUMA: NODE_DATA [mem 0x83ffdfbe600-0x83ffdfbffff]
[    0.000000] Zone ranges:
[    0.000000]   DMA32    [mem 0x0000000088300000-0x00000000ffffffff]
[    0.000000]   Normal   [mem 0x0000000100000000-0x0000083fffffffff]
[    0.000000] Movable zone start for each node
[    0.000000] Early memory node ranges
[    0.000000]   node   0: [mem 0x0000000088300000-0x00000000883fffff]
[    0.000000]   node   0: [mem 0x0000000090000000-0x0000000091ffffff]
[    0.000000]   node   0: [mem 0x0000000092000000-0x000000009277ffff]
[    0.000000]   node   0: [mem 0x0000000092780000-0x00000000b926ffff]
[    0.000000]   node   0: [mem 0x00000000b9270000-0x00000000b950ffff]
[    0.000000]   node   0: [mem 0x00000000b9510000-0x00000000b952ffff]
[    0.000000]   node   0: [mem 0x00000000b9530000-0x00000000b953ffff]
[    0.000000]   node   0: [mem 0x00000000b9540000-0x00000000b956ffff]
[    0.000000]   node   0: [mem 0x00000000b9570000-0x00000000b957ffff]
[    0.000000]   node   0: [mem 0x00000000b9580000-0x00000000b97effff]
[    0.000000]   node   0: [mem 0x00000000b97f0000-0x00000000b980ffff]
[    0.000000]   node   0: [mem 0x00000000b9810000-0x00000000bab5ffff]
[    0.000000]   node   0: [mem 0x00000000bab60000-0x00000000bf77ffff]
[    0.000000]   node   0: [mem 0x00000000bf780000-0x00000000bf8affff]
[    0.000000]   node   0: [mem 0x00000000bf8b0000-0x00000000bfd3ffff]
[    0.000000]   node   0: [mem 0x00000000bfd40000-0x00000000bfffffff]
[    0.000000]   node   0: [mem 0x0000080000000000-0x000008007fffffff]
[    0.000000]   node   0: [mem 0x00000800c0000000-0x0000083fffffffff]
[    0.000000] Zeroed struct page in unavailable ranges: 1337 pages
[    0.000000] Initmem setup node 0 [mem 0x0000000088300000-0x0000083fffffffff]
[    0.000000] psci: probing for conduit method from ACPI.
[    0.000000] psci: PSCIv1.1 detected in firmware.
[    0.000000] psci: Using standard PSCI v0.2 function IDs
[    0.000000] psci: MIGRATE_INFO_TYPE not supported.
[    0.000000] psci: SMC Calling Convention v1.0
[    0.000000] random: get_random_bytes called from start_kernel+0xa0/0x4d8 with crng_init=0
[    0.000000] percpu: Embedded 3 pages/cpu @(____ptrval____) s127448 r8192 d60968 u196608
[    0.000000] Detected PIPT I-cache on CPU0
[    0.000000] CPU features: detected: Virtualization Host Extensions
[    0.000000] CPU features: kernel page table isolation forced ON by KASLR
[    0.000000] CPU features: detected: Kernel page table isolation (KPTI)
[    0.000000] CPU features: detected: Hardware dirty bit management
[    0.000000] CPU features: detected: Speculative Store Bypassing Safe (SSBS)
[    0.000000] Built 1 zonelists, mobility grouping on.  Total pages: 4186131
[    0.000000] Policy zone: Normal
[    0.000000] Kernel command line: BOOT_IMAGE=(hd2,gpt2)/vmlinuz-4.18.0-80.11.2.el8.20200716+amp.aarch64 root=/dev/mapper/cl-root ro crashkernel=auto rd.lvm.lv=cl/root rd.lvm.lv=cl/swap nouveau.blacklist=1 rd.driver.blacklist=nouveau
[    0.000000] Specific versions of hardware are certified with Red Hat Enterprise Linux 8. Please see the list of hardware certified with Red Hat Enterprise Linux 8 at https://access.redhat.com/ecosystem.
[    0.000000] software IO TLB: mapped [mem 0xb5270000-0xb9270000] (64MB)
[    0.000000] Memory: 267631808K/268174336K available (9532K kernel code, 1864K rwdata, 5760K rodata, 4416K init, 9235K bss, 542528K reserved, 0K cma-reserved)
[    0.000000] SLUB: HWalign=64, Order=0-3, MinObjects=0, CPUs=80, Nodes=1
[    0.000000] ftrace: allocating 32383 entries in 8 pages
[    0.000000] rcu: Hierarchical RCU implementation.
[    0.000000] rcu: RCU restricting CPUs from NR_CPUS=4096 to nr_cpu_ids=80.
[    0.000000] rcu: RCU calculated value of scheduler-enlistment delay is 10 jiffies.
[    0.000000] rcu: Adjusting geometry for rcu_fanout_leaf=16, nr_cpu_ids=80
[    0.000000] NR_IRQS: 64, nr_irqs: 64, preallocated irqs: 0
[    0.000000] GICv3: GIC: Using split EOI/Deactivate mode
[    0.000000] GICv3: Distributor has no Range Selector support
[    0.000000] GICv3: no VLPI support, no direct LPI support
[    0.000000] GICv3: CPU0: found redistributor 120000 region 0:0x00001001005c0000
[    0.000000] SRAT: PXM 0 -> ITS 2 -> Node 0
[    0.000000] SRAT: PXM 0 -> ITS 3 -> Node 0
[    0.000000] SRAT: PXM 0 -> ITS 4 -> Node 0
[    0.000000] SRAT: PXM 0 -> ITS 5 -> Node 0
[    0.000000] SRAT: PXM 0 -> ITS 6 -> Node 0
[    0.000000] SRAT: PXM 0 -> ITS 7 -> Node 0
[    0.000000] ITS [mem 0x100100080000-0x10010009ffff]
[    0.000000] ITS@0x0000100100080000: allocated 8192 Devices @83fc07a0000 (indirect, esz 8, psz 64K, shr 1)
[    0.000000] ITS@0x0000100100080000: allocated 32768 Interrupt Collections @83fc07b0000 (flat, esz 2, psz 64K, shr 1)
[    0.000000] ITS [mem 0x1001000a0000-0x1001000bffff]
[    0.000000] ITS@0x00001001000a0000: allocated 8192 Devices @83fc07d0000 (indirect, esz 8, psz 64K, shr 1)
[    0.000000] ITS@0x00001001000a0000: allocated 32768 Interrupt Collections @83fc07e0000 (flat, esz 2, psz 64K, shr 1)
[    0.000000] ITS [mem 0x1001000c0000-0x1001000dffff]
[    0.000000] ITS@0x00001001000c0000: allocated 8192 Devices @83fc0800000 (indirect, esz 8, psz 64K, shr 1)
[    0.000000] ITS@0x00001001000c0000: allocated 32768 Interrupt Collections @83fc0810000 (flat, esz 2, psz 64K, shr 1)
[    0.000000] ITS [mem 0x1001000e0000-0x1001000fffff]
[    0.000000] ITS@0x00001001000e0000: allocated 8192 Devices @83fc0830000 (indirect, esz 8, psz 64K, shr 1)
[    0.000000] ITS@0x00001001000e0000: allocated 32768 Interrupt Collections @83fc0840000 (flat, esz 2, psz 64K, shr 1)
[    0.000000] ITS [mem 0x100100100000-0x10010011ffff]
[    0.000000] ITS@0x0000100100100000: allocated 8192 Devices @83fc0860000 (indirect, esz 8, psz 64K, shr 1)
[    0.000000] ITS@0x0000100100100000: allocated 32768 Interrupt Collections @83fc0870000 (flat, esz 2, psz 64K, shr 1)
[    0.000000] ITS [mem 0x100100120000-0x10010013ffff]
[    0.000000] ITS@0x0000100100120000: allocated 8192 Devices @83fc0890000 (indirect, esz 8, psz 64K, shr 1)
[    0.000000] ITS@0x0000100100120000: allocated 32768 Interrupt Collections @83fc08a0000 (flat, esz 2, psz 64K, shr 1)
[    0.000000] GICv3: using LPI property table @0x0000083fc08b0000
[    0.000000] GICv3: CPU0: using allocated LPI pending table @0x0000083fc08d0000
[    0.000000] rcu: Offload RCU callbacks from CPUs: (none).
[    0.000000] ACPI GTDT: found 1 memory-mapped timer block(s).
[    0.000000] arch_timer: cp15 and mmio timer(s) running at 25.00MHz (phys/phys).
[    0.000000] clocksource: arch_sys_counter: mask: 0xffffffffffffff max_cycles: 0x5c40939b5, max_idle_ns: 440795202646 ns
[    0.000000] sched_clock: 56 bits at 25MHz, resolution 40ns, wraps every 4398046511100ns
[    0.000082] Console: colour dummy device 80x25
[    0.000166] ACPI: Core revision 20180531
[    0.000477] Calibrating delay loop (skipped), value calculated using timer frequency.. 50.00 BogoMIPS (lpj=250000)
[    0.000480] pid_max: default: 81920 minimum: 640
[    0.000555] Security Framework initialized
[    0.000557] Yama: becoming mindful.
[    0.000561] SELinux:  Initializing.
[    0.005795] Dentry cache hash table entries: 16777216 (order: 11, 134217728 bytes)
[    0.008345] Inode-cache hash table entries: 8388608 (order: 10, 67108864 bytes)
[    0.008440] Mount-cache hash table entries: 262144 (order: 5, 2097152 bytes)
[    0.008521] Mountpoint-cache hash table entries: 262144 (order: 5, 2097152 bytes)
[    0.011963] ASID allocator initialised with 32768 entries
[    0.011977] rcu: Hierarchical SRCU implementation.
[    0.012227] Platform MSI: ITS@0x100100080000 domain created
[    0.012229] Platform MSI: ITS@0x1001000a0000 domain created
[    0.012230] Platform MSI: ITS@0x1001000c0000 domain created
[    0.012232] Platform MSI: ITS@0x1001000e0000 domain created
[    0.012233] Platform MSI: ITS@0x100100100000 domain created
[    0.012234] Platform MSI: ITS@0x100100120000 domain created
[    0.012239] PCI/MSI: ITS@0x100100080000 domain created
[    0.012240] PCI/MSI: ITS@0x1001000a0000 domain created
[    0.012241] PCI/MSI: ITS@0x1001000c0000 domain created
[    0.012243] PCI/MSI: ITS@0x1001000e0000 domain created
[    0.012244] PCI/MSI: ITS@0x100100100000 domain created
[    0.012245] PCI/MSI: ITS@0x100100120000 domain created
[    0.012269] Remapping and enabling EFI services.
[    0.012899] smp: Bringing up secondary CPUs ...
[    0.013103] Detected PIPT I-cache on CPU1
[    0.013122] GICv3: CPU1: found redistributor 1a0000 region 0:0x00001001007c0000
[    0.013128] GICv3: CPU1: using allocated LPI pending table @0x0000083fc08e0000
[    0.013162] CPU1: Booted secondary processor 0x00001a0000 [0x413fd0c1]
[    0.013518] Detected PIPT I-cache on CPU2
[    0.013534] GICv3: CPU2: found redistributor 140000 region 0:0x0000100100640000
[    0.013540] GICv3: CPU2: using allocated LPI pending table @0x0000083fc08f0000
[    0.013575] CPU2: Booted secondary processor 0x0000140000 [0x413fd0c1]
[    0.013919] Detected PIPT I-cache on CPU3
[    0.013936] GICv3: CPU3: found redistributor 1c0000 region 0:0x0000100100840000
[    0.013942] GICv3: CPU3: using allocated LPI pending table @0x0000083fc0900000
[    0.013976] CPU3: Booted secondary processor 0x00001c0000 [0x413fd0c1]
[    0.014311] Detected PIPT I-cache on CPU4
[    0.014325] GICv3: CPU4: found redistributor 100000 region 0:0x0000100100540000
[    0.014331] GICv3: CPU4: using allocated LPI pending table @0x0000083fc0910000
[    0.014366] CPU4: Booted secondary processor 0x0000100000 [0x413fd0c1]
[    0.014706] Detected PIPT I-cache on CPU5
[    0.014722] GICv3: CPU5: found redistributor 180000 region 0:0x0000100100740000
[    0.014728] GICv3: CPU5: using allocated LPI pending table @0x0000083fc0920000
[    0.014764] CPU5: Booted secondary processor 0x0000180000 [0x413fd0c1]
[    0.015118] Detected PIPT I-cache on CPU6
[    0.015135] GICv3: CPU6: found redistributor 160000 region 0:0x00001001006c0000
[    0.015141] GICv3: CPU6: using allocated LPI pending table @0x0000083fc0930000
[    0.015176] CPU6: Booted secondary processor 0x0000160000 [0x413fd0c1]
[    0.015514] Detected PIPT I-cache on CPU7
[    0.015532] GICv3: CPU7: found redistributor 1e0000 region 0:0x00001001008c0000
[    0.015539] GICv3: CPU7: using allocated LPI pending table @0x0000083fc0940000
[    0.015574] CPU7: Booted secondary processor 0x00001e0000 [0x413fd0c1]
[    0.015912] Detected PIPT I-cache on CPU8
[    0.015924] GICv3: CPU8: found redistributor a0000 region 0:0x00001001003c0000
[    0.015931] GICv3: CPU8: using allocated LPI pending table @0x0000083fc0950000
[    0.015968] CPU8: Booted secondary processor 0x00000a0000 [0x413fd0c1]
[    0.016308] Detected PIPT I-cache on CPU9
[    0.016325] GICv3: CPU9: found redistributor 220000 region 0:0x00001001009c0000
[    0.016331] GICv3: CPU9: using allocated LPI pending table @0x0000083fc0960000
[    0.016365] CPU9: Booted secondary processor 0x0000220000 [0x413fd0c1]
[    0.016702] Detected PIPT I-cache on CPU10
[    0.016716] GICv3: CPU10: found redistributor c0000 region 0:0x0000100100440000
[    0.016722] GICv3: CPU10: using allocated LPI pending table @0x0000083fc0970000
[    0.016759] CPU10: Booted secondary processor 0x00000c0000 [0x413fd0c1]
[    0.017100] Detected PIPT I-cache on CPU11
[    0.017118] GICv3: CPU11: found redistributor 240000 region 0:0x0000100100a40000
[    0.017124] GICv3: CPU11: using allocated LPI pending table @0x0000083fc0980000
[    0.017157] CPU11: Booted secondary processor 0x0000240000 [0x413fd0c1]
[    0.017505] Detected PIPT I-cache on CPU12
[    0.017517] GICv3: CPU12: found redistributor 80000 region 0:0x0000100100340000
[    0.017524] GICv3: CPU12: using allocated LPI pending table @0x0000083fc0990000
[    0.017562] CPU12: Booted secondary processor 0x0000080000 [0x413fd0c1]
[    0.017915] Detected PIPT I-cache on CPU13
[    0.017933] GICv3: CPU13: found redistributor 200000 region 0:0x0000100100940000
[    0.017939] GICv3: CPU13: using allocated LPI pending table @0x0000083fc09a0000
[    0.017975] CPU13: Booted secondary processor 0x0000200000 [0x413fd0c1]
[    0.018318] Detected PIPT I-cache on CPU14
[    0.018332] GICv3: CPU14: found redistributor e0000 region 0:0x00001001004c0000
[    0.018339] GICv3: CPU14: using allocated LPI pending table @0x0000083fc09b0000
[    0.018378] CPU14: Booted secondary processor 0x00000e0000 [0x413fd0c1]
[    0.018717] Detected PIPT I-cache on CPU15
[    0.018737] GICv3: CPU15: found redistributor 260000 region 0:0x0000100100ac0000
[    0.018744] GICv3: CPU15: using allocated LPI pending table @0x0000083fc09c0000
[    0.018781] CPU15: Booted secondary processor 0x0000260000 [0x413fd0c1]
[    0.019120] Detected PIPT I-cache on CPU16
[    0.019131] GICv3: CPU16: found redistributor 20000 region 0:0x00001001001c0000
[    0.019138] GICv3: CPU16: using allocated LPI pending table @0x0000083fc09d0000
[    0.019177] CPU16: Booted secondary processor 0x0000020000 [0x413fd0c1]
[    0.019518] Detected PIPT I-cache on CPU17
[    0.019530] GICv3: CPU17: found redistributor 40000 region 0:0x0000100100240000
[    0.019537] GICv3: CPU17: using allocated LPI pending table @0x0000083fc09e0000
[    0.019576] CPU17: Booted secondary processor 0x0000040000 [0x413fd0c1]
[    0.019917] Detected PIPT I-cache on CPU18
[    0.019927] GICv3: CPU18: found redistributor 0 region 0:0x0000100100140000
[    0.019934] GICv3: CPU18: using allocated LPI pending table @0x0000083fc09f0000
[    0.019973] CPU18: Booted secondary processor 0x0000000000 [0x413fd0c1]
[    0.020320] Detected PIPT I-cache on CPU19
[    0.020333] GICv3: CPU19: found redistributor 60000 region 0:0x00001001002c0000
[    0.020340] GICv3: CPU19: using allocated LPI pending table @0x0000083fc0a00000
[    0.020381] CPU19: Booted secondary processor 0x0000060000 [0x413fd0c1]
[    0.020713] Detected PIPT I-cache on CPU20
[    0.020728] GICv3: CPU20: found redistributor 130000 region 0:0x0000100100600000
[    0.020734] GICv3: CPU20: using allocated LPI pending table @0x0000083fc0a10000
[    0.020772] CPU20: Booted secondary processor 0x0000130000 [0x413fd0c1]
[    0.021108] Detected PIPT I-cache on CPU21
[    0.021124] GICv3: CPU21: found redistributor 1b0000 region 0:0x0000100100800000
[    0.021130] GICv3: CPU21: using allocated LPI pending table @0x0000083fc0a20000
[    0.021165] CPU21: Booted secondary processor 0x00001b0000 [0x413fd0c1]
[    0.021698] Detected PIPT I-cache on CPU22
[    0.021713] GICv3: CPU22: found redistributor 150000 region 0:0x0000100100680000
[    0.021719] GICv3: CPU22: using allocated LPI pending table @0x0000083fc0a30000
[    0.021757] CPU22: Booted secondary processor 0x0000150000 [0x413fd0c1]
[    0.022104] Detected PIPT I-cache on CPU23
[    0.022122] GICv3: CPU23: found redistributor 1d0000 region 0:0x0000100100880000
[    0.022128] GICv3: CPU23: using allocated LPI pending table @0x0000083fc0a40000
[    0.022165] CPU23: Booted secondary processor 0x00001d0000 [0x413fd0c1]
[    0.022512] Detected PIPT I-cache on CPU24
[    0.022526] GICv3: CPU24: found redistributor 110000 region 0:0x0000100100580000
[    0.022533] GICv3: CPU24: using allocated LPI pending table @0x0000083fc0a50000
[    0.022571] CPU24: Booted secondary processor 0x0000110000 [0x413fd0c1]
[    0.022906] Detected PIPT I-cache on CPU25
[    0.022923] GICv3: CPU25: found redistributor 190000 region 0:0x0000100100780000
[    0.022929] GICv3: CPU25: using allocated LPI pending table @0x0000083fc0a60000
[    0.022966] CPU25: Booted secondary processor 0x0000190000 [0x413fd0c1]
[    0.023315] Detected PIPT I-cache on CPU26
[    0.023331] GICv3: CPU26: found redistributor 170000 region 0:0x0000100100700000
[    0.023338] GICv3: CPU26: using allocated LPI pending table @0x0000083fc0a70000
[    0.023376] CPU26: Booted secondary processor 0x0000170000 [0x413fd0c1]
[    0.023709] Detected PIPT I-cache on CPU27
[    0.023728] GICv3: CPU27: found redistributor 1f0000 region 0:0x0000100100900000
[    0.023735] GICv3: CPU27: using allocated LPI pending table @0x0000083fc0a80000
[    0.023771] CPU27: Booted secondary processor 0x00001f0000 [0x413fd0c1]
[    0.024116] Detected PIPT I-cache on CPU28
[    0.024129] GICv3: CPU28: found redistributor b0000 region 0:0x0000100100400000
[    0.024136] GICv3: CPU28: using allocated LPI pending table @0x0000083fc0a90000
[    0.024175] CPU28: Booted secondary processor 0x00000b0000 [0x413fd0c1]
[    0.024507] Detected PIPT I-cache on CPU29
[    0.024524] GICv3: CPU29: found redistributor 230000 region 0:0x0000100100a00000
[    0.024531] GICv3: CPU29: using allocated LPI pending table @0x0000083fc0aa0000
[    0.024567] CPU29: Booted secondary processor 0x0000230000 [0x413fd0c1]
[    0.024916] Detected PIPT I-cache on CPU30
[    0.024930] GICv3: CPU30: found redistributor d0000 region 0:0x0000100100480000
[    0.024937] GICv3: CPU30: using allocated LPI pending table @0x0000083fc0ab0000
[    0.024975] CPU30: Booted secondary processor 0x00000d0000 [0x413fd0c1]
[    0.025313] Detected PIPT I-cache on CPU31
[    0.025332] GICv3: CPU31: found redistributor 250000 region 0:0x0000100100a80000
[    0.025339] GICv3: CPU31: using allocated LPI pending table @0x0000083fc0ac0000
[    0.025375] CPU31: Booted secondary processor 0x0000250000 [0x413fd0c1]
[    0.025718] Detected PIPT I-cache on CPU32
[    0.025731] GICv3: CPU32: found redistributor 90000 region 0:0x0000100100380000
[    0.025738] GICv3: CPU32: using allocated LPI pending table @0x0000083fc0ad0000
[    0.025777] CPU32: Booted secondary processor 0x0000090000 [0x413fd0c1]
[    0.026106] Detected PIPT I-cache on CPU33
[    0.026124] GICv3: CPU33: found redistributor 210000 region 0:0x0000100100980000
[    0.026131] GICv3: CPU33: using allocated LPI pending table @0x0000083fc0ae0000
[    0.026168] CPU33: Booted secondary processor 0x0000210000 [0x413fd0c1]
[    0.026518] Detected PIPT I-cache on CPU34
[    0.026533] GICv3: CPU34: found redistributor f0000 region 0:0x0000100100500000
[    0.026540] GICv3: CPU34: using allocated LPI pending table @0x0000083fc0af0000
[    0.026581] CPU34: Booted secondary processor 0x00000f0000 [0x413fd0c1]
[    0.026910] Detected PIPT I-cache on CPU35
[    0.026930] GICv3: CPU35: found redistributor 270000 region 0:0x0000100100b00000
[    0.026937] GICv3: CPU35: using allocated LPI pending table @0x0000083fc0b00000
[    0.026977] CPU35: Booted secondary processor 0x0000270000 [0x413fd0c1]
[    0.027315] Detected PIPT I-cache on CPU36
[    0.027326] GICv3: CPU36: found redistributor 30000 region 0:0x0000100100200000
[    0.027334] GICv3: CPU36: using allocated LPI pending table @0x0000083fc0b10000
[    0.027375] CPU36: Booted secondary processor 0x0000030000 [0x413fd0c1]
[    0.027708] Detected PIPT I-cache on CPU37
[    0.027720] GICv3: CPU37: found redistributor 50000 region 0:0x0000100100280000
[    0.027728] GICv3: CPU37: using allocated LPI pending table @0x0000083fc0b20000
[    0.027769] CPU37: Booted secondary processor 0x0000050000 [0x413fd0c1]
[    0.028114] Detected PIPT I-cache on CPU38
[    0.028125] GICv3: CPU38: found redistributor 10000 region 0:0x0000100100180000
[    0.028132] GICv3: CPU38: using allocated LPI pending table @0x0000083fc0b30000
[    0.028174] CPU38: Booted secondary processor 0x0000010000 [0x413fd0c1]
[    0.028522] Detected PIPT I-cache on CPU39
[    0.028535] GICv3: CPU39: found redistributor 70000 region 0:0x0000100100300000
[    0.028543] GICv3: CPU39: using allocated LPI pending table @0x0000083fc0b40000
[    0.028585] CPU39: Booted secondary processor 0x0000070000 [0x413fd0c1]
[    0.028912] Detected PIPT I-cache on CPU40
[    0.028926] GICv3: CPU40: found redistributor 120100 region 0:0x00001001005e0000
[    0.028933] GICv3: CPU40: using allocated LPI pending table @0x0000083fc0b50000
[    0.028972] CPU40: Booted secondary processor 0x0000120100 [0x413fd0c1]
[    0.029301] Detected PIPT I-cache on CPU41
[    0.029317] GICv3: CPU41: found redistributor 1a0100 region 0:0x00001001007e0000
[    0.029324] GICv3: CPU41: using allocated LPI pending table @0x0000083fc0b60000
[    0.029363] CPU41: Booted secondary processor 0x00001a0100 [0x413fd0c1]
[    0.029712] Detected PIPT I-cache on CPU42
[    0.029727] GICv3: CPU42: found redistributor 140100 region 0:0x0000100100660000
[    0.029734] GICv3: CPU42: using allocated LPI pending table @0x0000083fc0b70000
[    0.029774] CPU42: Booted secondary processor 0x0000140100 [0x413fd0c1]
[    0.030118] Detected PIPT I-cache on CPU43
[    0.030135] GICv3: CPU43: found redistributor 1c0100 region 0:0x0000100100860000
[    0.030142] GICv3: CPU43: using allocated LPI pending table @0x0000083fc0b80000
[    0.030178] CPU43: Booted secondary processor 0x00001c0100 [0x413fd0c1]
[    0.030511] Detected PIPT I-cache on CPU44
[    0.030525] GICv3: CPU44: found redistributor 100100 region 0:0x0000100100560000
[    0.030533] GICv3: CPU44: using allocated LPI pending table @0x0000083fc0b90000
[    0.030571] CPU44: Booted secondary processor 0x0000100100 [0x413fd0c1]
[    0.030907] Detected PIPT I-cache on CPU45
[    0.030923] GICv3: CPU45: found redistributor 180100 region 0:0x0000100100760000
[    0.030930] GICv3: CPU45: using allocated LPI pending table @0x0000083fc0ba0000
[    0.030968] CPU45: Booted secondary processor 0x0000180100 [0x413fd0c1]
[    0.031316] Detected PIPT I-cache on CPU46
[    0.031332] GICv3: CPU46: found redistributor 160100 region 0:0x00001001006e0000
[    0.031340] GICv3: CPU46: using allocated LPI pending table @0x0000083fc0bb0000
[    0.031379] CPU46: Booted secondary processor 0x0000160100 [0x413fd0c1]
[    0.031714] Detected PIPT I-cache on CPU47
[    0.031732] GICv3: CPU47: found redistributor 1e0100 region 0:0x00001001008e0000
[    0.031739] GICv3: CPU47: using allocated LPI pending table @0x0000083fc0bc0000
[    0.031779] CPU47: Booted secondary processor 0x00001e0100 [0x413fd0c1]
[    0.032116] Detected PIPT I-cache on CPU48
[    0.032129] GICv3: CPU48: found redistributor a0100 region 0:0x00001001003e0000
[    0.032136] GICv3: CPU48: using allocated LPI pending table @0x0000083fc0bd0000
[    0.032177] CPU48: Booted secondary processor 0x00000a0100 [0x413fd0c1]
[    0.032510] Detected PIPT I-cache on CPU49
[    0.032527] GICv3: CPU49: found redistributor 220100 region 0:0x00001001009e0000
[    0.032534] GICv3: CPU49: using allocated LPI pending table @0x0000083fc0be0000
[    0.032570] CPU49: Booted secondary processor 0x0000220100 [0x413fd0c1]
[    0.032910] Detected PIPT I-cache on CPU50
[    0.032923] GICv3: CPU50: found redistributor c0100 region 0:0x0000100100460000
[    0.032930] GICv3: CPU50: using allocated LPI pending table @0x0000083fc0bf0000
[    0.032971] CPU50: Booted secondary processor 0x00000c0100 [0x413fd0c1]
[    0.033317] Detected PIPT I-cache on CPU51
[    0.033335] GICv3: CPU51: found redistributor 240100 region 0:0x0000100100a60000
[    0.033342] GICv3: CPU51: using allocated LPI pending table @0x0000083fc0c00000
[    0.033380] CPU51: Booted secondary processor 0x0000240100 [0x413fd0c1]
[    0.033713] Detected PIPT I-cache on CPU52
[    0.033725] GICv3: CPU52: found redistributor 80100 region 0:0x0000100100360000
[    0.033733] GICv3: CPU52: using allocated LPI pending table @0x0000083fc0c10000
[    0.033775] CPU52: Booted secondary processor 0x0000080100 [0x413fd0c1]
[    0.034115] Detected PIPT I-cache on CPU53
[    0.034133] GICv3: CPU53: found redistributor 200100 region 0:0x0000100100960000
[    0.034140] GICv3: CPU53: using allocated LPI pending table @0x0000083fc0c20000
[    0.034178] CPU53: Booted secondary processor 0x0000200100 [0x413fd0c1]
[    0.034517] Detected PIPT I-cache on CPU54
[    0.034531] GICv3: CPU54: found redistributor e0100 region 0:0x00001001004e0000
[    0.034539] GICv3: CPU54: using allocated LPI pending table @0x0000083fc0c30000
[    0.034581] CPU54: Booted secondary processor 0x00000e0100 [0x413fd0c1]
[    0.034909] Detected PIPT I-cache on CPU55
[    0.034928] GICv3: CPU55: found redistributor 260100 region 0:0x0000100100ae0000
[    0.034936] GICv3: CPU55: using allocated LPI pending table @0x0000083fc0c40000
[    0.034976] CPU55: Booted secondary processor 0x0000260100 [0x413fd0c1]
[    0.035319] Detected PIPT I-cache on CPU56
[    0.035330] GICv3: CPU56: found redistributor 20100 region 0:0x00001001001e0000
[    0.035337] GICv3: CPU56: using allocated LPI pending table @0x0000083fc0c50000
[    0.035380] CPU56: Booted secondary processor 0x0000020100 [0x413fd0c1]
[    0.035718] Detected PIPT I-cache on CPU57
[    0.035729] GICv3: CPU57: found redistributor 40100 region 0:0x0000100100260000
[    0.035737] GICv3: CPU57: using allocated LPI pending table @0x0000083fc0c60000
[    0.035780] CPU57: Booted secondary processor 0x0000040100 [0x413fd0c1]
[    0.036111] Detected PIPT I-cache on CPU58
[    0.036120] GICv3: CPU58: found redistributor 100 region 0:0x0000100100160000
[    0.036128] GICv3: CPU58: using allocated LPI pending table @0x0000083fc0c70000
[    0.036172] CPU58: Booted secondary processor 0x0000000100 [0x413fd0c1]
[    0.036522] Detected PIPT I-cache on CPU59
[    0.036534] GICv3: CPU59: found redistributor 60100 region 0:0x00001001002e0000
[    0.036542] GICv3: CPU59: using allocated LPI pending table @0x0000083fc0c80000
[    0.036585] CPU59: Booted secondary processor 0x0000060100 [0x413fd0c1]
[    0.036909] Detected PIPT I-cache on CPU60
[    0.036923] GICv3: CPU60: found redistributor 130100 region 0:0x0000100100620000
[    0.036931] GICv3: CPU60: using allocated LPI pending table @0x0000083fc0c90000
[    0.036970] CPU60: Booted secondary processor 0x0000130100 [0x413fd0c1]
[    0.037304] Detected PIPT I-cache on CPU61
[    0.037320] GICv3: CPU61: found redistributor 1b0100 region 0:0x0000100100820000
[    0.037328] GICv3: CPU61: using allocated LPI pending table @0x0000083fc0ca0000
[    0.037366] CPU61: Booted secondary processor 0x00001b0100 [0x413fd0c1]
[    0.037716] Detected PIPT I-cache on CPU62
[    0.037731] GICv3: CPU62: found redistributor 150100 region 0:0x00001001006a0000
[    0.037739] GICv3: CPU62: using allocated LPI pending table @0x0000083fc0cb0000
[    0.037778] CPU62: Booted secondary processor 0x0000150100 [0x413fd0c1]
[    0.038109] Detected PIPT I-cache on CPU63
[    0.038126] GICv3: CPU63: found redistributor 1d0100 region 0:0x00001001008a0000
[    0.038134] GICv3: CPU63: using allocated LPI pending table @0x0000083fc0cc0000
[    0.038175] CPU63: Booted secondary processor 0x00001d0100 [0x413fd0c1]
[    0.038517] Detected PIPT I-cache on CPU64
[    0.038532] GICv3: CPU64: found redistributor 110100 region 0:0x00001001005a0000
[    0.038540] GICv3: CPU64: using allocated LPI pending table @0x0000083fc0cd0000
[    0.038580] CPU64: Booted secondary processor 0x0000110100 [0x413fd0c1]
[    0.038915] Detected PIPT I-cache on CPU65
[    0.038931] GICv3: CPU65: found redistributor 190100 region 0:0x00001001007a0000
[    0.038939] GICv3: CPU65: using allocated LPI pending table @0x0000083fc0ce0000
[    0.038979] CPU65: Booted secondary processor 0x0000190100 [0x413fd0c1]
[    0.039308] Detected PIPT I-cache on CPU66
[    0.039325] GICv3: CPU66: found redistributor 170100 region 0:0x0000100100720000
[    0.039333] GICv3: CPU66: using allocated LPI pending table @0x0000083fc0cf0000
[    0.039375] CPU66: Booted secondary processor 0x0000170100 [0x413fd0c1]
[    0.039717] Detected PIPT I-cache on CPU67
[    0.039735] GICv3: CPU67: found redistributor 1f0100 region 0:0x0000100100920000
[    0.039743] GICv3: CPU67: using allocated LPI pending table @0x0000083fc0d00000
[    0.039786] CPU67: Booted secondary processor 0x00001f0100 [0x413fd0c1]
[    0.040114] Detected PIPT I-cache on CPU68
[    0.040127] GICv3: CPU68: found redistributor b0100 region 0:0x0000100100420000
[    0.040135] GICv3: CPU68: using allocated LPI pending table @0x0000083fc0d10000
[    0.040178] CPU68: Booted secondary processor 0x00000b0100 [0x413fd0c1]
[    0.040507] Detected PIPT I-cache on CPU69
[    0.040524] GICv3: CPU69: found redistributor 230100 region 0:0x0000100100a20000
[    0.040532] GICv3: CPU69: using allocated LPI pending table @0x0000083fc0d20000
[    0.040571] CPU69: Booted secondary processor 0x0000230100 [0x413fd0c1]
[    0.040916] Detected PIPT I-cache on CPU70
[    0.040929] GICv3: CPU70: found redistributor d0100 region 0:0x00001001004a0000
[    0.040938] GICv3: CPU70: using allocated LPI pending table @0x0000083fc0d30000
[    0.040980] CPU70: Booted secondary processor 0x00000d0100 [0x413fd0c1]
[    0.041317] Detected PIPT I-cache on CPU71
[    0.041335] GICv3: CPU71: found redistributor 250100 region 0:0x0000100100aa0000
[    0.041343] GICv3: CPU71: using allocated LPI pending table @0x0000083fc0d40000
[    0.041383] CPU71: Booted secondary processor 0x0000250100 [0x413fd0c1]
[    0.041713] Detected PIPT I-cache on CPU72
[    0.041725] GICv3: CPU72: found redistributor 90100 region 0:0x00001001003a0000
[    0.041734] GICv3: CPU72: using allocated LPI pending table @0x0000083fc0d50000
[    0.041777] CPU72: Booted secondary processor 0x0000090100 [0x413fd0c1]
[    0.042124] Detected PIPT I-cache on CPU73
[    0.042141] GICv3: CPU73: found redistributor 210100 region 0:0x00001001009a0000
[    0.042149] GICv3: CPU73: using allocated LPI pending table @0x0000083fc0d60000
[    0.042192] CPU73: Booted secondary processor 0x0000210100 [0x413fd0c1]
[    0.042517] Detected PIPT I-cache on CPU74
[    0.042531] GICv3: CPU74: found redistributor f0100 region 0:0x0000100100520000
[    0.042540] GICv3: CPU74: using allocated LPI pending table @0x0000083fc0d70000
[    0.042585] CPU74: Booted secondary processor 0x00000f0100 [0x413fd0c1]
[    0.042922] Detected PIPT I-cache on CPU75
[    0.042942] GICv3: CPU75: found redistributor 270100 region 0:0x0000100100b20000
[    0.042950] GICv3: CPU75: using allocated LPI pending table @0x0000083fc0d80000
[    0.042991] CPU75: Booted secondary processor 0x0000270100 [0x413fd0c1]
[    0.043317] Detected PIPT I-cache on CPU76
[    0.043328] GICv3: CPU76: found redistributor 30100 region 0:0x0000100100220000
[    0.043337] GICv3: CPU76: using allocated LPI pending table @0x0000083fc0d90000
[    0.043381] CPU76: Booted secondary processor 0x0000030100 [0x413fd0c1]
[    0.043714] Detected PIPT I-cache on CPU77
[    0.043726] GICv3: CPU77: found redistributor 50100 region 0:0x00001001002a0000
[    0.043734] GICv3: CPU77: using allocated LPI pending table @0x0000083fc0da0000
[    0.043780] CPU77: Booted secondary processor 0x0000050100 [0x413fd0c1]
[    0.044120] Detected PIPT I-cache on CPU78
[    0.044130] GICv3: CPU78: found redistributor 10100 region 0:0x00001001001a0000
[    0.044139] GICv3: CPU78: using allocated LPI pending table @0x0000083fc0db0000
[    0.044185] CPU78: Booted secondary processor 0x0000010100 [0x413fd0c1]
[    0.044521] Detected PIPT I-cache on CPU79
[    0.044533] GICv3: CPU79: found redistributor 70100 region 0:0x0000100100320000
[    0.044542] GICv3: CPU79: using allocated LPI pending table @0x0000083fc0dc0000
[    0.044589] CPU79: Booted secondary processor 0x0000070100 [0x413fd0c1]
[    0.044659] smp: Brought up 1 node, 80 CPUs
[    0.044772] SMP: Total of 80 processors activated.
[    0.044774] CPU features: detected: GIC system register CPU interface
[    0.044775] CPU features: detected: Privileged Access Never
[    0.044775] CPU features: detected: LSE atomic instructions
[    0.044776] CPU features: detected: User Access Override
[    0.044777] CPU features: detected: 32-bit EL0 Support
[    0.044779] CPU features: detected: Data cache clean to Point of Persistence
[    0.044779] CPU features: detected: RAS Extension Support
[    0.044781] CPU features: detected: Data cache clean to the PoU not required for I/D coherence
[    0.044782] CPU features: detected: Common not Private translations
[    0.071491] CPU: All CPU(s) started at EL2
[    0.071979] alternatives: patching kernel code
[    0.077565] devtmpfs: initialized
[    0.077869] clocksource: jiffies: mask: 0xffffffff max_cycles: 0xffffffff, max_idle_ns: 19112604462750000 ns
[    0.077914] futex hash table entries: 32768 (order: 5, 2097152 bytes)
[    0.078352] pinctrl core: initialized pinctrl subsystem
[    0.078491] SMBIOS 3.3.0 present.
[    0.078495] DMI: WIWYNN Mt.Jade Server System B81.030Z1.0001/Mt.Jade Motherboard, BIOS 1.4.20210217 2021/02/17
[    0.078664] NET: Registered protocol family 16
[    0.079067] audit: initializing netlink subsys (disabled)
[    0.079141] audit: type=2000 audit(0.070:1): state=initialized audit_enabled=0 res=1
[    0.079442] cpuidle: using governor menu
[    0.079552] Detected 15 PCC Subspaces
[    0.079574] Registering PCC driver as Mailbox controller
[    0.079604] vdso: 2 pages (1 code @ (____ptrval____), 1 data @ (____ptrval____))
[    0.079606] hw-breakpoint: found 6 breakpoint and 4 watchpoint registers.
[    0.080021] DMA: preallocated 256 KiB pool for atomic allocations
[    0.080029] ACPI: bus type PCI registered
[    0.080031] acpiphp: ACPI Hot Plug PCI Controller Driver version: 0.5
[    0.080088] Serial: AMBA PL011 UART driver
[    0.081823] HugeTLB registered 2.00 MiB page size, pre-allocated 0 pages
[    0.081824] HugeTLB registered 512 MiB page size, pre-allocated 0 pages
[    0.082158] cryptd: max_cpu_qlen set to 1000
[    0.082564] ACPI: Added _OSI(Module Device)
[    0.082565] ACPI: Added _OSI(Processor Device)
[    0.082566] ACPI: Added _OSI(3.0 _SCP Extensions)
[    0.082567] ACPI: Added _OSI(Processor Aggregator Device)
[    0.082569] ACPI: Added _OSI(Linux-Dell-Video)
[    0.093752] ACPI: 2 ACPI AML tables successfully acquired and loaded
[    0.097433] ACPI: Interpreter enabled
[    0.097435] ACPI: Using GIC for interrupt routing
[    0.097448] ACPI: MCFG table detected, 6 entries
[    0.097541] HEST: Table parsing has been initialized.
[    0.109729] ARMH0011:00: ttyAMA0 at MMIO 0x100002600000 (irq = 27, base_baud = 0) is a SBSA
[    3.890304] console [ttyAMA0] enabled
[    3.894088] ARMH0011:01: ttyAMA1 at MMIO 0x100002620000 (irq = 28, base_baud = 0) is a SBSA
[    3.902507] ACPI: PCI Root Bridge [PCI2] (domain 0001 [bus 00-ff])
[    3.908678] acpi PNP0A08:02: _OSC: OS supports [ExtendedConfig ASPM ClockPM Segments MSI]
[    3.916906] acpi PNP0A08:02: _OSC: platform does not support [PCIeHotplug PME LTR]
[    3.924511] acpi PNP0A08:02: _OSC: OS now controls [AER PCIeCapability]
[    3.931119] acpi PNP0A08:02: MCFG quirk: ECAM at [mem 0x3bfff0000000-0x3bffffffffff] for [bus 00-ff] with pci_32b_read_ops
[    3.942392] acpi PNP0A08:02: ECAM area [mem 0x3bfff0000000-0x3bffffffffff] reserved by PNP0C02:00
[    3.951273] acpi PNP0A08:02: ECAM at [mem 0x3bfff0000000-0x3bffffffffff] for [bus 00-ff]
[    3.959401] PCI host bridge to bus 0001:00
[    3.963484] pci_bus 0001:00: root bus resource [mem 0x30000000-0x37ffffff window]
[    3.970954] pci_bus 0001:00: root bus resource [mem 0x380000000000-0x3bffdfffffff window]
[    3.979117] pci_bus 0001:00: root bus resource [bus 00-ff]
[    3.984653] pci 0001:00:01.0: enabling Extended Tags
[    3.990730] pci 0001:00:01.0: BAR 14: assigned [mem 0x30000000-0x301fffff]
[    3.997595] pci 0001:00:01.0: BAR 15: assigned [mem 0x380000000000-0x3800001fffff 64bit pref]
[    4.006106] pci 0001:00:01.0: BAR 13: no space for [io  size 0x1000]
[    4.012447] pci 0001:00:01.0: BAR 13: failed to assign [io  size 0x1000]
[    4.019134] pci 0001:00:01.0: PCI bridge to [bus 01]
[    4.024088] pci 0001:00:01.0:   bridge window [mem 0x30000000-0x301fffff]
[    4.030863] pci 0001:00:01.0:   bridge window [mem 0x380000000000-0x3800001fffff 64bit pref]
[    4.039320] ACPI: PCI Root Bridge [PCI3] (domain 0000 [bus 00-ff])
[    4.045489] acpi PNP0A08:03: _OSC: OS supports [ExtendedConfig ASPM ClockPM Segments MSI]
[    4.053709] acpi PNP0A08:03: _OSC: platform does not support [PCIeHotplug PME LTR]
[    4.061313] acpi PNP0A08:03: _OSC: OS now controls [AER PCIeCapability]
[    4.067917] acpi PNP0A08:03: MCFG quirk: ECAM at [mem 0x3ffff0000000-0x3fffffffffff] for [bus 00-ff] with pci_32b_read_ops
[    4.079181] acpi PNP0A08:03: ECAM area [mem 0x3ffff0000000-0x3fffffffffff] reserved by PNP0C02:00
[    4.088062] acpi PNP0A08:03: ECAM at [mem 0x3ffff0000000-0x3fffffffffff] for [bus 00-ff]
[    4.096180] PCI host bridge to bus 0000:00
[    4.100264] pci_bus 0000:00: root bus resource [mem 0x38000000-0x3fffffff window]
[    4.107734] pci_bus 0000:00: root bus resource [mem 0x3c0000000000-0x3fffdfffffff window]
[    4.115897] pci_bus 0000:00: root bus resource [bus 00-ff]
[    4.121412] pci 0000:00:01.0: enabling Extended Tags
[    4.126479] pci 0000:01:00.0: enabling Extended Tags
[    4.131517] pci 0000:01:00.0: VF(n) BAR0 space: [mem 0x00000000-0x003fffff] (contains BAR0 for 16 VFs)
[    4.140817] pci 0000:01:00.0: VF(n) BAR1 space: [mem 0x00000000-0xffffffff 64bit pref] (contains BAR1 for 16 VFs)
[    4.151073] pci 0000:01:00.0: VF(n) BAR3 space: [mem 0x00000000-0x1fffffff 64bit pref] (contains BAR3 for 16 VFs)
[    4.161457] pci 0000:00:01.0: BAR 15: assigned [mem 0x3c0000000000-0x3c0137ffffff 64bit pref]
[    4.169968] pci 0000:00:01.0: BAR 14: assigned [mem 0x38000000-0x39ffffff]
[    4.176830] pci 0000:00:01.0: BAR 13: no space for [io  size 0x1000]
[    4.183170] pci 0000:00:01.0: BAR 13: failed to assign [io  size 0x1000]
[    4.189859] pci 0000:01:00.0: BAR 1: assigned [mem 0x3c0000000000-0x3c000fffffff 64bit pref]
[    4.198288] pci 0000:01:00.0: BAR 8: assigned [mem 0x3c0010000000-0x3c010fffffff 64bit pref]
[    4.206715] pci 0000:01:00.0: BAR 3: assigned [mem 0x3c0110000000-0x3c0111ffffff 64bit pref]
[    4.215145] pci 0000:01:00.0: BAR 10: assigned [mem 0x3c0112000000-0x3c0131ffffff 64bit pref]
[    4.223658] pci 0000:01:00.0: BAR 0: assigned [mem 0x38000000-0x38ffffff]
[    4.230433] pci 0000:01:00.0: BAR 7: assigned [mem 0x39000000-0x393fffff]
[    4.237210] pci 0000:00:01.0: PCI bridge to [bus 01]
[    4.242161] pci 0000:00:01.0:   bridge window [mem 0x38000000-0x39ffffff]
[    4.248936] pci 0000:00:01.0:   bridge window [mem 0x3c0000000000-0x3c0137ffffff 64bit pref]
[    4.257376] ACPI: PCI Root Bridge [PCI4] (domain 0002 [bus 00-ff])
[    4.263547] acpi PNP0A08:04: _OSC: OS supports [ExtendedConfig ASPM ClockPM Segments MSI]
[    4.271765] acpi PNP0A08:04: _OSC: platform does not support [PCIeHotplug PME LTR]
[    4.279371] acpi PNP0A08:04: _OSC: OS now controls [AER PCIeCapability]
[    4.285973] acpi PNP0A08:04: MCFG quirk: ECAM at [mem 0x23fff0000000-0x23ffffffffff] for [bus 00-ff] with pci_32b_read_ops
[    4.297237] acpi PNP0A08:04: ECAM area [mem 0x23fff0000000-0x23ffffffffff] reserved by PNP0C02:00
[    4.306118] acpi PNP0A08:04: ECAM at [mem 0x23fff0000000-0x23ffffffffff] for [bus 00-ff]
[    4.314248] PCI host bridge to bus 0002:00
[    4.318332] pci_bus 0002:00: root bus resource [mem 0x00800000-0x07ffffff window]
[    4.325802] pci_bus 0002:00: root bus resource [mem 0x200000000000-0x23ffdfffffff window]
[    4.333964] pci_bus 0002:00: root bus resource [bus 00-ff]
[    4.339814] acpiphp: Slot [1] registered
[    4.345828] acpiphp: Slot [2] registered
[    4.351844] acpiphp: Slot [3] registered
[    4.357857] acpiphp: Slot [4] registered
[    4.363870] pci 0002:00:01.0: BAR 14: assigned [mem 0x00800000-0x009fffff]
[    4.370731] pci 0002:00:01.0: BAR 15: assigned [mem 0x200000000000-0x2000001fffff 64bit pref]
[    4.379243] pci 0002:00:03.0: BAR 14: assigned [mem 0x00a00000-0x00bfffff]
[    4.386104] pci 0002:00:03.0: BAR 15: assigned [mem 0x200000200000-0x2000003fffff 64bit pref]
[    4.394615] pci 0002:00:05.0: BAR 14: assigned [mem 0x00c00000-0x00dfffff]
[    4.401476] pci 0002:00:05.0: BAR 15: assigned [mem 0x200000400000-0x2000005fffff 64bit pref]
[    4.409987] pci 0002:00:07.0: BAR 14: assigned [mem 0x00e00000-0x00ffffff]
[    4.416848] pci 0002:00:07.0: BAR 15: assigned [mem 0x200000600000-0x2000007fffff 64bit pref]
[    4.425360] pci 0002:00:01.0: BAR 13: no space for [io  size 0x1000]
[    4.431700] pci 0002:00:01.0: BAR 13: failed to assign [io  size 0x1000]
[    4.438388] pci 0002:00:03.0: BAR 13: no space for [io  size 0x1000]
[    4.444727] pci 0002:00:03.0: BAR 13: failed to assign [io  size 0x1000]
[    4.451416] pci 0002:00:05.0: BAR 13: no space for [io  size 0x1000]
[    4.457755] pci 0002:00:05.0: BAR 13: failed to assign [io  size 0x1000]
[    4.464443] pci 0002:00:07.0: BAR 13: no space for [io  size 0x1000]
[    4.470783] pci 0002:00:07.0: BAR 13: failed to assign [io  size 0x1000]
[    4.477471] pci 0002:00:01.0: PCI bridge to [bus 01]
[    4.482423] pci 0002:00:01.0:   bridge window [mem 0x00800000-0x009fffff]
[    4.489199] pci 0002:00:01.0:   bridge window [mem 0x200000000000-0x2000001fffff 64bit pref]
[    4.497623] pci 0002:00:03.0: PCI bridge to [bus 02]
[    4.502576] pci 0002:00:03.0:   bridge window [mem 0x00a00000-0x00bfffff]
[    4.509350] pci 0002:00:03.0:   bridge window [mem 0x200000200000-0x2000003fffff 64bit pref]
[    4.517776] pci 0002:00:05.0: PCI bridge to [bus 03]
[    4.522727] pci 0002:00:05.0:   bridge window [mem 0x00c00000-0x00dfffff]
[    4.529503] pci 0002:00:05.0:   bridge window [mem 0x200000400000-0x2000005fffff 64bit pref]
[    4.537927] pci 0002:00:07.0: PCI bridge to [bus 04]
[    4.542879] pci 0002:00:07.0:   bridge window [mem 0x00e00000-0x00ffffff]
[    4.549654] pci 0002:00:07.0:   bridge window [mem 0x200000600000-0x2000007fffff 64bit pref]
[    4.558147] ACPI: PCI Root Bridge [PCI5] (domain 0003 [bus 00-ff])
[    4.564316] acpi PNP0A08:05: _OSC: OS supports [ExtendedConfig ASPM ClockPM Segments MSI]
[    4.572535] acpi PNP0A08:05: _OSC: platform does not support [PCIeHotplug PME LTR]
[    4.580139] acpi PNP0A08:05: _OSC: OS now controls [AER PCIeCapability]
[    4.586743] acpi PNP0A08:05: MCFG quirk: ECAM at [mem 0x27fff0000000-0x27ffffffffff] for [bus 00-ff] with pci_32b_read_ops
[    4.598008] acpi PNP0A08:05: ECAM area [mem 0x27fff0000000-0x27ffffffffff] reserved by PNP0C02:00
[    4.606889] acpi PNP0A08:05: ECAM at [mem 0x27fff0000000-0x27ffffffffff] for [bus 00-ff]
[    4.615020] PCI host bridge to bus 0003:00
[    4.619104] pci_bus 0003:00: root bus resource [mem 0x08000000-0x0fffffff window]
[    4.626574] pci_bus 0003:00: root bus resource [mem 0x240000000000-0x27ffdfffffff window]
[    4.634737] pci_bus 0003:00: root bus resource [bus 00-ff]
[    4.640584] acpiphp: Slot [1-2] registered
[    4.646772] acpiphp: Slot [2-2] registered
[    4.652964] acpiphp: Slot [3-2] registered
[    4.659152] acpiphp: Slot [4-2] registered
[    4.665338] pci 0003:00:01.0: BAR 14: assigned [mem 0x08000000-0x081fffff]
[    4.672199] pci 0003:00:01.0: BAR 15: assigned [mem 0x240000000000-0x2400001fffff 64bit pref]
[    4.680710] pci 0003:00:03.0: BAR 14: assigned [mem 0x08200000-0x083fffff]
[    4.687571] pci 0003:00:03.0: BAR 15: assigned [mem 0x240000200000-0x2400003fffff 64bit pref]
[    4.696082] pci 0003:00:05.0: BAR 14: assigned [mem 0x08400000-0x085fffff]
[    4.702943] pci 0003:00:05.0: BAR 15: assigned [mem 0x240000400000-0x2400005fffff 64bit pref]
[    4.711454] pci 0003:00:07.0: BAR 14: assigned [mem 0x08600000-0x087fffff]
[    4.718315] pci 0003:00:07.0: BAR 15: assigned [mem 0x240000600000-0x2400007fffff 64bit pref]
[    4.726827] pci 0003:00:01.0: BAR 13: no space for [io  size 0x1000]
[    4.733167] pci 0003:00:01.0: BAR 13: failed to assign [io  size 0x1000]
[    4.739855] pci 0003:00:03.0: BAR 13: no space for [io  size 0x1000]
[    4.746195] pci 0003:00:03.0: BAR 13: failed to assign [io  size 0x1000]
[    4.752884] pci 0003:00:05.0: BAR 13: no space for [io  size 0x1000]
[    4.759224] pci 0003:00:05.0: BAR 13: failed to assign [io  size 0x1000]
[    4.765912] pci 0003:00:07.0: BAR 13: no space for [io  size 0x1000]
[    4.772252] pci 0003:00:07.0: BAR 13: failed to assign [io  size 0x1000]
[    4.778941] pci 0003:00:01.0: PCI bridge to [bus 01]
[    4.783892] pci 0003:00:01.0:   bridge window [mem 0x08000000-0x081fffff]
[    4.790669] pci 0003:00:01.0:   bridge window [mem 0x240000000000-0x2400001fffff 64bit pref]
[    4.799094] pci 0003:00:03.0: PCI bridge to [bus 02]
[    4.804046] pci 0003:00:03.0:   bridge window [mem 0x08200000-0x083fffff]
[    4.810820] pci 0003:00:03.0:   bridge window [mem 0x240000200000-0x2400003fffff 64bit pref]
[    4.819247] pci 0003:00:05.0: PCI bridge to [bus 03]
[    4.824198] pci 0003:00:05.0:   bridge window [mem 0x08400000-0x085fffff]
[    4.830974] pci 0003:00:05.0:   bridge window [mem 0x240000400000-0x2400005fffff 64bit pref]
[    4.839398] pci 0003:00:07.0: PCI bridge to [bus 04]
[    4.844352] pci 0003:00:07.0:   bridge window [mem 0x08600000-0x087fffff]
[    4.851126] pci 0003:00:07.0:   bridge window [mem 0x240000600000-0x2400007fffff 64bit pref]
[    4.859620] ACPI: PCI Root Bridge [PCI6] (domain 0004 [bus 00-ff])
[    4.865789] acpi PNP0A08:06: _OSC: OS supports [ExtendedConfig ASPM ClockPM Segments MSI]
[    4.874008] acpi PNP0A08:06: _OSC: platform does not support [PCIeHotplug PME LTR]
[    4.881612] acpi PNP0A08:06: _OSC: OS now controls [AER PCIeCapability]
[    4.888215] acpi PNP0A08:06: MCFG quirk: ECAM at [mem 0x2bfff0000000-0x2bffffffffff] for [bus 00-ff] with pci_32b_read_ops
[    4.899480] acpi PNP0A08:06: ECAM area [mem 0x2bfff0000000-0x2bffffffffff] reserved by PNP0C02:00
[    4.908361] acpi PNP0A08:06: ECAM at [mem 0x2bfff0000000-0x2bffffffffff] for [bus 00-ff]
[    4.916478] PCI host bridge to bus 0004:00
[    4.920561] pci_bus 0004:00: root bus resource [mem 0x10000000-0x17ffffff window]
[    4.928031] pci_bus 0004:00: root bus resource [mem 0x280000000000-0x2bffdfffffff window]
[    4.936193] pci_bus 0004:00: root bus resource [bus 00-ff]
[    4.942033] pci 0004:01:00.0: enabling Extended Tags
[    4.947220] pci_bus 0004:02: extended config space not accessible
[    4.953466] pci 0004:02:00.0: BAR 0: assigned to efifb
[    4.959085] pci 0004:03:00.0: 2.000 Gb/s available PCIe bandwidth, limited by 2.5 GT/s x1 link at 0004:00:03.0 (capable of 7.876 Gb/s with 8 GT/s x1 link)
[    4.973253] pci 0004:04:00.0: 8.000 Gb/s available PCIe bandwidth, limited by 2.5 GT/s x4 link at 0004:00:05.0 (capable of 31.504 Gb/s with 8 GT/s x4 link)
[    4.987212] pci 0004:00:01.0: BAR 14: assigned [mem 0x10000000-0x117fffff]
[    4.994073] pci 0004:00:01.0: BAR 15: assigned [mem 0x280000000000-0x2800001fffff 64bit pref]
[    5.002584] pci 0004:00:03.0: BAR 14: assigned [mem 0x11800000-0x119fffff]
[    5.009445] pci 0004:00:03.0: BAR 15: assigned [mem 0x280000200000-0x2800003fffff 64bit pref]
[    5.017956] pci 0004:00:05.0: BAR 14: assigned [mem 0x11a00000-0x11bfffff]
[    5.024817] pci 0004:00:05.0: BAR 15: assigned [mem 0x280000400000-0x2800005fffff 64bit pref]
[    5.033328] pci 0004:00:01.0: BAR 13: no space for [io  size 0x2000]
[    5.039668] pci 0004:00:01.0: BAR 13: failed to assign [io  size 0x2000]
[    5.046356] pci 0004:00:03.0: BAR 13: no space for [io  size 0x1000]
[    5.052696] pci 0004:00:03.0: BAR 13: failed to assign [io  size 0x1000]
[    5.059384] pci 0004:00:05.0: BAR 13: no space for [io  size 0x1000]
[    5.065724] pci 0004:00:05.0: BAR 13: failed to assign [io  size 0x1000]
[    5.072413] pci 0004:01:00.0: BAR 14: assigned [mem 0x10000000-0x117fffff]
[    5.079273] pci 0004:01:00.0: BAR 13: no space for [io  size 0x1000]
[    5.085614] pci 0004:01:00.0: BAR 13: failed to assign [io  size 0x1000]
[    5.092301] pci 0004:02:00.0: BAR 0: assigned [mem 0x10000000-0x10ffffff]
[    5.099081] pci 0004:02:00.0: BAR 1: assigned [mem 0x11000000-0x1101ffff]
[    5.105859] pci 0004:02:00.0: BAR 2: no space for [io  size 0x0080]
[    5.112114] pci 0004:02:00.0: BAR 2: failed to assign [io  size 0x0080]
[    5.118714] pci 0004:01:00.0: PCI bridge to [bus 02]
[    5.123672] pci 0004:01:00.0:   bridge window [mem 0x10000000-0x117fffff]
[    5.130457] pci 0004:00:01.0: PCI bridge to [bus 01-02]
[    5.135671] pci 0004:00:01.0:   bridge window [mem 0x10000000-0x117fffff]
[    5.142445] pci 0004:00:01.0:   bridge window [mem 0x280000000000-0x2800001fffff 64bit pref]
[    5.150871] pci 0004:03:00.0: BAR 0: assigned [mem 0x11800000-0x11801fff 64bit]
[    5.158180] pci 0004:00:03.0: PCI bridge to [bus 03]
[    5.163134] pci 0004:00:03.0:   bridge window [mem 0x11800000-0x119fffff]
[    5.169908] pci 0004:00:03.0:   bridge window [mem 0x280000200000-0x2800003fffff 64bit pref]
[    5.178334] pci 0004:04:00.0: BAR 6: assigned [mem 0x11a00000-0x11a0ffff pref]
[    5.185542] pci 0004:04:00.0: BAR 0: assigned [mem 0x11a10000-0x11a13fff 64bit]
[    5.192849] pci 0004:00:05.0: PCI bridge to [bus 04]
[    5.197801] pci 0004:00:05.0:   bridge window [mem 0x11a00000-0x11bfffff]
[    5.204577] pci 0004:00:05.0:   bridge window [mem 0x280000400000-0x2800005fffff 64bit pref]
[    5.213020] ACPI: PCI Root Bridge [PCI7] (domain 0005 [bus 00-ff])
[    5.219191] acpi PNP0A08:07: _OSC: OS supports [ExtendedConfig ASPM ClockPM Segments MSI]
[    5.227408] acpi PNP0A08:07: _OSC: platform does not support [PCIeHotplug PME LTR]
[    5.235021] acpi PNP0A08:07: _OSC: OS now controls [AER PCIeCapability]
[    5.241624] acpi PNP0A08:07: MCFG quirk: ECAM at [mem 0x2ffff0000000-0x2fffffffffff] for [bus 00-ff] with pci_32b_read_ops
[    5.252906] acpi PNP0A08:07: ECAM area [mem 0x2ffff0000000-0x2fffffffffff] reserved by PNP0C02:00
[    5.261787] acpi PNP0A08:07: ECAM at [mem 0x2ffff0000000-0x2fffffffffff] for [bus 00-ff]
[    5.269906] PCI host bridge to bus 0005:00
[    5.273989] pci_bus 0005:00: root bus resource [mem 0x18000000-0x1fffffff window]
[    5.281459] pci_bus 0005:00: root bus resource [mem 0x2c0000000000-0x2fffdfffffff window]
[    5.289622] pci_bus 0005:00: root bus resource [bus 00-ff]
[    5.295694] pci 0005:01:00.0: 2.000 Gb/s available PCIe bandwidth, limited by 2.5 GT/s x1 link at 0005:00:01.0 (capable of 7.876 Gb/s with 8 GT/s x1 link)
[    5.311671] pci 0005:00:01.0: BAR 14: assigned [mem 0x18000000-0x182fffff]
[    5.318532] pci 0005:00:01.0: BAR 15: assigned [mem 0x2c0000000000-0x2c00001fffff 64bit pref]
[    5.327044] pci 0005:00:05.0: BAR 14: assigned [mem 0x18300000-0x184fffff]
[    5.333904] pci 0005:00:05.0: BAR 15: assigned [mem 0x2c0000200000-0x2c00003fffff 64bit pref]
[    5.342418] pci 0005:00:07.0: BAR 14: assigned [mem 0x18500000-0x186fffff]
[    5.349278] pci 0005:00:07.0: BAR 15: assigned [mem 0x2c0000400000-0x2c00005fffff 64bit pref]
[    5.357790] pci 0005:00:01.0: BAR 13: no space for [io  size 0x1000]
[    5.364130] pci 0005:00:01.0: BAR 13: failed to assign [io  size 0x1000]
[    5.370818] pci 0005:00:05.0: BAR 13: no space for [io  size 0x1000]
[    5.377158] pci 0005:00:05.0: BAR 13: failed to assign [io  size 0x1000]
[    5.383846] pci 0005:00:07.0: BAR 13: no space for [io  size 0x1000]
[    5.390186] pci 0005:00:07.0: BAR 13: failed to assign [io  size 0x1000]
[    5.396888] pci 0005:01:00.0: BAR 0: assigned [mem 0x18000000-0x180fffff]
[    5.403667] pci 0005:01:00.0: BAR 6: assigned [mem 0x18100000-0x181fffff pref]
[    5.410876] pci 0005:01:00.0: BAR 3: assigned [mem 0x18200000-0x18203fff]
[    5.417655] pci 0005:00:01.0: PCI bridge to [bus 01]
[    5.422608] pci 0005:00:01.0:   bridge window [mem 0x18000000-0x182fffff]
[    5.429382] pci 0005:00:01.0:   bridge window [mem 0x2c0000000000-0x2c00001fffff 64bit pref]
[    5.437808] pci 0005:00:05.0: PCI bridge to [bus 02]
[    5.442760] pci 0005:00:05.0:   bridge window [mem 0x18300000-0x184fffff]
[    5.449535] pci 0005:00:05.0:   bridge window [mem 0x2c0000200000-0x2c00003fffff 64bit pref]
[    5.457960] pci 0005:00:07.0: PCI bridge to [bus 03]
[    5.462913] pci 0005:00:07.0:   bridge window [mem 0x18500000-0x186fffff]
[    5.469687] pci 0005:00:07.0:   bridge window [mem 0x2c0000400000-0x2c00005fffff 64bit pref]
[    5.483482] pci 0004:02:00.0: vgaarb: VGA device added: decodes=io+mem,owns=none,locks=none
[    5.491825] pci 0004:02:00.0: vgaarb: bridge control possible
[    5.497559] pci 0004:02:00.0: vgaarb: setting as boot device (VGA legacy resources not available)
[    5.506418] vgaarb: loaded
[    5.509214] SCSI subsystem initialized
[    5.513099] ACPI: bus type USB registered
[    5.517108] usbcore: registered new interface driver usbfs
[    5.522585] usbcore: registered new interface driver hub
[    5.528007] usbcore: registered new device driver usb
[    5.533055] pps_core: LinuxPPS API ver. 1 registered
[    5.538007] pps_core: Software ver. 5.3.6 - Copyright 2005-2007 Rodolfo Giometti <giometti@linux.it>
[    5.547126] PTP clock support registered
[    5.551215] EDAC MC: Ver: 3.0.0
[    5.554478] Registered efivars operations
[    5.560661] NetLabel: Initializing
[    5.564052] NetLabel:  domain hash size = 128
[    5.568395] NetLabel:  protocols = UNLABELED CIPSOv4 CALIPSO
[    5.574051] NetLabel:  unlabeled traffic allowed by default
[    5.579709] sdei: SDEIv1.0 (0x0) detected in firmware.
[    5.586007] clocksource: Switched to clocksource arch_sys_counter
[    5.602262] VFS: Disk quotas dquot_6.6.0
[    5.606203] VFS: Dquot-cache hash table entries: 8192 (order 0, 65536 bytes)
[    5.613359] pnp: PnP ACPI init
[    5.616680] system 00:00: [mem 0x3bfff0000000-0x3bffffffffff window] could not be reserved
[    5.624930] system 00:00: [mem 0x3ffff0000000-0x3fffffffffff window] could not be reserved
[    5.633183] system 00:00: [mem 0x23fff0000000-0x23ffffffffff window] could not be reserved
[    5.641433] system 00:00: [mem 0x27fff0000000-0x27ffffffffff window] could not be reserved
[    5.649685] system 00:00: [mem 0x2bfff0000000-0x2bffffffffff window] could not be reserved
[    5.657936] system 00:00: [mem 0x2ffff0000000-0x2fffffffffff window] could not be reserved
[    5.666187] system 00:00: [mem 0x7bfff0000000-0x7bffffffffff window] has been reserved
[    5.674090] system 00:00: [mem 0x7ffff0000000-0x7fffffffffff window] has been reserved
[    5.681993] system 00:00: [mem 0x63fff0000000-0x63ffffffffff window] has been reserved
[    5.689897] system 00:00: [mem 0x67fff0000000-0x67ffffffffff window] has been reserved
[    5.697801] system 00:00: [mem 0x6bfff0000000-0x6bffffffffff window] has been reserved
[    5.705703] system 00:00: [mem 0x6ffff0000000-0x6fffffffffff window] has been reserved
[    5.713607] system 00:00: [mem 0x33fff0000000-0x33ffffffffff window] has been reserved
[    5.721510] system 00:00: [mem 0x37fff0000000-0x37ffffffffff window] has been reserved
[    5.730007] pnp: PnP ACPI: found 1 devices
[    5.735104] NET: Registered protocol family 2
[    5.739662] tcp_listen_portaddr_hash hash table entries: 65536 (order: 4, 1048576 bytes)
[    5.748161] TCP established hash table entries: 524288 (order: 6, 4194304 bytes)
[    5.756680] TCP bind hash table entries: 65536 (order: 4, 1048576 bytes)
[    5.763657] TCP: Hash tables configured (established 524288 bind 65536)
[    5.770352] UDP hash table entries: 65536 (order: 5, 2097152 bytes)
[    5.777425] UDP-Lite hash table entries: 65536 (order: 5, 2097152 bytes)
[    5.785047] NET: Registered protocol family 1
[    5.789397] NET: Registered protocol family 44
[    5.793939] Unpacking initramfs...
[    6.131951] Freeing initrd memory: 36096K
[    6.139337] hw perfevents: enabled with armv8_pmuv3_0 PMU driver, 7 counters available
[    6.147370] kvm [1]: 16-bit VMID
[    6.150585] kvm [1]: IPA Size Limit: 48bits
[    6.154782] kvm [1]: GICv3: no GICV resource entry
[    6.159567] kvm [1]: disabling GICv2 emulation
[    6.164159] kvm [1]: GIC system register CPU interface enabled
[    6.170481] kvm [1]: vgic interrupt IRQ1
[    6.174924] kvm [1]: VHE mode initialized successfully
[    6.201303] Initialise system trusted keyrings
[    6.205782] workingset: timestamp_bits=43 max_order=22 bucket_order=0
[    6.213043] zbud: loaded
[    6.215684] pstore: using deflate compression
[    6.257392] NET: Registered protocol family 38
[    6.261824] Key type asymmetric registered
[    6.265907] Asymmetric key parser 'x509' registered
[    6.270782] Block layer SCSI generic (bsg) driver version 0.4 loaded (major 247)
[    6.278279] io scheduler mq-deadline registered
[    6.282797] io scheduler kyber registered
[    6.286817] io scheduler bfq registered
[    6.291149] atomic64_test: passed
[    6.295207] efifb: probing for efifb
[    6.298779] efifb: framebuffer at 0x10000000, using 1920k, total 1875k
[    6.305293] efifb: mode is 800x600x32, linelength=3200, pages=1
[    6.311199] efifb: scrolling: redraw
[    6.314761] efifb: Truecolor: size=8:8:8:8, shift=24:16:8:0
[    6.331491] Console: switching to colour frame buffer device 100x37
[    6.348943] fb0: EFI VGA frame buffer device
[    6.353554] input: Power Button as /devices/LNXSYSTM:00/LNXSYBUS:00/PNP0C0C:00/input/input0
[    6.361902] ACPI: Power Button [PWRB]
[    6.370766] EDAC MC0: Giving out device to module ghes_edac.c controller ghes_edac: DEV ghes (INTERRUPT)
[    6.380259] {1}[Hardware Error]: Hardware error from APEI Generic Hardware Error Source: 2
[    6.388508] {1}[Hardware Error]: event severity: info
[    6.393547] {1}[Hardware Error]:  Error 0, type: info
[    6.398585] {1}[Hardware Error]:   section type: unknown, e8ed898d-df16-43cc-8ecc-54f060ef157f
[    6.407182] {1}[Hardware Error]:   section length: 0x30
[    6.412394] {1}[Hardware Error]:   00000000: 0000020d 71010085 00000000 00000000  .......q........
[    6.421338] {1}[Hardware Error]:   00000010: 00000000 00000000 00000000 00000000  ................
[    6.430282] {1}[Hardware Error]:   00000020: 00000000 00000000 00000000 00000000  ................
[    6.439363] {2}[Hardware Error]: Hardware error from APEI Generic Hardware Error Source: 2
[    6.447613] {2}[Hardware Error]: event severity: info
[    6.452651] {2}[Hardware Error]:  Error 0, type: info
[    6.457688] {2}[Hardware Error]:   section type: unknown, e8ed898d-df16-43cc-8ecc-54f060ef157f
[    6.466285] {2}[Hardware Error]:   section length: 0x30
[    6.471496] {2}[Hardware Error]:   00000000: 0000030e 22440074 00000000 00000000  ....t.D"........
[    6.480440] {2}[Hardware Error]:   00000010: 00000000 00000000 00000000 00000000  ................
[    6.489384] {2}[Hardware Error]:   00000020: 00000000 00000000 00000000 00000000  ................
[    6.498600] GHES: APEI firmware first mode is enabled by APEI bit.
[    6.504813] ACPI GTDT: found 1 SBSA generic Watchdog(s).
[    6.510302] Serial: 8250/16550 driver, 4 ports, IRQ sharing enabled
[    6.517306] arm-smmu-v3 arm-smmu-v3.0.auto: option mask 0x0
[    6.522869] arm-smmu-v3 arm-smmu-v3.0.auto: ias 48-bit, oas 48-bit (features 0x00001fff)
[    6.531375] arm-smmu-v3 arm-smmu-v3.1.auto: option mask 0x0
[    6.536939] arm-smmu-v3 arm-smmu-v3.1.auto: ias 48-bit, oas 48-bit (features 0x00001fff)
[    6.545372] arm-smmu-v3 arm-smmu-v3.2.auto: option mask 0x0
[    6.550936] arm-smmu-v3 arm-smmu-v3.2.auto: ias 48-bit, oas 48-bit (features 0x00001fff)
[    6.559371] arm-smmu-v3 arm-smmu-v3.3.auto: option mask 0x0
[    6.564932] arm-smmu-v3 arm-smmu-v3.3.auto: ias 48-bit, oas 48-bit (features 0x00001fff)
[    6.573364] arm-smmu-v3 arm-smmu-v3.4.auto: option mask 0x0
[    6.578928] arm-smmu-v3 arm-smmu-v3.4.auto: ias 48-bit, oas 48-bit (features 0x00001fff)
[    6.587370] arm-smmu-v3 arm-smmu-v3.5.auto: option mask 0x0
[    6.592931] arm-smmu-v3 arm-smmu-v3.5.auto: ias 48-bit, oas 48-bit (features 0x00001fff)
[    6.611431] rdac: device handler registered
[    6.615656] hp_sw: device handler registered
[    6.619915] emc: device handler registered
[    6.624308] alua: device handler registered
[    6.628628] libphy: Fixed MDIO Bus: probed
[    6.632777] ehci_hcd: USB 2.0 'Enhanced' Host Controller (EHCI) Driver
[    6.639296] ehci-pci: EHCI PCI platform driver
[    6.643731] ohci_hcd: USB 1.1 'Open' Host Controller (OHCI) Driver
[    6.649900] ohci-pci: OHCI PCI platform driver
[    6.654334] uhci_hcd: USB Universal Host Controller Interface driver
[    6.660725] iommu: Adding device 0004:03:00.0 to group 0
[    6.666483] xhci_hcd 0004:03:00.0: xHCI Host Controller
[    6.671736] xhci_hcd 0004:03:00.0: new USB bus registered, assigned bus number 1
[    6.679148] xhci_hcd 0004:03:00.0: Zeroing 64bit base registers, expecting fault
[    6.743253] xhci_hcd 0004:03:00.0: hcc params 0x014051cf hci version 0x100 quirks 0x0000000100000410
[    6.752763] usb usb1: New USB device found, idVendor=1d6b, idProduct=0002, bcdDevice= 4.18
[    6.761015] usb usb1: New USB device strings: Mfr=3, Product=2, SerialNumber=1
[    6.768224] usb usb1: Product: xHCI Host Controller
[    6.773088] usb usb1: Manufacturer: Linux 4.18.0-80.11.2.el8.20200716+amp.aarch64 xhci-hcd
[    6.781339] usb usb1: SerialNumber: 0004:03:00.0
[    6.786052] hub 1-0:1.0: USB hub found
[    6.789801] hub 1-0:1.0: 4 ports detected
[    6.793950] xhci_hcd 0004:03:00.0: xHCI Host Controller
[    6.799194] xhci_hcd 0004:03:00.0: new USB bus registered, assigned bus number 2
[    6.806580] xhci_hcd 0004:03:00.0: Host supports USB 3.0  SuperSpeed
[    6.812972] usb usb2: We don't know the algorithms for LPM for this host, disabling LPM.
[    6.821082] usb usb2: New USB device found, idVendor=1d6b, idProduct=0003, bcdDevice= 4.18
[    6.829335] usb usb2: New USB device strings: Mfr=3, Product=2, SerialNumber=1
[    6.836545] usb usb2: Product: xHCI Host Controller
[    6.841409] usb usb2: Manufacturer: Linux 4.18.0-80.11.2.el8.20200716+amp.aarch64 xhci-hcd
[    6.849659] usb usb2: SerialNumber: 0004:03:00.0
[    6.854328] hub 2-0:1.0: USB hub found
[    6.858086] hub 2-0:1.0: 4 ports detected
[    6.862341] usbcore: registered new interface driver usbserial_generic
[    6.868863] usbserial: USB Serial support registered for generic
[    6.874952] mousedev: PS/2 mouse device common for all mice
[    6.881385] rtc-efi rtc-efi: rtc core: registered rtc-efi as rtc0
[    6.888046] EFI Variables Facility v0.08 2004-May-17
[    6.894007] hidraw: raw HID events driver (C) Jiri Kosina
[    6.899424] usbcore: registered new interface driver usbhid
[    6.904982] usbhid: USB HID core driver
[    6.909081] arm_dsu_pmu ARMHD500:00: Failed to parse the CPUs
[    6.914864] arm_dsu_pmu: probe of ARMHD500:00 failed with error -22
[    6.921125] arm_dsu_pmu ARMHD500:01: Failed to parse the CPUs
[    6.926880] arm_dsu_pmu: probe of ARMHD500:01 failed with error -22
[    6.933138] arm_dsu_pmu ARMHD500:02: Failed to parse the CPUs
[    6.938893] arm_dsu_pmu: probe of ARMHD500:02 failed with error -22
[    6.945150] arm_dsu_pmu ARMHD500:03: Failed to parse the CPUs
[    6.950903] arm_dsu_pmu: probe of ARMHD500:03 failed with error -22
[    6.957162] arm_dsu_pmu ARMHD500:04: Failed to parse the CPUs
[    6.962914] arm_dsu_pmu: probe of ARMHD500:04 failed with error -22
[    6.969173] arm_dsu_pmu ARMHD500:05: Failed to parse the CPUs
[    6.974923] arm_dsu_pmu: probe of ARMHD500:05 failed with error -22
[    6.981183] arm_dsu_pmu ARMHD500:06: Failed to parse the CPUs
[    6.986936] arm_dsu_pmu: probe of ARMHD500:06 failed with error -22
[    6.993193] arm_dsu_pmu ARMHD500:07: Failed to parse the CPUs
[    6.998944] arm_dsu_pmu: probe of ARMHD500:07 failed with error -22
[    7.005201] arm_dsu_pmu ARMHD500:08: Failed to parse the CPUs
[    7.010953] arm_dsu_pmu: probe of ARMHD500:08 failed with error -22
[    7.017212] arm_dsu_pmu ARMHD500:09: Failed to parse the CPUs
[    7.022961] arm_dsu_pmu: probe of ARMHD500:09 failed with error -22
[    7.029221] arm_dsu_pmu ARMHD500:0a: Failed to parse the CPUs
[    7.034970] arm_dsu_pmu: probe of ARMHD500:0a failed with error -22
[    7.041229] arm_dsu_pmu ARMHD500:0b: Failed to parse the CPUs
[    7.046981] arm_dsu_pmu: probe of ARMHD500:0b failed with error -22
[    7.053238] arm_dsu_pmu ARMHD500:0c: Failed to parse the CPUs
[    7.058990] arm_dsu_pmu: probe of ARMHD500:0c failed with error -22
[    7.065247] arm_dsu_pmu ARMHD500:0d: Failed to parse the CPUs
[    7.070998] arm_dsu_pmu: probe of ARMHD500:0d failed with error -22
[    7.077259] arm_dsu_pmu ARMHD500:0e: Failed to parse the CPUs
[    7.083008] arm_dsu_pmu: probe of ARMHD500:0e failed with error -22
[    7.089267] arm_dsu_pmu ARMHD500:0f: Failed to parse the CPUs
[    7.095016] arm_dsu_pmu: probe of ARMHD500:0f failed with error -22
[    7.101276] arm_dsu_pmu ARMHD500:10: Failed to parse the CPUs
[    7.107039] arm_dsu_pmu: probe of ARMHD500:10 failed with error -22
[    7.113296] arm_dsu_pmu ARMHD500:11: Failed to parse the CPUs
[    7.119047] arm_dsu_pmu: probe of ARMHD500:11 failed with error -22
[    7.125304] arm_dsu_pmu ARMHD500:12: Failed to parse the CPUs
[    7.131056] arm_dsu_pmu: probe of ARMHD500:12 failed with error -22
[    7.137315] arm_dsu_pmu ARMHD500:13: Failed to parse the CPUs
[    7.143064] arm_dsu_pmu: probe of ARMHD500:13 failed with error -22
[    7.149323] arm_dsu_pmu ARMHD500:14: Failed to parse the CPUs
[    7.155072] arm_dsu_pmu: probe of ARMHD500:14 failed with error -22
[    7.155996] usb 1-1: new high-speed USB device number 2 using xhci_hcd
[    7.161330] arm_dsu_pmu ARMHD500:15: Failed to parse the CPUs
[    7.173590] arm_dsu_pmu: probe of ARMHD500:15 failed with error -22
[    7.179849] arm_dsu_pmu ARMHD500:16: Failed to parse the CPUs
[    7.185598] arm_dsu_pmu: probe of ARMHD500:16 failed with error -22
[    7.191858] arm_dsu_pmu ARMHD500:17: Failed to parse the CPUs
[    7.197610] arm_dsu_pmu: probe of ARMHD500:17 failed with error -22
[    7.203867] arm_dsu_pmu ARMHD500:18: Failed to parse the CPUs
[    7.209617] arm_dsu_pmu: probe of ARMHD500:18 failed with error -22
[    7.215874] arm_dsu_pmu ARMHD500:19: Failed to parse the CPUs
[    7.221627] arm_dsu_pmu: probe of ARMHD500:19 failed with error -22
[    7.227887] arm_dsu_pmu ARMHD500:1a: Failed to parse the CPUs
[    7.233636] arm_dsu_pmu: probe of ARMHD500:1a failed with error -22
[    7.239895] arm_dsu_pmu ARMHD500:1b: Failed to parse the CPUs
[    7.245644] arm_dsu_pmu: probe of ARMHD500:1b failed with error -22
[    7.251902] arm_dsu_pmu ARMHD500:1c: Failed to parse the CPUs
[    7.257655] arm_dsu_pmu: probe of ARMHD500:1c failed with error -22
[    7.263911] arm_dsu_pmu ARMHD500:1d: Failed to parse the CPUs
[    7.269662] arm_dsu_pmu: probe of ARMHD500:1d failed with error -22
[    7.275919] arm_dsu_pmu ARMHD500:1e: Failed to parse the CPUs
[    7.281671] arm_dsu_pmu: probe of ARMHD500:1e failed with error -22
[    7.287929] arm_dsu_pmu ARMHD500:1f: Failed to parse the CPUs
[    7.293678] arm_dsu_pmu: probe of ARMHD500:1f failed with error -22
[    7.299937] arm_dsu_pmu ARMHD500:20: Failed to parse the CPUs
[    7.305686] arm_dsu_pmu: probe of ARMHD500:20 failed with error -22
[    7.311948] arm_dsu_pmu ARMHD500:21: Failed to parse the CPUs
[    7.317700] arm_dsu_pmu: probe of ARMHD500:21 failed with error -22
[    7.323956] arm_dsu_pmu ARMHD500:22: Failed to parse the CPUs
[    7.329708] arm_dsu_pmu: probe of ARMHD500:22 failed with error -22
[    7.335964] arm_dsu_pmu ARMHD500:23: Failed to parse the CPUs
[    7.341715] arm_dsu_pmu: probe of ARMHD500:23 failed with error -22
[    7.347974] arm_dsu_pmu ARMHD500:24: Failed to parse the CPUs
[    7.348573] usb 1-1: New USB device found, idVendor=046b, idProduct=ff01, bcdDevice= 1.00
[    7.353724] arm_dsu_pmu: probe of ARMHD500:24 failed with error -22
[    7.361871] usb 1-1: New USB device strings: Mfr=1, Product=2, SerialNumber=3
[    7.361872] usb 1-1: Product: Virtual Hub
[    7.361873] usb 1-1: Manufacturer: American Megatrends Inc.
[    7.361873] usb 1-1: SerialNumber: serial
[    7.366330] hub 1-1:1.0: USB hub found
[    7.368140] arm_dsu_pmu ARMHD500:25: Failed to parse the CPUs
[    7.375570] hub 1-1:1.0: 5 ports detected
[    7.379269] arm_dsu_pmu: probe of ARMHD500:25 failed with error -22
[    7.408531] arm_dsu_pmu ARMHD500:26: Failed to parse the CPUs
[    7.414281] arm_dsu_pmu: probe of ARMHD500:26 failed with error -22
[    7.420542] arm_dsu_pmu ARMHD500:27: Failed to parse the CPUs
[    7.426294] arm_dsu_pmu: probe of ARMHD500:27 failed with error -22
[    7.432563] arm_dsu_pmu ARMHD500:28: Failed to parse the CPUs
[    7.438314] arm_dsu_pmu: probe of ARMHD500:28 failed with error -22
[    7.444571] arm_dsu_pmu ARMHD500:29: Failed to parse the CPUs
[    7.450322] arm_dsu_pmu: probe of ARMHD500:29 failed with error -22
[    7.456581] arm_dsu_pmu ARMHD500:2a: Failed to parse the CPUs
[    7.462330] arm_dsu_pmu: probe of ARMHD500:2a failed with error -22
[    7.468590] arm_dsu_pmu ARMHD500:2b: Failed to parse the CPUs
[    7.474339] arm_dsu_pmu: probe of ARMHD500:2b failed with error -22
[    7.480599] arm_dsu_pmu ARMHD500:2c: Failed to parse the CPUs
[    7.486351] arm_dsu_pmu: probe of ARMHD500:2c failed with error -22
[    7.492608] arm_dsu_pmu ARMHD500:2d: Failed to parse the CPUs
[    7.498360] arm_dsu_pmu: probe of ARMHD500:2d failed with error -22
[    7.504617] arm_dsu_pmu ARMHD500:2e: Failed to parse the CPUs
[    7.510369] arm_dsu_pmu: probe of ARMHD500:2e failed with error -22
[    7.516629] arm_dsu_pmu ARMHD500:2f: Failed to parse the CPUs
[    7.522378] arm_dsu_pmu: probe of ARMHD500:2f failed with error -22
[    7.528637] arm_dsu_pmu ARMHD500:30: Failed to parse the CPUs
[    7.534387] arm_dsu_pmu: probe of ARMHD500:30 failed with error -22
[    7.540646] arm_dsu_pmu ARMHD500:31: Failed to parse the CPUs
[    7.546398] arm_dsu_pmu: probe of ARMHD500:31 failed with error -22
[    7.552655] arm_dsu_pmu ARMHD500:32: Failed to parse the CPUs
[    7.558407] arm_dsu_pmu: probe of ARMHD500:32 failed with error -22
[    7.564664] arm_dsu_pmu ARMHD500:33: Failed to parse the CPUs
[    7.570415] arm_dsu_pmu: probe of ARMHD500:33 failed with error -22
[    7.576675] arm_dsu_pmu ARMHD500:34: Failed to parse the CPUs
[    7.582425] arm_dsu_pmu: probe of ARMHD500:34 failed with error -22
[    7.588685] arm_dsu_pmu ARMHD500:35: Failed to parse the CPUs
[    7.594435] arm_dsu_pmu: probe of ARMHD500:35 failed with error -22
[    7.600694] arm_dsu_pmu ARMHD500:36: Failed to parse the CPUs
[    7.606446] arm_dsu_pmu: probe of ARMHD500:36 failed with error -22
[    7.612703] arm_dsu_pmu ARMHD500:37: Failed to parse the CPUs
[    7.618456] arm_dsu_pmu: probe of ARMHD500:37 failed with error -22
[    7.624713] arm_dsu_pmu ARMHD500:38: Failed to parse the CPUs
[    7.630465] arm_dsu_pmu: probe of ARMHD500:38 failed with error -22
[    7.636724] arm_dsu_pmu ARMHD500:39: Failed to parse the CPUs
[    7.642474] arm_dsu_pmu: probe of ARMHD500:39 failed with error -22
[    7.648734] arm_dsu_pmu ARMHD500:3a: Failed to parse the CPUs
[    7.654484] arm_dsu_pmu: probe of ARMHD500:3a failed with error -22
[    7.660743] arm_dsu_pmu ARMHD500:3b: Failed to parse the CPUs
[    7.666495] arm_dsu_pmu: probe of ARMHD500:3b failed with error -22
[    7.672753] arm_dsu_pmu ARMHD500:3c: Failed to parse the CPUs
[    7.678505] arm_dsu_pmu: probe of ARMHD500:3c failed with error -22
[    7.684762] arm_dsu_pmu ARMHD500:3d: Failed to parse the CPUs
[    7.690514] arm_dsu_pmu: probe of ARMHD500:3d failed with error -22
[    7.696774] arm_dsu_pmu ARMHD500:3e: Failed to parse the CPUs
[    7.702523] arm_dsu_pmu: probe of ARMHD500:3e failed with error -22
[    7.708783] arm_dsu_pmu ARMHD500:3f: Failed to parse the CPUs
[    7.714532] arm_dsu_pmu: probe of ARMHD500:3f failed with error -22
[    7.720791] arm_dsu_pmu ARMHD500:40: Failed to parse the CPUs
[    7.726542] arm_dsu_pmu: probe of ARMHD500:40 failed with error -22
[    7.732800] arm_dsu_pmu ARMHD500:41: Failed to parse the CPUs
[    7.735993] usb 1-1.1: new high-speed USB device number 3 using xhci_hcd
[    7.738551] arm_dsu_pmu: probe of ARMHD500:41 failed with error -22
[    7.751478] arm_dsu_pmu ARMHD500:42: Failed to parse the CPUs
[    7.757229] arm_dsu_pmu: probe of ARMHD500:42 failed with error -22
[    7.763487] arm_dsu_pmu ARMHD500:43: Failed to parse the CPUs
[    7.769239] arm_dsu_pmu: probe of ARMHD500:43 failed with error -22
[    7.775496] arm_dsu_pmu ARMHD500:44: Failed to parse the CPUs
[    7.781248] arm_dsu_pmu: probe of ARMHD500:44 failed with error -22
[    7.787508] arm_dsu_pmu ARMHD500:45: Failed to parse the CPUs
[    7.793257] arm_dsu_pmu: probe of ARMHD500:45 failed with error -22
[    7.799517] arm_dsu_pmu ARMHD500:46: Failed to parse the CPUs
[    7.805267] arm_dsu_pmu: probe of ARMHD500:46 failed with error -22
[    7.811526] arm_dsu_pmu ARMHD500:47: Failed to parse the CPUs
[    7.817277] arm_dsu_pmu: probe of ARMHD500:47 failed with error -22
[    7.823535] arm_dsu_pmu ARMHD500:48: Failed to parse the CPUs
[    7.829286] arm_dsu_pmu: probe of ARMHD500:48 failed with error -22
[    7.835544] arm_dsu_pmu ARMHD500:49: Failed to parse the CPUs
[    7.841295] arm_dsu_pmu: probe of ARMHD500:49 failed with error -22
[    7.847555] arm_dsu_pmu ARMHD500:4a: Failed to parse the CPUs
[    7.853304] arm_dsu_pmu: probe of ARMHD500:4a failed with error -22
[    7.859564] arm_dsu_pmu ARMHD500:4b: Failed to parse the CPUs
[    7.865313] arm_dsu_pmu: probe of ARMHD500:4b failed with error -22
[    7.871573] arm_dsu_pmu ARMHD500:4c: Failed to parse the CPUs
[    7.877324] arm_dsu_pmu: probe of ARMHD500:4c failed with error -22
[    7.883582] arm_dsu_pmu ARMHD500:4d: Failed to parse the CPUs
[    7.889333] arm_dsu_pmu: probe of ARMHD500:4d failed with error -22
