Init telemetry success
[769 : 873 INFO]BOOTFW VERSION: 1.05.20210422

[ 5463.060000] I2C0: Resetting the controller
Init telemetry success
PDK LPC Reset is invoked
[ 5749.660000] Configuring the Host SPI Clock to HCLK/16 
[ 5749.690000] Creating 1 MTD partitions on "MX25L25635F":
[ 5749.690000] 0x000000000000-0x000002000000 : "Host SPI Flash"
[ 5749.700000] Configuring the Host SPI Clock to HCLK/16 
[ 5750.620000] Configuring the Host SPI Clock to HCLK/16 
[ 5750.640000] Creating 1 MTD partitions on "MX25L25635F":
[ 5750.650000] 0x000000000000-0x000002000000 : "Host SPI Flash"
[ 5750.670000] Configuring the Host SPI Clock to HCLK/16 
[ 5751.970000] Configuring the Host SPI Clock to HCLK/16 
[ 5752.090000] Creating 1 MTD partitions on "MX25L25635F":
[ 5752.090000] 0x000000000000-0x000002000000 : "Host SPI Flash"
[ 5752.140000] Configuring the Host SPI Clock to HCLK/16 
[ 5753.650000] Configuring the Host SPI Clock to HCLK/16 
[ 5753.720000] Creating 1 MTD partitions on "MX25L25635F":
[ 5753.730000] 0x000000000000-0x000002000000 : "Host SPI Flash"
[ 5753.760000] Configuring the Host SPI Clock to HCLK/16 
[ 5755.150000] Configuring the Host SPI Clock to HCLK/16 
[ 5755.240000] Creating 1 MTD partitions on "MX25L25635F":
[ 5755.250000] 0x000000000000-0x000002000000 : "Host SPI Flash"
[ 5755.270000] Configuring the Host SPI Clock to HCLK/16 
[ 5756.530000] Configuring the Host SPI Clock to HCLK/16 
[ 5756.590000] Creating 1 MTD partitions on "MX25L25635F":
[ 5756.600000] 0x000000000000-0x000002000000 : "Host SPI Flash"
[ 5756.630000] Configuring the Host SPI Clock to HCLK/16 
[ 5758.010000] Configuring the Host SPI Clock to HCLK/16 
[ 5758.040000] Creating 1 MTD partitions on "MX25L25635F":
[ 5758.050000] 0x000000000000-0x000002000000 : "Host SPI Flash"
[ 5758.060000] Configuring the Host SPI Clock to HCLK/16 
[ 5758.960000] Configuring the Host SPI Clock to HCLK/16 
[ 5759.010000] Creating 1 MTD partitions on "MX25L25635F":
[ 5759.020000] 0x000000000000-0x000002000000 : "Host SPI Flash"
[ 5759.030000] Configuring the Host SPI Clock to HCLK/16 
[ 5759.950000] Configuring the Host SPI Clock to HCLK/16 
[ 5759.980000] Creating 1 MTD partitions on "MX25L25635F":
[ 5759.990000] 0x000000000000-0x000002000000 : "Host SPI Flash"
[ 5760.000000] Configuring the Host SPI Clock to HCLK/16 
[ 5760.890000] Configuring the Host SPI Clock to HCLK/16 
[ 5760.930000] Creating 1 MTD partitions on "MX25L25635F":
[ 5760.940000] 0x000000000000-0x000002000000 : "Host SPI Flash"
[ 5760.950000] Configuring the Host SPI Clock to HCLK/16 
[ 5762.420000] Configuring the Host SPI Clock to HCLK/16 
[ 5762.540000] Creating 1 MTD partitions on "MX25L25635F":
[ 5762.550000] 0x000000000000-0x000002000000 : "Host SPI Flash"
[ 5762.620000] Configuring the Host SPI Clock to HCLK/16 
[ 5764.040000] Configuring the Host SPI Clock to HCLK/16 
[ 5764.100000] Creating 1 MTD partitions on "MX25L25635F":
[ 5764.110000] 0x000000000000-0x000002000000 : "Host SPI Flash"
[ 5764.150000] Configuring the Host SPI Clock to HCLK/16 
[ 5765.400000] Configuring the Host SPI Clock to HCLK/16 
[ 5765.490000] Creating 1 MTD partitions on "MX25L25635F":
[ 5765.500000] 0x000000000000-0x000002000000 : "Host SPI Flash"
[ 5765.520000] Configuring the Host SPI Clock to HCLK/16 
[ 5766.810000] Configuring the Host SPI Clock to HCLK/16 
[ 5766.950000] Creating 1 MTD partitions on "MX25L25635F":
[ 5766.960000] 0x000000000000-0x000002000000 : "Host SPI Flash"
[ 5767.000000] Configuring the Host SPI Clock to HCLK/16 
[ 5768.330000] Configuring the Host SPI Clock to HCLK/16 
[ 5768.380000] Creating 1 MTD partitions on "MX25L25635F":
[ 5768.390000] 0x000000000000-0x000002000000 : "Host SPI Flash"
[ 5768.420000] Configuring the Host SPI Clock to HCLK/16 
[ 5769.370000] Configuring the Host SPI Clock to HCLK/16 
[ 5769.420000] Creating 1 MTD partitions on "MX25L25635F":
[ 5769.420000] 0x000000000000-0x000002000000 : "Host SPI Flash"
[ 5769.440000] Configuring the Host SPI Clock to HCLK/16 
[ 5770.330000] Configuring the Host SPI Clock to HCLK/16 
[ 5770.380000] Creating 1 MTD partitions on "MX25L25635F":
[ 5770.390000] 0x000000000000-0x000002000000 : "Host SPI Flash"
[ 5770.400000] Configuring the Host SPI Clock to HCLK/16 
[ 5771.290000] Configuring the Host SPI Clock to HCLK/16 
[ 5771.320000] Creating 1 MTD partitions on "MX25L25635F":
[ 5771.330000] 0x000000000000-0x000002000000 : "Host SPI Flash"
[ 5771.360000] Configuring the Host SPI Clock to HCLK/16 
[ 5772.340000] Configuring the Host SPI Clock to HCLK/16 
[ 5772.430000] Creating 1 MTD partitions on "MX25L25635F":
[ 5772.440000] 0x000000000000-0x000002000000 : "Host SPI Flash"
[ 5772.460000] Configuring the Host SPI Clock to HCLK/16 
