Closing Serial SOL Port
[769 : 878 INFO]Signal USR1 Sent Successfully to UART Logging application

[3316 : 3316 INFO]INFO: Received Signal 10 from IPMI Stack 

[3316 : 3316 INFO]STOP mirroring/logging...

[769 : 886 INFO]Signal USR1 Sent Successfully to UART Logging application

[3316 : 3316 INFO]INFO: Received Signal 10 from IPMI Stack 

[3316 : 3316 INFO]STOP mirroring/logging...

[769 : 883 INFO]Signal USR1 Sent Successfully to UART Logging application

[3316 : 3316 INFO]INFO: Received Signal 10 from IPMI Stack 

[3316 : 3316 INFO]STOP mirroring/logging...

[769 : 875 INFO]Signal USR1 Sent Successfully to UART Logging application

[3316 : 3316 INFO]INFO: Received Signal 10 from IPMI Stack 

[3316 : 3316 INFO]STOP mirroring/logging...

Init telemetry success
Starting to Read Current PostCode buffer...
No Post Codes ...
[769 : 873 INFO]BOOTFW VERSION: 1.05.20210422

[ 5797.570000] I2C0: Resetting the controller
Init telemetry success
PDK LPC Reset is invoked
[ 6033.840000] Configuring the Host SPI Clock to HCLK/16 
[ 6033.910000] Creating 1 MTD partitions on "MX25L25635F":
[ 6033.910000] 0x000000000000-0x000002000000 : "Host SPI Flash"
[ 6033.940000] Configuring the Host SPI Clock to HCLK/16 
[ 6034.840000] Configuring the Host SPI Clock to HCLK/16 
[ 6034.890000] Creating 1 MTD partitions on "MX25L25635F":
[ 6034.900000] 0x000000000000-0x000002000000 : "Host SPI Flash"
[ 6034.910000] Configuring the Host SPI Clock to HCLK/16 
[ 6035.820000] Configuring the Host SPI Clock to HCLK/16 
[ 6035.880000] Creating 1 MTD partitions on "MX25L25635F":
[ 6035.890000] 0x000000000000-0x000002000000 : "Host SPI Flash"
[ 6035.930000] Configuring the Host SPI Clock to HCLK/16 
[ 6037.440000] Configuring the Host SPI Clock to HCLK/16 
[ 6037.510000] Creating 1 MTD partitions on "MX25L25635F":
[ 6037.520000] 0x000000000000-0x000002000000 : "Host SPI Flash"
[ 6037.560000] Configuring the Host SPI Clock to HCLK/16 
[ 6038.990000] Configuring the Host SPI Clock to HCLK/16 
[ 6039.080000] Creating 1 MTD partitions on "MX25L25635F":
[ 6039.080000] 0x000000000000-0x000002000000 : "Host SPI Flash"
[ 6039.110000] Configuring the Host SPI Clock to HCLK/16 
[ 6040.330000] Configuring the Host SPI Clock to HCLK/16 
[ 6040.370000] Creating 1 MTD partitions on "MX25L25635F":
[ 6040.380000] 0x000000000000-0x000002000000 : "Host SPI Flash"
[ 6040.390000] Configuring the Host SPI Clock to HCLK/16 
[ 6041.290000] Configuring the Host SPI Clock to HCLK/16 
[ 6041.330000] Creating 1 MTD partitions on "MX25L25635F":
[ 6041.340000] 0x000000000000-0x000002000000 : "Host SPI Flash"
[ 6041.370000] Configuring the Host SPI Clock to HCLK/16 
[ 6042.650000] Configuring the Host SPI Clock to HCLK/16 
[ 6042.740000] Creating 1 MTD partitions on "MX25L25635F":
[ 6042.740000] 0x000000000000-0x000002000000 : "Host SPI Flash"
[ 6042.770000] Configuring the Host SPI Clock to HCLK/16 
[ 6043.980000] Configuring the Host SPI Clock to HCLK/16 
[ 6044.040000] Creating 1 MTD partitions on "MX25L25635F":
[ 6044.050000] 0x000000000000-0x000002000000 : "Host SPI Flash"
[ 6044.100000] Configuring the Host SPI Clock to HCLK/16 
[ 6045.350000] Configuring the Host SPI Clock to HCLK/16 
[ 6045.400000] Creating 1 MTD partitions on "MX25L25635F":
[ 6045.410000] 0x000000000000-0x000002000000 : "Host SPI Flash"
[ 6045.440000] Configuring the Host SPI Clock to HCLK/16 
[ 6046.750000] Configuring the Host SPI Clock to HCLK/16 
[ 6046.830000] Creating 1 MTD partitions on "MX25L25635F":
[ 6046.840000] 0x000000000000-0x000002000000 : "Host SPI Flash"
[ 6046.940000] Configuring the Host SPI Clock to HCLK/16 
[ 6048.520000] Configuring the Host SPI Clock to HCLK/16 
[ 6048.550000] Creating 1 MTD partitions on "MX25L25635F":
[ 6048.560000] 0x000000000000-0x000002000000 : "Host SPI Flash"
[ 6048.590000] Configuring the Host SPI Clock to HCLK/16 
[ 6049.720000] Configuring the Host SPI Clock to HCLK/16 
[ 6049.750000] Creating 1 MTD partitions on "MX25L25635F":
[ 6049.760000] 0x000000000000-0x000002000000 : "Host SPI Flash"
[ 6049.780000] Configuring the Host SPI Clock to HCLK/16 
[ 6050.680000] Configuring the Host SPI Clock to HCLK/16 
[ 6050.740000] Creating 1 MTD partitions on "MX25L25635F":
[ 6050.740000] 0x000000000000-0x000002000000 : "Host SPI Flash"
[ 6050.760000] Configuring the Host SPI Clock to HCLK/16 
[ 6051.920000] Configuring the Host SPI Clock to HCLK/16 
[ 6052.020000] Creating 1 MTD partitions on "MX25L25635F":
[ 6052.020000] 0x000000000000-0x000002000000 : "Host SPI Flash"
[ 6052.040000] Configuring the Host SPI Clock to HCLK/16 
[ 6053.100000] Configuring the Host SPI Clock to HCLK/16 
[ 6053.140000] Creating 1 MTD partitions on "MX25L25635F":
[ 6053.150000] 0x000000000000-0x000002000000 : "Host SPI Flash"
[ 6053.170000] Configuring the Host SPI Clock to HCLK/16 
[ 6054.240000] Configuring the Host SPI Clock to HCLK/16 
[ 6054.320000] Creating 1 MTD partitions on "MX25L25635F":
[ 6054.320000] 0x000000000000-0x000002000000 : "Host SPI Flash"
[ 6054.350000] Configuring the Host SPI Clock to HCLK/16 
[ 6055.520000] Configuring the Host SPI Clock to HCLK/16 
[ 6055.600000] Creating 1 MTD partitions on "MX25L25635F":
[ 6055.610000] 0x000000000000-0x000002000000 : "Host SPI Flash"
[ 6055.620000] Configuring the Host SPI Clock to HCLK/16 
[ 6057.150000] Configuring the Host SPI Clock to HCLK/16 
[ 6057.370000] Creating 1 MTD partitions on "MX25L25635F":
[ 6057.370000] 0x000000000000-0x000002000000 : "Host SPI Flash"
[ 6057.420000] Configuring the Host SPI Clock to HCLK/16 
[769 : 878 INFO]Signal Sent Successfully to UART Logging application

[3316 : 3316 INFO]INFO: Received Signal 14 from IPMI Stack 

[3316 : 3316 INFO]START mirroring/logging...

[3316 : 3316 INFO]INFO: Setting the Attributes for the UART...

[3316 : 3858 INFO]Recv Thread: Starting the thread to mirror data from /dev/ttyS3 to /dev/ttyS3

[3316 : 3857 INFO]Send Thread: Starting the thread to mirror data from /dev/ttyS3 to /dev/ttyS3

